ERROR - 2025-10-01 23:10:55 --> mysqli_sql_exception: Duplicate entry '0-1' for key 'PRIMARY' in C:\xampp_htdocs\kasugaikyudo\production\system\Database\MySQLi\Connection.php:312
Stack trace:
#0 C:\xampp_htdocs\kasugaikyudo\production\system\Database\MySQLi\Connection.php(312): mysqli->query('\n\t\t\tINSERT INTO...', 0)
#1 C:\xampp_htdocs\kasugaikyudo\production\system\Database\BaseConnection.php(734): CodeIgniter\Database\MySQLi\Connection->execute('\n\t\t\tINSERT INTO...')
#2 C:\xampp_htdocs\kasugaikyudo\production\system\Database\BaseConnection.php(648): CodeIgniter\Database\BaseConnection->simpleQuery('\n\t\t\tINSERT INTO...')
#3 C:\xampp_htdocs\kasugaikyudo\production\app\Models\BaseQueryModel.php(69): CodeIgniter\Database\BaseConnection->query('\n\t\t\tINSERT INTO...', Array)
#4 C:\xampp_htdocs\kasugaikyudo\production\app\Models\NoticeModel.php(334): App\Models\BaseQueryModel->get_result_query('\n\t\t\tINSERT INTO...', Array)
#5 C:\xampp_htdocs\kasugaikyudo\production\app\Libraries\AdminLibrarie.php(92): App\Models\NoticeModel->insert_document_notice(0, 1, '2021\xE6\x98\xA5\xE5\xBC\x93\xE5\x8D\x94\xE5\xBD...', 'pdf', '/upload/kasugai...')
#6 C:\xampp_htdocs\kasugaikyudo\production\app\Controllers\Admin.php(448): App\Libraries\AdminLibrarie->notice_files_proc(Array, Array)
#7 C:\xampp_htdocs\kasugaikyudo\production\system\CodeIgniter.php(933): App\Controllers\Admin->ajax_notice_regist_proc()
#8 C:\xampp_htdocs\kasugaikyudo\production\system\CodeIgniter.php(509): CodeIgniter\CodeIgniter->runController(Object(App\Controllers\Admin))
#9 C:\xampp_htdocs\kasugaikyudo\production\system\CodeIgniter.php(355): CodeIgniter\CodeIgniter->handleRequest(NULL, Object(Config\Cache), false)
#10 C:\xampp_htdocs\kasugaikyudo\production\system\Boot.php(325): CodeIgniter\CodeIgniter->run()
#11 C:\xampp_htdocs\kasugaikyudo\production\system\Boot.php(67): CodeIgniter\Boot::runCodeIgniter(Object(CodeIgniter\CodeIgniter))
#12 C:\xampp_htdocs\kasugaikyudo\production\index.php(56): CodeIgniter\Boot::bootWeb(Object(Config\Paths))
#13 {main}
CRITICAL - 2025-10-01 23:10:55 --> CodeIgniter\Database\Exceptions\DatabaseException: Duplicate entry '0-1' for key 'PRIMARY'
[Method: POST, Route: admin/notice_regist_proc]
in SYSTEMPATH\Database\BaseConnection.php on line 688.
 1 APPPATH\Models\BaseQueryModel.php(69): CodeIgniter\Database\BaseConnection->query('
			INSERT INTO t_document_notice (
				notice_info_id
				,document_id
				,document_name
				,document_ext
				,document_path
			) VALUES (
				:noticeInfoId:,
				:documentId:,
				:documentName:,
				:documentExt:,
				:documentPath:
			)
		', [...])
 2 APPPATH\Models\NoticeModel.php(334): App\Models\BaseQueryModel->get_result_query('
			INSERT INTO t_document_notice (
				notice_info_id
				,document_id
				,document_name
				,document_ext
				,document_path
			) VALUES (
				:noticeInfoId:,
				:documentId:,
				:documentName:,
				:documentExt:,
				:documentPath:
			)
		', [...])
 3 APPPATH\Libraries\AdminLibrarie.php(92): App\Models\NoticeModel->insert_document_notice(0, 1, '2021春弓協役員連絡網.pdf', 'pdf', '/upload/kasugai/0/2021春弓協役員連絡網.pdf')
 4 APPPATH\Controllers\Admin.php(448): App\Libraries\AdminLibrarie->notice_files_proc([...], [...])
 5 SYSTEMPATH\CodeIgniter.php(933): App\Controllers\Admin->ajax_notice_regist_proc()
 6 SYSTEMPATH\CodeIgniter.php(509): CodeIgniter\CodeIgniter->runController(Object(App\Controllers\Admin))
 7 SYSTEMPATH\CodeIgniter.php(355): CodeIgniter\CodeIgniter->handleRequest(null, Object(Config\Cache), false)
 8 SYSTEMPATH\Boot.php(325): CodeIgniter\CodeIgniter->run()
 9 SYSTEMPATH\Boot.php(67): CodeIgniter\Boot::runCodeIgniter(Object(CodeIgniter\CodeIgniter))
10 FCPATH\index.php(56): CodeIgniter\Boot::bootWeb(Object(Config\Paths))
CRITICAL - 2025-10-01 23:10:55 --> [Caused by] CodeIgniter\Database\Exceptions\DatabaseException: Duplicate entry '0-1' for key 'PRIMARY'
in SYSTEMPATH\Database\MySQLi\Connection.php on line 317.
 1 SYSTEMPATH\Database\BaseConnection.php(734): CodeIgniter\Database\MySQLi\Connection->execute('
			INSERT INTO t_document_notice (
				notice_info_id
				,document_id
				,document_name
				,document_ext
				,document_path
			) VALUES (
				0,
				1,
				\'2021春弓協役員連絡網.pdf\',
				\'pdf\',
				\'/upload/kasugai/0/2021春弓協役員連絡網.pdf\'
			)
		')
 2 SYSTEMPATH\Database\BaseConnection.php(648): CodeIgniter\Database\BaseConnection->simpleQuery('
			INSERT INTO t_document_notice (
				notice_info_id
				,document_id
				,document_name
				,document_ext
				,document_path
			) VALUES (
				0,
				1,
				\'2021春弓協役員連絡網.pdf\',
				\'pdf\',
				\'/upload/kasugai/0/2021春弓協役員連絡網.pdf\'
			)
		')
 3 APPPATH\Models\BaseQueryModel.php(69): CodeIgniter\Database\BaseConnection->query('
			INSERT INTO t_document_notice (
				notice_info_id
				,document_id
				,document_name
				,document_ext
				,document_path
			) VALUES (
				:noticeInfoId:,
				:documentId:,
				:documentName:,
				:documentExt:,
				:documentPath:
			)
		', [...])
 4 APPPATH\Models\NoticeModel.php(334): App\Models\BaseQueryModel->get_result_query('
			INSERT INTO t_document_notice (
				notice_info_id
				,document_id
				,document_name
				,document_ext
				,document_path
			) VALUES (
				:noticeInfoId:,
				:documentId:,
				:documentName:,
				:documentExt:,
				:documentPath:
			)
		', [...])
 5 APPPATH\Libraries\AdminLibrarie.php(92): App\Models\NoticeModel->insert_document_notice(0, 1, '2021春弓協役員連絡網.pdf', 'pdf', '/upload/kasugai/0/2021春弓協役員連絡網.pdf')
 6 APPPATH\Controllers\Admin.php(448): App\Libraries\AdminLibrarie->notice_files_proc([...], [...])
 7 SYSTEMPATH\CodeIgniter.php(933): App\Controllers\Admin->ajax_notice_regist_proc()
 8 SYSTEMPATH\CodeIgniter.php(509): CodeIgniter\CodeIgniter->runController(Object(App\Controllers\Admin))
 9 SYSTEMPATH\CodeIgniter.php(355): CodeIgniter\CodeIgniter->handleRequest(null, Object(Config\Cache), false)
10 SYSTEMPATH\Boot.php(325): CodeIgniter\CodeIgniter->run()
11 SYSTEMPATH\Boot.php(67): CodeIgniter\Boot::runCodeIgniter(Object(CodeIgniter\CodeIgniter))
12 FCPATH\index.php(56): CodeIgniter\Boot::bootWeb(Object(Config\Paths))
CRITICAL - 2025-10-01 23:10:55 --> [Caused by] mysqli_sql_exception: Duplicate entry '0-1' for key 'PRIMARY'
in SYSTEMPATH\Database\MySQLi\Connection.php on line 312.
 1 SYSTEMPATH\Database\MySQLi\Connection.php(312): mysqli->query('
			INSERT INTO t_document_notice (
				notice_info_id
				,document_id
				,document_name
				,document_ext
				,document_path
			) VALUES (
				0,
				1,
				\'2021春弓協役員連絡網.pdf\',
				\'pdf\',
				\'/upload/kasugai/0/2021春弓協役員連絡網.pdf\'
			)
		', 0)
 2 SYSTEMPATH\Database\BaseConnection.php(734): CodeIgniter\Database\MySQLi\Connection->execute('
			INSERT INTO t_document_notice (
				notice_info_id
				,document_id
				,document_name
				,document_ext
				,document_path
			) VALUES (
				0,
				1,
				\'2021春弓協役員連絡網.pdf\',
				\'pdf\',
				\'/upload/kasugai/0/2021春弓協役員連絡網.pdf\'
			)
		')
 3 SYSTEMPATH\Database\BaseConnection.php(648): CodeIgniter\Database\BaseConnection->simpleQuery('
			INSERT INTO t_document_notice (
				notice_info_id
				,document_id
				,document_name
				,document_ext
				,document_path
			) VALUES (
				0,
				1,
				\'2021春弓協役員連絡網.pdf\',
				\'pdf\',
				\'/upload/kasugai/0/2021春弓協役員連絡網.pdf\'
			)
		')
 4 APPPATH\Models\BaseQueryModel.php(69): CodeIgniter\Database\BaseConnection->query('
			INSERT INTO t_document_notice (
				notice_info_id
				,document_id
				,document_name
				,document_ext
				,document_path
			) VALUES (
				:noticeInfoId:,
				:documentId:,
				:documentName:,
				:documentExt:,
				:documentPath:
			)
		', [...])
 5 APPPATH\Models\NoticeModel.php(334): App\Models\BaseQueryModel->get_result_query('
			INSERT INTO t_document_notice (
				notice_info_id
				,document_id
				,document_name
				,document_ext
				,document_path
			) VALUES (
				:noticeInfoId:,
				:documentId:,
				:documentName:,
				:documentExt:,
				:documentPath:
			)
		', [...])
 6 APPPATH\Libraries\AdminLibrarie.php(92): App\Models\NoticeModel->insert_document_notice(0, 1, '2021春弓協役員連絡網.pdf', 'pdf', '/upload/kasugai/0/2021春弓協役員連絡網.pdf')
 7 APPPATH\Controllers\Admin.php(448): App\Libraries\AdminLibrarie->notice_files_proc([...], [...])
 8 SYSTEMPATH\CodeIgniter.php(933): App\Controllers\Admin->ajax_notice_regist_proc()
 9 SYSTEMPATH\CodeIgniter.php(509): CodeIgniter\CodeIgniter->runController(Object(App\Controllers\Admin))
10 SYSTEMPATH\CodeIgniter.php(355): CodeIgniter\CodeIgniter->handleRequest(null, Object(Config\Cache), false)
11 SYSTEMPATH\Boot.php(325): CodeIgniter\CodeIgniter->run()
12 SYSTEMPATH\Boot.php(67): CodeIgniter\Boot::runCodeIgniter(Object(CodeIgniter\CodeIgniter))
13 FCPATH\index.php(56): CodeIgniter\Boot::bootWeb(Object(Config\Paths))
CRITICAL - 2025-10-01 23:17:21 --> TypeError: App\Libraries\AdminLibrarie::notice_info_proc(): Argument #3 ($noticeInfoId) must be of type int, null given, called in C:\xampp_htdocs\kasugaikyudo\production\app\Controllers\Admin.php on line 445
[Method: POST, Route: admin/notice_regist_proc]
in APPPATH\Libraries\AdminLibrarie.php on line 30.
 1 APPPATH\Controllers\Admin.php(445): App\Libraries\AdminLibrarie->notice_info_proc([...], 65, null)
 2 SYSTEMPATH\CodeIgniter.php(933): App\Controllers\Admin->ajax_notice_regist_proc()
 3 SYSTEMPATH\CodeIgniter.php(509): CodeIgniter\CodeIgniter->runController(Object(App\Controllers\Admin))
 4 SYSTEMPATH\CodeIgniter.php(355): CodeIgniter\CodeIgniter->handleRequest(null, Object(Config\Cache), false)
 5 SYSTEMPATH\Boot.php(325): CodeIgniter\CodeIgniter->run()
 6 SYSTEMPATH\Boot.php(67): CodeIgniter\Boot::runCodeIgniter(Object(CodeIgniter\CodeIgniter))
 7 FCPATH\index.php(56): CodeIgniter\Boot::bootWeb(Object(Config\Paths))
CRITICAL - 2025-10-01 23:18:06 --> ErrorException: Undefined variable $noticeId
[Method: POST, Route: admin/notice_regist_proc]
in APPPATH\Libraries\AdminLibrarie.php on line 70.
 1 APPPATH\Libraries\AdminLibrarie.php(70): CodeIgniter\Debug\Exceptions->errorHandler(2, 'Undefined variable $noticeId', 'C:\\xampp_htdocs\\kasugaikyudo\\production\\app\\Libraries\\AdminLibrarie.php', 70)
 2 APPPATH\Controllers\Admin.php(449): App\Libraries\AdminLibrarie->notice_files_proc(110, [...], [...])
 3 SYSTEMPATH\CodeIgniter.php(933): App\Controllers\Admin->ajax_notice_regist_proc()
 4 SYSTEMPATH\CodeIgniter.php(509): CodeIgniter\CodeIgniter->runController(Object(App\Controllers\Admin))
 5 SYSTEMPATH\CodeIgniter.php(355): CodeIgniter\CodeIgniter->handleRequest(null, Object(Config\Cache), false)
 6 SYSTEMPATH\Boot.php(325): CodeIgniter\CodeIgniter->run()
 7 SYSTEMPATH\Boot.php(67): CodeIgniter\Boot::runCodeIgniter(Object(CodeIgniter\CodeIgniter))
 8 FCPATH\index.php(56): CodeIgniter\Boot::bootWeb(Object(Config\Paths))
CRITICAL - 2025-10-01 23:19:04 --> ErrorException: Undefined variable $noticeId
[Method: POST, Route: admin/notice_regist_proc]
in APPPATH\Libraries\AdminLibrarie.php on line 70.
 1 APPPATH\Libraries\AdminLibrarie.php(70): CodeIgniter\Debug\Exceptions->errorHandler(2, 'Undefined variable $noticeId', 'C:\\xampp_htdocs\\kasugaikyudo\\production\\app\\Libraries\\AdminLibrarie.php', 70)
 2 APPPATH\Controllers\Admin.php(449): App\Libraries\AdminLibrarie->notice_files_proc(111, [...], [...])
 3 SYSTEMPATH\CodeIgniter.php(933): App\Controllers\Admin->ajax_notice_regist_proc()
 4 SYSTEMPATH\CodeIgniter.php(509): CodeIgniter\CodeIgniter->runController(Object(App\Controllers\Admin))
 5 SYSTEMPATH\CodeIgniter.php(355): CodeIgniter\CodeIgniter->handleRequest(null, Object(Config\Cache), false)
 6 SYSTEMPATH\Boot.php(325): CodeIgniter\CodeIgniter->run()
 7 SYSTEMPATH\Boot.php(67): CodeIgniter\Boot::runCodeIgniter(Object(CodeIgniter\CodeIgniter))
 8 FCPATH\index.php(56): CodeIgniter\Boot::bootWeb(Object(Config\Paths))
