CRITICAL - 2026-02-04 00:08:26 --> ParseError: syntax error, unexpected token "==="
[Method: POST, Route: admin/taikai_regist_conf]
in APPPATH\Controllers\Admin\AdminTaikai.php on line 179.
 1 SYSTEMPATH\Autoloader\Autoloader.php(296): CodeIgniter\Autoloader\Autoloader->includeFile('C:\\xampp_htdocs\\kasugaikyudo\\production\\app\\Controllers\\Admin\\AdminTaikai.php')
 2 SYSTEMPATH\Autoloader\Autoloader.php(272): CodeIgniter\Autoloader\Autoloader->loadInNamespace('App\\Controllers\\Admin\\AdminTaikai')
 3 [internal function]: CodeIgniter\Autoloader\Autoloader->loadClass('App\\Controllers\\Admin\\AdminTaikai')
 4 SYSTEMPATH\CodeIgniter.php(887): class_exists('\\App\\Controllers\\Admin\\AdminTaikai', true)
 5 SYSTEMPATH\CodeIgniter.php(496): CodeIgniter\CodeIgniter->startController()
 6 SYSTEMPATH\CodeIgniter.php(355): CodeIgniter\CodeIgniter->handleRequest(null, Object(Config\Cache), false)
 7 SYSTEMPATH\Boot.php(325): CodeIgniter\CodeIgniter->run()
 8 SYSTEMPATH\Boot.php(67): CodeIgniter\Boot::runCodeIgniter(Object(CodeIgniter\CodeIgniter))
 9 FCPATH\index.php(56): CodeIgniter\Boot::bootWeb(Object(Config\Paths))
CRITICAL - 2026-02-04 00:09:12 --> ParseError: syntax error, unexpected token "if", expecting "function" or "const"
[Method: POST, Route: admin/taikai_regist_conf]
in APPPATH\Controllers\Admin\AdminTaikai.php on line 213.
 1 SYSTEMPATH\Autoloader\Autoloader.php(296): CodeIgniter\Autoloader\Autoloader->includeFile('C:\\xampp_htdocs\\kasugaikyudo\\production\\app\\Controllers\\Admin\\AdminTaikai.php')
 2 SYSTEMPATH\Autoloader\Autoloader.php(272): CodeIgniter\Autoloader\Autoloader->loadInNamespace('App\\Controllers\\Admin\\AdminTaikai')
 3 [internal function]: CodeIgniter\Autoloader\Autoloader->loadClass('App\\Controllers\\Admin\\AdminTaikai')
 4 SYSTEMPATH\CodeIgniter.php(887): class_exists('\\App\\Controllers\\Admin\\AdminTaikai', true)
 5 SYSTEMPATH\CodeIgniter.php(496): CodeIgniter\CodeIgniter->startController()
 6 SYSTEMPATH\CodeIgniter.php(355): CodeIgniter\CodeIgniter->handleRequest(null, Object(Config\Cache), false)
 7 SYSTEMPATH\Boot.php(325): CodeIgniter\CodeIgniter->run()
 8 SYSTEMPATH\Boot.php(67): CodeIgniter\Boot::runCodeIgniter(Object(CodeIgniter\CodeIgniter))
 9 FCPATH\index.php(56): CodeIgniter\Boot::bootWeb(Object(Config\Paths))
CRITICAL - 2026-02-04 00:10:25 --> ParseError: syntax error, unexpected token "else", expecting "function" or "const"
[Method: POST, Route: admin/taikai_regist_conf]
in APPPATH\Controllers\Admin\AdminTaikai.php on line 266.
 1 SYSTEMPATH\Autoloader\Autoloader.php(296): CodeIgniter\Autoloader\Autoloader->includeFile('C:\\xampp_htdocs\\kasugaikyudo\\production\\app\\Controllers\\Admin\\AdminTaikai.php')
 2 SYSTEMPATH\Autoloader\Autoloader.php(272): CodeIgniter\Autoloader\Autoloader->loadInNamespace('App\\Controllers\\Admin\\AdminTaikai')
 3 [internal function]: CodeIgniter\Autoloader\Autoloader->loadClass('App\\Controllers\\Admin\\AdminTaikai')
 4 SYSTEMPATH\CodeIgniter.php(887): class_exists('\\App\\Controllers\\Admin\\AdminTaikai', true)
 5 SYSTEMPATH\CodeIgniter.php(496): CodeIgniter\CodeIgniter->startController()
 6 SYSTEMPATH\CodeIgniter.php(355): CodeIgniter\CodeIgniter->handleRequest(null, Object(Config\Cache), false)
 7 SYSTEMPATH\Boot.php(325): CodeIgniter\CodeIgniter->run()
 8 SYSTEMPATH\Boot.php(67): CodeIgniter\Boot::runCodeIgniter(Object(CodeIgniter\CodeIgniter))
 9 FCPATH\index.php(56): CodeIgniter\Boot::bootWeb(Object(Config\Paths))
CRITICAL - 2026-02-04 00:16:55 --> ParseError: syntax error, unexpected token "else", expecting "function" or "const"
[Method: POST, Route: admin/taikai_regist_conf]
in APPPATH\Controllers\Admin\AdminTaikai.php on line 264.
 1 SYSTEMPATH\Autoloader\Autoloader.php(296): CodeIgniter\Autoloader\Autoloader->includeFile('C:\\xampp_htdocs\\kasugaikyudo\\production\\app\\Controllers\\Admin\\AdminTaikai.php')
 2 SYSTEMPATH\Autoloader\Autoloader.php(272): CodeIgniter\Autoloader\Autoloader->loadInNamespace('App\\Controllers\\Admin\\AdminTaikai')
 3 [internal function]: CodeIgniter\Autoloader\Autoloader->loadClass('App\\Controllers\\Admin\\AdminTaikai')
 4 SYSTEMPATH\CodeIgniter.php(887): class_exists('\\App\\Controllers\\Admin\\AdminTaikai', true)
 5 SYSTEMPATH\CodeIgniter.php(496): CodeIgniter\CodeIgniter->startController()
 6 SYSTEMPATH\CodeIgniter.php(355): CodeIgniter\CodeIgniter->handleRequest(null, Object(Config\Cache), false)
 7 SYSTEMPATH\Boot.php(325): CodeIgniter\CodeIgniter->run()
 8 SYSTEMPATH\Boot.php(67): CodeIgniter\Boot::runCodeIgniter(Object(CodeIgniter\CodeIgniter))
 9 FCPATH\index.php(56): CodeIgniter\Boot::bootWeb(Object(Config\Paths))
ERROR - 2026-02-04 23:11:10 --> mysqli_sql_exception: Duplicate entry '11-5' for key 'PRIMARY' in C:\xampp_htdocs\kasugaikyudo\production\system\Database\MySQLi\Connection.php:312
Stack trace:
#0 C:\xampp_htdocs\kasugaikyudo\production\system\Database\MySQLi\Connection.php(312): mysqli->query('\n\t\t\tINSERT INTO...', 0)
#1 C:\xampp_htdocs\kasugaikyudo\production\system\Database\BaseConnection.php(734): CodeIgniter\Database\MySQLi\Connection->execute('\n\t\t\tINSERT INTO...')
#2 C:\xampp_htdocs\kasugaikyudo\production\system\Database\BaseConnection.php(648): CodeIgniter\Database\BaseConnection->simpleQuery('\n\t\t\tINSERT INTO...')
#3 C:\xampp_htdocs\kasugaikyudo\production\app\Models\BaseQueryModel.php(117): CodeIgniter\Database\BaseConnection->query('\n\t\t\tINSERT INTO...', Array)
#4 C:\xampp_htdocs\kasugaikyudo\production\app\Models\Admin\AdminTaikaiModel.php(107): App\Models\BaseQueryModel->get_result_query('\n\t\t\tINSERT INTO...', Array)
#5 C:\xampp_htdocs\kasugaikyudo\production\app\Libraries\Admin\AdminTaikaiLibrarie.php(136): App\Models\Admin\AdminTaikaiModel->insert_document_taikai(11, 5, 0, '\xE5\xAF\xA9\xE6\x9F\xBB\xE7\x94\xB3\xE8\xBE\xBC\xE6\x96\xB9...', 'pdf', '/uploads/taikai...')
#6 C:\xampp_htdocs\kasugaikyudo\production\app\Controllers\Admin\AdminTaikai.php(313): App\Libraries\Admin\AdminTaikaiLibrarie->taikai_files_proc(11, Array, Array)
#7 C:\xampp_htdocs\kasugaikyudo\production\system\CodeIgniter.php(933): App\Controllers\Admin\AdminTaikai->ajax_taikai_regist_proc()
#8 C:\xampp_htdocs\kasugaikyudo\production\system\CodeIgniter.php(509): CodeIgniter\CodeIgniter->runController(Object(App\Controllers\Admin\AdminTaikai))
#9 C:\xampp_htdocs\kasugaikyudo\production\system\CodeIgniter.php(355): CodeIgniter\CodeIgniter->handleRequest(NULL, Object(Config\Cache), false)
#10 C:\xampp_htdocs\kasugaikyudo\production\system\Boot.php(325): CodeIgniter\CodeIgniter->run()
#11 C:\xampp_htdocs\kasugaikyudo\production\system\Boot.php(67): CodeIgniter\Boot::runCodeIgniter(Object(CodeIgniter\CodeIgniter))
#12 C:\xampp_htdocs\kasugaikyudo\production\index.php(56): CodeIgniter\Boot::bootWeb(Object(Config\Paths))
#13 {main}
CRITICAL - 2026-02-04 23:11:10 --> CodeIgniter\Database\Exceptions\DatabaseException: Duplicate entry '11-5' for key 'PRIMARY'
[Method: POST, Route: admin/taikai_regist_proc]
in SYSTEMPATH\Database\BaseConnection.php on line 688.
 1 APPPATH\Models\BaseQueryModel.php(117): CodeIgniter\Database\BaseConnection->query('
			INSERT INTO t_document_taikai (
				taikai_id
				,document_id
				,document_type_id
				,document_name
				,document_ext
				,document_path
				,created
			) VALUES (
				:taikaiId:,
				:documentId:,
				:documentTypeId:,
				:documentName:,
				:documentExt:,
				:documentPath:,
				NOW()
			)
		', [...])
 2 APPPATH\Models\Admin\AdminTaikaiModel.php(107): App\Models\BaseQueryModel->get_result_query('
			INSERT INTO t_document_taikai (
				taikai_id
				,document_id
				,document_type_id
				,document_name
				,document_ext
				,document_path
				,created
			) VALUES (
				:taikaiId:,
				:documentId:,
				:documentTypeId:,
				:documentName:,
				:documentExt:,
				:documentPath:,
				NOW()
			)
		', [...])
 3 APPPATH\Libraries\Admin\AdminTaikaiLibrarie.php(136): App\Models\Admin\AdminTaikaiModel->insert_document_taikai(11, 5, 0, '審査申込方法の変更について（令和7年2月16日）.pdf', 'pdf', '/uploads/taikai/11/5.pdf')
 4 APPPATH\Controllers\Admin\AdminTaikai.php(313): App\Libraries\Admin\AdminTaikaiLibrarie->taikai_files_proc(11, [...], [...])
 5 SYSTEMPATH\CodeIgniter.php(933): App\Controllers\Admin\AdminTaikai->ajax_taikai_regist_proc()
 6 SYSTEMPATH\CodeIgniter.php(509): CodeIgniter\CodeIgniter->runController(Object(App\Controllers\Admin\AdminTaikai))
 7 SYSTEMPATH\CodeIgniter.php(355): CodeIgniter\CodeIgniter->handleRequest(null, Object(Config\Cache), false)
 8 SYSTEMPATH\Boot.php(325): CodeIgniter\CodeIgniter->run()
 9 SYSTEMPATH\Boot.php(67): CodeIgniter\Boot::runCodeIgniter(Object(CodeIgniter\CodeIgniter))
10 FCPATH\index.php(56): CodeIgniter\Boot::bootWeb(Object(Config\Paths))
CRITICAL - 2026-02-04 23:11:10 --> [Caused by] CodeIgniter\Database\Exceptions\DatabaseException: Duplicate entry '11-5' for key 'PRIMARY'
in SYSTEMPATH\Database\MySQLi\Connection.php on line 317.
 1 SYSTEMPATH\Database\BaseConnection.php(734): CodeIgniter\Database\MySQLi\Connection->execute('
			INSERT INTO t_document_taikai (
				taikai_id
				,document_id
				,document_type_id
				,document_name
				,document_ext
				,document_path
				,created
			) VALUES (
				11,
				5,
				0,
				\'審査申込方法の変更について（令和7年2月16日）.pdf\',
				\'pdf\',
				\'/uploads/taikai/11/5.pdf\',
				NOW()
			)
		')
 2 SYSTEMPATH\Database\BaseConnection.php(648): CodeIgniter\Database\BaseConnection->simpleQuery('
			INSERT INTO t_document_taikai (
				taikai_id
				,document_id
				,document_type_id
				,document_name
				,document_ext
				,document_path
				,created
			) VALUES (
				11,
				5,
				0,
				\'審査申込方法の変更について（令和7年2月16日）.pdf\',
				\'pdf\',
				\'/uploads/taikai/11/5.pdf\',
				NOW()
			)
		')
 3 APPPATH\Models\BaseQueryModel.php(117): CodeIgniter\Database\BaseConnection->query('
			INSERT INTO t_document_taikai (
				taikai_id
				,document_id
				,document_type_id
				,document_name
				,document_ext
				,document_path
				,created
			) VALUES (
				:taikaiId:,
				:documentId:,
				:documentTypeId:,
				:documentName:,
				:documentExt:,
				:documentPath:,
				NOW()
			)
		', [...])
 4 APPPATH\Models\Admin\AdminTaikaiModel.php(107): App\Models\BaseQueryModel->get_result_query('
			INSERT INTO t_document_taikai (
				taikai_id
				,document_id
				,document_type_id
				,document_name
				,document_ext
				,document_path
				,created
			) VALUES (
				:taikaiId:,
				:documentId:,
				:documentTypeId:,
				:documentName:,
				:documentExt:,
				:documentPath:,
				NOW()
			)
		', [...])
 5 APPPATH\Libraries\Admin\AdminTaikaiLibrarie.php(136): App\Models\Admin\AdminTaikaiModel->insert_document_taikai(11, 5, 0, '審査申込方法の変更について（令和7年2月16日）.pdf', 'pdf', '/uploads/taikai/11/5.pdf')
 6 APPPATH\Controllers\Admin\AdminTaikai.php(313): App\Libraries\Admin\AdminTaikaiLibrarie->taikai_files_proc(11, [...], [...])
 7 SYSTEMPATH\CodeIgniter.php(933): App\Controllers\Admin\AdminTaikai->ajax_taikai_regist_proc()
 8 SYSTEMPATH\CodeIgniter.php(509): CodeIgniter\CodeIgniter->runController(Object(App\Controllers\Admin\AdminTaikai))
 9 SYSTEMPATH\CodeIgniter.php(355): CodeIgniter\CodeIgniter->handleRequest(null, Object(Config\Cache), false)
10 SYSTEMPATH\Boot.php(325): CodeIgniter\CodeIgniter->run()
11 SYSTEMPATH\Boot.php(67): CodeIgniter\Boot::runCodeIgniter(Object(CodeIgniter\CodeIgniter))
12 FCPATH\index.php(56): CodeIgniter\Boot::bootWeb(Object(Config\Paths))
CRITICAL - 2026-02-04 23:11:10 --> [Caused by] mysqli_sql_exception: Duplicate entry '11-5' for key 'PRIMARY'
in SYSTEMPATH\Database\MySQLi\Connection.php on line 312.
 1 SYSTEMPATH\Database\MySQLi\Connection.php(312): mysqli->query('
			INSERT INTO t_document_taikai (
				taikai_id
				,document_id
				,document_type_id
				,document_name
				,document_ext
				,document_path
				,created
			) VALUES (
				11,
				5,
				0,
				\'審査申込方法の変更について（令和7年2月16日）.pdf\',
				\'pdf\',
				\'/uploads/taikai/11/5.pdf\',
				NOW()
			)
		', 0)
 2 SYSTEMPATH\Database\BaseConnection.php(734): CodeIgniter\Database\MySQLi\Connection->execute('
			INSERT INTO t_document_taikai (
				taikai_id
				,document_id
				,document_type_id
				,document_name
				,document_ext
				,document_path
				,created
			) VALUES (
				11,
				5,
				0,
				\'審査申込方法の変更について（令和7年2月16日）.pdf\',
				\'pdf\',
				\'/uploads/taikai/11/5.pdf\',
				NOW()
			)
		')
 3 SYSTEMPATH\Database\BaseConnection.php(648): CodeIgniter\Database\BaseConnection->simpleQuery('
			INSERT INTO t_document_taikai (
				taikai_id
				,document_id
				,document_type_id
				,document_name
				,document_ext
				,document_path
				,created
			) VALUES (
				11,
				5,
				0,
				\'審査申込方法の変更について（令和7年2月16日）.pdf\',
				\'pdf\',
				\'/uploads/taikai/11/5.pdf\',
				NOW()
			)
		')
 4 APPPATH\Models\BaseQueryModel.php(117): CodeIgniter\Database\BaseConnection->query('
			INSERT INTO t_document_taikai (
				taikai_id
				,document_id
				,document_type_id
				,document_name
				,document_ext
				,document_path
				,created
			) VALUES (
				:taikaiId:,
				:documentId:,
				:documentTypeId:,
				:documentName:,
				:documentExt:,
				:documentPath:,
				NOW()
			)
		', [...])
 5 APPPATH\Models\Admin\AdminTaikaiModel.php(107): App\Models\BaseQueryModel->get_result_query('
			INSERT INTO t_document_taikai (
				taikai_id
				,document_id
				,document_type_id
				,document_name
				,document_ext
				,document_path
				,created
			) VALUES (
				:taikaiId:,
				:documentId:,
				:documentTypeId:,
				:documentName:,
				:documentExt:,
				:documentPath:,
				NOW()
			)
		', [...])
 6 APPPATH\Libraries\Admin\AdminTaikaiLibrarie.php(136): App\Models\Admin\AdminTaikaiModel->insert_document_taikai(11, 5, 0, '審査申込方法の変更について（令和7年2月16日）.pdf', 'pdf', '/uploads/taikai/11/5.pdf')
 7 APPPATH\Controllers\Admin\AdminTaikai.php(313): App\Libraries\Admin\AdminTaikaiLibrarie->taikai_files_proc(11, [...], [...])
 8 SYSTEMPATH\CodeIgniter.php(933): App\Controllers\Admin\AdminTaikai->ajax_taikai_regist_proc()
 9 SYSTEMPATH\CodeIgniter.php(509): CodeIgniter\CodeIgniter->runController(Object(App\Controllers\Admin\AdminTaikai))
10 SYSTEMPATH\CodeIgniter.php(355): CodeIgniter\CodeIgniter->handleRequest(null, Object(Config\Cache), false)
11 SYSTEMPATH\Boot.php(325): CodeIgniter\CodeIgniter->run()
12 SYSTEMPATH\Boot.php(67): CodeIgniter\Boot::runCodeIgniter(Object(CodeIgniter\CodeIgniter))
13 FCPATH\index.php(56): CodeIgniter\Boot::bootWeb(Object(Config\Paths))
ERROR - 2026-02-04 23:11:43 --> mysqli_sql_exception: Duplicate entry '11-5' for key 'PRIMARY' in C:\xampp_htdocs\kasugaikyudo\production\system\Database\MySQLi\Connection.php:312
Stack trace:
#0 C:\xampp_htdocs\kasugaikyudo\production\system\Database\MySQLi\Connection.php(312): mysqli->query('\n\t\t\tINSERT INTO...', 0)
#1 C:\xampp_htdocs\kasugaikyudo\production\system\Database\BaseConnection.php(734): CodeIgniter\Database\MySQLi\Connection->execute('\n\t\t\tINSERT INTO...')
#2 C:\xampp_htdocs\kasugaikyudo\production\system\Database\BaseConnection.php(648): CodeIgniter\Database\BaseConnection->simpleQuery('\n\t\t\tINSERT INTO...')
#3 C:\xampp_htdocs\kasugaikyudo\production\app\Models\BaseQueryModel.php(117): CodeIgniter\Database\BaseConnection->query('\n\t\t\tINSERT INTO...', Array)
#4 C:\xampp_htdocs\kasugaikyudo\production\app\Models\Admin\AdminTaikaiModel.php(107): App\Models\BaseQueryModel->get_result_query('\n\t\t\tINSERT INTO...', Array)
#5 C:\xampp_htdocs\kasugaikyudo\production\app\Libraries\Admin\AdminTaikaiLibrarie.php(136): App\Models\Admin\AdminTaikaiModel->insert_document_taikai(11, 5, 0, '\xE5\xAF\xA9\xE6\x9F\xBB\xE7\x94\xB3\xE8\xBE\xBC\xE6\x96\xB9...', 'pdf', '/uploads/taikai...')
#6 C:\xampp_htdocs\kasugaikyudo\production\app\Controllers\Admin\AdminTaikai.php(313): App\Libraries\Admin\AdminTaikaiLibrarie->taikai_files_proc(11, Array, Array)
#7 C:\xampp_htdocs\kasugaikyudo\production\system\CodeIgniter.php(933): App\Controllers\Admin\AdminTaikai->ajax_taikai_regist_proc()
#8 C:\xampp_htdocs\kasugaikyudo\production\system\CodeIgniter.php(509): CodeIgniter\CodeIgniter->runController(Object(App\Controllers\Admin\AdminTaikai))
#9 C:\xampp_htdocs\kasugaikyudo\production\system\CodeIgniter.php(355): CodeIgniter\CodeIgniter->handleRequest(NULL, Object(Config\Cache), false)
#10 C:\xampp_htdocs\kasugaikyudo\production\system\Boot.php(325): CodeIgniter\CodeIgniter->run()
#11 C:\xampp_htdocs\kasugaikyudo\production\system\Boot.php(67): CodeIgniter\Boot::runCodeIgniter(Object(CodeIgniter\CodeIgniter))
#12 C:\xampp_htdocs\kasugaikyudo\production\index.php(56): CodeIgniter\Boot::bootWeb(Object(Config\Paths))
#13 {main}
CRITICAL - 2026-02-04 23:11:43 --> CodeIgniter\Database\Exceptions\DatabaseException: Duplicate entry '11-5' for key 'PRIMARY'
[Method: POST, Route: admin/taikai_regist_proc]
in SYSTEMPATH\Database\BaseConnection.php on line 688.
 1 APPPATH\Models\BaseQueryModel.php(117): CodeIgniter\Database\BaseConnection->query('
			INSERT INTO t_document_taikai (
				taikai_id
				,document_id
				,document_type_id
				,document_name
				,document_ext
				,document_path
				,created
			) VALUES (
				:taikaiId:,
				:documentId:,
				:documentTypeId:,
				:documentName:,
				:documentExt:,
				:documentPath:,
				NOW()
			)
		', [...])
 2 APPPATH\Models\Admin\AdminTaikaiModel.php(107): App\Models\BaseQueryModel->get_result_query('
			INSERT INTO t_document_taikai (
				taikai_id
				,document_id
				,document_type_id
				,document_name
				,document_ext
				,document_path
				,created
			) VALUES (
				:taikaiId:,
				:documentId:,
				:documentTypeId:,
				:documentName:,
				:documentExt:,
				:documentPath:,
				NOW()
			)
		', [...])
 3 APPPATH\Libraries\Admin\AdminTaikaiLibrarie.php(136): App\Models\Admin\AdminTaikaiModel->insert_document_taikai(11, 5, 0, '審査申込方法の変更について（令和7年2月16日）.pdf', 'pdf', '/uploads/taikai/11/5.pdf')
 4 APPPATH\Controllers\Admin\AdminTaikai.php(313): App\Libraries\Admin\AdminTaikaiLibrarie->taikai_files_proc(11, [...], [...])
 5 SYSTEMPATH\CodeIgniter.php(933): App\Controllers\Admin\AdminTaikai->ajax_taikai_regist_proc()
 6 SYSTEMPATH\CodeIgniter.php(509): CodeIgniter\CodeIgniter->runController(Object(App\Controllers\Admin\AdminTaikai))
 7 SYSTEMPATH\CodeIgniter.php(355): CodeIgniter\CodeIgniter->handleRequest(null, Object(Config\Cache), false)
 8 SYSTEMPATH\Boot.php(325): CodeIgniter\CodeIgniter->run()
 9 SYSTEMPATH\Boot.php(67): CodeIgniter\Boot::runCodeIgniter(Object(CodeIgniter\CodeIgniter))
10 FCPATH\index.php(56): CodeIgniter\Boot::bootWeb(Object(Config\Paths))
CRITICAL - 2026-02-04 23:11:43 --> [Caused by] CodeIgniter\Database\Exceptions\DatabaseException: Duplicate entry '11-5' for key 'PRIMARY'
in SYSTEMPATH\Database\MySQLi\Connection.php on line 317.
 1 SYSTEMPATH\Database\BaseConnection.php(734): CodeIgniter\Database\MySQLi\Connection->execute('
			INSERT INTO t_document_taikai (
				taikai_id
				,document_id
				,document_type_id
				,document_name
				,document_ext
				,document_path
				,created
			) VALUES (
				11,
				5,
				0,
				\'審査申込方法の変更について（令和7年2月16日）.pdf\',
				\'pdf\',
				\'/uploads/taikai/11/5.pdf\',
				NOW()
			)
		')
 2 SYSTEMPATH\Database\BaseConnection.php(648): CodeIgniter\Database\BaseConnection->simpleQuery('
			INSERT INTO t_document_taikai (
				taikai_id
				,document_id
				,document_type_id
				,document_name
				,document_ext
				,document_path
				,created
			) VALUES (
				11,
				5,
				0,
				\'審査申込方法の変更について（令和7年2月16日）.pdf\',
				\'pdf\',
				\'/uploads/taikai/11/5.pdf\',
				NOW()
			)
		')
 3 APPPATH\Models\BaseQueryModel.php(117): CodeIgniter\Database\BaseConnection->query('
			INSERT INTO t_document_taikai (
				taikai_id
				,document_id
				,document_type_id
				,document_name
				,document_ext
				,document_path
				,created
			) VALUES (
				:taikaiId:,
				:documentId:,
				:documentTypeId:,
				:documentName:,
				:documentExt:,
				:documentPath:,
				NOW()
			)
		', [...])
 4 APPPATH\Models\Admin\AdminTaikaiModel.php(107): App\Models\BaseQueryModel->get_result_query('
			INSERT INTO t_document_taikai (
				taikai_id
				,document_id
				,document_type_id
				,document_name
				,document_ext
				,document_path
				,created
			) VALUES (
				:taikaiId:,
				:documentId:,
				:documentTypeId:,
				:documentName:,
				:documentExt:,
				:documentPath:,
				NOW()
			)
		', [...])
 5 APPPATH\Libraries\Admin\AdminTaikaiLibrarie.php(136): App\Models\Admin\AdminTaikaiModel->insert_document_taikai(11, 5, 0, '審査申込方法の変更について（令和7年2月16日）.pdf', 'pdf', '/uploads/taikai/11/5.pdf')
 6 APPPATH\Controllers\Admin\AdminTaikai.php(313): App\Libraries\Admin\AdminTaikaiLibrarie->taikai_files_proc(11, [...], [...])
 7 SYSTEMPATH\CodeIgniter.php(933): App\Controllers\Admin\AdminTaikai->ajax_taikai_regist_proc()
 8 SYSTEMPATH\CodeIgniter.php(509): CodeIgniter\CodeIgniter->runController(Object(App\Controllers\Admin\AdminTaikai))
 9 SYSTEMPATH\CodeIgniter.php(355): CodeIgniter\CodeIgniter->handleRequest(null, Object(Config\Cache), false)
10 SYSTEMPATH\Boot.php(325): CodeIgniter\CodeIgniter->run()
11 SYSTEMPATH\Boot.php(67): CodeIgniter\Boot::runCodeIgniter(Object(CodeIgniter\CodeIgniter))
12 FCPATH\index.php(56): CodeIgniter\Boot::bootWeb(Object(Config\Paths))
CRITICAL - 2026-02-04 23:11:43 --> [Caused by] mysqli_sql_exception: Duplicate entry '11-5' for key 'PRIMARY'
in SYSTEMPATH\Database\MySQLi\Connection.php on line 312.
 1 SYSTEMPATH\Database\MySQLi\Connection.php(312): mysqli->query('
			INSERT INTO t_document_taikai (
				taikai_id
				,document_id
				,document_type_id
				,document_name
				,document_ext
				,document_path
				,created
			) VALUES (
				11,
				5,
				0,
				\'審査申込方法の変更について（令和7年2月16日）.pdf\',
				\'pdf\',
				\'/uploads/taikai/11/5.pdf\',
				NOW()
			)
		', 0)
 2 SYSTEMPATH\Database\BaseConnection.php(734): CodeIgniter\Database\MySQLi\Connection->execute('
			INSERT INTO t_document_taikai (
				taikai_id
				,document_id
				,document_type_id
				,document_name
				,document_ext
				,document_path
				,created
			) VALUES (
				11,
				5,
				0,
				\'審査申込方法の変更について（令和7年2月16日）.pdf\',
				\'pdf\',
				\'/uploads/taikai/11/5.pdf\',
				NOW()
			)
		')
 3 SYSTEMPATH\Database\BaseConnection.php(648): CodeIgniter\Database\BaseConnection->simpleQuery('
			INSERT INTO t_document_taikai (
				taikai_id
				,document_id
				,document_type_id
				,document_name
				,document_ext
				,document_path
				,created
			) VALUES (
				11,
				5,
				0,
				\'審査申込方法の変更について（令和7年2月16日）.pdf\',
				\'pdf\',
				\'/uploads/taikai/11/5.pdf\',
				NOW()
			)
		')
 4 APPPATH\Models\BaseQueryModel.php(117): CodeIgniter\Database\BaseConnection->query('
			INSERT INTO t_document_taikai (
				taikai_id
				,document_id
				,document_type_id
				,document_name
				,document_ext
				,document_path
				,created
			) VALUES (
				:taikaiId:,
				:documentId:,
				:documentTypeId:,
				:documentName:,
				:documentExt:,
				:documentPath:,
				NOW()
			)
		', [...])
 5 APPPATH\Models\Admin\AdminTaikaiModel.php(107): App\Models\BaseQueryModel->get_result_query('
			INSERT INTO t_document_taikai (
				taikai_id
				,document_id
				,document_type_id
				,document_name
				,document_ext
				,document_path
				,created
			) VALUES (
				:taikaiId:,
				:documentId:,
				:documentTypeId:,
				:documentName:,
				:documentExt:,
				:documentPath:,
				NOW()
			)
		', [...])
 6 APPPATH\Libraries\Admin\AdminTaikaiLibrarie.php(136): App\Models\Admin\AdminTaikaiModel->insert_document_taikai(11, 5, 0, '審査申込方法の変更について（令和7年2月16日）.pdf', 'pdf', '/uploads/taikai/11/5.pdf')
 7 APPPATH\Controllers\Admin\AdminTaikai.php(313): App\Libraries\Admin\AdminTaikaiLibrarie->taikai_files_proc(11, [...], [...])
 8 SYSTEMPATH\CodeIgniter.php(933): App\Controllers\Admin\AdminTaikai->ajax_taikai_regist_proc()
 9 SYSTEMPATH\CodeIgniter.php(509): CodeIgniter\CodeIgniter->runController(Object(App\Controllers\Admin\AdminTaikai))
10 SYSTEMPATH\CodeIgniter.php(355): CodeIgniter\CodeIgniter->handleRequest(null, Object(Config\Cache), false)
11 SYSTEMPATH\Boot.php(325): CodeIgniter\CodeIgniter->run()
12 SYSTEMPATH\Boot.php(67): CodeIgniter\Boot::runCodeIgniter(Object(CodeIgniter\CodeIgniter))
13 FCPATH\index.php(56): CodeIgniter\Boot::bootWeb(Object(Config\Paths))
ERROR - 2026-02-04 23:15:51 --> mysqli_sql_exception: Duplicate entry '11-5' for key 'PRIMARY' in C:\xampp_htdocs\kasugaikyudo\production\system\Database\MySQLi\Connection.php:312
Stack trace:
#0 C:\xampp_htdocs\kasugaikyudo\production\system\Database\MySQLi\Connection.php(312): mysqli->query('\n\t\t\tINSERT INTO...', 0)
#1 C:\xampp_htdocs\kasugaikyudo\production\system\Database\BaseConnection.php(734): CodeIgniter\Database\MySQLi\Connection->execute('\n\t\t\tINSERT INTO...')
#2 C:\xampp_htdocs\kasugaikyudo\production\system\Database\BaseConnection.php(648): CodeIgniter\Database\BaseConnection->simpleQuery('\n\t\t\tINSERT INTO...')
#3 C:\xampp_htdocs\kasugaikyudo\production\app\Models\BaseQueryModel.php(117): CodeIgniter\Database\BaseConnection->query('\n\t\t\tINSERT INTO...', Array)
#4 C:\xampp_htdocs\kasugaikyudo\production\app\Models\Admin\AdminTaikaiModel.php(107): App\Models\BaseQueryModel->get_result_query('\n\t\t\tINSERT INTO...', Array)
#5 C:\xampp_htdocs\kasugaikyudo\production\app\Libraries\Admin\AdminTaikaiLibrarie.php(136): App\Models\Admin\AdminTaikaiModel->insert_document_taikai(11, 5, 0, '\xE5\xAF\xA9\xE6\x9F\xBB\xE7\x94\xB3\xE8\xBE\xBC\xE6\x96\xB9...', 'pdf', '/uploads/taikai...')
#6 C:\xampp_htdocs\kasugaikyudo\production\app\Controllers\Admin\AdminTaikai.php(313): App\Libraries\Admin\AdminTaikaiLibrarie->taikai_files_proc(11, Array, Array)
#7 C:\xampp_htdocs\kasugaikyudo\production\system\CodeIgniter.php(933): App\Controllers\Admin\AdminTaikai->ajax_taikai_regist_proc()
#8 C:\xampp_htdocs\kasugaikyudo\production\system\CodeIgniter.php(509): CodeIgniter\CodeIgniter->runController(Object(App\Controllers\Admin\AdminTaikai))
#9 C:\xampp_htdocs\kasugaikyudo\production\system\CodeIgniter.php(355): CodeIgniter\CodeIgniter->handleRequest(NULL, Object(Config\Cache), false)
#10 C:\xampp_htdocs\kasugaikyudo\production\system\Boot.php(325): CodeIgniter\CodeIgniter->run()
#11 C:\xampp_htdocs\kasugaikyudo\production\system\Boot.php(67): CodeIgniter\Boot::runCodeIgniter(Object(CodeIgniter\CodeIgniter))
#12 C:\xampp_htdocs\kasugaikyudo\production\index.php(56): CodeIgniter\Boot::bootWeb(Object(Config\Paths))
#13 {main}
CRITICAL - 2026-02-04 23:15:51 --> CodeIgniter\Database\Exceptions\DatabaseException: Duplicate entry '11-5' for key 'PRIMARY'
[Method: POST, Route: admin/taikai_regist_proc]
in SYSTEMPATH\Database\BaseConnection.php on line 688.
 1 APPPATH\Models\BaseQueryModel.php(117): CodeIgniter\Database\BaseConnection->query('
			INSERT INTO t_document_taikai (
				taikai_id
				,document_id
				,document_type_id
				,document_name
				,document_ext
				,document_path
				,created
			) VALUES (
				:taikaiId:,
				:documentId:,
				:documentTypeId:,
				:documentName:,
				:documentExt:,
				:documentPath:,
				NOW()
			)
		', [...])
 2 APPPATH\Models\Admin\AdminTaikaiModel.php(107): App\Models\BaseQueryModel->get_result_query('
			INSERT INTO t_document_taikai (
				taikai_id
				,document_id
				,document_type_id
				,document_name
				,document_ext
				,document_path
				,created
			) VALUES (
				:taikaiId:,
				:documentId:,
				:documentTypeId:,
				:documentName:,
				:documentExt:,
				:documentPath:,
				NOW()
			)
		', [...])
 3 APPPATH\Libraries\Admin\AdminTaikaiLibrarie.php(136): App\Models\Admin\AdminTaikaiModel->insert_document_taikai(11, 5, 0, '審査申込方法の変更について（令和7年2月16日）.pdf', 'pdf', '/uploads/taikai/11/5.pdf')
 4 APPPATH\Controllers\Admin\AdminTaikai.php(313): App\Libraries\Admin\AdminTaikaiLibrarie->taikai_files_proc(11, [...], [...])
 5 SYSTEMPATH\CodeIgniter.php(933): App\Controllers\Admin\AdminTaikai->ajax_taikai_regist_proc()
 6 SYSTEMPATH\CodeIgniter.php(509): CodeIgniter\CodeIgniter->runController(Object(App\Controllers\Admin\AdminTaikai))
 7 SYSTEMPATH\CodeIgniter.php(355): CodeIgniter\CodeIgniter->handleRequest(null, Object(Config\Cache), false)
 8 SYSTEMPATH\Boot.php(325): CodeIgniter\CodeIgniter->run()
 9 SYSTEMPATH\Boot.php(67): CodeIgniter\Boot::runCodeIgniter(Object(CodeIgniter\CodeIgniter))
10 FCPATH\index.php(56): CodeIgniter\Boot::bootWeb(Object(Config\Paths))
CRITICAL - 2026-02-04 23:15:51 --> [Caused by] CodeIgniter\Database\Exceptions\DatabaseException: Duplicate entry '11-5' for key 'PRIMARY'
in SYSTEMPATH\Database\MySQLi\Connection.php on line 317.
 1 SYSTEMPATH\Database\BaseConnection.php(734): CodeIgniter\Database\MySQLi\Connection->execute('
			INSERT INTO t_document_taikai (
				taikai_id
				,document_id
				,document_type_id
				,document_name
				,document_ext
				,document_path
				,created
			) VALUES (
				11,
				5,
				0,
				\'審査申込方法の変更について（令和7年2月16日）.pdf\',
				\'pdf\',
				\'/uploads/taikai/11/5.pdf\',
				NOW()
			)
		')
 2 SYSTEMPATH\Database\BaseConnection.php(648): CodeIgniter\Database\BaseConnection->simpleQuery('
			INSERT INTO t_document_taikai (
				taikai_id
				,document_id
				,document_type_id
				,document_name
				,document_ext
				,document_path
				,created
			) VALUES (
				11,
				5,
				0,
				\'審査申込方法の変更について（令和7年2月16日）.pdf\',
				\'pdf\',
				\'/uploads/taikai/11/5.pdf\',
				NOW()
			)
		')
 3 APPPATH\Models\BaseQueryModel.php(117): CodeIgniter\Database\BaseConnection->query('
			INSERT INTO t_document_taikai (
				taikai_id
				,document_id
				,document_type_id
				,document_name
				,document_ext
				,document_path
				,created
			) VALUES (
				:taikaiId:,
				:documentId:,
				:documentTypeId:,
				:documentName:,
				:documentExt:,
				:documentPath:,
				NOW()
			)
		', [...])
 4 APPPATH\Models\Admin\AdminTaikaiModel.php(107): App\Models\BaseQueryModel->get_result_query('
			INSERT INTO t_document_taikai (
				taikai_id
				,document_id
				,document_type_id
				,document_name
				,document_ext
				,document_path
				,created
			) VALUES (
				:taikaiId:,
				:documentId:,
				:documentTypeId:,
				:documentName:,
				:documentExt:,
				:documentPath:,
				NOW()
			)
		', [...])
 5 APPPATH\Libraries\Admin\AdminTaikaiLibrarie.php(136): App\Models\Admin\AdminTaikaiModel->insert_document_taikai(11, 5, 0, '審査申込方法の変更について（令和7年2月16日）.pdf', 'pdf', '/uploads/taikai/11/5.pdf')
 6 APPPATH\Controllers\Admin\AdminTaikai.php(313): App\Libraries\Admin\AdminTaikaiLibrarie->taikai_files_proc(11, [...], [...])
 7 SYSTEMPATH\CodeIgniter.php(933): App\Controllers\Admin\AdminTaikai->ajax_taikai_regist_proc()
 8 SYSTEMPATH\CodeIgniter.php(509): CodeIgniter\CodeIgniter->runController(Object(App\Controllers\Admin\AdminTaikai))
 9 SYSTEMPATH\CodeIgniter.php(355): CodeIgniter\CodeIgniter->handleRequest(null, Object(Config\Cache), false)
10 SYSTEMPATH\Boot.php(325): CodeIgniter\CodeIgniter->run()
11 SYSTEMPATH\Boot.php(67): CodeIgniter\Boot::runCodeIgniter(Object(CodeIgniter\CodeIgniter))
12 FCPATH\index.php(56): CodeIgniter\Boot::bootWeb(Object(Config\Paths))
CRITICAL - 2026-02-04 23:15:51 --> [Caused by] mysqli_sql_exception: Duplicate entry '11-5' for key 'PRIMARY'
in SYSTEMPATH\Database\MySQLi\Connection.php on line 312.
 1 SYSTEMPATH\Database\MySQLi\Connection.php(312): mysqli->query('
			INSERT INTO t_document_taikai (
				taikai_id
				,document_id
				,document_type_id
				,document_name
				,document_ext
				,document_path
				,created
			) VALUES (
				11,
				5,
				0,
				\'審査申込方法の変更について（令和7年2月16日）.pdf\',
				\'pdf\',
				\'/uploads/taikai/11/5.pdf\',
				NOW()
			)
		', 0)
 2 SYSTEMPATH\Database\BaseConnection.php(734): CodeIgniter\Database\MySQLi\Connection->execute('
			INSERT INTO t_document_taikai (
				taikai_id
				,document_id
				,document_type_id
				,document_name
				,document_ext
				,document_path
				,created
			) VALUES (
				11,
				5,
				0,
				\'審査申込方法の変更について（令和7年2月16日）.pdf\',
				\'pdf\',
				\'/uploads/taikai/11/5.pdf\',
				NOW()
			)
		')
 3 SYSTEMPATH\Database\BaseConnection.php(648): CodeIgniter\Database\BaseConnection->simpleQuery('
			INSERT INTO t_document_taikai (
				taikai_id
				,document_id
				,document_type_id
				,document_name
				,document_ext
				,document_path
				,created
			) VALUES (
				11,
				5,
				0,
				\'審査申込方法の変更について（令和7年2月16日）.pdf\',
				\'pdf\',
				\'/uploads/taikai/11/5.pdf\',
				NOW()
			)
		')
 4 APPPATH\Models\BaseQueryModel.php(117): CodeIgniter\Database\BaseConnection->query('
			INSERT INTO t_document_taikai (
				taikai_id
				,document_id
				,document_type_id
				,document_name
				,document_ext
				,document_path
				,created
			) VALUES (
				:taikaiId:,
				:documentId:,
				:documentTypeId:,
				:documentName:,
				:documentExt:,
				:documentPath:,
				NOW()
			)
		', [...])
 5 APPPATH\Models\Admin\AdminTaikaiModel.php(107): App\Models\BaseQueryModel->get_result_query('
			INSERT INTO t_document_taikai (
				taikai_id
				,document_id
				,document_type_id
				,document_name
				,document_ext
				,document_path
				,created
			) VALUES (
				:taikaiId:,
				:documentId:,
				:documentTypeId:,
				:documentName:,
				:documentExt:,
				:documentPath:,
				NOW()
			)
		', [...])
 6 APPPATH\Libraries\Admin\AdminTaikaiLibrarie.php(136): App\Models\Admin\AdminTaikaiModel->insert_document_taikai(11, 5, 0, '審査申込方法の変更について（令和7年2月16日）.pdf', 'pdf', '/uploads/taikai/11/5.pdf')
 7 APPPATH\Controllers\Admin\AdminTaikai.php(313): App\Libraries\Admin\AdminTaikaiLibrarie->taikai_files_proc(11, [...], [...])
 8 SYSTEMPATH\CodeIgniter.php(933): App\Controllers\Admin\AdminTaikai->ajax_taikai_regist_proc()
 9 SYSTEMPATH\CodeIgniter.php(509): CodeIgniter\CodeIgniter->runController(Object(App\Controllers\Admin\AdminTaikai))
10 SYSTEMPATH\CodeIgniter.php(355): CodeIgniter\CodeIgniter->handleRequest(null, Object(Config\Cache), false)
11 SYSTEMPATH\Boot.php(325): CodeIgniter\CodeIgniter->run()
12 SYSTEMPATH\Boot.php(67): CodeIgniter\Boot::runCodeIgniter(Object(CodeIgniter\CodeIgniter))
13 FCPATH\index.php(56): CodeIgniter\Boot::bootWeb(Object(Config\Paths))
ERROR - 2026-02-04 23:17:06 --> mysqli_sql_exception: Duplicate entry '11-5' for key 'PRIMARY' in C:\xampp_htdocs\kasugaikyudo\production\system\Database\MySQLi\Connection.php:312
Stack trace:
#0 C:\xampp_htdocs\kasugaikyudo\production\system\Database\MySQLi\Connection.php(312): mysqli->query('\n\t\t\tINSERT INTO...', 0)
#1 C:\xampp_htdocs\kasugaikyudo\production\system\Database\BaseConnection.php(734): CodeIgniter\Database\MySQLi\Connection->execute('\n\t\t\tINSERT INTO...')
#2 C:\xampp_htdocs\kasugaikyudo\production\system\Database\BaseConnection.php(648): CodeIgniter\Database\BaseConnection->simpleQuery('\n\t\t\tINSERT INTO...')
#3 C:\xampp_htdocs\kasugaikyudo\production\app\Models\BaseQueryModel.php(117): CodeIgniter\Database\BaseConnection->query('\n\t\t\tINSERT INTO...', Array)
#4 C:\xampp_htdocs\kasugaikyudo\production\app\Models\Admin\AdminTaikaiModel.php(107): App\Models\BaseQueryModel->get_result_query('\n\t\t\tINSERT INTO...', Array)
#5 C:\xampp_htdocs\kasugaikyudo\production\app\Libraries\Admin\AdminTaikaiLibrarie.php(136): App\Models\Admin\AdminTaikaiModel->insert_document_taikai(11, 5, 0, '\xE5\xAF\xA9\xE6\x9F\xBB\xE7\x94\xB3\xE8\xBE\xBC\xE6\x96\xB9...', 'pdf', '/uploads/taikai...')
#6 C:\xampp_htdocs\kasugaikyudo\production\app\Controllers\Admin\AdminTaikai.php(313): App\Libraries\Admin\AdminTaikaiLibrarie->taikai_files_proc(11, Array, Array)
#7 C:\xampp_htdocs\kasugaikyudo\production\system\CodeIgniter.php(933): App\Controllers\Admin\AdminTaikai->ajax_taikai_regist_proc()
#8 C:\xampp_htdocs\kasugaikyudo\production\system\CodeIgniter.php(509): CodeIgniter\CodeIgniter->runController(Object(App\Controllers\Admin\AdminTaikai))
#9 C:\xampp_htdocs\kasugaikyudo\production\system\CodeIgniter.php(355): CodeIgniter\CodeIgniter->handleRequest(NULL, Object(Config\Cache), false)
#10 C:\xampp_htdocs\kasugaikyudo\production\system\Boot.php(325): CodeIgniter\CodeIgniter->run()
#11 C:\xampp_htdocs\kasugaikyudo\production\system\Boot.php(67): CodeIgniter\Boot::runCodeIgniter(Object(CodeIgniter\CodeIgniter))
#12 C:\xampp_htdocs\kasugaikyudo\production\index.php(56): CodeIgniter\Boot::bootWeb(Object(Config\Paths))
#13 {main}
CRITICAL - 2026-02-04 23:17:06 --> CodeIgniter\Database\Exceptions\DatabaseException: Duplicate entry '11-5' for key 'PRIMARY'
[Method: POST, Route: admin/taikai_regist_proc]
in SYSTEMPATH\Database\BaseConnection.php on line 688.
 1 APPPATH\Models\BaseQueryModel.php(117): CodeIgniter\Database\BaseConnection->query('
			INSERT INTO t_document_taikai (
				taikai_id
				,document_id
				,document_type_id
				,document_name
				,document_ext
				,document_path
				,created
			) VALUES (
				:taikaiId:,
				:documentId:,
				:documentTypeId:,
				:documentName:,
				:documentExt:,
				:documentPath:,
				NOW()
			)
		', [...])
 2 APPPATH\Models\Admin\AdminTaikaiModel.php(107): App\Models\BaseQueryModel->get_result_query('
			INSERT INTO t_document_taikai (
				taikai_id
				,document_id
				,document_type_id
				,document_name
				,document_ext
				,document_path
				,created
			) VALUES (
				:taikaiId:,
				:documentId:,
				:documentTypeId:,
				:documentName:,
				:documentExt:,
				:documentPath:,
				NOW()
			)
		', [...])
 3 APPPATH\Libraries\Admin\AdminTaikaiLibrarie.php(136): App\Models\Admin\AdminTaikaiModel->insert_document_taikai(11, 5, 0, '審査申込方法の変更について（令和7年2月16日）.pdf', 'pdf', '/uploads/taikai/11/5.pdf')
 4 APPPATH\Controllers\Admin\AdminTaikai.php(313): App\Libraries\Admin\AdminTaikaiLibrarie->taikai_files_proc(11, [...], [...])
 5 SYSTEMPATH\CodeIgniter.php(933): App\Controllers\Admin\AdminTaikai->ajax_taikai_regist_proc()
 6 SYSTEMPATH\CodeIgniter.php(509): CodeIgniter\CodeIgniter->runController(Object(App\Controllers\Admin\AdminTaikai))
 7 SYSTEMPATH\CodeIgniter.php(355): CodeIgniter\CodeIgniter->handleRequest(null, Object(Config\Cache), false)
 8 SYSTEMPATH\Boot.php(325): CodeIgniter\CodeIgniter->run()
 9 SYSTEMPATH\Boot.php(67): CodeIgniter\Boot::runCodeIgniter(Object(CodeIgniter\CodeIgniter))
10 FCPATH\index.php(56): CodeIgniter\Boot::bootWeb(Object(Config\Paths))
CRITICAL - 2026-02-04 23:17:06 --> [Caused by] CodeIgniter\Database\Exceptions\DatabaseException: Duplicate entry '11-5' for key 'PRIMARY'
in SYSTEMPATH\Database\MySQLi\Connection.php on line 317.
 1 SYSTEMPATH\Database\BaseConnection.php(734): CodeIgniter\Database\MySQLi\Connection->execute('
			INSERT INTO t_document_taikai (
				taikai_id
				,document_id
				,document_type_id
				,document_name
				,document_ext
				,document_path
				,created
			) VALUES (
				11,
				5,
				0,
				\'審査申込方法の変更について（令和7年2月16日）.pdf\',
				\'pdf\',
				\'/uploads/taikai/11/5.pdf\',
				NOW()
			)
		')
 2 SYSTEMPATH\Database\BaseConnection.php(648): CodeIgniter\Database\BaseConnection->simpleQuery('
			INSERT INTO t_document_taikai (
				taikai_id
				,document_id
				,document_type_id
				,document_name
				,document_ext
				,document_path
				,created
			) VALUES (
				11,
				5,
				0,
				\'審査申込方法の変更について（令和7年2月16日）.pdf\',
				\'pdf\',
				\'/uploads/taikai/11/5.pdf\',
				NOW()
			)
		')
 3 APPPATH\Models\BaseQueryModel.php(117): CodeIgniter\Database\BaseConnection->query('
			INSERT INTO t_document_taikai (
				taikai_id
				,document_id
				,document_type_id
				,document_name
				,document_ext
				,document_path
				,created
			) VALUES (
				:taikaiId:,
				:documentId:,
				:documentTypeId:,
				:documentName:,
				:documentExt:,
				:documentPath:,
				NOW()
			)
		', [...])
 4 APPPATH\Models\Admin\AdminTaikaiModel.php(107): App\Models\BaseQueryModel->get_result_query('
			INSERT INTO t_document_taikai (
				taikai_id
				,document_id
				,document_type_id
				,document_name
				,document_ext
				,document_path
				,created
			) VALUES (
				:taikaiId:,
				:documentId:,
				:documentTypeId:,
				:documentName:,
				:documentExt:,
				:documentPath:,
				NOW()
			)
		', [...])
 5 APPPATH\Libraries\Admin\AdminTaikaiLibrarie.php(136): App\Models\Admin\AdminTaikaiModel->insert_document_taikai(11, 5, 0, '審査申込方法の変更について（令和7年2月16日）.pdf', 'pdf', '/uploads/taikai/11/5.pdf')
 6 APPPATH\Controllers\Admin\AdminTaikai.php(313): App\Libraries\Admin\AdminTaikaiLibrarie->taikai_files_proc(11, [...], [...])
 7 SYSTEMPATH\CodeIgniter.php(933): App\Controllers\Admin\AdminTaikai->ajax_taikai_regist_proc()
 8 SYSTEMPATH\CodeIgniter.php(509): CodeIgniter\CodeIgniter->runController(Object(App\Controllers\Admin\AdminTaikai))
 9 SYSTEMPATH\CodeIgniter.php(355): CodeIgniter\CodeIgniter->handleRequest(null, Object(Config\Cache), false)
10 SYSTEMPATH\Boot.php(325): CodeIgniter\CodeIgniter->run()
11 SYSTEMPATH\Boot.php(67): CodeIgniter\Boot::runCodeIgniter(Object(CodeIgniter\CodeIgniter))
12 FCPATH\index.php(56): CodeIgniter\Boot::bootWeb(Object(Config\Paths))
CRITICAL - 2026-02-04 23:17:06 --> [Caused by] mysqli_sql_exception: Duplicate entry '11-5' for key 'PRIMARY'
in SYSTEMPATH\Database\MySQLi\Connection.php on line 312.
 1 SYSTEMPATH\Database\MySQLi\Connection.php(312): mysqli->query('
			INSERT INTO t_document_taikai (
				taikai_id
				,document_id
				,document_type_id
				,document_name
				,document_ext
				,document_path
				,created
			) VALUES (
				11,
				5,
				0,
				\'審査申込方法の変更について（令和7年2月16日）.pdf\',
				\'pdf\',
				\'/uploads/taikai/11/5.pdf\',
				NOW()
			)
		', 0)
 2 SYSTEMPATH\Database\BaseConnection.php(734): CodeIgniter\Database\MySQLi\Connection->execute('
			INSERT INTO t_document_taikai (
				taikai_id
				,document_id
				,document_type_id
				,document_name
				,document_ext
				,document_path
				,created
			) VALUES (
				11,
				5,
				0,
				\'審査申込方法の変更について（令和7年2月16日）.pdf\',
				\'pdf\',
				\'/uploads/taikai/11/5.pdf\',
				NOW()
			)
		')
 3 SYSTEMPATH\Database\BaseConnection.php(648): CodeIgniter\Database\BaseConnection->simpleQuery('
			INSERT INTO t_document_taikai (
				taikai_id
				,document_id
				,document_type_id
				,document_name
				,document_ext
				,document_path
				,created
			) VALUES (
				11,
				5,
				0,
				\'審査申込方法の変更について（令和7年2月16日）.pdf\',
				\'pdf\',
				\'/uploads/taikai/11/5.pdf\',
				NOW()
			)
		')
 4 APPPATH\Models\BaseQueryModel.php(117): CodeIgniter\Database\BaseConnection->query('
			INSERT INTO t_document_taikai (
				taikai_id
				,document_id
				,document_type_id
				,document_name
				,document_ext
				,document_path
				,created
			) VALUES (
				:taikaiId:,
				:documentId:,
				:documentTypeId:,
				:documentName:,
				:documentExt:,
				:documentPath:,
				NOW()
			)
		', [...])
 5 APPPATH\Models\Admin\AdminTaikaiModel.php(107): App\Models\BaseQueryModel->get_result_query('
			INSERT INTO t_document_taikai (
				taikai_id
				,document_id
				,document_type_id
				,document_name
				,document_ext
				,document_path
				,created
			) VALUES (
				:taikaiId:,
				:documentId:,
				:documentTypeId:,
				:documentName:,
				:documentExt:,
				:documentPath:,
				NOW()
			)
		', [...])
 6 APPPATH\Libraries\Admin\AdminTaikaiLibrarie.php(136): App\Models\Admin\AdminTaikaiModel->insert_document_taikai(11, 5, 0, '審査申込方法の変更について（令和7年2月16日）.pdf', 'pdf', '/uploads/taikai/11/5.pdf')
 7 APPPATH\Controllers\Admin\AdminTaikai.php(313): App\Libraries\Admin\AdminTaikaiLibrarie->taikai_files_proc(11, [...], [...])
 8 SYSTEMPATH\CodeIgniter.php(933): App\Controllers\Admin\AdminTaikai->ajax_taikai_regist_proc()
 9 SYSTEMPATH\CodeIgniter.php(509): CodeIgniter\CodeIgniter->runController(Object(App\Controllers\Admin\AdminTaikai))
10 SYSTEMPATH\CodeIgniter.php(355): CodeIgniter\CodeIgniter->handleRequest(null, Object(Config\Cache), false)
11 SYSTEMPATH\Boot.php(325): CodeIgniter\CodeIgniter->run()
12 SYSTEMPATH\Boot.php(67): CodeIgniter\Boot::runCodeIgniter(Object(CodeIgniter\CodeIgniter))
13 FCPATH\index.php(56): CodeIgniter\Boot::bootWeb(Object(Config\Paths))
CRITICAL - 2026-02-04 23:17:48 --> ErrorException: Undefined property: App\Libraries\Admin\AdminNoticeLibrarie::$adminTaikaiModel
[Method: POST, Route: admin/notice_regist_proc]
in APPPATH\Libraries\Admin\AdminNoticeLibrarie.php on line 139.
 1 APPPATH\Libraries\Admin\AdminNoticeLibrarie.php(139): CodeIgniter\Debug\Exceptions->errorHandler(2, 'Undefined property: App\\Libraries\\Admin\\AdminNoticeLibrarie::$adminTaikaiModel', 'C:\\xampp_htdocs\\kasugaikyudo\\production\\app\\Libraries\\Admin\\AdminNoticeLibrarie.php', 139)
 2 APPPATH\Controllers\Admin\AdminNotice.php(249): App\Libraries\Admin\AdminNoticeLibrarie->notice_files_proc(122, [...], [...])
 3 SYSTEMPATH\CodeIgniter.php(933): App\Controllers\Admin\AdminNotice->ajax_notice_regist_proc()
 4 SYSTEMPATH\CodeIgniter.php(509): CodeIgniter\CodeIgniter->runController(Object(App\Controllers\Admin\AdminNotice))
 5 SYSTEMPATH\CodeIgniter.php(355): CodeIgniter\CodeIgniter->handleRequest(null, Object(Config\Cache), false)
 6 SYSTEMPATH\Boot.php(325): CodeIgniter\CodeIgniter->run()
 7 SYSTEMPATH\Boot.php(67): CodeIgniter\Boot::runCodeIgniter(Object(CodeIgniter\CodeIgniter))
 8 FCPATH\index.php(56): CodeIgniter\Boot::bootWeb(Object(Config\Paths))
CRITICAL - 2026-02-04 23:25:51 --> TypeError: App\Models\Admin\AdminTaikaiModel::get_max_document_id(): Return value must be of type int, array returned
[Method: POST, Route: admin/taikai_regist_proc]
in APPPATH\Models\Admin\AdminTaikaiModel.php on line 34.
 1 APPPATH\Libraries\Admin\AdminTaikaiLibrarie.php(43): App\Models\Admin\AdminTaikaiModel->get_max_document_id(11)
 2 APPPATH\Libraries\Admin\AdminTaikaiLibrarie.php(125): App\Libraries\Admin\AdminTaikaiLibrarie->get_next_document_id(11)
 3 APPPATH\Controllers\Admin\AdminTaikai.php(313): App\Libraries\Admin\AdminTaikaiLibrarie->taikai_files_proc(11, [...], [...])
 4 SYSTEMPATH\CodeIgniter.php(933): App\Controllers\Admin\AdminTaikai->ajax_taikai_regist_proc()
 5 SYSTEMPATH\CodeIgniter.php(509): CodeIgniter\CodeIgniter->runController(Object(App\Controllers\Admin\AdminTaikai))
 6 SYSTEMPATH\CodeIgniter.php(355): CodeIgniter\CodeIgniter->handleRequest(null, Object(Config\Cache), false)
 7 SYSTEMPATH\Boot.php(325): CodeIgniter\CodeIgniter->run()
 8 SYSTEMPATH\Boot.php(67): CodeIgniter\Boot::runCodeIgniter(Object(CodeIgniter\CodeIgniter))
 9 FCPATH\index.php(56): CodeIgniter\Boot::bootWeb(Object(Config\Paths))
CRITICAL - 2026-02-04 23:26:54 --> TypeError: Unsupported operand types: array + int
[Method: POST, Route: admin/taikai_regist_proc]
in APPPATH\Libraries\Admin\AdminTaikaiLibrarie.php on line 47.
 1 APPPATH\Libraries\Admin\AdminTaikaiLibrarie.php(125): App\Libraries\Admin\AdminTaikaiLibrarie->get_next_document_id(11)
 2 APPPATH\Controllers\Admin\AdminTaikai.php(313): App\Libraries\Admin\AdminTaikaiLibrarie->taikai_files_proc(11, [...], [...])
 3 SYSTEMPATH\CodeIgniter.php(933): App\Controllers\Admin\AdminTaikai->ajax_taikai_regist_proc()
 4 SYSTEMPATH\CodeIgniter.php(509): CodeIgniter\CodeIgniter->runController(Object(App\Controllers\Admin\AdminTaikai))
 5 SYSTEMPATH\CodeIgniter.php(355): CodeIgniter\CodeIgniter->handleRequest(null, Object(Config\Cache), false)
 6 SYSTEMPATH\Boot.php(325): CodeIgniter\CodeIgniter->run()
 7 SYSTEMPATH\Boot.php(67): CodeIgniter\Boot::runCodeIgniter(Object(CodeIgniter\CodeIgniter))
 8 FCPATH\index.php(56): CodeIgniter\Boot::bootWeb(Object(Config\Paths))
CRITICAL - 2026-02-04 23:32:39 --> ErrorException: Undefined property: App\Libraries\Admin\AdminNoticeLibrarie::$adminTaikaiModel
[Method: POST, Route: admin/notice_regist_proc]
in APPPATH\Libraries\Admin\AdminNoticeLibrarie.php on line 139.
 1 APPPATH\Libraries\Admin\AdminNoticeLibrarie.php(139): CodeIgniter\Debug\Exceptions->errorHandler(2, 'Undefined property: App\\Libraries\\Admin\\AdminNoticeLibrarie::$adminTaikaiModel', 'C:\\xampp_htdocs\\kasugaikyudo\\production\\app\\Libraries\\Admin\\AdminNoticeLibrarie.php', 139)
 2 APPPATH\Controllers\Admin\AdminNotice.php(249): App\Libraries\Admin\AdminNoticeLibrarie->notice_files_proc(122, [...], [...])
 3 SYSTEMPATH\CodeIgniter.php(933): App\Controllers\Admin\AdminNotice->ajax_notice_regist_proc()
 4 SYSTEMPATH\CodeIgniter.php(509): CodeIgniter\CodeIgniter->runController(Object(App\Controllers\Admin\AdminNotice))
 5 SYSTEMPATH\CodeIgniter.php(355): CodeIgniter\CodeIgniter->handleRequest(null, Object(Config\Cache), false)
 6 SYSTEMPATH\Boot.php(325): CodeIgniter\CodeIgniter->run()
 7 SYSTEMPATH\Boot.php(67): CodeIgniter\Boot::runCodeIgniter(Object(CodeIgniter\CodeIgniter))
 8 FCPATH\index.php(56): CodeIgniter\Boot::bootWeb(Object(Config\Paths))
CRITICAL - 2026-02-04 23:32:48 --> ErrorException: Undefined property: App\Libraries\Admin\AdminNoticeLibrarie::$adminTaikaiModel
[Method: POST, Route: admin/notice_regist_proc]
in APPPATH\Libraries\Admin\AdminNoticeLibrarie.php on line 139.
 1 APPPATH\Libraries\Admin\AdminNoticeLibrarie.php(139): CodeIgniter\Debug\Exceptions->errorHandler(2, 'Undefined property: App\\Libraries\\Admin\\AdminNoticeLibrarie::$adminTaikaiModel', 'C:\\xampp_htdocs\\kasugaikyudo\\production\\app\\Libraries\\Admin\\AdminNoticeLibrarie.php', 139)
 2 APPPATH\Controllers\Admin\AdminNotice.php(249): App\Libraries\Admin\AdminNoticeLibrarie->notice_files_proc(122, [...], [...])
 3 SYSTEMPATH\CodeIgniter.php(933): App\Controllers\Admin\AdminNotice->ajax_notice_regist_proc()
 4 SYSTEMPATH\CodeIgniter.php(509): CodeIgniter\CodeIgniter->runController(Object(App\Controllers\Admin\AdminNotice))
 5 SYSTEMPATH\CodeIgniter.php(355): CodeIgniter\CodeIgniter->handleRequest(null, Object(Config\Cache), false)
 6 SYSTEMPATH\Boot.php(325): CodeIgniter\CodeIgniter->run()
 7 SYSTEMPATH\Boot.php(67): CodeIgniter\Boot::runCodeIgniter(Object(CodeIgniter\CodeIgniter))
 8 FCPATH\index.php(56): CodeIgniter\Boot::bootWeb(Object(Config\Paths))
CRITICAL - 2026-02-04 23:35:32 --> ErrorException: Undefined property: App\Libraries\Admin\AdminNoticeLibrarie::$taikaiModel
[Method: POST, Route: admin/notice_regist_proc]
in APPPATH\Libraries\Admin\AdminNoticeLibrarie.php on line 253.
 1 APPPATH\Libraries\Admin\AdminNoticeLibrarie.php(253): CodeIgniter\Debug\Exceptions->errorHandler(2, 'Undefined property: App\\Libraries\\Admin\\AdminNoticeLibrarie::$taikaiModel', 'C:\\xampp_htdocs\\kasugaikyudo\\production\\app\\Libraries\\Admin\\AdminNoticeLibrarie.php', 253)
 2 APPPATH\Libraries\Admin\AdminNoticeLibrarie.php(202): App\Libraries\Admin\AdminNoticeLibrarie->get_next_document_id(3, 11)
 3 APPPATH\Controllers\Admin\AdminNotice.php(249): App\Libraries\Admin\AdminNoticeLibrarie->notice_files_proc(122, [...], [...])
 4 SYSTEMPATH\CodeIgniter.php(933): App\Controllers\Admin\AdminNotice->ajax_notice_regist_proc()
 5 SYSTEMPATH\CodeIgniter.php(509): CodeIgniter\CodeIgniter->runController(Object(App\Controllers\Admin\AdminNotice))
 6 SYSTEMPATH\CodeIgniter.php(355): CodeIgniter\CodeIgniter->handleRequest(null, Object(Config\Cache), false)
 7 SYSTEMPATH\Boot.php(325): CodeIgniter\CodeIgniter->run()
 8 SYSTEMPATH\Boot.php(67): CodeIgniter\Boot::runCodeIgniter(Object(CodeIgniter\CodeIgniter))
 9 FCPATH\index.php(56): CodeIgniter\Boot::bootWeb(Object(Config\Paths))
