CRITICAL - 2025-12-28 13:21:18 --> Error: Call to undefined method App\Libraries\AdminLibrarie::get_unexpired_event_list()
[Method: POST, Route: admin/unexpired_event_list]
in APPPATH\Controllers\Admin.php on line 333.
 1 SYSTEMPATH\CodeIgniter.php(933): App\Controllers\Admin->ajax_unexpired_event_list()
 2 SYSTEMPATH\CodeIgniter.php(509): CodeIgniter\CodeIgniter->runController(Object(App\Controllers\Admin))
 3 SYSTEMPATH\CodeIgniter.php(355): CodeIgniter\CodeIgniter->handleRequest(null, Object(Config\Cache), false)
 4 SYSTEMPATH\Boot.php(325): CodeIgniter\CodeIgniter->run()
 5 SYSTEMPATH\Boot.php(67): CodeIgniter\Boot::runCodeIgniter(Object(CodeIgniter\CodeIgniter))
 6 FCPATH\index.php(56): CodeIgniter\Boot::bootWeb(Object(Config\Paths))
CRITICAL - 2025-12-28 13:27:52 --> TypeError: App\Libraries\AdminLibrarie::get_unexpired_event_list(): Return value must be of type bool, array returned
[Method: POST, Route: admin/unexpired_event_list]
in APPPATH\Libraries\AdminLibrarie.php on line 46.
 1 APPPATH\Controllers\Admin.php(333): App\Libraries\AdminLibrarie->get_unexpired_event_list(3)
 2 SYSTEMPATH\CodeIgniter.php(933): App\Controllers\Admin->ajax_unexpired_event_list()
 3 SYSTEMPATH\CodeIgniter.php(509): CodeIgniter\CodeIgniter->runController(Object(App\Controllers\Admin))
 4 SYSTEMPATH\CodeIgniter.php(355): CodeIgniter\CodeIgniter->handleRequest(null, Object(Config\Cache), false)
 5 SYSTEMPATH\Boot.php(325): CodeIgniter\CodeIgniter->run()
 6 SYSTEMPATH\Boot.php(67): CodeIgniter\Boot::runCodeIgniter(Object(CodeIgniter\CodeIgniter))
 7 FCPATH\index.php(56): CodeIgniter\Boot::bootWeb(Object(Config\Paths))
CRITICAL - 2025-12-28 13:36:24 --> TypeError: App\Libraries\AdminLibrarie::get_unexpired_event_list(): Return value must be of type array, bool returned
[Method: POST, Route: admin/unexpired_event_list]
in APPPATH\Libraries\AdminLibrarie.php on line 46.
 1 APPPATH\Controllers\Admin.php(333): App\Libraries\AdminLibrarie->get_unexpired_event_list(2)
 2 SYSTEMPATH\CodeIgniter.php(933): App\Controllers\Admin->ajax_unexpired_event_list()
 3 SYSTEMPATH\CodeIgniter.php(509): CodeIgniter\CodeIgniter->runController(Object(App\Controllers\Admin))
 4 SYSTEMPATH\CodeIgniter.php(355): CodeIgniter\CodeIgniter->handleRequest(null, Object(Config\Cache), false)
 5 SYSTEMPATH\Boot.php(325): CodeIgniter\CodeIgniter->run()
 6 SYSTEMPATH\Boot.php(67): CodeIgniter\Boot::runCodeIgniter(Object(CodeIgniter\CodeIgniter))
 7 FCPATH\index.php(56): CodeIgniter\Boot::bootWeb(Object(Config\Paths))
