CRITICAL - 2026-02-21 00:01:38 --> Error: Call to undefined method App\Libraries\TaikaiLibrarie::get_taikai_regist_nendo_list()
[Method: GET, Route: taikai/26]
in APPPATH\Controllers\Taikai.php on line 38.
 1 SYSTEMPATH\CodeIgniter.php(933): App\Controllers\Taikai->index('26')
 2 SYSTEMPATH\CodeIgniter.php(509): CodeIgniter\CodeIgniter->runController(Object(App\Controllers\Taikai))
 3 SYSTEMPATH\CodeIgniter.php(355): CodeIgniter\CodeIgniter->handleRequest(null, Object(Config\Cache), false)
 4 SYSTEMPATH\Boot.php(325): CodeIgniter\CodeIgniter->run()
 5 SYSTEMPATH\Boot.php(67): CodeIgniter\Boot::runCodeIgniter(Object(CodeIgniter\CodeIgniter))
 6 FCPATH\index.php(56): CodeIgniter\Boot::bootWeb(Object(Config\Paths))
CRITICAL - 2026-02-21 00:03:25 --> ErrorException: Trying to access array offset on value of type int
[Method: GET, Route: taikai/26]
in APPPATH\Helpers\taikai_helper.php on line 14.
 1 APPPATH\Helpers\taikai_helper.php(14): CodeIgniter\Debug\Exceptions->errorHandler(2, 'Trying to access array offset on value of type int', 'C:\\xampp_htdocs\\kasugaikyudo\\production\\app\\Helpers\\taikai_helper.php', 14)
 2 APPPATH\Views\taikai\index.php(6): get_taikai_tab_html(Object(stdClass), [...], [...])
 3 SYSTEMPATH\View\View.php(234): include('C:\\xampp_htdocs\\kasugaikyudo\\production\\app\\Views\\taikai\\index.php')
 4 SYSTEMPATH\View\View.php(237): CodeIgniter\View\View->CodeIgniter\View\{closure}()
 5 SYSTEMPATH\Common.php(1171): CodeIgniter\View\View->render('taikai/index', [], true)
 6 APPPATH\Controllers\Taikai.php(49): view('taikai/index')
 7 SYSTEMPATH\CodeIgniter.php(933): App\Controllers\Taikai->index('26')
 8 SYSTEMPATH\CodeIgniter.php(509): CodeIgniter\CodeIgniter->runController(Object(App\Controllers\Taikai))
 9 SYSTEMPATH\CodeIgniter.php(355): CodeIgniter\CodeIgniter->handleRequest(null, Object(Config\Cache), false)
10 SYSTEMPATH\Boot.php(325): CodeIgniter\CodeIgniter->run()
11 SYSTEMPATH\Boot.php(67): CodeIgniter\Boot::runCodeIgniter(Object(CodeIgniter\CodeIgniter))
12 FCPATH\index.php(56): CodeIgniter\Boot::bootWeb(Object(Config\Paths))
CRITICAL - 2026-02-21 00:04:31 --> ErrorException: Trying to access array offset on value of type int
[Method: GET, Route: taikai/26]
in APPPATH\Helpers\taikai_helper.php on line 14.
 1 APPPATH\Helpers\taikai_helper.php(14): CodeIgniter\Debug\Exceptions->errorHandler(2, 'Trying to access array offset on value of type int', 'C:\\xampp_htdocs\\kasugaikyudo\\production\\app\\Helpers\\taikai_helper.php', 14)
 2 APPPATH\Views\taikai\index.php(6): get_taikai_tab_html(Object(stdClass), [...], [...])
 3 SYSTEMPATH\View\View.php(234): include('C:\\xampp_htdocs\\kasugaikyudo\\production\\app\\Views\\taikai\\index.php')
 4 SYSTEMPATH\View\View.php(237): CodeIgniter\View\View->CodeIgniter\View\{closure}()
 5 SYSTEMPATH\Common.php(1171): CodeIgniter\View\View->render('taikai/index', [], true)
 6 APPPATH\Controllers\Taikai.php(49): view('taikai/index')
 7 SYSTEMPATH\CodeIgniter.php(933): App\Controllers\Taikai->index('26')
 8 SYSTEMPATH\CodeIgniter.php(509): CodeIgniter\CodeIgniter->runController(Object(App\Controllers\Taikai))
 9 SYSTEMPATH\CodeIgniter.php(355): CodeIgniter\CodeIgniter->handleRequest(null, Object(Config\Cache), false)
10 SYSTEMPATH\Boot.php(325): CodeIgniter\CodeIgniter->run()
11 SYSTEMPATH\Boot.php(67): CodeIgniter\Boot::runCodeIgniter(Object(CodeIgniter\CodeIgniter))
12 FCPATH\index.php(56): CodeIgniter\Boot::bootWeb(Object(Config\Paths))
CRITICAL - 2026-02-21 00:07:33 --> ErrorException: Undefined variable $setting
[Method: GET, Route: taikai/26]
in APPPATH\Helpers\taikai_helper.php on line 14.
 1 APPPATH\Helpers\taikai_helper.php(14): CodeIgniter\Debug\Exceptions->errorHandler(2, 'Undefined variable $setting', 'C:\\xampp_htdocs\\kasugaikyudo\\production\\app\\Helpers\\taikai_helper.php', 14)
 2 APPPATH\Views\taikai\index.php(5): get_taikai_nendo_switch_html([...])
 3 SYSTEMPATH\View\View.php(234): include('C:\\xampp_htdocs\\kasugaikyudo\\production\\app\\Views\\taikai\\index.php')
 4 SYSTEMPATH\View\View.php(237): CodeIgniter\View\View->CodeIgniter\View\{closure}()
 5 SYSTEMPATH\Common.php(1171): CodeIgniter\View\View->render('taikai/index', [], true)
 6 APPPATH\Controllers\Taikai.php(49): view('taikai/index')
 7 SYSTEMPATH\CodeIgniter.php(933): App\Controllers\Taikai->index('26')
 8 SYSTEMPATH\CodeIgniter.php(509): CodeIgniter\CodeIgniter->runController(Object(App\Controllers\Taikai))
 9 SYSTEMPATH\CodeIgniter.php(355): CodeIgniter\CodeIgniter->handleRequest(null, Object(Config\Cache), false)
10 SYSTEMPATH\Boot.php(325): CodeIgniter\CodeIgniter->run()
11 SYSTEMPATH\Boot.php(67): CodeIgniter\Boot::runCodeIgniter(Object(CodeIgniter\CodeIgniter))
12 FCPATH\index.php(56): CodeIgniter\Boot::bootWeb(Object(Config\Paths))
CRITICAL - 2026-02-21 00:08:08 --> ErrorException: Undefined variable $setting
[Method: GET, Route: taikai/26]
in APPPATH\Helpers\taikai_helper.php on line 14.
 1 APPPATH\Helpers\taikai_helper.php(14): CodeIgniter\Debug\Exceptions->errorHandler(2, 'Undefined variable $setting', 'C:\\xampp_htdocs\\kasugaikyudo\\production\\app\\Helpers\\taikai_helper.php', 14)
 2 APPPATH\Views\taikai\index.php(5): get_taikai_nendo_switch_html([...])
 3 SYSTEMPATH\View\View.php(234): include('C:\\xampp_htdocs\\kasugaikyudo\\production\\app\\Views\\taikai\\index.php')
 4 SYSTEMPATH\View\View.php(237): CodeIgniter\View\View->CodeIgniter\View\{closure}()
 5 SYSTEMPATH\Common.php(1171): CodeIgniter\View\View->render('taikai/index', [], true)
 6 APPPATH\Controllers\Taikai.php(49): view('taikai/index')
 7 SYSTEMPATH\CodeIgniter.php(933): App\Controllers\Taikai->index('26')
 8 SYSTEMPATH\CodeIgniter.php(509): CodeIgniter\CodeIgniter->runController(Object(App\Controllers\Taikai))
 9 SYSTEMPATH\CodeIgniter.php(355): CodeIgniter\CodeIgniter->handleRequest(null, Object(Config\Cache), false)
10 SYSTEMPATH\Boot.php(325): CodeIgniter\CodeIgniter->run()
11 SYSTEMPATH\Boot.php(67): CodeIgniter\Boot::runCodeIgniter(Object(CodeIgniter\CodeIgniter))
12 FCPATH\index.php(56): CodeIgniter\Boot::bootWeb(Object(Config\Paths))
CRITICAL - 2026-02-21 00:08:53 --> ErrorException: Undefined variable $setting
[Method: GET, Route: taikai/26]
in APPPATH\Helpers\taikai_helper.php on line 14.
 1 APPPATH\Helpers\taikai_helper.php(14): CodeIgniter\Debug\Exceptions->errorHandler(2, 'Undefined variable $setting', 'C:\\xampp_htdocs\\kasugaikyudo\\production\\app\\Helpers\\taikai_helper.php', 14)
 2 APPPATH\Views\taikai\index.php(5): get_taikai_nendo_switch_html([...])
 3 SYSTEMPATH\View\View.php(234): include('C:\\xampp_htdocs\\kasugaikyudo\\production\\app\\Views\\taikai\\index.php')
 4 SYSTEMPATH\View\View.php(237): CodeIgniter\View\View->CodeIgniter\View\{closure}()
 5 SYSTEMPATH\Common.php(1171): CodeIgniter\View\View->render('taikai/index', [], true)
 6 APPPATH\Controllers\Taikai.php(49): view('taikai/index')
 7 SYSTEMPATH\CodeIgniter.php(933): App\Controllers\Taikai->index('26')
 8 SYSTEMPATH\CodeIgniter.php(509): CodeIgniter\CodeIgniter->runController(Object(App\Controllers\Taikai))
 9 SYSTEMPATH\CodeIgniter.php(355): CodeIgniter\CodeIgniter->handleRequest(null, Object(Config\Cache), false)
10 SYSTEMPATH\Boot.php(325): CodeIgniter\CodeIgniter->run()
11 SYSTEMPATH\Boot.php(67): CodeIgniter\Boot::runCodeIgniter(Object(CodeIgniter\CodeIgniter))
12 FCPATH\index.php(56): CodeIgniter\Boot::bootWeb(Object(Config\Paths))
