CRITICAL - 2025-11-12 00:22:16 --> TypeError: App\Libraries\ShinsaLibrarie::get_pass_grade_group_list(): Argument #1 ($passGradeGroupId) must be of type App\Libraries\int　, string given, called in C:\xampp_htdocs\kasugaikyudo\production\app\Controllers\Shinsa.php on line 217
[Method: POST, Route: shinsa/get_pass_grade_group]
in APPPATH\Libraries\ShinsaLibrarie.php on line 24.
 1 APPPATH\Controllers\Shinsa.php(217): App\Libraries\ShinsaLibrarie->get_pass_grade_group_list('7')
 2 SYSTEMPATH\CodeIgniter.php(933): App\Controllers\Shinsa->ajax_get_pass_grade_group()
 3 SYSTEMPATH\CodeIgniter.php(509): CodeIgniter\CodeIgniter->runController(Object(App\Controllers\Shinsa))
 4 SYSTEMPATH\CodeIgniter.php(355): CodeIgniter\CodeIgniter->handleRequest(null, Object(Config\Cache), false)
 5 SYSTEMPATH\Boot.php(325): CodeIgniter\CodeIgniter->run()
 6 SYSTEMPATH\Boot.php(67): CodeIgniter\Boot::runCodeIgniter(Object(CodeIgniter\CodeIgniter))
 7 FCPATH\index.php(56): CodeIgniter\Boot::bootWeb(Object(Config\Paths))
CRITICAL - 2025-11-12 00:23:02 --> TypeError: App\Libraries\ShinsaLibrarie::get_pass_grade_group_list(): Argument #1 ($passGradeGroupId) must be of type App\Libraries\int　, string given, called in C:\xampp_htdocs\kasugaikyudo\production\app\Controllers\Shinsa.php on line 217
[Method: POST, Route: shinsa/get_pass_grade_group]
in APPPATH\Libraries\ShinsaLibrarie.php on line 24.
 1 APPPATH\Controllers\Shinsa.php(217): App\Libraries\ShinsaLibrarie->get_pass_grade_group_list('7')
 2 SYSTEMPATH\CodeIgniter.php(933): App\Controllers\Shinsa->ajax_get_pass_grade_group()
 3 SYSTEMPATH\CodeIgniter.php(509): CodeIgniter\CodeIgniter->runController(Object(App\Controllers\Shinsa))
 4 SYSTEMPATH\CodeIgniter.php(355): CodeIgniter\CodeIgniter->handleRequest(null, Object(Config\Cache), false)
 5 SYSTEMPATH\Boot.php(325): CodeIgniter\CodeIgniter->run()
 6 SYSTEMPATH\Boot.php(67): CodeIgniter\Boot::runCodeIgniter(Object(CodeIgniter\CodeIgniter))
 7 FCPATH\index.php(56): CodeIgniter\Boot::bootWeb(Object(Config\Paths))
CRITICAL - 2025-11-12 00:23:24 --> TypeError: App\Models\ShinsaModel::get_pass_grade_group_list(): Return value must be of type array, CodeIgniter\Database\MySQLi\Result returned
[Method: POST, Route: shinsa/get_pass_grade_group]
in APPPATH\Models\ShinsaModel.php on line 40.
 1 APPPATH\Libraries\ShinsaLibrarie.php(28): App\Models\ShinsaModel->get_pass_grade_group_list(7)
 2 APPPATH\Controllers\Shinsa.php(217): App\Libraries\ShinsaLibrarie->get_pass_grade_group_list(7)
 3 SYSTEMPATH\CodeIgniter.php(933): App\Controllers\Shinsa->ajax_get_pass_grade_group()
 4 SYSTEMPATH\CodeIgniter.php(509): CodeIgniter\CodeIgniter->runController(Object(App\Controllers\Shinsa))
 5 SYSTEMPATH\CodeIgniter.php(355): CodeIgniter\CodeIgniter->handleRequest(null, Object(Config\Cache), false)
 6 SYSTEMPATH\Boot.php(325): CodeIgniter\CodeIgniter->run()
 7 SYSTEMPATH\Boot.php(67): CodeIgniter\Boot::runCodeIgniter(Object(CodeIgniter\CodeIgniter))
 8 FCPATH\index.php(56): CodeIgniter\Boot::bootWeb(Object(Config\Paths))
CRITICAL - 2025-11-12 22:15:32 --> Error: Call to undefined method App\Libraries\ShinsaLibrarie::get_pass_grade_group_list()
[Method: POST, Route: shinsa/get_pass_grade_group]
in APPPATH\Controllers\Shinsa.php on line 217.
 1 SYSTEMPATH\CodeIgniter.php(933): App\Controllers\Shinsa->ajax_get_pass_grade_group()
 2 SYSTEMPATH\CodeIgniter.php(509): CodeIgniter\CodeIgniter->runController(Object(App\Controllers\Shinsa))
 3 SYSTEMPATH\CodeIgniter.php(355): CodeIgniter\CodeIgniter->handleRequest(null, Object(Config\Cache), false)
 4 SYSTEMPATH\Boot.php(325): CodeIgniter\CodeIgniter->run()
 5 SYSTEMPATH\Boot.php(67): CodeIgniter\Boot::runCodeIgniter(Object(CodeIgniter\CodeIgniter))
 6 FCPATH\index.php(56): CodeIgniter\Boot::bootWeb(Object(Config\Paths))
CRITICAL - 2025-11-12 23:02:57 --> ErrorException: Array to string conversion
[Method: GET, Route: shinsa/detail/6]
in APPPATH\Views\shinsa\detail_modal.php on line 116.
 1 APPPATH\Views\shinsa\detail_modal.php(116): CodeIgniter\Debug\Exceptions->errorHandler(2, 'Array to string conversion', 'C:\\xampp_htdocs\\kasugaikyudo\\production\\app\\Views\\shinsa\\detail_modal.php', 116)
 2 SYSTEMPATH\View\View.php(234): include('C:\\xampp_htdocs\\kasugaikyudo\\production\\app\\Views\\shinsa\\detail_modal.php')
 3 SYSTEMPATH\View\View.php(237): CodeIgniter\View\View->CodeIgniter\View\{closure}()
 4 SYSTEMPATH\Common.php(1171): CodeIgniter\View\View->render('shinsa/detail_modal', [], true)
 5 APPPATH\Controllers\Shinsa.php(127): view('shinsa/detail_modal')
 6 SYSTEMPATH\CodeIgniter.php(933): App\Controllers\Shinsa->detail('6')
 7 SYSTEMPATH\CodeIgniter.php(509): CodeIgniter\CodeIgniter->runController(Object(App\Controllers\Shinsa))
 8 SYSTEMPATH\CodeIgniter.php(355): CodeIgniter\CodeIgniter->handleRequest(null, Object(Config\Cache), false)
 9 SYSTEMPATH\Boot.php(325): CodeIgniter\CodeIgniter->run()
10 SYSTEMPATH\Boot.php(67): CodeIgniter\Boot::runCodeIgniter(Object(CodeIgniter\CodeIgniter))
11 FCPATH\index.php(56): CodeIgniter\Boot::bootWeb(Object(Config\Paths))
