CRITICAL - 2025-12-12 00:04:56 --> Error: Call to undefined function get_member_list_tom_select_html()
[Method: GET, Route: taikai/detail/11]
in APPPATH\Views\common\modal_proxy.php on line 16.
 1 SYSTEMPATH\View\View.php(234): include()
 2 SYSTEMPATH\View\View.php(237): CodeIgniter\View\View->CodeIgniter\View\{closure}()
 3 SYSTEMPATH\Common.php(1171): CodeIgniter\View\View->render('common/modal_proxy', [], true)
 4 APPPATH\Controllers\Taikai.php(105): view('common/modal_proxy')
 5 SYSTEMPATH\CodeIgniter.php(933): App\Controllers\Taikai->detail('11')
 6 SYSTEMPATH\CodeIgniter.php(509): CodeIgniter\CodeIgniter->runController(Object(App\Controllers\Taikai))
 7 SYSTEMPATH\CodeIgniter.php(355): CodeIgniter\CodeIgniter->handleRequest(null, Object(Config\Cache), false)
 8 SYSTEMPATH\Boot.php(325): CodeIgniter\CodeIgniter->run()
 9 SYSTEMPATH\Boot.php(67): CodeIgniter\Boot::runCodeIgniter(Object(CodeIgniter\CodeIgniter))
10 FCPATH\index.php(56): CodeIgniter\Boot::bootWeb(Object(Config\Paths))
CRITICAL - 2025-12-12 00:05:39 --> Error: Call to undefined function get_member_list_tom_select_html()
[Method: GET, Route: taikai/detail/11]
in APPPATH\Views\common\modal_proxy.php on line 16.
 1 SYSTEMPATH\View\View.php(234): include()
 2 SYSTEMPATH\View\View.php(237): CodeIgniter\View\View->CodeIgniter\View\{closure}()
 3 SYSTEMPATH\Common.php(1171): CodeIgniter\View\View->render('common/modal_proxy', [], true)
 4 APPPATH\Controllers\Taikai.php(105): view('common/modal_proxy')
 5 SYSTEMPATH\CodeIgniter.php(933): App\Controllers\Taikai->detail('11')
 6 SYSTEMPATH\CodeIgniter.php(509): CodeIgniter\CodeIgniter->runController(Object(App\Controllers\Taikai))
 7 SYSTEMPATH\CodeIgniter.php(355): CodeIgniter\CodeIgniter->handleRequest(null, Object(Config\Cache), false)
 8 SYSTEMPATH\Boot.php(325): CodeIgniter\CodeIgniter->run()
 9 SYSTEMPATH\Boot.php(67): CodeIgniter\Boot::runCodeIgniter(Object(CodeIgniter\CodeIgniter))
10 FCPATH\index.php(56): CodeIgniter\Boot::bootWeb(Object(Config\Paths))
CRITICAL - 2025-12-12 00:07:07 --> Error: Call to undefined function get_member_list_tom_select_html()
[Method: GET, Route: taikai/detail/11]
in APPPATH\Views\common\modal_proxy.php on line 16.
 1 SYSTEMPATH\View\View.php(234): include()
 2 SYSTEMPATH\View\View.php(237): CodeIgniter\View\View->CodeIgniter\View\{closure}()
 3 SYSTEMPATH\Common.php(1171): CodeIgniter\View\View->render('common/modal_proxy', [], true)
 4 APPPATH\Controllers\Taikai.php(105): view('common/modal_proxy')
 5 SYSTEMPATH\CodeIgniter.php(933): App\Controllers\Taikai->detail('11')
 6 SYSTEMPATH\CodeIgniter.php(509): CodeIgniter\CodeIgniter->runController(Object(App\Controllers\Taikai))
 7 SYSTEMPATH\CodeIgniter.php(355): CodeIgniter\CodeIgniter->handleRequest(null, Object(Config\Cache), false)
 8 SYSTEMPATH\Boot.php(325): CodeIgniter\CodeIgniter->run()
 9 SYSTEMPATH\Boot.php(67): CodeIgniter\Boot::runCodeIgniter(Object(CodeIgniter\CodeIgniter))
10 FCPATH\index.php(56): CodeIgniter\Boot::bootWeb(Object(Config\Paths))
CRITICAL - 2025-12-12 00:09:00 --> Error: Call to undefined function get_member_list_tom_select_html()
[Method: GET, Route: taikai/detail/11]
in APPPATH\Views\common\modal_proxy.php on line 16.
 1 SYSTEMPATH\View\View.php(234): include()
 2 SYSTEMPATH\View\View.php(237): CodeIgniter\View\View->CodeIgniter\View\{closure}()
 3 SYSTEMPATH\Common.php(1171): CodeIgniter\View\View->render('common/modal_proxy', [], true)
 4 APPPATH\Controllers\Taikai.php(105): view('common/modal_proxy')
 5 SYSTEMPATH\CodeIgniter.php(933): App\Controllers\Taikai->detail('11')
 6 SYSTEMPATH\CodeIgniter.php(509): CodeIgniter\CodeIgniter->runController(Object(App\Controllers\Taikai))
 7 SYSTEMPATH\CodeIgniter.php(355): CodeIgniter\CodeIgniter->handleRequest(null, Object(Config\Cache), false)
 8 SYSTEMPATH\Boot.php(325): CodeIgniter\CodeIgniter->run()
 9 SYSTEMPATH\Boot.php(67): CodeIgniter\Boot::runCodeIgniter(Object(CodeIgniter\CodeIgniter))
10 FCPATH\index.php(56): CodeIgniter\Boot::bootWeb(Object(Config\Paths))
CRITICAL - 2025-12-12 00:09:17 --> Error: Call to undefined function get_member_list_tom_select_html()
[Method: GET, Route: taikai/detail/11]
in APPPATH\Views\common\modal_proxy.php on line 16.
 1 SYSTEMPATH\View\View.php(234): include()
 2 SYSTEMPATH\View\View.php(237): CodeIgniter\View\View->CodeIgniter\View\{closure}()
 3 SYSTEMPATH\Common.php(1171): CodeIgniter\View\View->render('common/modal_proxy', [], true)
 4 APPPATH\Controllers\Taikai.php(105): view('common/modal_proxy')
 5 SYSTEMPATH\CodeIgniter.php(933): App\Controllers\Taikai->detail('11')
 6 SYSTEMPATH\CodeIgniter.php(509): CodeIgniter\CodeIgniter->runController(Object(App\Controllers\Taikai))
 7 SYSTEMPATH\CodeIgniter.php(355): CodeIgniter\CodeIgniter->handleRequest(null, Object(Config\Cache), false)
 8 SYSTEMPATH\Boot.php(325): CodeIgniter\CodeIgniter->run()
 9 SYSTEMPATH\Boot.php(67): CodeIgniter\Boot::runCodeIgniter(Object(CodeIgniter\CodeIgniter))
10 FCPATH\index.php(56): CodeIgniter\Boot::bootWeb(Object(Config\Paths))
CRITICAL - 2025-12-12 00:09:43 --> Error: Call to undefined function get_member_list_tom_select_html()
[Method: GET, Route: taikai/detail/11]
in APPPATH\Views\common\modal_proxy.php on line 16.
 1 SYSTEMPATH\View\View.php(234): include()
 2 SYSTEMPATH\View\View.php(237): CodeIgniter\View\View->CodeIgniter\View\{closure}()
 3 SYSTEMPATH\Common.php(1171): CodeIgniter\View\View->render('common/modal_proxy', [], true)
 4 APPPATH\Controllers\Taikai.php(105): view('common/modal_proxy')
 5 SYSTEMPATH\CodeIgniter.php(933): App\Controllers\Taikai->detail('11')
 6 SYSTEMPATH\CodeIgniter.php(509): CodeIgniter\CodeIgniter->runController(Object(App\Controllers\Taikai))
 7 SYSTEMPATH\CodeIgniter.php(355): CodeIgniter\CodeIgniter->handleRequest(null, Object(Config\Cache), false)
 8 SYSTEMPATH\Boot.php(325): CodeIgniter\CodeIgniter->run()
 9 SYSTEMPATH\Boot.php(67): CodeIgniter\Boot::runCodeIgniter(Object(CodeIgniter\CodeIgniter))
10 FCPATH\index.php(56): CodeIgniter\Boot::bootWeb(Object(Config\Paths))
CRITICAL - 2025-12-12 00:12:24 --> Error: Call to undefined function get_member_list_tom_select_html()
[Method: GET, Route: taikai/detail/11]
in APPPATH\Views\taikai\detail_kasugai.php on line 9.
 1 SYSTEMPATH\View\View.php(234): include()
 2 SYSTEMPATH\View\View.php(237): CodeIgniter\View\View->CodeIgniter\View\{closure}()
 3 SYSTEMPATH\Common.php(1171): CodeIgniter\View\View->render('taikai/detail_kasugai', [], true)
 4 APPPATH\Controllers\Taikai.php(102): view('taikai/detail_kasugai')
 5 SYSTEMPATH\CodeIgniter.php(933): App\Controllers\Taikai->detail('11')
 6 SYSTEMPATH\CodeIgniter.php(509): CodeIgniter\CodeIgniter->runController(Object(App\Controllers\Taikai))
 7 SYSTEMPATH\CodeIgniter.php(355): CodeIgniter\CodeIgniter->handleRequest(null, Object(Config\Cache), false)
 8 SYSTEMPATH\Boot.php(325): CodeIgniter\CodeIgniter->run()
 9 SYSTEMPATH\Boot.php(67): CodeIgniter\Boot::runCodeIgniter(Object(CodeIgniter\CodeIgniter))
10 FCPATH\index.php(56): CodeIgniter\Boot::bootWeb(Object(Config\Paths))
CRITICAL - 2025-12-12 23:29:33 --> ErrorException: Trying to access array offset on value of type int
[Method: GET, Route: taikai/detail/11]
in APPPATH\Helpers\member_helper.php on line 90.
 1 APPPATH\Helpers\member_helper.php(90): CodeIgniter\Debug\Exceptions->errorHandler(2, 'Trying to access array offset on value of type int', 'C:\\xampp_htdocs\\kasugaikyudo\\production\\app\\Helpers\\member_helper.php', 90)
 2 APPPATH\Views\common\modal_proxy.php(13): get_member_list_tom_select_html([...], [...])
 3 SYSTEMPATH\View\View.php(234): include('C:\\xampp_htdocs\\kasugaikyudo\\production\\app\\Views\\common\\modal_proxy.php')
 4 SYSTEMPATH\View\View.php(237): CodeIgniter\View\View->CodeIgniter\View\{closure}()
 5 SYSTEMPATH\Common.php(1171): CodeIgniter\View\View->render('common/modal_proxy', [], true)
 6 APPPATH\Controllers\Taikai.php(106): view('common/modal_proxy')
 7 SYSTEMPATH\CodeIgniter.php(933): App\Controllers\Taikai->detail('11')
 8 SYSTEMPATH\CodeIgniter.php(509): CodeIgniter\CodeIgniter->runController(Object(App\Controllers\Taikai))
 9 SYSTEMPATH\CodeIgniter.php(355): CodeIgniter\CodeIgniter->handleRequest(null, Object(Config\Cache), false)
10 SYSTEMPATH\Boot.php(325): CodeIgniter\CodeIgniter->run()
11 SYSTEMPATH\Boot.php(67): CodeIgniter\Boot::runCodeIgniter(Object(CodeIgniter\CodeIgniter))
12 FCPATH\index.php(56): CodeIgniter\Boot::bootWeb(Object(Config\Paths))
CRITICAL - 2025-12-12 23:30:35 --> ErrorException: Trying to access array offset on value of type int
[Method: GET, Route: taikai/detail/11]
in APPPATH\Helpers\member_helper.php on line 90.
 1 APPPATH\Helpers\member_helper.php(90): CodeIgniter\Debug\Exceptions->errorHandler(2, 'Trying to access array offset on value of type int', 'C:\\xampp_htdocs\\kasugaikyudo\\production\\app\\Helpers\\member_helper.php', 90)
 2 APPPATH\Views\common\modal_proxy.php(13): get_member_list_tom_select_html([...], [...])
 3 SYSTEMPATH\View\View.php(234): include('C:\\xampp_htdocs\\kasugaikyudo\\production\\app\\Views\\common\\modal_proxy.php')
 4 SYSTEMPATH\View\View.php(237): CodeIgniter\View\View->CodeIgniter\View\{closure}()
 5 SYSTEMPATH\Common.php(1171): CodeIgniter\View\View->render('common/modal_proxy', [], true)
 6 APPPATH\Controllers\Taikai.php(106): view('common/modal_proxy')
 7 SYSTEMPATH\CodeIgniter.php(933): App\Controllers\Taikai->detail('11')
 8 SYSTEMPATH\CodeIgniter.php(509): CodeIgniter\CodeIgniter->runController(Object(App\Controllers\Taikai))
 9 SYSTEMPATH\CodeIgniter.php(355): CodeIgniter\CodeIgniter->handleRequest(null, Object(Config\Cache), false)
10 SYSTEMPATH\Boot.php(325): CodeIgniter\CodeIgniter->run()
11 SYSTEMPATH\Boot.php(67): CodeIgniter\Boot::runCodeIgniter(Object(CodeIgniter\CodeIgniter))
12 FCPATH\index.php(56): CodeIgniter\Boot::bootWeb(Object(Config\Paths))
