CRITICAL - 2025-12-17 22:46:28 --> TypeError: App\Libraries\TaikaiLibrarie::taikai_request_member(): Argument #2 ($memberData) must be of type array, string given, called in C:\xampp_htdocs\kasugaikyudo\production\app\Controllers\AdminTaikai.php on line 238
[Method: POST, Route: admin/taikai_cancel_member_proxy]
in APPPATH\Libraries\TaikaiLibrarie.php on line 79.
 1 APPPATH\Controllers\AdminTaikai.php(238): App\Libraries\TaikaiLibrarie->taikai_request_member(11, '146', 'cancel')
 2 SYSTEMPATH\CodeIgniter.php(933): App\Controllers\AdminTaikai->ajax_taikai_cancel_member_proxy()
 3 SYSTEMPATH\CodeIgniter.php(509): CodeIgniter\CodeIgniter->runController(Object(App\Controllers\AdminTaikai))
 4 SYSTEMPATH\CodeIgniter.php(355): CodeIgniter\CodeIgniter->handleRequest(null, Object(Config\Cache), false)
 5 SYSTEMPATH\Boot.php(325): CodeIgniter\CodeIgniter->run()
 6 SYSTEMPATH\Boot.php(67): CodeIgniter\Boot::runCodeIgniter(Object(CodeIgniter\CodeIgniter))
 7 FCPATH\index.php(56): CodeIgniter\Boot::bootWeb(Object(Config\Paths))
CRITICAL - 2025-12-17 22:47:25 --> TypeError: App\Libraries\TaikaiLibrarie::taikai_request_member(): Argument #2 ($memberData) must be of type array, string given, called in C:\xampp_htdocs\kasugaikyudo\production\app\Controllers\AdminTaikai.php on line 238
[Method: POST, Route: admin/taikai_cancel_member_proxy]
in APPPATH\Libraries\TaikaiLibrarie.php on line 79.
 1 APPPATH\Controllers\AdminTaikai.php(238): App\Libraries\TaikaiLibrarie->taikai_request_member(11, '146', 'cancel')
 2 SYSTEMPATH\CodeIgniter.php(933): App\Controllers\AdminTaikai->ajax_taikai_cancel_member_proxy()
 3 SYSTEMPATH\CodeIgniter.php(509): CodeIgniter\CodeIgniter->runController(Object(App\Controllers\AdminTaikai))
 4 SYSTEMPATH\CodeIgniter.php(355): CodeIgniter\CodeIgniter->handleRequest(null, Object(Config\Cache), false)
 5 SYSTEMPATH\Boot.php(325): CodeIgniter\CodeIgniter->run()
 6 SYSTEMPATH\Boot.php(67): CodeIgniter\Boot::runCodeIgniter(Object(CodeIgniter\CodeIgniter))
 7 FCPATH\index.php(56): CodeIgniter\Boot::bootWeb(Object(Config\Paths))
CRITICAL - 2025-12-17 23:34:37 --> ErrorException: Undefined property: App\Controllers\AdminTaikai::$taikaiModel
[Method: GET, Route: admin/taikai_member_csv_download/11]
in APPPATH\Controllers\AdminTaikai.php on line 259.
 1 APPPATH\Controllers\AdminTaikai.php(259): CodeIgniter\Debug\Exceptions->errorHandler(2, 'Undefined property: App\\Controllers\\AdminTaikai::$taikaiModel', 'C:\\xampp_htdocs\\kasugaikyudo\\production\\app\\Controllers\\AdminTaikai.php', 259)
 2 SYSTEMPATH\CodeIgniter.php(933): App\Controllers\AdminTaikai->ajax_taikai_member_csv_download(11)
 3 SYSTEMPATH\CodeIgniter.php(509): CodeIgniter\CodeIgniter->runController(Object(App\Controllers\AdminTaikai))
 4 SYSTEMPATH\CodeIgniter.php(355): CodeIgniter\CodeIgniter->handleRequest(null, Object(Config\Cache), false)
 5 SYSTEMPATH\Boot.php(325): CodeIgniter\CodeIgniter->run()
 6 SYSTEMPATH\Boot.php(67): CodeIgniter\Boot::runCodeIgniter(Object(CodeIgniter\CodeIgniter))
 7 FCPATH\index.php(56): CodeIgniter\Boot::bootWeb(Object(Config\Paths))
CRITICAL - 2025-12-17 23:35:14 --> ErrorException: Undefined property: App\Controllers\AdminTaikai::$taikaiModel
[Method: GET, Route: admin/taikai_member_csv_download/11]
in APPPATH\Controllers\AdminTaikai.php on line 259.
 1 APPPATH\Controllers\AdminTaikai.php(259): CodeIgniter\Debug\Exceptions->errorHandler(2, 'Undefined property: App\\Controllers\\AdminTaikai::$taikaiModel', 'C:\\xampp_htdocs\\kasugaikyudo\\production\\app\\Controllers\\AdminTaikai.php', 259)
 2 SYSTEMPATH\CodeIgniter.php(933): App\Controllers\AdminTaikai->ajax_taikai_member_csv_download(11)
 3 SYSTEMPATH\CodeIgniter.php(509): CodeIgniter\CodeIgniter->runController(Object(App\Controllers\AdminTaikai))
 4 SYSTEMPATH\CodeIgniter.php(355): CodeIgniter\CodeIgniter->handleRequest(null, Object(Config\Cache), false)
 5 SYSTEMPATH\Boot.php(325): CodeIgniter\CodeIgniter->run()
 6 SYSTEMPATH\Boot.php(67): CodeIgniter\Boot::runCodeIgniter(Object(CodeIgniter\CodeIgniter))
 7 FCPATH\index.php(56): CodeIgniter\Boot::bootWeb(Object(Config\Paths))
CRITICAL - 2025-12-17 23:35:40 --> ErrorException: Undefined property: App\Controllers\AdminTaikai::$taikaiModel
[Method: GET, Route: admin/taikai_member_csv_download/11]
in APPPATH\Controllers\AdminTaikai.php on line 259.
 1 APPPATH\Controllers\AdminTaikai.php(259): CodeIgniter\Debug\Exceptions->errorHandler(2, 'Undefined property: App\\Controllers\\AdminTaikai::$taikaiModel', 'C:\\xampp_htdocs\\kasugaikyudo\\production\\app\\Controllers\\AdminTaikai.php', 259)
 2 SYSTEMPATH\CodeIgniter.php(933): App\Controllers\AdminTaikai->ajax_taikai_member_csv_download(11)
 3 SYSTEMPATH\CodeIgniter.php(509): CodeIgniter\CodeIgniter->runController(Object(App\Controllers\AdminTaikai))
 4 SYSTEMPATH\CodeIgniter.php(355): CodeIgniter\CodeIgniter->handleRequest(null, Object(Config\Cache), false)
 5 SYSTEMPATH\Boot.php(325): CodeIgniter\CodeIgniter->run()
 6 SYSTEMPATH\Boot.php(67): CodeIgniter\Boot::runCodeIgniter(Object(CodeIgniter\CodeIgniter))
 7 FCPATH\index.php(56): CodeIgniter\Boot::bootWeb(Object(Config\Paths))
CRITICAL - 2025-12-17 23:38:09 --> ErrorException: Trying to access array offset on value of type int
[Method: GET, Route: admin/taikai_member_csv_download/11]
in APPPATH\Controllers\AdminTaikai.php on line 265.
 1 APPPATH\Controllers\AdminTaikai.php(265): CodeIgniter\Debug\Exceptions->errorHandler(2, 'Trying to access array offset on value of type int', 'C:\\xampp_htdocs\\kasugaikyudo\\production\\app\\Controllers\\AdminTaikai.php', 265)
 2 SYSTEMPATH\CodeIgniter.php(933): App\Controllers\AdminTaikai->ajax_taikai_member_csv_download(11)
 3 SYSTEMPATH\CodeIgniter.php(509): CodeIgniter\CodeIgniter->runController(Object(App\Controllers\AdminTaikai))
 4 SYSTEMPATH\CodeIgniter.php(355): CodeIgniter\CodeIgniter->handleRequest(null, Object(Config\Cache), false)
 5 SYSTEMPATH\Boot.php(325): CodeIgniter\CodeIgniter->run()
 6 SYSTEMPATH\Boot.php(67): CodeIgniter\Boot::runCodeIgniter(Object(CodeIgniter\CodeIgniter))
 7 FCPATH\index.php(56): CodeIgniter\Boot::bootWeb(Object(Config\Paths))
CRITICAL - 2025-12-17 23:40:49 --> ErrorException: Undefined array key "taikai_id"
[Method: GET, Route: admin/taikai_member_csv_download/11]
in APPPATH\Controllers\AdminTaikai.php on line 265.
 1 APPPATH\Controllers\AdminTaikai.php(265): CodeIgniter\Debug\Exceptions->errorHandler(2, 'Undefined array key "taikai_id"', 'C:\\xampp_htdocs\\kasugaikyudo\\production\\app\\Controllers\\AdminTaikai.php', 265)
 2 SYSTEMPATH\CodeIgniter.php(933): App\Controllers\AdminTaikai->ajax_taikai_member_csv_download(11)
 3 SYSTEMPATH\CodeIgniter.php(509): CodeIgniter\CodeIgniter->runController(Object(App\Controllers\AdminTaikai))
 4 SYSTEMPATH\CodeIgniter.php(355): CodeIgniter\CodeIgniter->handleRequest(null, Object(Config\Cache), false)
 5 SYSTEMPATH\Boot.php(325): CodeIgniter\CodeIgniter->run()
 6 SYSTEMPATH\Boot.php(67): CodeIgniter\Boot::runCodeIgniter(Object(CodeIgniter\CodeIgniter))
 7 FCPATH\index.php(56): CodeIgniter\Boot::bootWeb(Object(Config\Paths))
CRITICAL - 2025-12-17 23:41:47 --> ErrorException: Undefined array key "taikai_id"
[Method: GET, Route: admin/taikai_member_csv_download/11]
in APPPATH\Controllers\AdminTaikai.php on line 271.
 1 APPPATH\Controllers\AdminTaikai.php(271): CodeIgniter\Debug\Exceptions->errorHandler(2, 'Undefined array key "taikai_id"', 'C:\\xampp_htdocs\\kasugaikyudo\\production\\app\\Controllers\\AdminTaikai.php', 271)
 2 SYSTEMPATH\CodeIgniter.php(933): App\Controllers\AdminTaikai->ajax_taikai_member_csv_download(11)
 3 SYSTEMPATH\CodeIgniter.php(509): CodeIgniter\CodeIgniter->runController(Object(App\Controllers\AdminTaikai))
 4 SYSTEMPATH\CodeIgniter.php(355): CodeIgniter\CodeIgniter->handleRequest(null, Object(Config\Cache), false)
 5 SYSTEMPATH\Boot.php(325): CodeIgniter\CodeIgniter->run()
 6 SYSTEMPATH\Boot.php(67): CodeIgniter\Boot::runCodeIgniter(Object(CodeIgniter\CodeIgniter))
 7 FCPATH\index.php(56): CodeIgniter\Boot::bootWeb(Object(Config\Paths))
