CRITICAL - 2026-02-18 22:11:56 --> ErrorException: Undefined array key "age_limit_min"
[Method: POST, Route: admin/taikai_regist_conf]
in APPPATH\Helpers\Admin\taikai_helper.php on line 412.
 1 APPPATH\Helpers\Admin\taikai_helper.php(412): CodeIgniter\Debug\Exceptions->errorHandler(2, 'Undefined array key "age_limit_min"', 'C:\\xampp_htdocs\\kasugaikyudo\\production\\app\\Helpers\\Admin\\taikai_helper.php', 412)
 2 APPPATH\Controllers\Admin\AdminTaikai.php(269): form_taikai_regist_confrim([...], [...], [])
 3 SYSTEMPATH\CodeIgniter.php(933): App\Controllers\Admin\AdminTaikai->ajax_taikai_regist_conf()
 4 SYSTEMPATH\CodeIgniter.php(509): CodeIgniter\CodeIgniter->runController(Object(App\Controllers\Admin\AdminTaikai))
 5 SYSTEMPATH\CodeIgniter.php(355): CodeIgniter\CodeIgniter->handleRequest(null, Object(Config\Cache), false)
 6 SYSTEMPATH\Boot.php(325): CodeIgniter\CodeIgniter->run()
 7 SYSTEMPATH\Boot.php(67): CodeIgniter\Boot::runCodeIgniter(Object(CodeIgniter\CodeIgniter))
 8 FCPATH\index.php(56): CodeIgniter\Boot::bootWeb(Object(Config\Paths))
CRITICAL - 2026-02-18 22:32:38 --> Error: Call to undefined method App\Validation\MyRules::number_before()
[Method: POST, Route: admin/taikai_regist_conf]
in APPPATH\Controllers\Admin\AdminTaikai.php on line 260.
 1 SYSTEMPATH\CodeIgniter.php(933): App\Controllers\Admin\AdminTaikai->ajax_taikai_regist_conf()
 2 SYSTEMPATH\CodeIgniter.php(509): CodeIgniter\CodeIgniter->runController(Object(App\Controllers\Admin\AdminTaikai))
 3 SYSTEMPATH\CodeIgniter.php(355): CodeIgniter\CodeIgniter->handleRequest(null, Object(Config\Cache), false)
 4 SYSTEMPATH\Boot.php(325): CodeIgniter\CodeIgniter->run()
 5 SYSTEMPATH\Boot.php(67): CodeIgniter\Boot::runCodeIgniter(Object(CodeIgniter\CodeIgniter))
 6 FCPATH\index.php(56): CodeIgniter\Boot::bootWeb(Object(Config\Paths))
