CRITICAL - 2025-09-05 22:22:44 --> ErrorException: Cannot redeclare form_textarea() (previously declared in C:\xampp_htdocs\kasugaikyudo\production\system\Helpers\form_helper.php:211)
[Method: POST, Route: admin/taikai_revision]
in APPPATH\Helpers\admin_helper.php on line 32.
 1 [internal function]: CodeIgniter\Debug\Exceptions->shutdownHandler()
CRITICAL - 2025-09-05 22:23:42 --> ErrorException: Cannot redeclare form_textarea() (previously declared in C:\xampp_htdocs\kasugaikyudo\production\system\Helpers\form_helper.php:211)
[Method: POST, Route: admin/taikai_revision]
in APPPATH\Helpers\admin_helper.php on line 32.
 1 [internal function]: CodeIgniter\Debug\Exceptions->shutdownHandler()
CRITICAL - 2025-09-05 22:24:20 --> ErrorException: Cannot redeclare form_textarea() (previously declared in C:\xampp_htdocs\kasugaikyudo\production\system\Helpers\form_helper.php:211)
[Method: POST, Route: admin/taikai_revision]
in APPPATH\Helpers\admin_helper.php on line 32.
 1 [internal function]: CodeIgniter\Debug\Exceptions->shutdownHandler()
CRITICAL - 2025-09-05 22:25:05 --> ErrorException: Cannot redeclare form_textarea() (previously declared in C:\xampp_htdocs\kasugaikyudo\production\system\Helpers\form_helper.php:211)
[Method: POST, Route: admin/taikai_revision]
in APPPATH\Helpers\admin_helper.php on line 32.
 1 [internal function]: CodeIgniter\Debug\Exceptions->shutdownHandler()
CRITICAL - 2025-09-05 22:25:07 --> ErrorException: Cannot redeclare form_textarea() (previously declared in C:\xampp_htdocs\kasugaikyudo\production\system\Helpers\form_helper.php:211)
[Method: POST, Route: admin/taikai_revision]
in APPPATH\Helpers\admin_helper.php on line 32.
 1 [internal function]: CodeIgniter\Debug\Exceptions->shutdownHandler()
CRITICAL - 2025-09-05 22:28:17 --> ErrorException: Cannot redeclare form_textarea() (previously declared in C:\xampp_htdocs\kasugaikyudo\production\system\Helpers\form_helper.php:211)
[Method: POST, Route: admin/taikai_revision]
in APPPATH\Helpers\admin_helper.php on line 32.
 1 [internal function]: CodeIgniter\Debug\Exceptions->shutdownHandler()
CRITICAL - 2025-09-05 22:28:33 --> Error: Call to undefined function form_text_notice()
[Method: POST, Route: admin/taikai_revision]
in APPPATH\Helpers\admin_helper.php on line 158.
 1 APPPATH\Views\admin\taikai\taikai_regist.php(7): form_taikai_detail([...])
 2 SYSTEMPATH\View\View.php(234): include('C:\\xampp_htdocs\\kasugaikyudo\\production\\app\\Views\\admin\\taikai\\taikai_regist.php')
 3 SYSTEMPATH\View\View.php(237): CodeIgniter\View\View->CodeIgniter\View\{closure}()
 4 SYSTEMPATH\Common.php(1171): CodeIgniter\View\View->render('admin/taikai/taikai_regist', [], true)
 5 APPPATH\Controllers\Admin.php(252): view('admin/taikai/taikai_regist')
 6 SYSTEMPATH\CodeIgniter.php(933): App\Controllers\Admin->taikai_revision()
 7 SYSTEMPATH\CodeIgniter.php(509): CodeIgniter\CodeIgniter->runController(Object(App\Controllers\Admin))
 8 SYSTEMPATH\CodeIgniter.php(355): CodeIgniter\CodeIgniter->handleRequest(null, Object(Config\Cache), false)
 9 SYSTEMPATH\Boot.php(325): CodeIgniter\CodeIgniter->run()
10 SYSTEMPATH\Boot.php(67): CodeIgniter\Boot::runCodeIgniter(Object(CodeIgniter\CodeIgniter))
11 FCPATH\index.php(56): CodeIgniter\Boot::bootWeb(Object(Config\Paths))
CRITICAL - 2025-09-05 22:33:19 --> ErrorException: filemtime(): stat failed for ./assets/document/kasugai/member/名簿（名前と段位）令和7年7月20日.pdf
[Method: GET, Route: member]
in APPPATH\Helpers\member_helper.php on line 9.
 1 [internal function]: CodeIgniter\Debug\Exceptions->errorHandler(2, 'filemtime(): stat failed for ./assets/document/kasugai/member/名簿（名前と段位）令和7年7月20日.pdf', 'C:\\xampp_htdocs\\kasugaikyudo\\production\\app\\Helpers\\member_helper.php', 9)
 2 APPPATH\Helpers\member_helper.php(9): filemtime('./assets/document/kasugai/member/名簿（名前と段位）令和7年7月20日.pdf')
 3 APPPATH\Views\member\index.php(8): get_kaiin_list_file_html([...], Object(stdClass))
 4 SYSTEMPATH\View\View.php(234): include('C:\\xampp_htdocs\\kasugaikyudo\\production\\app\\Views\\member\\index.php')
 5 SYSTEMPATH\View\View.php(237): CodeIgniter\View\View->CodeIgniter\View\{closure}()
 6 SYSTEMPATH\Common.php(1171): CodeIgniter\View\View->render('member/index', [], true)
 7 APPPATH\Controllers\Member.php(40): view('member/index')
 8 SYSTEMPATH\CodeIgniter.php(933): App\Controllers\Member->index()
 9 SYSTEMPATH\CodeIgniter.php(509): CodeIgniter\CodeIgniter->runController(Object(App\Controllers\Member))
10 SYSTEMPATH\CodeIgniter.php(355): CodeIgniter\CodeIgniter->handleRequest(null, Object(Config\Cache), false)
11 SYSTEMPATH\Boot.php(325): CodeIgniter\CodeIgniter->run()
12 SYSTEMPATH\Boot.php(67): CodeIgniter\Boot::runCodeIgniter(Object(CodeIgniter\CodeIgniter))
13 FCPATH\index.php(56): CodeIgniter\Boot::bootWeb(Object(Config\Paths))
CRITICAL - 2025-09-05 22:34:43 --> ErrorException: filemtime(): stat failed for ./assets/document/kasugai/member/名簿（名前と段位）令和7年7月20日.pdf
[Method: GET, Route: member]
in APPPATH\Helpers\member_helper.php on line 9.
 1 [internal function]: CodeIgniter\Debug\Exceptions->errorHandler(2, 'filemtime(): stat failed for ./assets/document/kasugai/member/名簿（名前と段位）令和7年7月20日.pdf', 'C:\\xampp_htdocs\\kasugaikyudo\\production\\app\\Helpers\\member_helper.php', 9)
 2 APPPATH\Helpers\member_helper.php(9): filemtime('./assets/document/kasugai/member/名簿（名前と段位）令和7年7月20日.pdf')
 3 APPPATH\Views\member\index.php(8): get_kaiin_list_file_html([...], Object(stdClass))
 4 SYSTEMPATH\View\View.php(234): include('C:\\xampp_htdocs\\kasugaikyudo\\production\\app\\Views\\member\\index.php')
 5 SYSTEMPATH\View\View.php(237): CodeIgniter\View\View->CodeIgniter\View\{closure}()
 6 SYSTEMPATH\Common.php(1171): CodeIgniter\View\View->render('member/index', [], true)
 7 APPPATH\Controllers\Member.php(40): view('member/index')
 8 SYSTEMPATH\CodeIgniter.php(933): App\Controllers\Member->index()
 9 SYSTEMPATH\CodeIgniter.php(509): CodeIgniter\CodeIgniter->runController(Object(App\Controllers\Member))
10 SYSTEMPATH\CodeIgniter.php(355): CodeIgniter\CodeIgniter->handleRequest(null, Object(Config\Cache), false)
11 SYSTEMPATH\Boot.php(325): CodeIgniter\CodeIgniter->run()
12 SYSTEMPATH\Boot.php(67): CodeIgniter\Boot::runCodeIgniter(Object(CodeIgniter\CodeIgniter))
13 FCPATH\index.php(56): CodeIgniter\Boot::bootWeb(Object(Config\Paths))
CRITICAL - 2025-09-05 22:35:56 --> ErrorException: filemtime(): stat failed for ./assets/document/kasugai/member/名簿（名前と段位）令和7年7月20日.pdf
[Method: GET, Route: member]
in APPPATH\Helpers\member_helper.php on line 9.
 1 [internal function]: CodeIgniter\Debug\Exceptions->errorHandler(2, 'filemtime(): stat failed for ./assets/document/kasugai/member/名簿（名前と段位）令和7年7月20日.pdf', 'C:\\xampp_htdocs\\kasugaikyudo\\production\\app\\Helpers\\member_helper.php', 9)
 2 APPPATH\Helpers\member_helper.php(9): filemtime('./assets/document/kasugai/member/名簿（名前と段位）令和7年7月20日.pdf')
 3 APPPATH\Views\member\index.php(8): get_kaiin_list_file_html([...], Object(stdClass))
 4 SYSTEMPATH\View\View.php(234): include('C:\\xampp_htdocs\\kasugaikyudo\\production\\app\\Views\\member\\index.php')
 5 SYSTEMPATH\View\View.php(237): CodeIgniter\View\View->CodeIgniter\View\{closure}()
 6 SYSTEMPATH\Common.php(1171): CodeIgniter\View\View->render('member/index', [], true)
 7 APPPATH\Controllers\Member.php(40): view('member/index')
 8 SYSTEMPATH\CodeIgniter.php(933): App\Controllers\Member->index()
 9 SYSTEMPATH\CodeIgniter.php(509): CodeIgniter\CodeIgniter->runController(Object(App\Controllers\Member))
10 SYSTEMPATH\CodeIgniter.php(355): CodeIgniter\CodeIgniter->handleRequest(null, Object(Config\Cache), false)
11 SYSTEMPATH\Boot.php(325): CodeIgniter\CodeIgniter->run()
12 SYSTEMPATH\Boot.php(67): CodeIgniter\Boot::runCodeIgniter(Object(CodeIgniter\CodeIgniter))
13 FCPATH\index.php(56): CodeIgniter\Boot::bootWeb(Object(Config\Paths))
CRITICAL - 2025-09-05 22:36:01 --> ErrorException: Undefined variable $filemtime
[Method: GET, Route: member]
in APPPATH\Helpers\member_helper.php on line 21.
 1 APPPATH\Helpers\member_helper.php(21): CodeIgniter\Debug\Exceptions->errorHandler(2, 'Undefined variable $filemtime', 'C:\\xampp_htdocs\\kasugaikyudo\\production\\app\\Helpers\\member_helper.php', 21)
 2 APPPATH\Views\member\index.php(8): get_kaiin_list_file_html([...], Object(stdClass))
 3 SYSTEMPATH\View\View.php(234): include('C:\\xampp_htdocs\\kasugaikyudo\\production\\app\\Views\\member\\index.php')
 4 SYSTEMPATH\View\View.php(237): CodeIgniter\View\View->CodeIgniter\View\{closure}()
 5 SYSTEMPATH\Common.php(1171): CodeIgniter\View\View->render('member/index', [], true)
 6 APPPATH\Controllers\Member.php(40): view('member/index')
 7 SYSTEMPATH\CodeIgniter.php(933): App\Controllers\Member->index()
 8 SYSTEMPATH\CodeIgniter.php(509): CodeIgniter\CodeIgniter->runController(Object(App\Controllers\Member))
 9 SYSTEMPATH\CodeIgniter.php(355): CodeIgniter\CodeIgniter->handleRequest(null, Object(Config\Cache), false)
10 SYSTEMPATH\Boot.php(325): CodeIgniter\CodeIgniter->run()
11 SYSTEMPATH\Boot.php(67): CodeIgniter\Boot::runCodeIgniter(Object(CodeIgniter\CodeIgniter))
12 FCPATH\index.php(56): CodeIgniter\Boot::bootWeb(Object(Config\Paths))
