CRITICAL - 2026-01-28 22:06:17 --> ErrorException: Undefined array key "kasugai_flg"
[Method: POST, Route: admin/taikai_regist_conf]
in APPPATH\Helpers\Admin\taikai_helper.php on line 209.
 1 APPPATH\Helpers\Admin\taikai_helper.php(209): CodeIgniter\Debug\Exceptions->errorHandler(2, 'Undefined array key "kasugai_flg"', 'C:\\xampp_htdocs\\kasugaikyudo\\production\\app\\Helpers\\Admin\\taikai_helper.php', 209)
 2 APPPATH\Controllers\Admin\AdminTaikai.php(219): form_taikai_regist_confrim([...])
 3 SYSTEMPATH\CodeIgniter.php(933): App\Controllers\Admin\AdminTaikai->ajax_taikai_regist_conf()
 4 SYSTEMPATH\CodeIgniter.php(509): CodeIgniter\CodeIgniter->runController(Object(App\Controllers\Admin\AdminTaikai))
 5 SYSTEMPATH\CodeIgniter.php(355): CodeIgniter\CodeIgniter->handleRequest(null, Object(Config\Cache), false)
 6 SYSTEMPATH\Boot.php(325): CodeIgniter\CodeIgniter->run()
 7 SYSTEMPATH\Boot.php(67): CodeIgniter\Boot::runCodeIgniter(Object(CodeIgniter\CodeIgniter))
 8 FCPATH\index.php(56): CodeIgniter\Boot::bootWeb(Object(Config\Paths))
CRITICAL - 2026-01-28 22:08:04 --> ErrorException: Undefined array key "kasugai_flg"
[Method: POST, Route: admin/taikai_regist_conf]
in APPPATH\Helpers\Admin\taikai_helper.php on line 209.
 1 APPPATH\Helpers\Admin\taikai_helper.php(209): CodeIgniter\Debug\Exceptions->errorHandler(2, 'Undefined array key "kasugai_flg"', 'C:\\xampp_htdocs\\kasugaikyudo\\production\\app\\Helpers\\Admin\\taikai_helper.php', 209)
 2 APPPATH\Controllers\Admin\AdminTaikai.php(219): form_taikai_regist_confrim([...])
 3 SYSTEMPATH\CodeIgniter.php(933): App\Controllers\Admin\AdminTaikai->ajax_taikai_regist_conf()
 4 SYSTEMPATH\CodeIgniter.php(509): CodeIgniter\CodeIgniter->runController(Object(App\Controllers\Admin\AdminTaikai))
 5 SYSTEMPATH\CodeIgniter.php(355): CodeIgniter\CodeIgniter->handleRequest(null, Object(Config\Cache), false)
 6 SYSTEMPATH\Boot.php(325): CodeIgniter\CodeIgniter->run()
 7 SYSTEMPATH\Boot.php(67): CodeIgniter\Boot::runCodeIgniter(Object(CodeIgniter\CodeIgniter))
 8 FCPATH\index.php(56): CodeIgniter\Boot::bootWeb(Object(Config\Paths))
CRITICAL - 2026-01-28 22:26:12 --> ErrorException: Undefined array key "kasugai_flg"
[Method: POST, Route: admin/taikai_regist_conf]
in APPPATH\Helpers\Admin\taikai_helper.php on line 210.
 1 APPPATH\Helpers\Admin\taikai_helper.php(210): CodeIgniter\Debug\Exceptions->errorHandler(2, 'Undefined array key "kasugai_flg"', 'C:\\xampp_htdocs\\kasugaikyudo\\production\\app\\Helpers\\Admin\\taikai_helper.php', 210)
 2 APPPATH\Controllers\Admin\AdminTaikai.php(219): form_taikai_regist_confrim([...])
 3 SYSTEMPATH\CodeIgniter.php(933): App\Controllers\Admin\AdminTaikai->ajax_taikai_regist_conf()
 4 SYSTEMPATH\CodeIgniter.php(509): CodeIgniter\CodeIgniter->runController(Object(App\Controllers\Admin\AdminTaikai))
 5 SYSTEMPATH\CodeIgniter.php(355): CodeIgniter\CodeIgniter->handleRequest(null, Object(Config\Cache), false)
 6 SYSTEMPATH\Boot.php(325): CodeIgniter\CodeIgniter->run()
 7 SYSTEMPATH\Boot.php(67): CodeIgniter\Boot::runCodeIgniter(Object(CodeIgniter\CodeIgniter))
 8 FCPATH\index.php(56): CodeIgniter\Boot::bootWeb(Object(Config\Paths))
CRITICAL - 2026-01-28 22:27:37 --> ErrorException: Undefined array key "kasugai_flg"
[Method: POST, Route: admin/taikai_regist_conf]
in APPPATH\Helpers\Admin\taikai_helper.php on line 210.
 1 APPPATH\Helpers\Admin\taikai_helper.php(210): CodeIgniter\Debug\Exceptions->errorHandler(2, 'Undefined array key "kasugai_flg"', 'C:\\xampp_htdocs\\kasugaikyudo\\production\\app\\Helpers\\Admin\\taikai_helper.php', 210)
 2 APPPATH\Controllers\Admin\AdminTaikai.php(219): form_taikai_regist_confrim([...])
 3 SYSTEMPATH\CodeIgniter.php(933): App\Controllers\Admin\AdminTaikai->ajax_taikai_regist_conf()
 4 SYSTEMPATH\CodeIgniter.php(509): CodeIgniter\CodeIgniter->runController(Object(App\Controllers\Admin\AdminTaikai))
 5 SYSTEMPATH\CodeIgniter.php(355): CodeIgniter\CodeIgniter->handleRequest(null, Object(Config\Cache), false)
 6 SYSTEMPATH\Boot.php(325): CodeIgniter\CodeIgniter->run()
 7 SYSTEMPATH\Boot.php(67): CodeIgniter\Boot::runCodeIgniter(Object(CodeIgniter\CodeIgniter))
 8 FCPATH\index.php(56): CodeIgniter\Boot::bootWeb(Object(Config\Paths))
CRITICAL - 2026-01-28 22:34:22 --> ErrorException: Undefined array key "kasugai_flg"
[Method: POST, Route: admin/taikai_regist_conf]
in APPPATH\Helpers\Admin\taikai_helper.php on line 210.
 1 APPPATH\Helpers\Admin\taikai_helper.php(210): CodeIgniter\Debug\Exceptions->errorHandler(2, 'Undefined array key "kasugai_flg"', 'C:\\xampp_htdocs\\kasugaikyudo\\production\\app\\Helpers\\Admin\\taikai_helper.php', 210)
 2 APPPATH\Controllers\Admin\AdminTaikai.php(219): form_taikai_regist_confrim([...])
 3 SYSTEMPATH\CodeIgniter.php(933): App\Controllers\Admin\AdminTaikai->ajax_taikai_regist_conf()
 4 SYSTEMPATH\CodeIgniter.php(509): CodeIgniter\CodeIgniter->runController(Object(App\Controllers\Admin\AdminTaikai))
 5 SYSTEMPATH\CodeIgniter.php(355): CodeIgniter\CodeIgniter->handleRequest(null, Object(Config\Cache), false)
 6 SYSTEMPATH\Boot.php(325): CodeIgniter\CodeIgniter->run()
 7 SYSTEMPATH\Boot.php(67): CodeIgniter\Boot::runCodeIgniter(Object(CodeIgniter\CodeIgniter))
 8 FCPATH\index.php(56): CodeIgniter\Boot::bootWeb(Object(Config\Paths))
CRITICAL - 2026-01-28 22:35:45 --> ErrorException: Undefined array key "kaijo_name"
[Method: POST, Route: admin/taikai_regist_conf]
in APPPATH\Helpers\Admin\taikai_helper.php on line 223.
 1 APPPATH\Helpers\Admin\taikai_helper.php(223): CodeIgniter\Debug\Exceptions->errorHandler(2, 'Undefined array key "kaijo_name"', 'C:\\xampp_htdocs\\kasugaikyudo\\production\\app\\Helpers\\Admin\\taikai_helper.php', 223)
 2 APPPATH\Controllers\Admin\AdminTaikai.php(219): form_taikai_regist_confrim([...])
 3 SYSTEMPATH\CodeIgniter.php(933): App\Controllers\Admin\AdminTaikai->ajax_taikai_regist_conf()
 4 SYSTEMPATH\CodeIgniter.php(509): CodeIgniter\CodeIgniter->runController(Object(App\Controllers\Admin\AdminTaikai))
 5 SYSTEMPATH\CodeIgniter.php(355): CodeIgniter\CodeIgniter->handleRequest(null, Object(Config\Cache), false)
 6 SYSTEMPATH\Boot.php(325): CodeIgniter\CodeIgniter->run()
 7 SYSTEMPATH\Boot.php(67): CodeIgniter\Boot::runCodeIgniter(Object(CodeIgniter\CodeIgniter))
 8 FCPATH\index.php(56): CodeIgniter\Boot::bootWeb(Object(Config\Paths))
CRITICAL - 2026-01-28 22:57:57 --> ErrorException: Undefined array key "kaijo_name"
[Method: POST, Route: admin/taikai_regist_conf]
in APPPATH\Helpers\Admin\taikai_helper.php on line 223.
 1 APPPATH\Helpers\Admin\taikai_helper.php(223): CodeIgniter\Debug\Exceptions->errorHandler(2, 'Undefined array key "kaijo_name"', 'C:\\xampp_htdocs\\kasugaikyudo\\production\\app\\Helpers\\Admin\\taikai_helper.php', 223)
 2 APPPATH\Controllers\Admin\AdminTaikai.php(219): form_taikai_regist_confrim([...])
 3 SYSTEMPATH\CodeIgniter.php(933): App\Controllers\Admin\AdminTaikai->ajax_taikai_regist_conf()
 4 SYSTEMPATH\CodeIgniter.php(509): CodeIgniter\CodeIgniter->runController(Object(App\Controllers\Admin\AdminTaikai))
 5 SYSTEMPATH\CodeIgniter.php(355): CodeIgniter\CodeIgniter->handleRequest(null, Object(Config\Cache), false)
 6 SYSTEMPATH\Boot.php(325): CodeIgniter\CodeIgniter->run()
 7 SYSTEMPATH\Boot.php(67): CodeIgniter\Boot::runCodeIgniter(Object(CodeIgniter\CodeIgniter))
 8 FCPATH\index.php(56): CodeIgniter\Boot::bootWeb(Object(Config\Paths))
CRITICAL - 2026-01-28 22:59:41 --> ErrorException: Undefined array key "kaijo_name"
[Method: POST, Route: admin/taikai_regist_conf]
in APPPATH\Helpers\Admin\taikai_helper.php on line 223.
 1 APPPATH\Helpers\Admin\taikai_helper.php(223): CodeIgniter\Debug\Exceptions->errorHandler(2, 'Undefined array key "kaijo_name"', 'C:\\xampp_htdocs\\kasugaikyudo\\production\\app\\Helpers\\Admin\\taikai_helper.php', 223)
 2 APPPATH\Controllers\Admin\AdminTaikai.php(219): form_taikai_regist_confrim([...])
 3 SYSTEMPATH\CodeIgniter.php(933): App\Controllers\Admin\AdminTaikai->ajax_taikai_regist_conf()
 4 SYSTEMPATH\CodeIgniter.php(509): CodeIgniter\CodeIgniter->runController(Object(App\Controllers\Admin\AdminTaikai))
 5 SYSTEMPATH\CodeIgniter.php(355): CodeIgniter\CodeIgniter->handleRequest(null, Object(Config\Cache), false)
 6 SYSTEMPATH\Boot.php(325): CodeIgniter\CodeIgniter->run()
 7 SYSTEMPATH\Boot.php(67): CodeIgniter\Boot::runCodeIgniter(Object(CodeIgniter\CodeIgniter))
 8 FCPATH\index.php(56): CodeIgniter\Boot::bootWeb(Object(Config\Paths))
