CRITICAL - 2025-12-18 00:04:53 --> ErrorException: Undefined variable $officerFlg
[Method: GET, Route: admin/notice_regist]
in APPPATH\Views\common\header.php on line 13.
 1 APPPATH\Views\common\header.php(13): CodeIgniter\Debug\Exceptions->errorHandler(2, 'Undefined variable $officerFlg', 'C:\\xampp_htdocs\\kasugaikyudo\\production\\app\\Views\\common\\header.php', 13)
 2 SYSTEMPATH\View\View.php(234): include('C:\\xampp_htdocs\\kasugaikyudo\\production\\app\\Views\\common\\header.php')
 3 SYSTEMPATH\View\View.php(237): CodeIgniter\View\View->CodeIgniter\View\{closure}()
 4 SYSTEMPATH\Common.php(1171): CodeIgniter\View\View->render('common/header', [], true)
 5 APPPATH\Controllers\Admin.php(65): view('common/header', [...])
 6 SYSTEMPATH\CodeIgniter.php(933): App\Controllers\Admin->notice_regist()
 7 SYSTEMPATH\CodeIgniter.php(509): CodeIgniter\CodeIgniter->runController(Object(App\Controllers\Admin))
 8 SYSTEMPATH\CodeIgniter.php(355): CodeIgniter\CodeIgniter->handleRequest(null, Object(Config\Cache), false)
 9 SYSTEMPATH\Boot.php(325): CodeIgniter\CodeIgniter->run()
10 SYSTEMPATH\Boot.php(67): CodeIgniter\Boot::runCodeIgniter(Object(CodeIgniter\CodeIgniter))
11 FCPATH\index.php(56): CodeIgniter\Boot::bootWeb(Object(Config\Paths))
CRITICAL - 2025-12-18 00:05:22 --> ErrorException: Undefined variable $officerFlg
[Method: GET, Route: admin/notice_regist]
in APPPATH\Views\common\header.php on line 13.
 1 APPPATH\Views\common\header.php(13): CodeIgniter\Debug\Exceptions->errorHandler(2, 'Undefined variable $officerFlg', 'C:\\xampp_htdocs\\kasugaikyudo\\production\\app\\Views\\common\\header.php', 13)
 2 SYSTEMPATH\View\View.php(234): include('C:\\xampp_htdocs\\kasugaikyudo\\production\\app\\Views\\common\\header.php')
 3 SYSTEMPATH\View\View.php(237): CodeIgniter\View\View->CodeIgniter\View\{closure}()
 4 SYSTEMPATH\Common.php(1171): CodeIgniter\View\View->render('common/header', [], true)
 5 APPPATH\Controllers\Admin.php(65): view('common/header', [...])
 6 SYSTEMPATH\CodeIgniter.php(933): App\Controllers\Admin->notice_regist()
 7 SYSTEMPATH\CodeIgniter.php(509): CodeIgniter\CodeIgniter->runController(Object(App\Controllers\Admin))
 8 SYSTEMPATH\CodeIgniter.php(355): CodeIgniter\CodeIgniter->handleRequest(null, Object(Config\Cache), false)
 9 SYSTEMPATH\Boot.php(325): CodeIgniter\CodeIgniter->run()
10 SYSTEMPATH\Boot.php(67): CodeIgniter\Boot::runCodeIgniter(Object(CodeIgniter\CodeIgniter))
11 FCPATH\index.php(56): CodeIgniter\Boot::bootWeb(Object(Config\Paths))
CRITICAL - 2025-12-18 00:08:13 --> ErrorException: Undefined variable $officerFlg
[Method: POST, Route: admin/notice_revision]
in APPPATH\Views\common\header.php on line 13.
 1 APPPATH\Views\common\header.php(13): CodeIgniter\Debug\Exceptions->errorHandler(2, 'Undefined variable $officerFlg', 'C:\\xampp_htdocs\\kasugaikyudo\\production\\app\\Views\\common\\header.php', 13)
 2 SYSTEMPATH\View\View.php(234): include('C:\\xampp_htdocs\\kasugaikyudo\\production\\app\\Views\\common\\header.php')
 3 SYSTEMPATH\View\View.php(237): CodeIgniter\View\View->CodeIgniter\View\{closure}()
 4 SYSTEMPATH\Common.php(1171): CodeIgniter\View\View->render('common/header', [], true)
 5 APPPATH\Controllers\Admin.php(133): view('common/header', [...])
 6 SYSTEMPATH\CodeIgniter.php(933): App\Controllers\Admin->notice_revision()
 7 SYSTEMPATH\CodeIgniter.php(509): CodeIgniter\CodeIgniter->runController(Object(App\Controllers\Admin))
 8 SYSTEMPATH\CodeIgniter.php(355): CodeIgniter\CodeIgniter->handleRequest(null, Object(Config\Cache), false)
 9 SYSTEMPATH\Boot.php(325): CodeIgniter\CodeIgniter->run()
10 SYSTEMPATH\Boot.php(67): CodeIgniter\Boot::runCodeIgniter(Object(CodeIgniter\CodeIgniter))
11 FCPATH\index.php(56): CodeIgniter\Boot::bootWeb(Object(Config\Paths))
CRITICAL - 2025-12-18 00:11:17 --> ErrorException: Undefined variable $officerFlg
[Method: GET, Route: admin/member_list_file_regist]
in APPPATH\Views\common\header.php on line 13.
 1 APPPATH\Views\common\header.php(13): CodeIgniter\Debug\Exceptions->errorHandler(2, 'Undefined variable $officerFlg', 'C:\\xampp_htdocs\\kasugaikyudo\\production\\app\\Views\\common\\header.php', 13)
 2 SYSTEMPATH\View\View.php(234): include('C:\\xampp_htdocs\\kasugaikyudo\\production\\app\\Views\\common\\header.php')
 3 SYSTEMPATH\View\View.php(237): CodeIgniter\View\View->CodeIgniter\View\{closure}()
 4 SYSTEMPATH\Common.php(1171): CodeIgniter\View\View->render('common/header', [], true)
 5 APPPATH\Controllers\AdminMember.php(50): view('common/header', [...])
 6 SYSTEMPATH\CodeIgniter.php(933): App\Controllers\AdminMember->member_list_file_regist()
 7 SYSTEMPATH\CodeIgniter.php(509): CodeIgniter\CodeIgniter->runController(Object(App\Controllers\AdminMember))
 8 SYSTEMPATH\CodeIgniter.php(355): CodeIgniter\CodeIgniter->handleRequest(null, Object(Config\Cache), false)
 9 SYSTEMPATH\Boot.php(325): CodeIgniter\CodeIgniter->run()
10 SYSTEMPATH\Boot.php(67): CodeIgniter\Boot::runCodeIgniter(Object(CodeIgniter\CodeIgniter))
11 FCPATH\index.php(56): CodeIgniter\Boot::bootWeb(Object(Config\Paths))
CRITICAL - 2025-12-18 00:11:53 --> ErrorException: Undefined variable $officerFlg
[Method: POST, Route: admin/member_regist]
in APPPATH\Views\common\header.php on line 13.
 1 APPPATH\Views\common\header.php(13): CodeIgniter\Debug\Exceptions->errorHandler(2, 'Undefined variable $officerFlg', 'C:\\xampp_htdocs\\kasugaikyudo\\production\\app\\Views\\common\\header.php', 13)
 2 SYSTEMPATH\View\View.php(234): include('C:\\xampp_htdocs\\kasugaikyudo\\production\\app\\Views\\common\\header.php')
 3 SYSTEMPATH\View\View.php(237): CodeIgniter\View\View->CodeIgniter\View\{closure}()
 4 SYSTEMPATH\Common.php(1171): CodeIgniter\View\View->render('common/header', [], true)
 5 APPPATH\Controllers\AdminMember.php(90): view('common/header', [...])
 6 SYSTEMPATH\CodeIgniter.php(933): App\Controllers\AdminMember->member_regist()
 7 SYSTEMPATH\CodeIgniter.php(509): CodeIgniter\CodeIgniter->runController(Object(App\Controllers\AdminMember))
 8 SYSTEMPATH\CodeIgniter.php(355): CodeIgniter\CodeIgniter->handleRequest(null, Object(Config\Cache), false)
 9 SYSTEMPATH\Boot.php(325): CodeIgniter\CodeIgniter->run()
10 SYSTEMPATH\Boot.php(67): CodeIgniter\Boot::runCodeIgniter(Object(CodeIgniter\CodeIgniter))
11 FCPATH\index.php(56): CodeIgniter\Boot::bootWeb(Object(Config\Paths))
ERROR - 2025-12-18 00:14:13 --> Email: sendWithMail throwed ErrorException: mail(): Failed to connect to mailserver at &quot;localhost&quot; port 25, verify your &quot;SMTP&quot; and &quot;smtp_port&quot; setting in php.ini or use ini_set() in C:\xampp_htdocs\kasugaikyudo\production\system\Email\Email.php:1762
Stack trace:
#0 [internal function]: CodeIgniter\Debug\Exceptions->errorHandler(2, 'mail(): Failed ...', 'C:\\xampp_htdocs...', 1762)
#1 C:\xampp_htdocs\kasugaikyudo\production\system\Email\Email.php(1762): mail('', '=?UTF-8?Q?=E3=8...', '\xE5\xAF\xA9\xE6\x9F\xBB\xE7\x94\xB3\xE8\xBE\xBC\xE3\x82\xAD...', 'Date: Thu, 18 D...', '-f k.kyudo.xamp...')
#2 C:\xampp_htdocs\kasugaikyudo\production\system\Email\Email.php(1694): CodeIgniter\Email\Email->sendWithMail()
#3 C:\xampp_htdocs\kasugaikyudo\production\system\Email\Email.php(1589): CodeIgniter\Email\Email->spoolEmail()
#4 C:\xampp_htdocs\kasugaikyudo\production\app\Libraries\CommonLibrarie.php(97): CodeIgniter\Email\Email->send()
#5 C:\xampp_htdocs\kasugaikyudo\production\app\Libraries\ShinsaLibrarie.php(232): App\Libraries\CommonLibrarie->send_mail_proc(Array, Array, Array, '\xE3\x80\x90\xE5\xAF\xA9\xE6\x9F\xBB \xEF\xBC\x9A \xE3...', '\xE5\xAF\xA9\xE6\x9F\xBB\xE7\x94\xB3\xE8\xBE\xBC\xE3\x82\xAD...')
#6 C:\xampp_htdocs\kasugaikyudo\production\app\Controllers\Shinsa.php(157): App\Libraries\ShinsaLibrarie->shinsa_request_member(10, 7, Array, 'cancel')
#7 C:\xampp_htdocs\kasugaikyudo\production\system\CodeIgniter.php(933): App\Controllers\Shinsa->ajax_shinsa_request()
#8 C:\xampp_htdocs\kasugaikyudo\production\system\CodeIgniter.php(509): CodeIgniter\CodeIgniter->runController(Object(App\Controllers\Shinsa))
#9 C:\xampp_htdocs\kasugaikyudo\production\system\CodeIgniter.php(355): CodeIgniter\CodeIgniter->handleRequest(NULL, Object(Config\Cache), false)
#10 C:\xampp_htdocs\kasugaikyudo\production\system\Boot.php(325): CodeIgniter\CodeIgniter->run()
#11 C:\xampp_htdocs\kasugaikyudo\production\system\Boot.php(67): CodeIgniter\Boot::runCodeIgniter(Object(CodeIgniter\CodeIgniter))
#12 C:\xampp_htdocs\kasugaikyudo\production\index.php(56): CodeIgniter\Boot::bootWeb(Object(Config\Paths))
#13 {main}
ERROR - 2025-12-18 00:14:13 --> Email: Unable to send email using PHP mail(). Your server might not be configured to send mail using this method.
ERROR - 2025-12-18 00:14:13 --> 
ERROR - 2025-12-18 23:34:48 --> mysqli_sql_exception: You have an error in your SQL syntax; check the manual that corresponds to your MariaDB server version for the right syntax to use near 'FROM t_taikai_offer_member tom
                INNER JOIN m_member mem ON
   ...' at line 14 in C:\xampp_htdocs\kasugaikyudo\production\system\Database\MySQLi\Connection.php:312
Stack trace:
#0 C:\xampp_htdocs\kasugaikyudo\production\system\Database\MySQLi\Connection.php(312): mysqli->query('\n           \tSE...', 0)
#1 C:\xampp_htdocs\kasugaikyudo\production\system\Database\BaseConnection.php(734): CodeIgniter\Database\MySQLi\Connection->execute('\n           \tSE...')
#2 C:\xampp_htdocs\kasugaikyudo\production\system\Database\BaseConnection.php(648): CodeIgniter\Database\BaseConnection->simpleQuery('\n           \tSE...')
#3 C:\xampp_htdocs\kasugaikyudo\production\app\Models\BaseQueryModel.php(75): CodeIgniter\Database\BaseConnection->query('\n           \tSE...', Array)
#4 C:\xampp_htdocs\kasugaikyudo\production\app\Models\TaikaiModel.php(244): App\Models\BaseQueryModel->get_result_array('\n           \tSE...', Array)
#5 C:\xampp_htdocs\kasugaikyudo\production\app\Libraries\TaikaiLibrarie.php(155): App\Models\TaikaiModel->get_taikai_offer_member_list(11)
#6 C:\xampp_htdocs\kasugaikyudo\production\app\Controllers\Taikai.php(83): App\Libraries\TaikaiLibrarie->get_taikai_offer_member_list(11)
#7 C:\xampp_htdocs\kasugaikyudo\production\system\CodeIgniter.php(933): App\Controllers\Taikai->detail('11')
#8 C:\xampp_htdocs\kasugaikyudo\production\system\CodeIgniter.php(509): CodeIgniter\CodeIgniter->runController(Object(App\Controllers\Taikai))
#9 C:\xampp_htdocs\kasugaikyudo\production\system\CodeIgniter.php(355): CodeIgniter\CodeIgniter->handleRequest(NULL, Object(Config\Cache), false)
#10 C:\xampp_htdocs\kasugaikyudo\production\system\Boot.php(325): CodeIgniter\CodeIgniter->run()
#11 C:\xampp_htdocs\kasugaikyudo\production\system\Boot.php(67): CodeIgniter\Boot::runCodeIgniter(Object(CodeIgniter\CodeIgniter))
#12 C:\xampp_htdocs\kasugaikyudo\production\index.php(56): CodeIgniter\Boot::bootWeb(Object(Config\Paths))
#13 {main}
CRITICAL - 2025-12-18 23:34:48 --> CodeIgniter\Database\Exceptions\DatabaseException: You have an error in your SQL syntax; check the manual that corresponds to your MariaDB server version for the right syntax to use near 'FROM t_taikai_offer_member tom
                INNER JOIN m_member mem ON
   ...' at line 14
[Method: GET, Route: taikai/detail/11]
in SYSTEMPATH\Database\BaseConnection.php on line 688.
 1 APPPATH\Models\BaseQueryModel.php(75): CodeIgniter\Database\BaseConnection->query('
           	SELECT
		   		tom.created,
                mem.member_id,
                mem.name_f,
                mem.name_s,
                mem.kana_f,
                mem.kana_s,
                mgh.holder_id,
                mgh.grade_id,
                hol.holder_name,
                gra.grade_name,
                hgo.hg_order,
                CASE WHEN mgh.holder_id = 0 THEN 9 ELSE mgh.holder_id END AS holder_order,
            FROM t_taikai_offer_member tom
                INNER JOIN m_member mem ON
                    mem.member_id = tom.member_id
                INNER JOIN t_member_grade_holder mgh ON
                    mgh.member_id = mem.member_id
                INNER JOIN m_holder hol ON
                    hol.holder_id = mgh.holder_id
                INNER JOIN m_grade gra ON
                    gra.grade_id = mgh.grade_id
                INNER JOIN m_holder_grade_order hgo ON
                    hgo.holder_id = hol.holder_id
                    AND hgo.grade_id = gra.grade_id
            WHERE
                tom.taikai_id = :taikaiId:
            ORDER BY
                holder_order,
                mgh.grade_id,
                tom.created
		', [...])
 2 APPPATH\Models\TaikaiModel.php(244): App\Models\BaseQueryModel->get_result_array('
           	SELECT
		   		tom.created,
                mem.member_id,
                mem.name_f,
                mem.name_s,
                mem.kana_f,
                mem.kana_s,
                mgh.holder_id,
                mgh.grade_id,
                hol.holder_name,
                gra.grade_name,
                hgo.hg_order,
                CASE WHEN mgh.holder_id = 0 THEN 9 ELSE mgh.holder_id END AS holder_order,
            FROM t_taikai_offer_member tom
                INNER JOIN m_member mem ON
                    mem.member_id = tom.member_id
                INNER JOIN t_member_grade_holder mgh ON
                    mgh.member_id = mem.member_id
                INNER JOIN m_holder hol ON
                    hol.holder_id = mgh.holder_id
                INNER JOIN m_grade gra ON
                    gra.grade_id = mgh.grade_id
                INNER JOIN m_holder_grade_order hgo ON
                    hgo.holder_id = hol.holder_id
                    AND hgo.grade_id = gra.grade_id
            WHERE
                tom.taikai_id = :taikaiId:
            ORDER BY
                holder_order,
                mgh.grade_id,
                tom.created
		', [...])
 3 APPPATH\Libraries\TaikaiLibrarie.php(155): App\Models\TaikaiModel->get_taikai_offer_member_list(11)
 4 APPPATH\Controllers\Taikai.php(83): App\Libraries\TaikaiLibrarie->get_taikai_offer_member_list(11)
 5 SYSTEMPATH\CodeIgniter.php(933): App\Controllers\Taikai->detail('11')
 6 SYSTEMPATH\CodeIgniter.php(509): CodeIgniter\CodeIgniter->runController(Object(App\Controllers\Taikai))
 7 SYSTEMPATH\CodeIgniter.php(355): CodeIgniter\CodeIgniter->handleRequest(null, Object(Config\Cache), false)
 8 SYSTEMPATH\Boot.php(325): CodeIgniter\CodeIgniter->run()
 9 SYSTEMPATH\Boot.php(67): CodeIgniter\Boot::runCodeIgniter(Object(CodeIgniter\CodeIgniter))
10 FCPATH\index.php(56): CodeIgniter\Boot::bootWeb(Object(Config\Paths))
CRITICAL - 2025-12-18 23:34:48 --> [Caused by] CodeIgniter\Database\Exceptions\DatabaseException: You have an error in your SQL syntax; check the manual that corresponds to your MariaDB server version for the right syntax to use near 'FROM t_taikai_offer_member tom
                INNER JOIN m_member mem ON
   ...' at line 14
in SYSTEMPATH\Database\MySQLi\Connection.php on line 317.
 1 SYSTEMPATH\Database\BaseConnection.php(734): CodeIgniter\Database\MySQLi\Connection->execute('
           	SELECT
		   		tom.created,
                mem.member_id,
                mem.name_f,
                mem.name_s,
                mem.kana_f,
                mem.kana_s,
                mgh.holder_id,
                mgh.grade_id,
                hol.holder_name,
                gra.grade_name,
                hgo.hg_order,
                CASE WHEN mgh.holder_id = 0 THEN 9 ELSE mgh.holder_id END AS holder_order,
            FROM t_taikai_offer_member tom
                INNER JOIN m_member mem ON
                    mem.member_id = tom.member_id
                INNER JOIN t_member_grade_holder mgh ON
                    mgh.member_id = mem.member_id
                INNER JOIN m_holder hol ON
                    hol.holder_id = mgh.holder_id
                INNER JOIN m_grade gra ON
                    gra.grade_id = mgh.grade_id
                INNER JOIN m_holder_grade_order hgo ON
                    hgo.holder_id = hol.holder_id
                    AND hgo.grade_id = gra.grade_id
            WHERE
                tom.taikai_id = 11
            ORDER BY
                holder_order,
                mgh.grade_id,
                tom.created
		')
 2 SYSTEMPATH\Database\BaseConnection.php(648): CodeIgniter\Database\BaseConnection->simpleQuery('
           	SELECT
		   		tom.created,
                mem.member_id,
                mem.name_f,
                mem.name_s,
                mem.kana_f,
                mem.kana_s,
                mgh.holder_id,
                mgh.grade_id,
                hol.holder_name,
                gra.grade_name,
                hgo.hg_order,
                CASE WHEN mgh.holder_id = 0 THEN 9 ELSE mgh.holder_id END AS holder_order,
            FROM t_taikai_offer_member tom
                INNER JOIN m_member mem ON
                    mem.member_id = tom.member_id
                INNER JOIN t_member_grade_holder mgh ON
                    mgh.member_id = mem.member_id
                INNER JOIN m_holder hol ON
                    hol.holder_id = mgh.holder_id
                INNER JOIN m_grade gra ON
                    gra.grade_id = mgh.grade_id
                INNER JOIN m_holder_grade_order hgo ON
                    hgo.holder_id = hol.holder_id
                    AND hgo.grade_id = gra.grade_id
            WHERE
                tom.taikai_id = 11
            ORDER BY
                holder_order,
                mgh.grade_id,
                tom.created
		')
 3 APPPATH\Models\BaseQueryModel.php(75): CodeIgniter\Database\BaseConnection->query('
           	SELECT
		   		tom.created,
                mem.member_id,
                mem.name_f,
                mem.name_s,
                mem.kana_f,
                mem.kana_s,
                mgh.holder_id,
                mgh.grade_id,
                hol.holder_name,
                gra.grade_name,
                hgo.hg_order,
                CASE WHEN mgh.holder_id = 0 THEN 9 ELSE mgh.holder_id END AS holder_order,
            FROM t_taikai_offer_member tom
                INNER JOIN m_member mem ON
                    mem.member_id = tom.member_id
                INNER JOIN t_member_grade_holder mgh ON
                    mgh.member_id = mem.member_id
                INNER JOIN m_holder hol ON
                    hol.holder_id = mgh.holder_id
                INNER JOIN m_grade gra ON
                    gra.grade_id = mgh.grade_id
                INNER JOIN m_holder_grade_order hgo ON
                    hgo.holder_id = hol.holder_id
                    AND hgo.grade_id = gra.grade_id
            WHERE
                tom.taikai_id = :taikaiId:
            ORDER BY
                holder_order,
                mgh.grade_id,
                tom.created
		', [...])
 4 APPPATH\Models\TaikaiModel.php(244): App\Models\BaseQueryModel->get_result_array('
           	SELECT
		   		tom.created,
                mem.member_id,
                mem.name_f,
                mem.name_s,
                mem.kana_f,
                mem.kana_s,
                mgh.holder_id,
                mgh.grade_id,
                hol.holder_name,
                gra.grade_name,
                hgo.hg_order,
                CASE WHEN mgh.holder_id = 0 THEN 9 ELSE mgh.holder_id END AS holder_order,
            FROM t_taikai_offer_member tom
                INNER JOIN m_member mem ON
                    mem.member_id = tom.member_id
                INNER JOIN t_member_grade_holder mgh ON
                    mgh.member_id = mem.member_id
                INNER JOIN m_holder hol ON
                    hol.holder_id = mgh.holder_id
                INNER JOIN m_grade gra ON
                    gra.grade_id = mgh.grade_id
                INNER JOIN m_holder_grade_order hgo ON
                    hgo.holder_id = hol.holder_id
                    AND hgo.grade_id = gra.grade_id
            WHERE
                tom.taikai_id = :taikaiId:
            ORDER BY
                holder_order,
                mgh.grade_id,
                tom.created
		', [...])
 5 APPPATH\Libraries\TaikaiLibrarie.php(155): App\Models\TaikaiModel->get_taikai_offer_member_list(11)
 6 APPPATH\Controllers\Taikai.php(83): App\Libraries\TaikaiLibrarie->get_taikai_offer_member_list(11)
 7 SYSTEMPATH\CodeIgniter.php(933): App\Controllers\Taikai->detail('11')
 8 SYSTEMPATH\CodeIgniter.php(509): CodeIgniter\CodeIgniter->runController(Object(App\Controllers\Taikai))
 9 SYSTEMPATH\CodeIgniter.php(355): CodeIgniter\CodeIgniter->handleRequest(null, Object(Config\Cache), false)
10 SYSTEMPATH\Boot.php(325): CodeIgniter\CodeIgniter->run()
11 SYSTEMPATH\Boot.php(67): CodeIgniter\Boot::runCodeIgniter(Object(CodeIgniter\CodeIgniter))
12 FCPATH\index.php(56): CodeIgniter\Boot::bootWeb(Object(Config\Paths))
CRITICAL - 2025-12-18 23:34:48 --> [Caused by] mysqli_sql_exception: You have an error in your SQL syntax; check the manual that corresponds to your MariaDB server version for the right syntax to use near 'FROM t_taikai_offer_member tom
                INNER JOIN m_member mem ON
   ...' at line 14
in SYSTEMPATH\Database\MySQLi\Connection.php on line 312.
 1 SYSTEMPATH\Database\MySQLi\Connection.php(312): mysqli->query('
           	SELECT
		   		tom.created,
                mem.member_id,
                mem.name_f,
                mem.name_s,
                mem.kana_f,
                mem.kana_s,
                mgh.holder_id,
                mgh.grade_id,
                hol.holder_name,
                gra.grade_name,
                hgo.hg_order,
                CASE WHEN mgh.holder_id = 0 THEN 9 ELSE mgh.holder_id END AS holder_order,
            FROM t_taikai_offer_member tom
                INNER JOIN m_member mem ON
                    mem.member_id = tom.member_id
                INNER JOIN t_member_grade_holder mgh ON
                    mgh.member_id = mem.member_id
                INNER JOIN m_holder hol ON
                    hol.holder_id = mgh.holder_id
                INNER JOIN m_grade gra ON
                    gra.grade_id = mgh.grade_id
                INNER JOIN m_holder_grade_order hgo ON
                    hgo.holder_id = hol.holder_id
                    AND hgo.grade_id = gra.grade_id
            WHERE
                tom.taikai_id = 11
            ORDER BY
                holder_order,
                mgh.grade_id,
                tom.created
		', 0)
 2 SYSTEMPATH\Database\BaseConnection.php(734): CodeIgniter\Database\MySQLi\Connection->execute('
           	SELECT
		   		tom.created,
                mem.member_id,
                mem.name_f,
                mem.name_s,
                mem.kana_f,
                mem.kana_s,
                mgh.holder_id,
                mgh.grade_id,
                hol.holder_name,
                gra.grade_name,
                hgo.hg_order,
                CASE WHEN mgh.holder_id = 0 THEN 9 ELSE mgh.holder_id END AS holder_order,
            FROM t_taikai_offer_member tom
                INNER JOIN m_member mem ON
                    mem.member_id = tom.member_id
                INNER JOIN t_member_grade_holder mgh ON
                    mgh.member_id = mem.member_id
                INNER JOIN m_holder hol ON
                    hol.holder_id = mgh.holder_id
                INNER JOIN m_grade gra ON
                    gra.grade_id = mgh.grade_id
                INNER JOIN m_holder_grade_order hgo ON
                    hgo.holder_id = hol.holder_id
                    AND hgo.grade_id = gra.grade_id
            WHERE
                tom.taikai_id = 11
            ORDER BY
                holder_order,
                mgh.grade_id,
                tom.created
		')
 3 SYSTEMPATH\Database\BaseConnection.php(648): CodeIgniter\Database\BaseConnection->simpleQuery('
           	SELECT
		   		tom.created,
                mem.member_id,
                mem.name_f,
                mem.name_s,
                mem.kana_f,
                mem.kana_s,
                mgh.holder_id,
                mgh.grade_id,
                hol.holder_name,
                gra.grade_name,
                hgo.hg_order,
                CASE WHEN mgh.holder_id = 0 THEN 9 ELSE mgh.holder_id END AS holder_order,
            FROM t_taikai_offer_member tom
                INNER JOIN m_member mem ON
                    mem.member_id = tom.member_id
                INNER JOIN t_member_grade_holder mgh ON
                    mgh.member_id = mem.member_id
                INNER JOIN m_holder hol ON
                    hol.holder_id = mgh.holder_id
                INNER JOIN m_grade gra ON
                    gra.grade_id = mgh.grade_id
                INNER JOIN m_holder_grade_order hgo ON
                    hgo.holder_id = hol.holder_id
                    AND hgo.grade_id = gra.grade_id
            WHERE
                tom.taikai_id = 11
            ORDER BY
                holder_order,
                mgh.grade_id,
                tom.created
		')
 4 APPPATH\Models\BaseQueryModel.php(75): CodeIgniter\Database\BaseConnection->query('
           	SELECT
		   		tom.created,
                mem.member_id,
                mem.name_f,
                mem.name_s,
                mem.kana_f,
                mem.kana_s,
                mgh.holder_id,
                mgh.grade_id,
                hol.holder_name,
                gra.grade_name,
                hgo.hg_order,
                CASE WHEN mgh.holder_id = 0 THEN 9 ELSE mgh.holder_id END AS holder_order,
            FROM t_taikai_offer_member tom
                INNER JOIN m_member mem ON
                    mem.member_id = tom.member_id
                INNER JOIN t_member_grade_holder mgh ON
                    mgh.member_id = mem.member_id
                INNER JOIN m_holder hol ON
                    hol.holder_id = mgh.holder_id
                INNER JOIN m_grade gra ON
                    gra.grade_id = mgh.grade_id
                INNER JOIN m_holder_grade_order hgo ON
                    hgo.holder_id = hol.holder_id
                    AND hgo.grade_id = gra.grade_id
            WHERE
                tom.taikai_id = :taikaiId:
            ORDER BY
                holder_order,
                mgh.grade_id,
                tom.created
		', [...])
 5 APPPATH\Models\TaikaiModel.php(244): App\Models\BaseQueryModel->get_result_array('
           	SELECT
		   		tom.created,
                mem.member_id,
                mem.name_f,
                mem.name_s,
                mem.kana_f,
                mem.kana_s,
                mgh.holder_id,
                mgh.grade_id,
                hol.holder_name,
                gra.grade_name,
                hgo.hg_order,
                CASE WHEN mgh.holder_id = 0 THEN 9 ELSE mgh.holder_id END AS holder_order,
            FROM t_taikai_offer_member tom
                INNER JOIN m_member mem ON
                    mem.member_id = tom.member_id
                INNER JOIN t_member_grade_holder mgh ON
                    mgh.member_id = mem.member_id
                INNER JOIN m_holder hol ON
                    hol.holder_id = mgh.holder_id
                INNER JOIN m_grade gra ON
                    gra.grade_id = mgh.grade_id
                INNER JOIN m_holder_grade_order hgo ON
                    hgo.holder_id = hol.holder_id
                    AND hgo.grade_id = gra.grade_id
            WHERE
                tom.taikai_id = :taikaiId:
            ORDER BY
                holder_order,
                mgh.grade_id,
                tom.created
		', [...])
 6 APPPATH\Libraries\TaikaiLibrarie.php(155): App\Models\TaikaiModel->get_taikai_offer_member_list(11)
 7 APPPATH\Controllers\Taikai.php(83): App\Libraries\TaikaiLibrarie->get_taikai_offer_member_list(11)
 8 SYSTEMPATH\CodeIgniter.php(933): App\Controllers\Taikai->detail('11')
 9 SYSTEMPATH\CodeIgniter.php(509): CodeIgniter\CodeIgniter->runController(Object(App\Controllers\Taikai))
10 SYSTEMPATH\CodeIgniter.php(355): CodeIgniter\CodeIgniter->handleRequest(null, Object(Config\Cache), false)
11 SYSTEMPATH\Boot.php(325): CodeIgniter\CodeIgniter->run()
12 SYSTEMPATH\Boot.php(67): CodeIgniter\Boot::runCodeIgniter(Object(CodeIgniter\CodeIgniter))
13 FCPATH\index.php(56): CodeIgniter\Boot::bootWeb(Object(Config\Paths))
