CRITICAL - 2026-02-06 23:11:30 --> ErrorException: Undefined variable $maxDocumentId
[Method: POST, Route: admin/notice_regist_proc]
in APPPATH\Libraries\Admin\AdminNoticeLibrarie.php on line 266.
 1 APPPATH\Libraries\Admin\AdminNoticeLibrarie.php(266): CodeIgniter\Debug\Exceptions->errorHandler(2, 'Undefined variable $maxDocumentId', 'C:\\xampp_htdocs\\kasugaikyudo\\production\\app\\Libraries\\Admin\\AdminNoticeLibrarie.php', 266)
 2 APPPATH\Libraries\Admin\AdminNoticeLibrarie.php(202): App\Libraries\Admin\AdminNoticeLibrarie->get_next_document_id(1, 26)
 3 APPPATH\Controllers\Admin\AdminNotice.php(249): App\Libraries\Admin\AdminNoticeLibrarie->notice_files_proc(130, [...], [...])
 4 SYSTEMPATH\CodeIgniter.php(933): App\Controllers\Admin\AdminNotice->ajax_notice_regist_proc()
 5 SYSTEMPATH\CodeIgniter.php(509): CodeIgniter\CodeIgniter->runController(Object(App\Controllers\Admin\AdminNotice))
 6 SYSTEMPATH\CodeIgniter.php(355): CodeIgniter\CodeIgniter->handleRequest(null, Object(Config\Cache), false)
 7 SYSTEMPATH\Boot.php(325): CodeIgniter\CodeIgniter->run()
 8 SYSTEMPATH\Boot.php(67): CodeIgniter\Boot::runCodeIgniter(Object(CodeIgniter\CodeIgniter))
 9 FCPATH\index.php(56): CodeIgniter\Boot::bootWeb(Object(Config\Paths))
CRITICAL - 2026-02-06 23:29:43 --> TypeError: App\Libraries\MemberLibrarie::get_kyokai_officer_member_list(): Argument #1 ($kyokaiOfficerId) must be of type int, null given, called in C:\xampp_htdocs\kasugaikyudo\production\app\Libraries\TaikaiLibrarie.php on line 129
[Method: POST, Route: taikai/taikai_request]
in APPPATH\Libraries\MemberLibrarie.php on line 19.
 1 APPPATH\Libraries\TaikaiLibrarie.php(129): App\Libraries\MemberLibrarie->get_kyokai_officer_member_list(null)
 2 APPPATH\Controllers\Taikai.php(130): App\Libraries\TaikaiLibrarie->taikai_request_member(32, [...], 'join')
 3 SYSTEMPATH\CodeIgniter.php(933): App\Controllers\Taikai->ajax_taikai_request()
 4 SYSTEMPATH\CodeIgniter.php(509): CodeIgniter\CodeIgniter->runController(Object(App\Controllers\Taikai))
 5 SYSTEMPATH\CodeIgniter.php(355): CodeIgniter\CodeIgniter->handleRequest(null, Object(Config\Cache), false)
 6 SYSTEMPATH\Boot.php(325): CodeIgniter\CodeIgniter->run()
 7 SYSTEMPATH\Boot.php(67): CodeIgniter\Boot::runCodeIgniter(Object(CodeIgniter\CodeIgniter))
 8 FCPATH\index.php(56): CodeIgniter\Boot::bootWeb(Object(Config\Paths))
CRITICAL - 2026-02-06 23:31:51 --> TypeError: App\Libraries\MemberLibrarie::get_kyokai_officer_member_list(): Argument #1 ($kyokaiOfficerId) must be of type int, null given, called in C:\xampp_htdocs\kasugaikyudo\production\app\Libraries\TaikaiLibrarie.php on line 129
[Method: POST, Route: taikai/taikai_request]
in APPPATH\Libraries\MemberLibrarie.php on line 19.
 1 APPPATH\Libraries\TaikaiLibrarie.php(129): App\Libraries\MemberLibrarie->get_kyokai_officer_member_list(null)
 2 APPPATH\Controllers\Taikai.php(130): App\Libraries\TaikaiLibrarie->taikai_request_member(32, [...], 'join')
 3 SYSTEMPATH\CodeIgniter.php(933): App\Controllers\Taikai->ajax_taikai_request()
 4 SYSTEMPATH\CodeIgniter.php(509): CodeIgniter\CodeIgniter->runController(Object(App\Controllers\Taikai))
 5 SYSTEMPATH\CodeIgniter.php(355): CodeIgniter\CodeIgniter->handleRequest(null, Object(Config\Cache), false)
 6 SYSTEMPATH\Boot.php(325): CodeIgniter\CodeIgniter->run()
 7 SYSTEMPATH\Boot.php(67): CodeIgniter\Boot::runCodeIgniter(Object(CodeIgniter\CodeIgniter))
 8 FCPATH\index.php(56): CodeIgniter\Boot::bootWeb(Object(Config\Paths))
ERROR - 2026-02-06 23:35:52 --> Email: sendWithMail throwed ErrorException: mail(): Failed to connect to mailserver at &quot;localhost&quot; port 25, verify your &quot;SMTP&quot; and &quot;smtp_port&quot; setting in php.ini or use ini_set() in C:\xampp_htdocs\kasugaikyudo\production\system\Email\Email.php:1762
Stack trace:
#0 [internal function]: CodeIgniter\Debug\Exceptions->errorHandler(2, 'mail(): Failed ...', 'C:\\xampp_htdocs...', 1762)
#1 C:\xampp_htdocs\kasugaikyudo\production\system\Email\Email.php(1762): mail('cac40170@pop11....', '=?UTF-8?Q?=E3=8...', '\xE5\xA4\xA7\xE4\xBC\x9A\xE3\x81\xAE\xE5\x8F\x82\xE5\x8A\xA0...', 'Date: Fri, 6 Fe...', '-f k.kyudo.xamp...')
#2 C:\xampp_htdocs\kasugaikyudo\production\system\Email\Email.php(1694): CodeIgniter\Email\Email->sendWithMail()
#3 C:\xampp_htdocs\kasugaikyudo\production\system\Email\Email.php(1589): CodeIgniter\Email\Email->spoolEmail()
#4 C:\xampp_htdocs\kasugaikyudo\production\app\Libraries\CommonLibrarie.php(97): CodeIgniter\Email\Email->send()
#5 C:\xampp_htdocs\kasugaikyudo\production\app\Libraries\TaikaiLibrarie.php(149): App\Libraries\CommonLibrarie->send_mail_proc(Array, Array, Array, '\xE3\x80\x90\xE5\xA4\xA7\xE4\xBC\x9A \xEF\xBC\x9A \xE7...', '\xE5\xA4\xA7\xE4\xBC\x9A\xE3\x81\xAE\xE5\x8F\x82\xE5\x8A\xA0...')
#6 C:\xampp_htdocs\kasugaikyudo\production\app\Controllers\Taikai.php(130): App\Libraries\TaikaiLibrarie->taikai_request_member(32, Array, 'join')
#7 C:\xampp_htdocs\kasugaikyudo\production\system\CodeIgniter.php(933): App\Controllers\Taikai->ajax_taikai_request()
#8 C:\xampp_htdocs\kasugaikyudo\production\system\CodeIgniter.php(509): CodeIgniter\CodeIgniter->runController(Object(App\Controllers\Taikai))
#9 C:\xampp_htdocs\kasugaikyudo\production\system\CodeIgniter.php(355): CodeIgniter\CodeIgniter->handleRequest(NULL, Object(Config\Cache), false)
#10 C:\xampp_htdocs\kasugaikyudo\production\system\Boot.php(325): CodeIgniter\CodeIgniter->run()
#11 C:\xampp_htdocs\kasugaikyudo\production\system\Boot.php(67): CodeIgniter\Boot::runCodeIgniter(Object(CodeIgniter\CodeIgniter))
#12 C:\xampp_htdocs\kasugaikyudo\production\index.php(56): CodeIgniter\Boot::bootWeb(Object(Config\Paths))
#13 {main}
ERROR - 2026-02-06 23:35:52 --> Email: Unable to send email using PHP mail(). Your server might not be configured to send mail using this method.
ERROR - 2026-02-06 23:35:52 --> 
