CRITICAL - 2026-02-23 00:01:36 --> ErrorException: Undefined variable $fiscalYearId
[Method: GET, Route: /]
in APPPATH\Views\common\menu.php on line 22.
 1 APPPATH\Views\common\menu.php(22): CodeIgniter\Debug\Exceptions->errorHandler(2, 'Undefined variable $fiscalYearId', 'C:\\xampp_htdocs\\kasugaikyudo\\production\\app\\Views\\common\\menu.php', 22)
 2 SYSTEMPATH\View\View.php(234): include('C:\\xampp_htdocs\\kasugaikyudo\\production\\app\\Views\\common\\menu.php')
 3 SYSTEMPATH\View\View.php(237): CodeIgniter\View\View->CodeIgniter\View\{closure}()
 4 SYSTEMPATH\Common.php(1171): CodeIgniter\View\View->render('common/menu', [], true)
 5 APPPATH\Controllers\Home.php(37): view('common/menu')
 6 SYSTEMPATH\CodeIgniter.php(933): App\Controllers\Home->index()
 7 SYSTEMPATH\CodeIgniter.php(509): CodeIgniter\CodeIgniter->runController(Object(App\Controllers\Home))
 8 SYSTEMPATH\CodeIgniter.php(355): CodeIgniter\CodeIgniter->handleRequest(null, Object(Config\Cache), false)
 9 SYSTEMPATH\Boot.php(325): CodeIgniter\CodeIgniter->run()
10 SYSTEMPATH\Boot.php(67): CodeIgniter\Boot::runCodeIgniter(Object(CodeIgniter\CodeIgniter))
11 FCPATH\index.php(56): CodeIgniter\Boot::bootWeb(Object(Config\Paths))
CRITICAL - 2026-02-23 00:03:19 --> ErrorException: Undefined variable $fiscalYearId
[Method: GET, Route: member]
in APPPATH\Views\common\menu.php on line 22.
 1 APPPATH\Views\common\menu.php(22): CodeIgniter\Debug\Exceptions->errorHandler(2, 'Undefined variable $fiscalYearId', 'C:\\xampp_htdocs\\kasugaikyudo\\production\\app\\Views\\common\\menu.php', 22)
 2 SYSTEMPATH\View\View.php(234): include('C:\\xampp_htdocs\\kasugaikyudo\\production\\app\\Views\\common\\menu.php')
 3 SYSTEMPATH\View\View.php(237): CodeIgniter\View\View->CodeIgniter\View\{closure}()
 4 SYSTEMPATH\Common.php(1171): CodeIgniter\View\View->render('common/menu', [], true)
 5 APPPATH\Controllers\Member.php(40): view('common/menu')
 6 SYSTEMPATH\CodeIgniter.php(933): App\Controllers\Member->index()
 7 SYSTEMPATH\CodeIgniter.php(509): CodeIgniter\CodeIgniter->runController(Object(App\Controllers\Member))
 8 SYSTEMPATH\CodeIgniter.php(355): CodeIgniter\CodeIgniter->handleRequest(null, Object(Config\Cache), false)
 9 SYSTEMPATH\Boot.php(325): CodeIgniter\CodeIgniter->run()
10 SYSTEMPATH\Boot.php(67): CodeIgniter\Boot::runCodeIgniter(Object(CodeIgniter\CodeIgniter))
11 FCPATH\index.php(56): CodeIgniter\Boot::bootWeb(Object(Config\Paths))
CRITICAL - 2026-02-23 00:03:48 --> ErrorException: Undefined variable $fiscalYearId
[Method: GET, Route: admin/member_list_file_regist]
in APPPATH\Views\common\menu.php on line 22.
 1 APPPATH\Views\common\menu.php(22): CodeIgniter\Debug\Exceptions->errorHandler(2, 'Undefined variable $fiscalYearId', 'C:\\xampp_htdocs\\kasugaikyudo\\production\\app\\Views\\common\\menu.php', 22)
 2 SYSTEMPATH\View\View.php(234): include('C:\\xampp_htdocs\\kasugaikyudo\\production\\app\\Views\\common\\menu.php')
 3 SYSTEMPATH\View\View.php(237): CodeIgniter\View\View->CodeIgniter\View\{closure}()
 4 SYSTEMPATH\Common.php(1171): CodeIgniter\View\View->render('common/menu', [], true)
 5 APPPATH\Controllers\Admin\AdminMember.php(54): view('common/menu')
 6 SYSTEMPATH\CodeIgniter.php(933): App\Controllers\Admin\AdminMember->member_list_file_regist()
 7 SYSTEMPATH\CodeIgniter.php(509): CodeIgniter\CodeIgniter->runController(Object(App\Controllers\Admin\AdminMember))
 8 SYSTEMPATH\CodeIgniter.php(355): CodeIgniter\CodeIgniter->handleRequest(null, Object(Config\Cache), false)
 9 SYSTEMPATH\Boot.php(325): CodeIgniter\CodeIgniter->run()
10 SYSTEMPATH\Boot.php(67): CodeIgniter\Boot::runCodeIgniter(Object(CodeIgniter\CodeIgniter))
11 FCPATH\index.php(56): CodeIgniter\Boot::bootWeb(Object(Config\Paths))
CRITICAL - 2026-02-23 00:05:32 --> ErrorException: Undefined variable $fiscalYearId
[Method: GET, Route: admin/notice_regist]
in APPPATH\Views\common\menu.php on line 22.
 1 APPPATH\Views\common\menu.php(22): CodeIgniter\Debug\Exceptions->errorHandler(2, 'Undefined variable $fiscalYearId', 'C:\\xampp_htdocs\\kasugaikyudo\\production\\app\\Views\\common\\menu.php', 22)
 2 SYSTEMPATH\View\View.php(234): include('C:\\xampp_htdocs\\kasugaikyudo\\production\\app\\Views\\common\\menu.php')
 3 SYSTEMPATH\View\View.php(237): CodeIgniter\View\View->CodeIgniter\View\{closure}()
 4 SYSTEMPATH\Common.php(1171): CodeIgniter\View\View->render('common/menu', [], true)
 5 APPPATH\Controllers\Admin\AdminNotice.php(63): view('common/menu')
 6 SYSTEMPATH\CodeIgniter.php(933): App\Controllers\Admin\AdminNotice->notice_regist()
 7 SYSTEMPATH\CodeIgniter.php(509): CodeIgniter\CodeIgniter->runController(Object(App\Controllers\Admin\AdminNotice))
 8 SYSTEMPATH\CodeIgniter.php(355): CodeIgniter\CodeIgniter->handleRequest(null, Object(Config\Cache), false)
 9 SYSTEMPATH\Boot.php(325): CodeIgniter\CodeIgniter->run()
10 SYSTEMPATH\Boot.php(67): CodeIgniter\Boot::runCodeIgniter(Object(CodeIgniter\CodeIgniter))
11 FCPATH\index.php(56): CodeIgniter\Boot::bootWeb(Object(Config\Paths))
ERROR - 2026-02-23 00:06:26 --> Email: sendWithMail throwed ErrorException: mail(): Failed to connect to mailserver at &quot;localhost&quot; port 25, verify your &quot;SMTP&quot; and &quot;smtp_port&quot; setting in php.ini or use ini_set() in C:\xampp_htdocs\kasugaikyudo\production\system\Email\Email.php:1762
Stack trace:
#0 [internal function]: CodeIgniter\Debug\Exceptions->errorHandler(2, 'mail(): Failed ...', 'C:\\xampp_htdocs...', 1762)
#1 C:\xampp_htdocs\kasugaikyudo\production\system\Email\Email.php(1762): mail('k.kyudo.xampp@g...', '=?UTF-8?Q?TEST=...', '\xEF\xBD\x93\xEF\xBD\x93\xEF\xBD\x93\r\n\r\n\xE8\xA9...', 'Date: Mon, 23 F...', '-f k.kyudo.xamp...')
#2 C:\xampp_htdocs\kasugaikyudo\production\system\Email\Email.php(1694): CodeIgniter\Email\Email->sendWithMail()
#3 C:\xampp_htdocs\kasugaikyudo\production\system\Email\Email.php(1589): CodeIgniter\Email\Email->spoolEmail()
#4 C:\xampp_htdocs\kasugaikyudo\production\app\Libraries\Admin\AdminLibrarie.php(96): CodeIgniter\Email\Email->send()
#5 C:\xampp_htdocs\kasugaikyudo\production\app\Libraries\Admin\AdminNoticeLibrarie.php(367): App\Libraries\Admin\AdminLibrarie->send_mail_proc(Array, 'TEST \xE3\x80\x90\xE3\x81\x8A\xE7\x9F\xA5\xE3...', '\xEF\xBD\x93\xEF\xBD\x93\xEF\xBD\x93\n\n\xE8\xA9\xB3\xE7...')
#6 C:\xampp_htdocs\kasugaikyudo\production\app\Controllers\Admin\AdminNotice.php(260): App\Libraries\Admin\AdminNoticeLibrarie->notice_mail_proc(Array, Array, 25)
#7 C:\xampp_htdocs\kasugaikyudo\production\system\CodeIgniter.php(933): App\Controllers\Admin\AdminNotice->ajax_notice_regist_proc()
#8 C:\xampp_htdocs\kasugaikyudo\production\system\CodeIgniter.php(509): CodeIgniter\CodeIgniter->runController(Object(App\Controllers\Admin\AdminNotice))
#9 C:\xampp_htdocs\kasugaikyudo\production\system\CodeIgniter.php(355): CodeIgniter\CodeIgniter->handleRequest(NULL, Object(Config\Cache), false)
#10 C:\xampp_htdocs\kasugaikyudo\production\system\Boot.php(325): CodeIgniter\CodeIgniter->run()
#11 C:\xampp_htdocs\kasugaikyudo\production\system\Boot.php(67): CodeIgniter\Boot::runCodeIgniter(Object(CodeIgniter\CodeIgniter))
#12 C:\xampp_htdocs\kasugaikyudo\production\index.php(56): CodeIgniter\Boot::bootWeb(Object(Config\Paths))
#13 {main}
ERROR - 2026-02-23 00:06:26 --> Email: Unable to send email using PHP mail(). Your server might not be configured to send mail using this method.
ERROR - 2026-02-23 00:06:26 --> 
ERROR - 2026-02-23 00:07:07 --> Email: sendWithMail throwed ErrorException: mail(): Failed to connect to mailserver at &quot;localhost&quot; port 25, verify your &quot;SMTP&quot; and &quot;smtp_port&quot; setting in php.ini or use ini_set() in C:\xampp_htdocs\kasugaikyudo\production\system\Email\Email.php:1762
Stack trace:
#0 [internal function]: CodeIgniter\Debug\Exceptions->errorHandler(2, 'mail(): Failed ...', 'C:\\xampp_htdocs...', 1762)
#1 C:\xampp_htdocs\kasugaikyudo\production\system\Email\Email.php(1762): mail('m.duke.sugino.5...', '=?UTF-8?Q?=E3=8...', '\xE5\xA4\xA7\xE4\xBC\x9A\xE3\x81\xAE\xE5\x8F\x82\xE5\x8A\xA0...', 'Date: Mon, 23 F...', '-f k.kyudo.xamp...')
#2 C:\xampp_htdocs\kasugaikyudo\production\system\Email\Email.php(1694): CodeIgniter\Email\Email->sendWithMail()
#3 C:\xampp_htdocs\kasugaikyudo\production\system\Email\Email.php(1589): CodeIgniter\Email\Email->spoolEmail()
#4 C:\xampp_htdocs\kasugaikyudo\production\app\Libraries\CommonLibrarie.php(97): CodeIgniter\Email\Email->send()
#5 C:\xampp_htdocs\kasugaikyudo\production\app\Libraries\TaikaiLibrarie.php(167): App\Libraries\CommonLibrarie->send_mail_proc(Array, Array, Array, '\xE3\x80\x90\xE5\xA4\xA7\xE4\xBC\x9A \xEF\xBC\x9A \xE7...', '\xE5\xA4\xA7\xE4\xBC\x9A\xE3\x81\xAE\xE5\x8F\x82\xE5\x8A\xA0...')
#6 C:\xampp_htdocs\kasugaikyudo\production\app\Controllers\Taikai.php(144): App\Libraries\TaikaiLibrarie->taikai_request_member(35, Array, 'join')
#7 C:\xampp_htdocs\kasugaikyudo\production\system\CodeIgniter.php(933): App\Controllers\Taikai->ajax_taikai_request()
#8 C:\xampp_htdocs\kasugaikyudo\production\system\CodeIgniter.php(509): CodeIgniter\CodeIgniter->runController(Object(App\Controllers\Taikai))
#9 C:\xampp_htdocs\kasugaikyudo\production\system\CodeIgniter.php(355): CodeIgniter\CodeIgniter->handleRequest(NULL, Object(Config\Cache), false)
#10 C:\xampp_htdocs\kasugaikyudo\production\system\Boot.php(325): CodeIgniter\CodeIgniter->run()
#11 C:\xampp_htdocs\kasugaikyudo\production\system\Boot.php(67): CodeIgniter\Boot::runCodeIgniter(Object(CodeIgniter\CodeIgniter))
#12 C:\xampp_htdocs\kasugaikyudo\production\index.php(56): CodeIgniter\Boot::bootWeb(Object(Config\Paths))
#13 {main}
ERROR - 2026-02-23 00:07:07 --> Email: Unable to send email using PHP mail(). Your server might not be configured to send mail using this method.
ERROR - 2026-02-23 00:07:07 --> 
ERROR - 2026-02-23 00:07:15 --> Email: sendWithMail throwed ErrorException: mail(): Failed to connect to mailserver at &quot;localhost&quot; port 25, verify your &quot;SMTP&quot; and &quot;smtp_port&quot; setting in php.ini or use ini_set() in C:\xampp_htdocs\kasugaikyudo\production\system\Email\Email.php:1762
Stack trace:
#0 [internal function]: CodeIgniter\Debug\Exceptions->errorHandler(2, 'mail(): Failed ...', 'C:\\xampp_htdocs...', 1762)
#1 C:\xampp_htdocs\kasugaikyudo\production\system\Email\Email.php(1762): mail('m.duke.sugino.5...', '=?UTF-8?Q?=E3=8...', '\xE5\xA4\xA7\xE4\xBC\x9A\xE3\x81\xAE\xE5\x8F\x82\xE5\x8A\xA0...', 'Date: Mon, 23 F...', '-f k.kyudo.xamp...')
#2 C:\xampp_htdocs\kasugaikyudo\production\system\Email\Email.php(1694): CodeIgniter\Email\Email->sendWithMail()
#3 C:\xampp_htdocs\kasugaikyudo\production\system\Email\Email.php(1589): CodeIgniter\Email\Email->spoolEmail()
#4 C:\xampp_htdocs\kasugaikyudo\production\app\Libraries\CommonLibrarie.php(97): CodeIgniter\Email\Email->send()
#5 C:\xampp_htdocs\kasugaikyudo\production\app\Libraries\TaikaiLibrarie.php(167): App\Libraries\CommonLibrarie->send_mail_proc(Array, Array, Array, '\xE3\x80\x90\xE5\xA4\xA7\xE4\xBC\x9A \xEF\xBC\x9A \xE3...', '\xE5\xA4\xA7\xE4\xBC\x9A\xE3\x81\xAE\xE5\x8F\x82\xE5\x8A\xA0...')
#6 C:\xampp_htdocs\kasugaikyudo\production\app\Controllers\Taikai.php(144): App\Libraries\TaikaiLibrarie->taikai_request_member(35, Array, 'cancel')
#7 C:\xampp_htdocs\kasugaikyudo\production\system\CodeIgniter.php(933): App\Controllers\Taikai->ajax_taikai_request()
#8 C:\xampp_htdocs\kasugaikyudo\production\system\CodeIgniter.php(509): CodeIgniter\CodeIgniter->runController(Object(App\Controllers\Taikai))
#9 C:\xampp_htdocs\kasugaikyudo\production\system\CodeIgniter.php(355): CodeIgniter\CodeIgniter->handleRequest(NULL, Object(Config\Cache), false)
#10 C:\xampp_htdocs\kasugaikyudo\production\system\Boot.php(325): CodeIgniter\CodeIgniter->run()
#11 C:\xampp_htdocs\kasugaikyudo\production\system\Boot.php(67): CodeIgniter\Boot::runCodeIgniter(Object(CodeIgniter\CodeIgniter))
#12 C:\xampp_htdocs\kasugaikyudo\production\index.php(56): CodeIgniter\Boot::bootWeb(Object(Config\Paths))
#13 {main}
ERROR - 2026-02-23 00:07:15 --> Email: Unable to send email using PHP mail(). Your server might not be configured to send mail using this method.
ERROR - 2026-02-23 00:07:15 --> 
CRITICAL - 2026-02-23 22:27:31 --> ErrorException: Undefined variable $fiscalYearId
[Method: POST, Route: admin/taikai_revision]
in APPPATH\Views\common\menu.php on line 22.
 1 APPPATH\Views\common\menu.php(22): CodeIgniter\Debug\Exceptions->errorHandler(2, 'Undefined variable $fiscalYearId', 'C:\\xampp_htdocs\\kasugaikyudo\\production\\app\\Views\\common\\menu.php', 22)
 2 SYSTEMPATH\View\View.php(234): include('C:\\xampp_htdocs\\kasugaikyudo\\production\\app\\Views\\common\\menu.php')
 3 SYSTEMPATH\View\View.php(237): CodeIgniter\View\View->CodeIgniter\View\{closure}()
 4 SYSTEMPATH\Common.php(1171): CodeIgniter\View\View->render('common/menu', [], true)
 5 APPPATH\Controllers\Admin\AdminTaikai.php(81): view('common/menu')
 6 SYSTEMPATH\CodeIgniter.php(933): App\Controllers\Admin\AdminTaikai->taikai_revision()
 7 SYSTEMPATH\CodeIgniter.php(509): CodeIgniter\CodeIgniter->runController(Object(App\Controllers\Admin\AdminTaikai))
 8 SYSTEMPATH\CodeIgniter.php(355): CodeIgniter\CodeIgniter->handleRequest(null, Object(Config\Cache), false)
 9 SYSTEMPATH\Boot.php(325): CodeIgniter\CodeIgniter->run()
10 SYSTEMPATH\Boot.php(67): CodeIgniter\Boot::runCodeIgniter(Object(CodeIgniter\CodeIgniter))
11 FCPATH\index.php(56): CodeIgniter\Boot::bootWeb(Object(Config\Paths))
CRITICAL - 2026-02-23 22:39:05 --> ErrorException: Undefined variable $checked0
[Method: POST, Route: admin/taikai_revision]
in APPPATH\Helpers\Admin\taikai_helper.php on line 231.
 1 APPPATH\Helpers\Admin\taikai_helper.php(231): CodeIgniter\Debug\Exceptions->errorHandler(2, 'Undefined variable $checked0', 'C:\\xampp_htdocs\\kasugaikyudo\\production\\app\\Helpers\\Admin\\taikai_helper.php', 231)
 2 APPPATH\Views\admin\taikai\taikai_regist.php(7): form_taikai_detail([...], [...], [...], 10)
 3 SYSTEMPATH\View\View.php(234): include('C:\\xampp_htdocs\\kasugaikyudo\\production\\app\\Views\\admin\\taikai\\taikai_regist.php')
 4 SYSTEMPATH\View\View.php(237): CodeIgniter\View\View->CodeIgniter\View\{closure}()
 5 SYSTEMPATH\Common.php(1171): CodeIgniter\View\View->render('admin/taikai/taikai_regist', [], true)
 6 APPPATH\Controllers\Admin\AdminTaikai.php(83): view('admin/taikai/taikai_regist')
 7 SYSTEMPATH\CodeIgniter.php(933): App\Controllers\Admin\AdminTaikai->taikai_revision()
 8 SYSTEMPATH\CodeIgniter.php(509): CodeIgniter\CodeIgniter->runController(Object(App\Controllers\Admin\AdminTaikai))
 9 SYSTEMPATH\CodeIgniter.php(355): CodeIgniter\CodeIgniter->handleRequest(null, Object(Config\Cache), false)
10 SYSTEMPATH\Boot.php(325): CodeIgniter\CodeIgniter->run()
11 SYSTEMPATH\Boot.php(67): CodeIgniter\Boot::runCodeIgniter(Object(CodeIgniter\CodeIgniter))
12 FCPATH\index.php(56): CodeIgniter\Boot::bootWeb(Object(Config\Paths))
