CRITICAL - 2026-01-20 23:02:09 --> TypeError: App\Validation\MyRules::valid_time(): Argument #1 ($value) must be of type string, null given, called in C:\xampp_htdocs\kasugaikyudo\production\system\Validation\Validation.php on line 339
[Method: POST, Route: admin/taikai_regist_conf]
in APPPATH\Validation\MyRules.php on line 70.
 1 SYSTEMPATH\Validation\Validation.php(339): App\Validation\MyRules->valid_time(null, 'H:i', [...], null, 'taikai_uketuke_st')
 2 SYSTEMPATH\Validation\Validation.php(204): CodeIgniter\Validation\Validation->processRules('taikai_uketuke_st', '大会時間(自)', null, [...], [...], 'taikai_uketuke_st')
 3 SYSTEMPATH\Controller.php(137): CodeIgniter\Validation\Validation->run()
 4 APPPATH\Controllers\Admin\AdminTaikai.php(135): CodeIgniter\Controller->validate([...])
 5 SYSTEMPATH\CodeIgniter.php(933): App\Controllers\Admin\AdminTaikai->ajax_taikai_regist_conf()
 6 SYSTEMPATH\CodeIgniter.php(509): CodeIgniter\CodeIgniter->runController(Object(App\Controllers\Admin\AdminTaikai))
 7 SYSTEMPATH\CodeIgniter.php(355): CodeIgniter\CodeIgniter->handleRequest(null, Object(Config\Cache), false)
 8 SYSTEMPATH\Boot.php(325): CodeIgniter\CodeIgniter->run()
 9 SYSTEMPATH\Boot.php(67): CodeIgniter\Boot::runCodeIgniter(Object(CodeIgniter\CodeIgniter))
10 FCPATH\index.php(56): CodeIgniter\Boot::bootWeb(Object(Config\Paths))
CRITICAL - 2026-01-20 23:03:09 --> TypeError: App\Validation\MyRules::valid_time(): Argument #1 ($value) must be of type string, null given, called in C:\xampp_htdocs\kasugaikyudo\production\system\Validation\Validation.php on line 339
[Method: POST, Route: admin/taikai_regist_conf]
in APPPATH\Validation\MyRules.php on line 70.
 1 SYSTEMPATH\Validation\Validation.php(339): App\Validation\MyRules->valid_time(null, 'H:i', [...], null, 'taikai_uketuke_st')
 2 SYSTEMPATH\Validation\Validation.php(204): CodeIgniter\Validation\Validation->processRules('taikai_uketuke_st', '大会時間(自)', null, [...], [...], 'taikai_uketuke_st')
 3 SYSTEMPATH\Controller.php(137): CodeIgniter\Validation\Validation->run()
 4 APPPATH\Controllers\Admin\AdminTaikai.php(135): CodeIgniter\Controller->validate([...])
 5 SYSTEMPATH\CodeIgniter.php(933): App\Controllers\Admin\AdminTaikai->ajax_taikai_regist_conf()
 6 SYSTEMPATH\CodeIgniter.php(509): CodeIgniter\CodeIgniter->runController(Object(App\Controllers\Admin\AdminTaikai))
 7 SYSTEMPATH\CodeIgniter.php(355): CodeIgniter\CodeIgniter->handleRequest(null, Object(Config\Cache), false)
 8 SYSTEMPATH\Boot.php(325): CodeIgniter\CodeIgniter->run()
 9 SYSTEMPATH\Boot.php(67): CodeIgniter\Boot::runCodeIgniter(Object(CodeIgniter\CodeIgniter))
10 FCPATH\index.php(56): CodeIgniter\Boot::bootWeb(Object(Config\Paths))
CRITICAL - 2026-01-20 23:03:29 --> TypeError: App\Validation\MyRules::valid_time(): Argument #1 ($value) must be of type string, null given, called in C:\xampp_htdocs\kasugaikyudo\production\system\Validation\Validation.php on line 339
[Method: POST, Route: admin/taikai_regist_conf]
in APPPATH\Validation\MyRules.php on line 70.
 1 SYSTEMPATH\Validation\Validation.php(339): App\Validation\MyRules->valid_time(null, 'H:i', [...], null, 'taikai_uketuke_st')
 2 SYSTEMPATH\Validation\Validation.php(204): CodeIgniter\Validation\Validation->processRules('taikai_uketuke_st', '大会時間(自)', null, [...], [...], 'taikai_uketuke_st')
 3 SYSTEMPATH\Controller.php(137): CodeIgniter\Validation\Validation->run()
 4 APPPATH\Controllers\Admin\AdminTaikai.php(135): CodeIgniter\Controller->validate([...])
 5 SYSTEMPATH\CodeIgniter.php(933): App\Controllers\Admin\AdminTaikai->ajax_taikai_regist_conf()
 6 SYSTEMPATH\CodeIgniter.php(509): CodeIgniter\CodeIgniter->runController(Object(App\Controllers\Admin\AdminTaikai))
 7 SYSTEMPATH\CodeIgniter.php(355): CodeIgniter\CodeIgniter->handleRequest(null, Object(Config\Cache), false)
 8 SYSTEMPATH\Boot.php(325): CodeIgniter\CodeIgniter->run()
 9 SYSTEMPATH\Boot.php(67): CodeIgniter\Boot::runCodeIgniter(Object(CodeIgniter\CodeIgniter))
10 FCPATH\index.php(56): CodeIgniter\Boot::bootWeb(Object(Config\Paths))
CRITICAL - 2026-01-20 23:04:55 --> TypeError: App\Validation\MyRules::valid_time(): Argument #1 ($value) must be of type string, null given, called in C:\xampp_htdocs\kasugaikyudo\production\system\Validation\Validation.php on line 339
[Method: POST, Route: admin/taikai_regist_conf]
in APPPATH\Validation\MyRules.php on line 70.
 1 SYSTEMPATH\Validation\Validation.php(339): App\Validation\MyRules->valid_time(null, 'H:i', [...], null, 'taikai_uketuke_st')
 2 SYSTEMPATH\Validation\Validation.php(204): CodeIgniter\Validation\Validation->processRules('taikai_uketuke_st', '大会時間(自)', null, [...], [...], 'taikai_uketuke_st')
 3 SYSTEMPATH\Controller.php(137): CodeIgniter\Validation\Validation->run()
 4 APPPATH\Controllers\Admin\AdminTaikai.php(135): CodeIgniter\Controller->validate([...])
 5 SYSTEMPATH\CodeIgniter.php(933): App\Controllers\Admin\AdminTaikai->ajax_taikai_regist_conf()
 6 SYSTEMPATH\CodeIgniter.php(509): CodeIgniter\CodeIgniter->runController(Object(App\Controllers\Admin\AdminTaikai))
 7 SYSTEMPATH\CodeIgniter.php(355): CodeIgniter\CodeIgniter->handleRequest(null, Object(Config\Cache), false)
 8 SYSTEMPATH\Boot.php(325): CodeIgniter\CodeIgniter->run()
 9 SYSTEMPATH\Boot.php(67): CodeIgniter\Boot::runCodeIgniter(Object(CodeIgniter\CodeIgniter))
10 FCPATH\index.php(56): CodeIgniter\Boot::bootWeb(Object(Config\Paths))
CRITICAL - 2026-01-20 23:05:14 --> TypeError: App\Validation\MyRules::valid_time(): Argument #1 ($value) must be of type string, null given, called in C:\xampp_htdocs\kasugaikyudo\production\system\Validation\Validation.php on line 339
[Method: POST, Route: admin/taikai_regist_conf]
in APPPATH\Validation\MyRules.php on line 70.
 1 SYSTEMPATH\Validation\Validation.php(339): App\Validation\MyRules->valid_time(null, 'H:i', [...], null, 'taikai_uketuke_st')
 2 SYSTEMPATH\Validation\Validation.php(204): CodeIgniter\Validation\Validation->processRules('taikai_uketuke_st', '大会時間(自)', null, [...], [...], 'taikai_uketuke_st')
 3 SYSTEMPATH\Controller.php(137): CodeIgniter\Validation\Validation->run()
 4 APPPATH\Controllers\Admin\AdminTaikai.php(135): CodeIgniter\Controller->validate([...])
 5 SYSTEMPATH\CodeIgniter.php(933): App\Controllers\Admin\AdminTaikai->ajax_taikai_regist_conf()
 6 SYSTEMPATH\CodeIgniter.php(509): CodeIgniter\CodeIgniter->runController(Object(App\Controllers\Admin\AdminTaikai))
 7 SYSTEMPATH\CodeIgniter.php(355): CodeIgniter\CodeIgniter->handleRequest(null, Object(Config\Cache), false)
 8 SYSTEMPATH\Boot.php(325): CodeIgniter\CodeIgniter->run()
 9 SYSTEMPATH\Boot.php(67): CodeIgniter\Boot::runCodeIgniter(Object(CodeIgniter\CodeIgniter))
10 FCPATH\index.php(56): CodeIgniter\Boot::bootWeb(Object(Config\Paths))
CRITICAL - 2026-01-20 23:05:31 --> TypeError: App\Validation\MyRules::valid_time(): Argument #1 ($value) must be of type string, null given, called in C:\xampp_htdocs\kasugaikyudo\production\system\Validation\Validation.php on line 339
[Method: POST, Route: admin/taikai_regist_conf]
in APPPATH\Validation\MyRules.php on line 70.
 1 SYSTEMPATH\Validation\Validation.php(339): App\Validation\MyRules->valid_time(null, 'H:i', [...], null, 'taikai_uketuke_st')
 2 SYSTEMPATH\Validation\Validation.php(204): CodeIgniter\Validation\Validation->processRules('taikai_uketuke_st', '大会時間(自)', null, [...], [...], 'taikai_uketuke_st')
 3 SYSTEMPATH\Controller.php(137): CodeIgniter\Validation\Validation->run()
 4 APPPATH\Controllers\Admin\AdminTaikai.php(135): CodeIgniter\Controller->validate([...])
 5 SYSTEMPATH\CodeIgniter.php(933): App\Controllers\Admin\AdminTaikai->ajax_taikai_regist_conf()
 6 SYSTEMPATH\CodeIgniter.php(509): CodeIgniter\CodeIgniter->runController(Object(App\Controllers\Admin\AdminTaikai))
 7 SYSTEMPATH\CodeIgniter.php(355): CodeIgniter\CodeIgniter->handleRequest(null, Object(Config\Cache), false)
 8 SYSTEMPATH\Boot.php(325): CodeIgniter\CodeIgniter->run()
 9 SYSTEMPATH\Boot.php(67): CodeIgniter\Boot::runCodeIgniter(Object(CodeIgniter\CodeIgniter))
10 FCPATH\index.php(56): CodeIgniter\Boot::bootWeb(Object(Config\Paths))
