CRITICAL - 2025-10-17 23:06:17 --> ErrorException: Undefined variable $mailAddress
[Method: POST, Route: admin/member_revision]
in APPPATH\Views\admin\member\member_regist.php on line 129.
 1 APPPATH\Views\admin\member\member_regist.php(129): CodeIgniter\Debug\Exceptions->errorHandler(2, 'Undefined variable $mailAddress', 'C:\\xampp_htdocs\\kasugaikyudo\\production\\app\\Views\\admin\\member\\member_regist.php', 129)
 2 SYSTEMPATH\View\View.php(234): include('C:\\xampp_htdocs\\kasugaikyudo\\production\\app\\Views\\admin\\member\\member_regist.php')
 3 SYSTEMPATH\View\View.php(237): CodeIgniter\View\View->CodeIgniter\View\{closure}()
 4 SYSTEMPATH\Common.php(1171): CodeIgniter\View\View->render('admin/member/member_regist', [], true)
 5 APPPATH\Controllers\Admin.php(446): view('admin/member/member_regist')
 6 SYSTEMPATH\CodeIgniter.php(933): App\Controllers\Admin->member_revision()
 7 SYSTEMPATH\CodeIgniter.php(509): CodeIgniter\CodeIgniter->runController(Object(App\Controllers\Admin))
 8 SYSTEMPATH\CodeIgniter.php(355): CodeIgniter\CodeIgniter->handleRequest(null, Object(Config\Cache), false)
 9 SYSTEMPATH\Boot.php(325): CodeIgniter\CodeIgniter->run()
10 SYSTEMPATH\Boot.php(67): CodeIgniter\Boot::runCodeIgniter(Object(CodeIgniter\CodeIgniter))
11 FCPATH\index.php(56): CodeIgniter\Boot::bootWeb(Object(Config\Paths))
CRITICAL - 2025-10-17 23:43:20 --> ErrorException: Undefined array key "renmei_adjourning_flg"
[Method: POST, Route: admin/member_regist_proc]
in APPPATH\Models\MemberModel.php on line 267.
 1 APPPATH\Models\MemberModel.php(267): CodeIgniter\Debug\Exceptions->errorHandler(2, 'Undefined array key "renmei_adjourning_flg"', 'C:\\xampp_htdocs\\kasugaikyudo\\production\\app\\Models\\MemberModel.php', 267)
 2 APPPATH\Libraries\AdminLibrarie.php(117): App\Models\MemberModel->insert_member_data([...], 0)
 3 APPPATH\Controllers\Admin.php(910): App\Libraries\AdminLibrarie->member_regist_proc([...], 25, 0)
 4 SYSTEMPATH\CodeIgniter.php(933): App\Controllers\Admin->ajax_member_regist_proc()
 5 SYSTEMPATH\CodeIgniter.php(509): CodeIgniter\CodeIgniter->runController(Object(App\Controllers\Admin))
 6 SYSTEMPATH\CodeIgniter.php(355): CodeIgniter\CodeIgniter->handleRequest(null, Object(Config\Cache), false)
 7 SYSTEMPATH\Boot.php(325): CodeIgniter\CodeIgniter->run()
 8 SYSTEMPATH\Boot.php(67): CodeIgniter\Boot::runCodeIgniter(Object(CodeIgniter\CodeIgniter))
 9 FCPATH\index.php(56): CodeIgniter\Boot::bootWeb(Object(Config\Paths))
CRITICAL - 2025-10-17 23:43:58 --> ErrorException: Undefined array key "renmei_adjourning_flg"
[Method: POST, Route: admin/member_regist_proc]
in APPPATH\Models\MemberModel.php on line 266.
 1 APPPATH\Models\MemberModel.php(266): CodeIgniter\Debug\Exceptions->errorHandler(2, 'Undefined array key "renmei_adjourning_flg"', 'C:\\xampp_htdocs\\kasugaikyudo\\production\\app\\Models\\MemberModel.php', 266)
 2 APPPATH\Libraries\AdminLibrarie.php(117): App\Models\MemberModel->insert_member_data([...], 0)
 3 APPPATH\Controllers\Admin.php(910): App\Libraries\AdminLibrarie->member_regist_proc([...], 25, 0)
 4 SYSTEMPATH\CodeIgniter.php(933): App\Controllers\Admin->ajax_member_regist_proc()
 5 SYSTEMPATH\CodeIgniter.php(509): CodeIgniter\CodeIgniter->runController(Object(App\Controllers\Admin))
 6 SYSTEMPATH\CodeIgniter.php(355): CodeIgniter\CodeIgniter->handleRequest(null, Object(Config\Cache), false)
 7 SYSTEMPATH\Boot.php(325): CodeIgniter\CodeIgniter->run()
 8 SYSTEMPATH\Boot.php(67): CodeIgniter\Boot::runCodeIgniter(Object(CodeIgniter\CodeIgniter))
 9 FCPATH\index.php(56): CodeIgniter\Boot::bootWeb(Object(Config\Paths))
ERROR - 2025-10-17 23:44:23 --> mysqli_sql_exception: You have an error in your SQL syntax; check the manual that corresponds to your MariaDB server version for the right syntax to use near ':aitiRenmeiRegistFlg:,
				'NULL',
				'1',
				'test_23@haruyumi.net',
				'...' at line 26 in C:\xampp_htdocs\kasugaikyudo\production\system\Database\MySQLi\Connection.php:312
Stack trace:
#0 C:\xampp_htdocs\kasugaikyudo\production\system\Database\MySQLi\Connection.php(312): mysqli->query('\n\t\t\tINSERT INTO...', 0)
#1 C:\xampp_htdocs\kasugaikyudo\production\system\Database\BaseConnection.php(734): CodeIgniter\Database\MySQLi\Connection->execute('\n\t\t\tINSERT INTO...')
#2 C:\xampp_htdocs\kasugaikyudo\production\system\Database\BaseConnection.php(648): CodeIgniter\Database\BaseConnection->simpleQuery('\n\t\t\tINSERT INTO...')
#3 C:\xampp_htdocs\kasugaikyudo\production\app\Models\BaseQueryModel.php(109): CodeIgniter\Database\BaseConnection->query('\n\t\t\tINSERT INTO...', Array)
#4 C:\xampp_htdocs\kasugaikyudo\production\app\Models\MemberModel.php(273): App\Models\BaseQueryModel->get_result_query('\n\t\t\tINSERT INTO...', Array)
#5 C:\xampp_htdocs\kasugaikyudo\production\app\Libraries\AdminLibrarie.php(117): App\Models\MemberModel->insert_member_data(Array, 0)
#6 C:\xampp_htdocs\kasugaikyudo\production\app\Controllers\Admin.php(910): App\Libraries\AdminLibrarie->member_regist_proc(Array, 25, 0)
#7 C:\xampp_htdocs\kasugaikyudo\production\system\CodeIgniter.php(933): App\Controllers\Admin->ajax_member_regist_proc()
#8 C:\xampp_htdocs\kasugaikyudo\production\system\CodeIgniter.php(509): CodeIgniter\CodeIgniter->runController(Object(App\Controllers\Admin))
#9 C:\xampp_htdocs\kasugaikyudo\production\system\CodeIgniter.php(355): CodeIgniter\CodeIgniter->handleRequest(NULL, Object(Config\Cache), false)
#10 C:\xampp_htdocs\kasugaikyudo\production\system\Boot.php(325): CodeIgniter\CodeIgniter->run()
#11 C:\xampp_htdocs\kasugaikyudo\production\system\Boot.php(67): CodeIgniter\Boot::runCodeIgniter(Object(CodeIgniter\CodeIgniter))
#12 C:\xampp_htdocs\kasugaikyudo\production\index.php(56): CodeIgniter\Boot::bootWeb(Object(Config\Paths))
#13 {main}
CRITICAL - 2025-10-17 23:57:38 --> ErrorException: Undefined variable $memberId
[Method: POST, Route: admin/member_revision]
in APPPATH\Views\admin\member\member_regist.php on line 150.
 1 APPPATH\Views\admin\member\member_regist.php(150): CodeIgniter\Debug\Exceptions->errorHandler(2, 'Undefined variable $memberId', 'C:\\xampp_htdocs\\kasugaikyudo\\production\\app\\Views\\admin\\member\\member_regist.php', 150)
 2 SYSTEMPATH\View\View.php(234): include('C:\\xampp_htdocs\\kasugaikyudo\\production\\app\\Views\\admin\\member\\member_regist.php')
 3 SYSTEMPATH\View\View.php(237): CodeIgniter\View\View->CodeIgniter\View\{closure}()
 4 SYSTEMPATH\Common.php(1171): CodeIgniter\View\View->render('admin/member/member_regist', [], true)
 5 APPPATH\Controllers\Admin.php(446): view('admin/member/member_regist')
 6 SYSTEMPATH\CodeIgniter.php(933): App\Controllers\Admin->member_revision()
 7 SYSTEMPATH\CodeIgniter.php(509): CodeIgniter\CodeIgniter->runController(Object(App\Controllers\Admin))
 8 SYSTEMPATH\CodeIgniter.php(355): CodeIgniter\CodeIgniter->handleRequest(null, Object(Config\Cache), false)
 9 SYSTEMPATH\Boot.php(325): CodeIgniter\CodeIgniter->run()
10 SYSTEMPATH\Boot.php(67): CodeIgniter\Boot::runCodeIgniter(Object(CodeIgniter\CodeIgniter))
11 FCPATH\index.php(56): CodeIgniter\Boot::bootWeb(Object(Config\Paths))
