CRITICAL - 2025-08-14 22:29:26 --> Exception: Failed to parse time string (2025-08-14 2025-08-26) at position 11 (2): Double date specification
[Method: GET, Route: kyokai/detail/30]
in APPPATH\Helpers\datetime_helper.php on line 93.
 1 APPPATH\Helpers\datetime_helper.php(93): DateTime->__construct('2025-08-14 2025-08-26')
 2 APPPATH\Helpers\datetime_helper.php(275): time_format_jp('2025-08-26', false, 'His')
 3 APPPATH\Helpers\kyokai_helper.php(124): time_period_format('2025-08-26', null)
 4 APPPATH\Views\kyokai\detail.php(5): get_kyokai_event_detail_html([...])
 5 SYSTEMPATH\View\View.php(234): include('C:\\xampp_htdocs\\kasugaikyudo\\production\\app\\Views\\kyokai\\detail.php')
 6 SYSTEMPATH\View\View.php(237): CodeIgniter\View\View->CodeIgniter\View\{closure}()
 7 SYSTEMPATH\Common.php(1171): CodeIgniter\View\View->render('kyokai/detail', [], true)
 8 APPPATH\Controllers\Kyokai.php(87): view('kyokai/detail')
 9 SYSTEMPATH\CodeIgniter.php(933): App\Controllers\Kyokai->detail('30')
10 SYSTEMPATH\CodeIgniter.php(509): CodeIgniter\CodeIgniter->runController(Object(App\Controllers\Kyokai))
11 SYSTEMPATH\CodeIgniter.php(355): CodeIgniter\CodeIgniter->handleRequest(null, Object(Config\Cache), false)
12 SYSTEMPATH\Boot.php(325): CodeIgniter\CodeIgniter->run()
13 SYSTEMPATH\Boot.php(67): CodeIgniter\Boot::runCodeIgniter(Object(CodeIgniter\CodeIgniter))
14 FCPATH\index.php(56): CodeIgniter\Boot::bootWeb(Object(Config\Paths))
CRITICAL - 2025-08-14 22:30:11 --> Exception: Failed to parse time string (2025-08-14 2025-08-26) at position 11 (2): Double date specification
[Method: GET, Route: kyokai/detail/30]
in APPPATH\Helpers\datetime_helper.php on line 93.
 1 APPPATH\Helpers\datetime_helper.php(93): DateTime->__construct('2025-08-14 2025-08-26')
 2 APPPATH\Helpers\datetime_helper.php(275): time_format_jp('2025-08-26', false, 'His')
 3 APPPATH\Helpers\kyokai_helper.php(124): time_period_format('2025-08-26', null)
 4 APPPATH\Views\kyokai\detail.php(5): get_kyokai_event_detail_html([...])
 5 SYSTEMPATH\View\View.php(234): include('C:\\xampp_htdocs\\kasugaikyudo\\production\\app\\Views\\kyokai\\detail.php')
 6 SYSTEMPATH\View\View.php(237): CodeIgniter\View\View->CodeIgniter\View\{closure}()
 7 SYSTEMPATH\Common.php(1171): CodeIgniter\View\View->render('kyokai/detail', [], true)
 8 APPPATH\Controllers\Kyokai.php(87): view('kyokai/detail')
 9 SYSTEMPATH\CodeIgniter.php(933): App\Controllers\Kyokai->detail('30')
10 SYSTEMPATH\CodeIgniter.php(509): CodeIgniter\CodeIgniter->runController(Object(App\Controllers\Kyokai))
11 SYSTEMPATH\CodeIgniter.php(355): CodeIgniter\CodeIgniter->handleRequest(null, Object(Config\Cache), false)
12 SYSTEMPATH\Boot.php(325): CodeIgniter\CodeIgniter->run()
13 SYSTEMPATH\Boot.php(67): CodeIgniter\Boot::runCodeIgniter(Object(CodeIgniter\CodeIgniter))
14 FCPATH\index.php(56): CodeIgniter\Boot::bootWeb(Object(Config\Paths))
CRITICAL - 2025-08-14 22:39:34 --> CodeIgniter\HTTP\Exceptions\BadRequestException: The URI you submitted has disallowed characters: "名簿（名前と段位）令和7年2月16日.pdf"
[Method: GET, Route: upload/kasugai/3/%E5%90%8D%E7%B0%BF%EF%BC%88%E5%90%8D%E5%89%8D%E3%81%A8%E6%AE%B5%E4%BD%8D%EF%BC%89%E4%BB%A4%E5%92%8C7%E5%B9%B42%E6%9C%8816%E6%97%A5.pdf]
in SYSTEMPATH\Router\Router.php on line 737.
 1 SYSTEMPATH\Router\Router.php(204): CodeIgniter\Router\Router->checkDisallowedChars('upload/kasugai/3/名簿（名前と段位）令和7年2月16日.pdf')
 2 SYSTEMPATH\CodeIgniter.php(834): CodeIgniter\Router\Router->handle('upload/kasugai/3/名簿（名前と段位）令和7年2月16日.pdf')
 3 SYSTEMPATH\CodeIgniter.php(457): CodeIgniter\CodeIgniter->tryToRouteIt(Object(CodeIgniter\Router\RouteCollection))
 4 SYSTEMPATH\CodeIgniter.php(355): CodeIgniter\CodeIgniter->handleRequest(null, Object(Config\Cache), false)
 5 SYSTEMPATH\Boot.php(325): CodeIgniter\CodeIgniter->run()
 6 SYSTEMPATH\Boot.php(67): CodeIgniter\Boot::runCodeIgniter(Object(CodeIgniter\CodeIgniter))
 7 FCPATH\index.php(56): CodeIgniter\Boot::bootWeb(Object(Config\Paths))
CRITICAL - 2025-08-14 23:21:54 --> CodeIgniter\HTTP\Exceptions\BadRequestException: The URI you submitted has disallowed characters: "1026持的射礼研修.pdf"
[Method: GET, Route: kyokai/detail/upload/event/30/1026%E6%8C%81%E7%9A%84%E5%B0%84%E7%A4%BC%E7%A0%94%E4%BF%AE.pdf]
in SYSTEMPATH\Router\Router.php on line 737.
 1 SYSTEMPATH\Router\Router.php(204): CodeIgniter\Router\Router->checkDisallowedChars('kyokai/detail/upload/event/30/1026持的射礼研修.pdf')
 2 SYSTEMPATH\CodeIgniter.php(834): CodeIgniter\Router\Router->handle('kyokai/detail/upload/event/30/1026持的射礼研修.pdf')
 3 SYSTEMPATH\CodeIgniter.php(457): CodeIgniter\CodeIgniter->tryToRouteIt(Object(CodeIgniter\Router\RouteCollection))
 4 SYSTEMPATH\CodeIgniter.php(355): CodeIgniter\CodeIgniter->handleRequest(null, Object(Config\Cache), false)
 5 SYSTEMPATH\Boot.php(325): CodeIgniter\CodeIgniter->run()
 6 SYSTEMPATH\Boot.php(67): CodeIgniter\Boot::runCodeIgniter(Object(CodeIgniter\CodeIgniter))
 7 FCPATH\index.php(56): CodeIgniter\Boot::bootWeb(Object(Config\Paths))
