CRITICAL - 2026-03-18 22:06:37 --> ErrorException: Undefined array key "shinsa_sub_name"
[Method: POST, Route: admin/shinsa_regist_conf]
in APPPATH\Helpers\Admin\shinsa_helper.php on line 189.
 1 APPPATH\Helpers\Admin\shinsa_helper.php(189): CodeIgniter\Debug\Exceptions->errorHandler(2, 'Undefined array key "shinsa_sub_name"', 'C:\\xampp_htdocs\\kasugaikyudo\\production\\app\\Helpers\\Admin\\shinsa_helper.php', 189)
 2 APPPATH\Controllers\Admin\AdminShinsa.php(178): form_shinsa_regist_confirm([...], [...], [])
 3 SYSTEMPATH\CodeIgniter.php(933): App\Controllers\Admin\AdminShinsa->ajax_shinsa_regist_conf()
 4 SYSTEMPATH\CodeIgniter.php(509): CodeIgniter\CodeIgniter->runController(Object(App\Controllers\Admin\AdminShinsa))
 5 SYSTEMPATH\CodeIgniter.php(355): CodeIgniter\CodeIgniter->handleRequest(null, Object(Config\Cache), false)
 6 SYSTEMPATH\Boot.php(325): CodeIgniter\CodeIgniter->run()
 7 SYSTEMPATH\Boot.php(67): CodeIgniter\Boot::runCodeIgniter(Object(CodeIgniter\CodeIgniter))
 8 FCPATH\index.php(56): CodeIgniter\Boot::bootWeb(Object(Config\Paths))
CRITICAL - 2026-03-18 22:07:15 --> ErrorException: Undefined array key "shinsa_sub_name"
[Method: POST, Route: admin/shinsa_regist_conf]
in APPPATH\Helpers\Admin\shinsa_helper.php on line 189.
 1 APPPATH\Helpers\Admin\shinsa_helper.php(189): CodeIgniter\Debug\Exceptions->errorHandler(2, 'Undefined array key "shinsa_sub_name"', 'C:\\xampp_htdocs\\kasugaikyudo\\production\\app\\Helpers\\Admin\\shinsa_helper.php', 189)
 2 APPPATH\Controllers\Admin\AdminShinsa.php(178): form_shinsa_regist_confirm([...], [...], [])
 3 SYSTEMPATH\CodeIgniter.php(933): App\Controllers\Admin\AdminShinsa->ajax_shinsa_regist_conf()
 4 SYSTEMPATH\CodeIgniter.php(509): CodeIgniter\CodeIgniter->runController(Object(App\Controllers\Admin\AdminShinsa))
 5 SYSTEMPATH\CodeIgniter.php(355): CodeIgniter\CodeIgniter->handleRequest(null, Object(Config\Cache), false)
 6 SYSTEMPATH\Boot.php(325): CodeIgniter\CodeIgniter->run()
 7 SYSTEMPATH\Boot.php(67): CodeIgniter\Boot::runCodeIgniter(Object(CodeIgniter\CodeIgniter))
 8 FCPATH\index.php(56): CodeIgniter\Boot::bootWeb(Object(Config\Paths))
