CRITICAL - 2025-09-10 23:11:13 --> ErrorException: Undefined array key "notice_id"
[Method: POST, Route: admin/taikai_revision]
in APPPATH\Helpers\admin_helper.php on line 104.
 1 APPPATH\Helpers\admin_helper.php(104): CodeIgniter\Debug\Exceptions->errorHandler(2, 'Undefined array key "notice_id"', 'C:\\xampp_htdocs\\kasugaikyudo\\production\\app\\Helpers\\admin_helper.php', 104)
 2 APPPATH\Helpers\admin_helper.php(235): admin_form_dropdown('kyokai-officer-id', [...], '22')
 3 APPPATH\Views\admin\taikai\taikai_regist.php(7): form_taikai_detail([...], [...])
 4 SYSTEMPATH\View\View.php(234): include('C:\\xampp_htdocs\\kasugaikyudo\\production\\app\\Views\\admin\\taikai\\taikai_regist.php')
 5 SYSTEMPATH\View\View.php(237): CodeIgniter\View\View->CodeIgniter\View\{closure}()
 6 SYSTEMPATH\Common.php(1171): CodeIgniter\View\View->render('admin/taikai/taikai_regist', [], true)
 7 APPPATH\Controllers\Admin.php(255): view('admin/taikai/taikai_regist')
 8 SYSTEMPATH\CodeIgniter.php(933): App\Controllers\Admin->taikai_revision()
 9 SYSTEMPATH\CodeIgniter.php(509): CodeIgniter\CodeIgniter->runController(Object(App\Controllers\Admin))
10 SYSTEMPATH\CodeIgniter.php(355): CodeIgniter\CodeIgniter->handleRequest(null, Object(Config\Cache), false)
11 SYSTEMPATH\Boot.php(325): CodeIgniter\CodeIgniter->run()
12 SYSTEMPATH\Boot.php(67): CodeIgniter\Boot::runCodeIgniter(Object(CodeIgniter\CodeIgniter))
13 FCPATH\index.php(56): CodeIgniter\Boot::bootWeb(Object(Config\Paths))
CRITICAL - 2025-09-10 23:49:36 --> ErrorException: Undefined variable $kaijoList
[Method: POST, Route: admin/taikai_revision]
in APPPATH\Controllers\Admin.php on line 245.
 1 APPPATH\Controllers\Admin.php(245): CodeIgniter\Debug\Exceptions->errorHandler(2, 'Undefined variable $kaijoList', 'C:\\xampp_htdocs\\kasugaikyudo\\production\\app\\Controllers\\Admin.php', 245)
 2 SYSTEMPATH\CodeIgniter.php(933): App\Controllers\Admin->taikai_revision()
 3 SYSTEMPATH\CodeIgniter.php(509): CodeIgniter\CodeIgniter->runController(Object(App\Controllers\Admin))
 4 SYSTEMPATH\CodeIgniter.php(355): CodeIgniter\CodeIgniter->handleRequest(null, Object(Config\Cache), false)
 5 SYSTEMPATH\Boot.php(325): CodeIgniter\CodeIgniter->run()
 6 SYSTEMPATH\Boot.php(67): CodeIgniter\Boot::runCodeIgniter(Object(CodeIgniter\CodeIgniter))
 7 FCPATH\index.php(56): CodeIgniter\Boot::bootWeb(Object(Config\Paths))
CRITICAL - 2025-09-10 23:54:40 --> ErrorException: Undefined array key "kaijo_id"
[Method: POST, Route: admin/taikai_revision]
in APPPATH\Helpers\admin_helper.php on line 199.
 1 APPPATH\Helpers\admin_helper.php(199): CodeIgniter\Debug\Exceptions->errorHandler(2, 'Undefined array key "kaijo_id"', 'C:\\xampp_htdocs\\kasugaikyudo\\production\\app\\Helpers\\admin_helper.php', 199)
 2 APPPATH\Views\admin\taikai\taikai_regist.php(7): form_taikai_detail([...], [...], [...])
 3 SYSTEMPATH\View\View.php(234): include('C:\\xampp_htdocs\\kasugaikyudo\\production\\app\\Views\\admin\\taikai\\taikai_regist.php')
 4 SYSTEMPATH\View\View.php(237): CodeIgniter\View\View->CodeIgniter\View\{closure}()
 5 SYSTEMPATH\Common.php(1171): CodeIgniter\View\View->render('admin/taikai/taikai_regist', [], true)
 6 APPPATH\Controllers\Admin.php(255): view('admin/taikai/taikai_regist')
 7 SYSTEMPATH\CodeIgniter.php(933): App\Controllers\Admin->taikai_revision()
 8 SYSTEMPATH\CodeIgniter.php(509): CodeIgniter\CodeIgniter->runController(Object(App\Controllers\Admin))
 9 SYSTEMPATH\CodeIgniter.php(355): CodeIgniter\CodeIgniter->handleRequest(null, Object(Config\Cache), false)
10 SYSTEMPATH\Boot.php(325): CodeIgniter\CodeIgniter->run()
11 SYSTEMPATH\Boot.php(67): CodeIgniter\Boot::runCodeIgniter(Object(CodeIgniter\CodeIgniter))
12 FCPATH\index.php(56): CodeIgniter\Boot::bootWeb(Object(Config\Paths))
CRITICAL - 2025-09-10 23:55:06 --> ErrorException: Undefined array key "kaijo_id"
[Method: POST, Route: admin/taikai_revision]
in APPPATH\Helpers\admin_helper.php on line 199.
 1 APPPATH\Helpers\admin_helper.php(199): CodeIgniter\Debug\Exceptions->errorHandler(2, 'Undefined array key "kaijo_id"', 'C:\\xampp_htdocs\\kasugaikyudo\\production\\app\\Helpers\\admin_helper.php', 199)
 2 APPPATH\Views\admin\taikai\taikai_regist.php(7): form_taikai_detail([...], [...], [...])
 3 SYSTEMPATH\View\View.php(234): include('C:\\xampp_htdocs\\kasugaikyudo\\production\\app\\Views\\admin\\taikai\\taikai_regist.php')
 4 SYSTEMPATH\View\View.php(237): CodeIgniter\View\View->CodeIgniter\View\{closure}()
 5 SYSTEMPATH\Common.php(1171): CodeIgniter\View\View->render('admin/taikai/taikai_regist', [], true)
 6 APPPATH\Controllers\Admin.php(255): view('admin/taikai/taikai_regist')
 7 SYSTEMPATH\CodeIgniter.php(933): App\Controllers\Admin->taikai_revision()
 8 SYSTEMPATH\CodeIgniter.php(509): CodeIgniter\CodeIgniter->runController(Object(App\Controllers\Admin))
 9 SYSTEMPATH\CodeIgniter.php(355): CodeIgniter\CodeIgniter->handleRequest(null, Object(Config\Cache), false)
10 SYSTEMPATH\Boot.php(325): CodeIgniter\CodeIgniter->run()
11 SYSTEMPATH\Boot.php(67): CodeIgniter\Boot::runCodeIgniter(Object(CodeIgniter\CodeIgniter))
12 FCPATH\index.php(56): CodeIgniter\Boot::bootWeb(Object(Config\Paths))
CRITICAL - 2025-09-10 23:58:02 --> ErrorException: Undefined array key "kaijo_id"
[Method: POST, Route: admin/taikai_revision]
in APPPATH\Helpers\admin_helper.php on line 199.
 1 APPPATH\Helpers\admin_helper.php(199): CodeIgniter\Debug\Exceptions->errorHandler(2, 'Undefined array key "kaijo_id"', 'C:\\xampp_htdocs\\kasugaikyudo\\production\\app\\Helpers\\admin_helper.php', 199)
 2 APPPATH\Views\admin\taikai\taikai_regist.php(7): form_taikai_detail([...], [...], [...])
 3 SYSTEMPATH\View\View.php(234): include('C:\\xampp_htdocs\\kasugaikyudo\\production\\app\\Views\\admin\\taikai\\taikai_regist.php')
 4 SYSTEMPATH\View\View.php(237): CodeIgniter\View\View->CodeIgniter\View\{closure}()
 5 SYSTEMPATH\Common.php(1171): CodeIgniter\View\View->render('admin/taikai/taikai_regist', [], true)
 6 APPPATH\Controllers\Admin.php(255): view('admin/taikai/taikai_regist')
 7 SYSTEMPATH\CodeIgniter.php(933): App\Controllers\Admin->taikai_revision()
 8 SYSTEMPATH\CodeIgniter.php(509): CodeIgniter\CodeIgniter->runController(Object(App\Controllers\Admin))
 9 SYSTEMPATH\CodeIgniter.php(355): CodeIgniter\CodeIgniter->handleRequest(null, Object(Config\Cache), false)
10 SYSTEMPATH\Boot.php(325): CodeIgniter\CodeIgniter->run()
11 SYSTEMPATH\Boot.php(67): CodeIgniter\Boot::runCodeIgniter(Object(CodeIgniter\CodeIgniter))
12 FCPATH\index.php(56): CodeIgniter\Boot::bootWeb(Object(Config\Paths))
CRITICAL - 2025-09-10 23:58:57 --> ErrorException: Undefined array key "kaijo_id"
[Method: POST, Route: admin/taikai_revision]
in APPPATH\Helpers\admin_helper.php on line 199.
 1 APPPATH\Helpers\admin_helper.php(199): CodeIgniter\Debug\Exceptions->errorHandler(2, 'Undefined array key "kaijo_id"', 'C:\\xampp_htdocs\\kasugaikyudo\\production\\app\\Helpers\\admin_helper.php', 199)
 2 APPPATH\Views\admin\taikai\taikai_regist.php(7): form_taikai_detail([...], [...], [...])
 3 SYSTEMPATH\View\View.php(234): include('C:\\xampp_htdocs\\kasugaikyudo\\production\\app\\Views\\admin\\taikai\\taikai_regist.php')
 4 SYSTEMPATH\View\View.php(237): CodeIgniter\View\View->CodeIgniter\View\{closure}()
 5 SYSTEMPATH\Common.php(1171): CodeIgniter\View\View->render('admin/taikai/taikai_regist', [], true)
 6 APPPATH\Controllers\Admin.php(255): view('admin/taikai/taikai_regist')
 7 SYSTEMPATH\CodeIgniter.php(933): App\Controllers\Admin->taikai_revision()
 8 SYSTEMPATH\CodeIgniter.php(509): CodeIgniter\CodeIgniter->runController(Object(App\Controllers\Admin))
 9 SYSTEMPATH\CodeIgniter.php(355): CodeIgniter\CodeIgniter->handleRequest(null, Object(Config\Cache), false)
10 SYSTEMPATH\Boot.php(325): CodeIgniter\CodeIgniter->run()
11 SYSTEMPATH\Boot.php(67): CodeIgniter\Boot::runCodeIgniter(Object(CodeIgniter\CodeIgniter))
12 FCPATH\index.php(56): CodeIgniter\Boot::bootWeb(Object(Config\Paths))
CRITICAL - 2025-09-10 23:59:48 --> ErrorException: Undefined array key "kaijo_id"
[Method: POST, Route: admin/taikai_revision]
in APPPATH\Helpers\admin_helper.php on line 199.
 1 APPPATH\Helpers\admin_helper.php(199): CodeIgniter\Debug\Exceptions->errorHandler(2, 'Undefined array key "kaijo_id"', 'C:\\xampp_htdocs\\kasugaikyudo\\production\\app\\Helpers\\admin_helper.php', 199)
 2 APPPATH\Views\admin\taikai\taikai_regist.php(7): form_taikai_detail([...], [...], [...])
 3 SYSTEMPATH\View\View.php(234): include('C:\\xampp_htdocs\\kasugaikyudo\\production\\app\\Views\\admin\\taikai\\taikai_regist.php')
 4 SYSTEMPATH\View\View.php(237): CodeIgniter\View\View->CodeIgniter\View\{closure}()
 5 SYSTEMPATH\Common.php(1171): CodeIgniter\View\View->render('admin/taikai/taikai_regist', [], true)
 6 APPPATH\Controllers\Admin.php(255): view('admin/taikai/taikai_regist')
 7 SYSTEMPATH\CodeIgniter.php(933): App\Controllers\Admin->taikai_revision()
 8 SYSTEMPATH\CodeIgniter.php(509): CodeIgniter\CodeIgniter->runController(Object(App\Controllers\Admin))
 9 SYSTEMPATH\CodeIgniter.php(355): CodeIgniter\CodeIgniter->handleRequest(null, Object(Config\Cache), false)
10 SYSTEMPATH\Boot.php(325): CodeIgniter\CodeIgniter->run()
11 SYSTEMPATH\Boot.php(67): CodeIgniter\Boot::runCodeIgniter(Object(CodeIgniter\CodeIgniter))
12 FCPATH\index.php(56): CodeIgniter\Boot::bootWeb(Object(Config\Paths))
