CRITICAL - 2025-11-18 23:03:56 --> Error: Call to undefined function App\Controllers\get_shinsa_rankup_member_list()
[Method: GET, Route: admin/notice_regist_shinsa_promotion/6]
in APPPATH\Controllers\Admin.php on line 92.
 1 SYSTEMPATH\CodeIgniter.php(933): App\Controllers\Admin->notice_regist_shinsa_promotion('6')
 2 SYSTEMPATH\CodeIgniter.php(509): CodeIgniter\CodeIgniter->runController(Object(App\Controllers\Admin))
 3 SYSTEMPATH\CodeIgniter.php(355): CodeIgniter\CodeIgniter->handleRequest(null, Object(Config\Cache), false)
 4 SYSTEMPATH\Boot.php(325): CodeIgniter\CodeIgniter->run()
 5 SYSTEMPATH\Boot.php(67): CodeIgniter\Boot::runCodeIgniter(Object(CodeIgniter\CodeIgniter))
 6 FCPATH\index.php(56): CodeIgniter\Boot::bootWeb(Object(Config\Paths))
CRITICAL - 2025-11-18 23:04:04 --> ErrorException: Undefined variable $shinsaDateAfterFlg
[Method: GET, Route: admin/notice_regist_shinsa_promotion/6]
in APPPATH\Models\ShinsaModel.php on line 628.
 1 APPPATH\Models\ShinsaModel.php(628): CodeIgniter\Debug\Exceptions->errorHandler(2, 'Undefined variable $shinsaDateAfterFlg', 'C:\\xampp_htdocs\\kasugaikyudo\\production\\app\\Models\\ShinsaModel.php', 628)
 2 APPPATH\Libraries\ShinsaLibrarie.php(381): App\Models\ShinsaModel->get_shinsa_rankup_member_list(6)
 3 APPPATH\Controllers\Admin.php(92): App\Libraries\ShinsaLibrarie->get_shinsa_rankup_member_list(6)
 4 SYSTEMPATH\CodeIgniter.php(933): App\Controllers\Admin->notice_regist_shinsa_promotion('6')
 5 SYSTEMPATH\CodeIgniter.php(509): CodeIgniter\CodeIgniter->runController(Object(App\Controllers\Admin))
 6 SYSTEMPATH\CodeIgniter.php(355): CodeIgniter\CodeIgniter->handleRequest(null, Object(Config\Cache), false)
 7 SYSTEMPATH\Boot.php(325): CodeIgniter\CodeIgniter->run()
 8 SYSTEMPATH\Boot.php(67): CodeIgniter\Boot::runCodeIgniter(Object(CodeIgniter\CodeIgniter))
 9 FCPATH\index.php(56): CodeIgniter\Boot::bootWeb(Object(Config\Paths))
CRITICAL - 2025-11-18 23:04:34 --> ErrorException: Undefined variable $shinsaDateAfterFlg
[Method: GET, Route: admin/notice_regist_shinsa_promotion/6]
in APPPATH\Models\ShinsaModel.php on line 628.
 1 APPPATH\Models\ShinsaModel.php(628): CodeIgniter\Debug\Exceptions->errorHandler(2, 'Undefined variable $shinsaDateAfterFlg', 'C:\\xampp_htdocs\\kasugaikyudo\\production\\app\\Models\\ShinsaModel.php', 628)
 2 APPPATH\Libraries\ShinsaLibrarie.php(381): App\Models\ShinsaModel->get_shinsa_rankup_member_list(6)
 3 APPPATH\Controllers\Admin.php(92): App\Libraries\ShinsaLibrarie->get_shinsa_rankup_member_list(6)
 4 SYSTEMPATH\CodeIgniter.php(933): App\Controllers\Admin->notice_regist_shinsa_promotion('6')
 5 SYSTEMPATH\CodeIgniter.php(509): CodeIgniter\CodeIgniter->runController(Object(App\Controllers\Admin))
 6 SYSTEMPATH\CodeIgniter.php(355): CodeIgniter\CodeIgniter->handleRequest(null, Object(Config\Cache), false)
 7 SYSTEMPATH\Boot.php(325): CodeIgniter\CodeIgniter->run()
 8 SYSTEMPATH\Boot.php(67): CodeIgniter\Boot::runCodeIgniter(Object(CodeIgniter\CodeIgniter))
 9 FCPATH\index.php(56): CodeIgniter\Boot::bootWeb(Object(Config\Paths))
CRITICAL - 2025-11-18 23:04:59 --> ErrorException: Undefined variable $shinsaDateAfterFlg
[Method: GET, Route: admin/notice_regist_shinsa_promotion/6]
in APPPATH\Models\ShinsaModel.php on line 628.
 1 APPPATH\Models\ShinsaModel.php(628): CodeIgniter\Debug\Exceptions->errorHandler(2, 'Undefined variable $shinsaDateAfterFlg', 'C:\\xampp_htdocs\\kasugaikyudo\\production\\app\\Models\\ShinsaModel.php', 628)
 2 APPPATH\Libraries\ShinsaLibrarie.php(381): App\Models\ShinsaModel->get_shinsa_rankup_member_list(6)
 3 APPPATH\Controllers\Admin.php(92): App\Libraries\ShinsaLibrarie->get_shinsa_rankup_member_list(6)
 4 SYSTEMPATH\CodeIgniter.php(933): App\Controllers\Admin->notice_regist_shinsa_promotion('6')
 5 SYSTEMPATH\CodeIgniter.php(509): CodeIgniter\CodeIgniter->runController(Object(App\Controllers\Admin))
 6 SYSTEMPATH\CodeIgniter.php(355): CodeIgniter\CodeIgniter->handleRequest(null, Object(Config\Cache), false)
 7 SYSTEMPATH\Boot.php(325): CodeIgniter\CodeIgniter->run()
 8 SYSTEMPATH\Boot.php(67): CodeIgniter\Boot::runCodeIgniter(Object(CodeIgniter\CodeIgniter))
 9 FCPATH\index.php(56): CodeIgniter\Boot::bootWeb(Object(Config\Paths))
CRITICAL - 2025-11-18 23:05:25 --> ErrorException: Undefined variable $shinsaDateAfterFlg
[Method: GET, Route: admin/notice_regist_shinsa_promotion/6]
in APPPATH\Models\ShinsaModel.php on line 628.
 1 APPPATH\Models\ShinsaModel.php(628): CodeIgniter\Debug\Exceptions->errorHandler(2, 'Undefined variable $shinsaDateAfterFlg', 'C:\\xampp_htdocs\\kasugaikyudo\\production\\app\\Models\\ShinsaModel.php', 628)
 2 APPPATH\Libraries\ShinsaLibrarie.php(381): App\Models\ShinsaModel->get_shinsa_rankup_member_list(6)
 3 APPPATH\Controllers\Admin.php(92): App\Libraries\ShinsaLibrarie->get_shinsa_rankup_member_list(6)
 4 SYSTEMPATH\CodeIgniter.php(933): App\Controllers\Admin->notice_regist_shinsa_promotion('6')
 5 SYSTEMPATH\CodeIgniter.php(509): CodeIgniter\CodeIgniter->runController(Object(App\Controllers\Admin))
 6 SYSTEMPATH\CodeIgniter.php(355): CodeIgniter\CodeIgniter->handleRequest(null, Object(Config\Cache), false)
 7 SYSTEMPATH\Boot.php(325): CodeIgniter\CodeIgniter->run()
 8 SYSTEMPATH\Boot.php(67): CodeIgniter\Boot::runCodeIgniter(Object(CodeIgniter\CodeIgniter))
 9 FCPATH\index.php(56): CodeIgniter\Boot::bootWeb(Object(Config\Paths))
CRITICAL - 2025-11-18 23:16:44 --> ErrorException: Undefined variable $shinsaDateAfterFlg
[Method: GET, Route: admin/notice_regist_shinsa_promotion/6]
in APPPATH\Models\ShinsaModel.php on line 628.
 1 APPPATH\Models\ShinsaModel.php(628): CodeIgniter\Debug\Exceptions->errorHandler(2, 'Undefined variable $shinsaDateAfterFlg', 'C:\\xampp_htdocs\\kasugaikyudo\\production\\app\\Models\\ShinsaModel.php', 628)
 2 APPPATH\Libraries\ShinsaLibrarie.php(381): App\Models\ShinsaModel->get_shinsa_rankup_member_list(6)
 3 APPPATH\Controllers\Admin.php(92): App\Libraries\ShinsaLibrarie->get_shinsa_rankup_member_list(6)
 4 SYSTEMPATH\CodeIgniter.php(933): App\Controllers\Admin->notice_regist_shinsa_promotion('6')
 5 SYSTEMPATH\CodeIgniter.php(509): CodeIgniter\CodeIgniter->runController(Object(App\Controllers\Admin))
 6 SYSTEMPATH\CodeIgniter.php(355): CodeIgniter\CodeIgniter->handleRequest(null, Object(Config\Cache), false)
 7 SYSTEMPATH\Boot.php(325): CodeIgniter\CodeIgniter->run()
 8 SYSTEMPATH\Boot.php(67): CodeIgniter\Boot::runCodeIgniter(Object(CodeIgniter\CodeIgniter))
 9 FCPATH\index.php(56): CodeIgniter\Boot::bootWeb(Object(Config\Paths))
CRITICAL - 2025-11-18 23:47:24 --> ErrorException: Undefined variable $noticeTitle
[Method: GET, Route: admin/notice_regist_shinsa_promotion/6]
in APPPATH\Controllers\Admin.php on line 108.
 1 APPPATH\Controllers\Admin.php(108): CodeIgniter\Debug\Exceptions->errorHandler(2, 'Undefined variable $noticeTitle', 'C:\\xampp_htdocs\\kasugaikyudo\\production\\app\\Controllers\\Admin.php', 108)
 2 SYSTEMPATH\CodeIgniter.php(933): App\Controllers\Admin->notice_regist_shinsa_promotion('6')
 3 SYSTEMPATH\CodeIgniter.php(509): CodeIgniter\CodeIgniter->runController(Object(App\Controllers\Admin))
 4 SYSTEMPATH\CodeIgniter.php(355): CodeIgniter\CodeIgniter->handleRequest(null, Object(Config\Cache), false)
 5 SYSTEMPATH\Boot.php(325): CodeIgniter\CodeIgniter->run()
 6 SYSTEMPATH\Boot.php(67): CodeIgniter\Boot::runCodeIgniter(Object(CodeIgniter\CodeIgniter))
 7 FCPATH\index.php(56): CodeIgniter\Boot::bootWeb(Object(Config\Paths))
