CRITICAL - 2026-03-04 22:58:52 --> ErrorException: Undefined property: App\Controllers\Admin\AdminShinsa::$adminShinsaLibrarie
[Method: POST, Route: admin/shinsa_revision]
in APPPATH\Controllers\Admin\AdminShinsa.php on line 50.
 1 APPPATH\Controllers\Admin\AdminShinsa.php(50): CodeIgniter\Debug\Exceptions->errorHandler(2, 'Undefined property: App\\Controllers\\Admin\\AdminShinsa::$adminShinsaLibrarie', 'C:\\xampp_htdocs\\kasugaikyudo\\production\\app\\Controllers\\Admin\\AdminShinsa.php', 50)
 2 SYSTEMPATH\CodeIgniter.php(933): App\Controllers\Admin\AdminShinsa->shinsa_revision()
 3 SYSTEMPATH\CodeIgniter.php(509): CodeIgniter\CodeIgniter->runController(Object(App\Controllers\Admin\AdminShinsa))
 4 SYSTEMPATH\CodeIgniter.php(355): CodeIgniter\CodeIgniter->handleRequest(null, Object(Config\Cache), false)
 5 SYSTEMPATH\Boot.php(325): CodeIgniter\CodeIgniter->run()
 6 SYSTEMPATH\Boot.php(67): CodeIgniter\Boot::runCodeIgniter(Object(CodeIgniter\CodeIgniter))
 7 FCPATH\index.php(56): CodeIgniter\Boot::bootWeb(Object(Config\Paths))
CRITICAL - 2026-03-04 22:59:19 --> ErrorException: Undefined property: App\Controllers\Admin\AdminShinsa::$adminShinsaLibrarie
[Method: POST, Route: admin/shinsa_revision]
in APPPATH\Controllers\Admin\AdminShinsa.php on line 50.
 1 APPPATH\Controllers\Admin\AdminShinsa.php(50): CodeIgniter\Debug\Exceptions->errorHandler(2, 'Undefined property: App\\Controllers\\Admin\\AdminShinsa::$adminShinsaLibrarie', 'C:\\xampp_htdocs\\kasugaikyudo\\production\\app\\Controllers\\Admin\\AdminShinsa.php', 50)
 2 SYSTEMPATH\CodeIgniter.php(933): App\Controllers\Admin\AdminShinsa->shinsa_revision()
 3 SYSTEMPATH\CodeIgniter.php(509): CodeIgniter\CodeIgniter->runController(Object(App\Controllers\Admin\AdminShinsa))
 4 SYSTEMPATH\CodeIgniter.php(355): CodeIgniter\CodeIgniter->handleRequest(null, Object(Config\Cache), false)
 5 SYSTEMPATH\Boot.php(325): CodeIgniter\CodeIgniter->run()
 6 SYSTEMPATH\Boot.php(67): CodeIgniter\Boot::runCodeIgniter(Object(CodeIgniter\CodeIgniter))
 7 FCPATH\index.php(56): CodeIgniter\Boot::bootWeb(Object(Config\Paths))
CRITICAL - 2026-03-04 22:59:23 --> ErrorException: Undefined property: App\Controllers\Admin\AdminShinsa::$adminShinsaLibrarie
[Method: POST, Route: admin/shinsa_revision]
in APPPATH\Controllers\Admin\AdminShinsa.php on line 50.
 1 APPPATH\Controllers\Admin\AdminShinsa.php(50): CodeIgniter\Debug\Exceptions->errorHandler(2, 'Undefined property: App\\Controllers\\Admin\\AdminShinsa::$adminShinsaLibrarie', 'C:\\xampp_htdocs\\kasugaikyudo\\production\\app\\Controllers\\Admin\\AdminShinsa.php', 50)
 2 SYSTEMPATH\CodeIgniter.php(933): App\Controllers\Admin\AdminShinsa->shinsa_revision()
 3 SYSTEMPATH\CodeIgniter.php(509): CodeIgniter\CodeIgniter->runController(Object(App\Controllers\Admin\AdminShinsa))
 4 SYSTEMPATH\CodeIgniter.php(355): CodeIgniter\CodeIgniter->handleRequest(null, Object(Config\Cache), false)
 5 SYSTEMPATH\Boot.php(325): CodeIgniter\CodeIgniter->run()
 6 SYSTEMPATH\Boot.php(67): CodeIgniter\Boot::runCodeIgniter(Object(CodeIgniter\CodeIgniter))
 7 FCPATH\index.php(56): CodeIgniter\Boot::bootWeb(Object(Config\Paths))
CRITICAL - 2026-03-04 23:01:29 --> ErrorException: Undefined variable $taikaiDetail
[Method: POST, Route: admin/shinsa_revision]
in APPPATH\Controllers\Admin\AdminShinsa.php on line 70.
 1 APPPATH\Controllers\Admin\AdminShinsa.php(70): CodeIgniter\Debug\Exceptions->errorHandler(2, 'Undefined variable $taikaiDetail', 'C:\\xampp_htdocs\\kasugaikyudo\\production\\app\\Controllers\\Admin\\AdminShinsa.php', 70)
 2 SYSTEMPATH\CodeIgniter.php(933): App\Controllers\Admin\AdminShinsa->shinsa_revision()
 3 SYSTEMPATH\CodeIgniter.php(509): CodeIgniter\CodeIgniter->runController(Object(App\Controllers\Admin\AdminShinsa))
 4 SYSTEMPATH\CodeIgniter.php(355): CodeIgniter\CodeIgniter->handleRequest(null, Object(Config\Cache), false)
 5 SYSTEMPATH\Boot.php(325): CodeIgniter\CodeIgniter->run()
 6 SYSTEMPATH\Boot.php(67): CodeIgniter\Boot::runCodeIgniter(Object(CodeIgniter\CodeIgniter))
 7 FCPATH\index.php(56): CodeIgniter\Boot::bootWeb(Object(Config\Paths))
CRITICAL - 2026-03-04 23:11:05 --> CodeIgniter\View\Exceptions\ViewException: Invalid file: "admin/shinsa/shinsa_regist.php"
[Method: POST, Route: admin/shinsa_revision]
in SYSTEMPATH\Exceptions\FrameworkException.php on line 41.
 1 SYSTEMPATH\View\View.php(222): CodeIgniter\Exceptions\FrameworkException::forInvalidFile('admin/shinsa/shinsa_regist.php')
 2 SYSTEMPATH\Common.php(1171): CodeIgniter\View\View->render('admin/shinsa/shinsa_regist', [], true)
 3 APPPATH\Controllers\Admin\AdminShinsa.php(83): view('admin/shinsa/shinsa_regist')
 4 SYSTEMPATH\CodeIgniter.php(933): App\Controllers\Admin\AdminShinsa->shinsa_revision()
 5 SYSTEMPATH\CodeIgniter.php(509): CodeIgniter\CodeIgniter->runController(Object(App\Controllers\Admin\AdminShinsa))
 6 SYSTEMPATH\CodeIgniter.php(355): CodeIgniter\CodeIgniter->handleRequest(null, Object(Config\Cache), false)
 7 SYSTEMPATH\Boot.php(325): CodeIgniter\CodeIgniter->run()
 8 SYSTEMPATH\Boot.php(67): CodeIgniter\Boot::runCodeIgniter(Object(CodeIgniter\CodeIgniter))
 9 FCPATH\index.php(56): CodeIgniter\Boot::bootWeb(Object(Config\Paths))
CRITICAL - 2026-03-04 23:13:42 --> CodeIgniter\View\Exceptions\ViewException: Invalid file: "admin/shinsa/modal_shinsa.php"
[Method: POST, Route: admin/shinsa_revision]
in SYSTEMPATH\Exceptions\FrameworkException.php on line 41.
 1 SYSTEMPATH\View\View.php(222): CodeIgniter\Exceptions\FrameworkException::forInvalidFile('admin/shinsa/modal_shinsa.php')
 2 SYSTEMPATH\Common.php(1171): CodeIgniter\View\View->render('admin/shinsa/modal_shinsa', [], true)
 3 APPPATH\Controllers\Admin\AdminShinsa.php(84): view('admin/shinsa/modal_shinsa')
 4 SYSTEMPATH\CodeIgniter.php(933): App\Controllers\Admin\AdminShinsa->shinsa_revision()
 5 SYSTEMPATH\CodeIgniter.php(509): CodeIgniter\CodeIgniter->runController(Object(App\Controllers\Admin\AdminShinsa))
 6 SYSTEMPATH\CodeIgniter.php(355): CodeIgniter\CodeIgniter->handleRequest(null, Object(Config\Cache), false)
 7 SYSTEMPATH\Boot.php(325): CodeIgniter\CodeIgniter->run()
 8 SYSTEMPATH\Boot.php(67): CodeIgniter\Boot::runCodeIgniter(Object(CodeIgniter\CodeIgniter))
 9 FCPATH\index.php(56): CodeIgniter\Boot::bootWeb(Object(Config\Paths))
CRITICAL - 2026-03-04 23:49:05 --> Error: Call to undefined function form_shinsa_detail()
[Method: POST, Route: admin/shinsa_revision]
in APPPATH\Views\admin\shinsa\shinsa_regist.php on line 7.
 1 SYSTEMPATH\View\View.php(234): include()
 2 SYSTEMPATH\View\View.php(237): CodeIgniter\View\View->CodeIgniter\View\{closure}()
 3 SYSTEMPATH\Common.php(1171): CodeIgniter\View\View->render('admin/shinsa/shinsa_regist', [], true)
 4 APPPATH\Controllers\Admin\AdminShinsa.php(83): view('admin/shinsa/shinsa_regist')
 5 SYSTEMPATH\CodeIgniter.php(933): App\Controllers\Admin\AdminShinsa->shinsa_revision()
 6 SYSTEMPATH\CodeIgniter.php(509): CodeIgniter\CodeIgniter->runController(Object(App\Controllers\Admin\AdminShinsa))
 7 SYSTEMPATH\CodeIgniter.php(355): CodeIgniter\CodeIgniter->handleRequest(null, Object(Config\Cache), false)
 8 SYSTEMPATH\Boot.php(325): CodeIgniter\CodeIgniter->run()
 9 SYSTEMPATH\Boot.php(67): CodeIgniter\Boot::runCodeIgniter(Object(CodeIgniter\CodeIgniter))
10 FCPATH\index.php(56): CodeIgniter\Boot::bootWeb(Object(Config\Paths))
CRITICAL - 2026-03-04 23:49:21 --> Error: Call to undefined function form_shinsa_detail()
[Method: POST, Route: admin/shinsa_revision]
in APPPATH\Views\admin\shinsa\shinsa_regist.php on line 7.
 1 SYSTEMPATH\View\View.php(234): include()
 2 SYSTEMPATH\View\View.php(237): CodeIgniter\View\View->CodeIgniter\View\{closure}()
 3 SYSTEMPATH\Common.php(1171): CodeIgniter\View\View->render('admin/shinsa/shinsa_regist', [], true)
 4 APPPATH\Controllers\Admin\AdminShinsa.php(83): view('admin/shinsa/shinsa_regist')
 5 SYSTEMPATH\CodeIgniter.php(933): App\Controllers\Admin\AdminShinsa->shinsa_revision()
 6 SYSTEMPATH\CodeIgniter.php(509): CodeIgniter\CodeIgniter->runController(Object(App\Controllers\Admin\AdminShinsa))
 7 SYSTEMPATH\CodeIgniter.php(355): CodeIgniter\CodeIgniter->handleRequest(null, Object(Config\Cache), false)
 8 SYSTEMPATH\Boot.php(325): CodeIgniter\CodeIgniter->run()
 9 SYSTEMPATH\Boot.php(67): CodeIgniter\Boot::runCodeIgniter(Object(CodeIgniter\CodeIgniter))
10 FCPATH\index.php(56): CodeIgniter\Boot::bootWeb(Object(Config\Paths))
CRITICAL - 2026-03-04 23:50:00 --> Error: Call to undefined function form_shinsa_detail()
[Method: POST, Route: admin/shinsa_revision]
in APPPATH\Views\admin\shinsa\shinsa_regist.php on line 7.
 1 SYSTEMPATH\View\View.php(234): include()
 2 SYSTEMPATH\View\View.php(237): CodeIgniter\View\View->CodeIgniter\View\{closure}()
 3 SYSTEMPATH\Common.php(1171): CodeIgniter\View\View->render('admin/shinsa/shinsa_regist', [], true)
 4 APPPATH\Controllers\Admin\AdminShinsa.php(83): view('admin/shinsa/shinsa_regist')
 5 SYSTEMPATH\CodeIgniter.php(933): App\Controllers\Admin\AdminShinsa->shinsa_revision()
 6 SYSTEMPATH\CodeIgniter.php(509): CodeIgniter\CodeIgniter->runController(Object(App\Controllers\Admin\AdminShinsa))
 7 SYSTEMPATH\CodeIgniter.php(355): CodeIgniter\CodeIgniter->handleRequest(null, Object(Config\Cache), false)
 8 SYSTEMPATH\Boot.php(325): CodeIgniter\CodeIgniter->run()
 9 SYSTEMPATH\Boot.php(67): CodeIgniter\Boot::runCodeIgniter(Object(CodeIgniter\CodeIgniter))
10 FCPATH\index.php(56): CodeIgniter\Boot::bootWeb(Object(Config\Paths))
CRITICAL - 2026-03-04 23:52:25 --> ErrorException: Undefined array key "shinsa_date_st"
[Method: POST, Route: admin/shinsa_revision]
in APPPATH\Helpers\Admin\shinsa_helper.php on line 21.
 1 APPPATH\Helpers\Admin\shinsa_helper.php(21): CodeIgniter\Debug\Exceptions->errorHandler(2, 'Undefined array key "shinsa_date_st"', 'C:\\xampp_htdocs\\kasugaikyudo\\production\\app\\Helpers\\Admin\\shinsa_helper.php', 21)
 2 APPPATH\Views\admin\shinsa\shinsa_regist.php(7): form_shinsa_detail([...], [...], [...], 10)
 3 SYSTEMPATH\View\View.php(234): include('C:\\xampp_htdocs\\kasugaikyudo\\production\\app\\Views\\admin\\shinsa\\shinsa_regist.php')
 4 SYSTEMPATH\View\View.php(237): CodeIgniter\View\View->CodeIgniter\View\{closure}()
 5 SYSTEMPATH\Common.php(1171): CodeIgniter\View\View->render('admin/shinsa/shinsa_regist', [], true)
 6 APPPATH\Controllers\Admin\AdminShinsa.php(84): view('admin/shinsa/shinsa_regist')
 7 SYSTEMPATH\CodeIgniter.php(933): App\Controllers\Admin\AdminShinsa->shinsa_revision()
 8 SYSTEMPATH\CodeIgniter.php(509): CodeIgniter\CodeIgniter->runController(Object(App\Controllers\Admin\AdminShinsa))
 9 SYSTEMPATH\CodeIgniter.php(355): CodeIgniter\CodeIgniter->handleRequest(null, Object(Config\Cache), false)
10 SYSTEMPATH\Boot.php(325): CodeIgniter\CodeIgniter->run()
11 SYSTEMPATH\Boot.php(67): CodeIgniter\Boot::runCodeIgniter(Object(CodeIgniter\CodeIgniter))
12 FCPATH\index.php(56): CodeIgniter\Boot::bootWeb(Object(Config\Paths))
CRITICAL - 2026-03-04 23:52:34 --> ErrorException: Undefined array key "shinsa_date_st"
[Method: POST, Route: admin/shinsa_revision]
in APPPATH\Helpers\Admin\shinsa_helper.php on line 21.
 1 APPPATH\Helpers\Admin\shinsa_helper.php(21): CodeIgniter\Debug\Exceptions->errorHandler(2, 'Undefined array key "shinsa_date_st"', 'C:\\xampp_htdocs\\kasugaikyudo\\production\\app\\Helpers\\Admin\\shinsa_helper.php', 21)
 2 APPPATH\Views\admin\shinsa\shinsa_regist.php(7): form_shinsa_detail([...], [...], [...], 10)
 3 SYSTEMPATH\View\View.php(234): include('C:\\xampp_htdocs\\kasugaikyudo\\production\\app\\Views\\admin\\shinsa\\shinsa_regist.php')
 4 SYSTEMPATH\View\View.php(237): CodeIgniter\View\View->CodeIgniter\View\{closure}()
 5 SYSTEMPATH\Common.php(1171): CodeIgniter\View\View->render('admin/shinsa/shinsa_regist', [], true)
 6 APPPATH\Controllers\Admin\AdminShinsa.php(84): view('admin/shinsa/shinsa_regist')
 7 SYSTEMPATH\CodeIgniter.php(933): App\Controllers\Admin\AdminShinsa->shinsa_revision()
 8 SYSTEMPATH\CodeIgniter.php(509): CodeIgniter\CodeIgniter->runController(Object(App\Controllers\Admin\AdminShinsa))
 9 SYSTEMPATH\CodeIgniter.php(355): CodeIgniter\CodeIgniter->handleRequest(null, Object(Config\Cache), false)
10 SYSTEMPATH\Boot.php(325): CodeIgniter\CodeIgniter->run()
11 SYSTEMPATH\Boot.php(67): CodeIgniter\Boot::runCodeIgniter(Object(CodeIgniter\CodeIgniter))
12 FCPATH\index.php(56): CodeIgniter\Boot::bootWeb(Object(Config\Paths))
CRITICAL - 2026-03-04 23:55:14 --> ErrorException: Undefined array key "shinsa_date_st"
[Method: POST, Route: admin/shinsa_revision]
in APPPATH\Helpers\Admin\shinsa_helper.php on line 21.
 1 APPPATH\Helpers\Admin\shinsa_helper.php(21): CodeIgniter\Debug\Exceptions->errorHandler(2, 'Undefined array key "shinsa_date_st"', 'C:\\xampp_htdocs\\kasugaikyudo\\production\\app\\Helpers\\Admin\\shinsa_helper.php', 21)
 2 APPPATH\Views\admin\shinsa\shinsa_regist.php(7): form_shinsa_detail([...], [...], [...], 10)
 3 SYSTEMPATH\View\View.php(234): include('C:\\xampp_htdocs\\kasugaikyudo\\production\\app\\Views\\admin\\shinsa\\shinsa_regist.php')
 4 SYSTEMPATH\View\View.php(237): CodeIgniter\View\View->CodeIgniter\View\{closure}()
 5 SYSTEMPATH\Common.php(1171): CodeIgniter\View\View->render('admin/shinsa/shinsa_regist', [], true)
 6 APPPATH\Controllers\Admin\AdminShinsa.php(84): view('admin/shinsa/shinsa_regist')
 7 SYSTEMPATH\CodeIgniter.php(933): App\Controllers\Admin\AdminShinsa->shinsa_revision()
 8 SYSTEMPATH\CodeIgniter.php(509): CodeIgniter\CodeIgniter->runController(Object(App\Controllers\Admin\AdminShinsa))
 9 SYSTEMPATH\CodeIgniter.php(355): CodeIgniter\CodeIgniter->handleRequest(null, Object(Config\Cache), false)
10 SYSTEMPATH\Boot.php(325): CodeIgniter\CodeIgniter->run()
11 SYSTEMPATH\Boot.php(67): CodeIgniter\Boot::runCodeIgniter(Object(CodeIgniter\CodeIgniter))
12 FCPATH\index.php(56): CodeIgniter\Boot::bootWeb(Object(Config\Paths))
CRITICAL - 2026-03-04 23:57:10 --> ErrorException: Undefined variable $taikaiDetail
[Method: POST, Route: admin/shinsa_revision]
in APPPATH\Helpers\Admin\shinsa_helper.php on line 44.
 1 APPPATH\Helpers\Admin\shinsa_helper.php(44): CodeIgniter\Debug\Exceptions->errorHandler(2, 'Undefined variable $taikaiDetail', 'C:\\xampp_htdocs\\kasugaikyudo\\production\\app\\Helpers\\Admin\\shinsa_helper.php', 44)
 2 APPPATH\Views\admin\shinsa\shinsa_regist.php(7): form_shinsa_detail([...], [...], [...], 10)
 3 SYSTEMPATH\View\View.php(234): include('C:\\xampp_htdocs\\kasugaikyudo\\production\\app\\Views\\admin\\shinsa\\shinsa_regist.php')
 4 SYSTEMPATH\View\View.php(237): CodeIgniter\View\View->CodeIgniter\View\{closure}()
 5 SYSTEMPATH\Common.php(1171): CodeIgniter\View\View->render('admin/shinsa/shinsa_regist', [], true)
 6 APPPATH\Controllers\Admin\AdminShinsa.php(84): view('admin/shinsa/shinsa_regist')
 7 SYSTEMPATH\CodeIgniter.php(933): App\Controllers\Admin\AdminShinsa->shinsa_revision()
 8 SYSTEMPATH\CodeIgniter.php(509): CodeIgniter\CodeIgniter->runController(Object(App\Controllers\Admin\AdminShinsa))
 9 SYSTEMPATH\CodeIgniter.php(355): CodeIgniter\CodeIgniter->handleRequest(null, Object(Config\Cache), false)
10 SYSTEMPATH\Boot.php(325): CodeIgniter\CodeIgniter->run()
11 SYSTEMPATH\Boot.php(67): CodeIgniter\Boot::runCodeIgniter(Object(CodeIgniter\CodeIgniter))
12 FCPATH\index.php(56): CodeIgniter\Boot::bootWeb(Object(Config\Paths))
