CRITICAL - 2025-11-17 22:45:44 --> ErrorException: Undefined array key "renmei_adjourning_flg"
[Method: GET, Route: shinsa/detail/6]
in APPPATH\Libraries\ShinsaLibrarie.php on line 64.
 1 APPPATH\Libraries\ShinsaLibrarie.php(64): CodeIgniter\Debug\Exceptions->errorHandler(2, 'Undefined array key "renmei_adjourning_flg"', 'C:\\xampp_htdocs\\kasugaikyudo\\production\\app\\Libraries\\ShinsaLibrarie.php', 64)
 2 APPPATH\Controllers\Shinsa.php(73): App\Libraries\ShinsaLibrarie->get_member_grade_data(65)
 3 SYSTEMPATH\CodeIgniter.php(933): App\Controllers\Shinsa->detail('6')
 4 SYSTEMPATH\CodeIgniter.php(509): CodeIgniter\CodeIgniter->runController(Object(App\Controllers\Shinsa))
 5 SYSTEMPATH\CodeIgniter.php(355): CodeIgniter\CodeIgniter->handleRequest(null, Object(Config\Cache), false)
 6 SYSTEMPATH\Boot.php(325): CodeIgniter\CodeIgniter->run()
 7 SYSTEMPATH\Boot.php(67): CodeIgniter\Boot::runCodeIgniter(Object(CodeIgniter\CodeIgniter))
 8 FCPATH\index.php(56): CodeIgniter\Boot::bootWeb(Object(Config\Paths))
CRITICAL - 2025-11-17 22:50:46 --> ErrorException: Undefined array key "renmei_adjourning_flg"
[Method: GET, Route: shinsa/detail/6]
in APPPATH\Libraries\ShinsaLibrarie.php on line 64.
 1 APPPATH\Libraries\ShinsaLibrarie.php(64): CodeIgniter\Debug\Exceptions->errorHandler(2, 'Undefined array key "renmei_adjourning_flg"', 'C:\\xampp_htdocs\\kasugaikyudo\\production\\app\\Libraries\\ShinsaLibrarie.php', 64)
 2 APPPATH\Controllers\Shinsa.php(73): App\Libraries\ShinsaLibrarie->get_member_grade_data(65)
 3 SYSTEMPATH\CodeIgniter.php(933): App\Controllers\Shinsa->detail('6')
 4 SYSTEMPATH\CodeIgniter.php(509): CodeIgniter\CodeIgniter->runController(Object(App\Controllers\Shinsa))
 5 SYSTEMPATH\CodeIgniter.php(355): CodeIgniter\CodeIgniter->handleRequest(null, Object(Config\Cache), false)
 6 SYSTEMPATH\Boot.php(325): CodeIgniter\CodeIgniter->run()
 7 SYSTEMPATH\Boot.php(67): CodeIgniter\Boot::runCodeIgniter(Object(CodeIgniter\CodeIgniter))
 8 FCPATH\index.php(56): CodeIgniter\Boot::bootWeb(Object(Config\Paths))
CRITICAL - 2025-11-17 22:54:15 --> ErrorException: Undefined array key "renmei_adjourning_flg"
[Method: GET, Route: shinsa/detail/6]
in APPPATH\Libraries\ShinsaLibrarie.php on line 64.
 1 APPPATH\Libraries\ShinsaLibrarie.php(64): CodeIgniter\Debug\Exceptions->errorHandler(2, 'Undefined array key "renmei_adjourning_flg"', 'C:\\xampp_htdocs\\kasugaikyudo\\production\\app\\Libraries\\ShinsaLibrarie.php', 64)
 2 APPPATH\Controllers\Shinsa.php(73): App\Libraries\ShinsaLibrarie->get_member_grade_data(65)
 3 SYSTEMPATH\CodeIgniter.php(933): App\Controllers\Shinsa->detail('6')
 4 SYSTEMPATH\CodeIgniter.php(509): CodeIgniter\CodeIgniter->runController(Object(App\Controllers\Shinsa))
 5 SYSTEMPATH\CodeIgniter.php(355): CodeIgniter\CodeIgniter->handleRequest(null, Object(Config\Cache), false)
 6 SYSTEMPATH\Boot.php(325): CodeIgniter\CodeIgniter->run()
 7 SYSTEMPATH\Boot.php(67): CodeIgniter\Boot::runCodeIgniter(Object(CodeIgniter\CodeIgniter))
 8 FCPATH\index.php(56): CodeIgniter\Boot::bootWeb(Object(Config\Paths))
