ERROR - 2026-03-23 21:59:32 --> mysqli_sql_exception: MySQL server has gone away in C:\xampp_htdocs\kasugaikyudo\production\system\Database\MySQLi\Connection.php:312
Stack trace:
#0 C:\xampp_htdocs\kasugaikyudo\production\system\Database\MySQLi\Connection.php(312): mysqli->query('\n\t\t\tSELECT\n\t\t\t\t...', 0)
#1 C:\xampp_htdocs\kasugaikyudo\production\system\Database\BaseConnection.php(734): CodeIgniter\Database\MySQLi\Connection->execute('\n\t\t\tSELECT\n\t\t\t\t...')
#2 C:\xampp_htdocs\kasugaikyudo\production\system\Database\BaseConnection.php(648): CodeIgniter\Database\BaseConnection->simpleQuery('\n\t\t\tSELECT\n\t\t\t\t...')
#3 C:\xampp_htdocs\kasugaikyudo\production\app\Models\BaseQueryModel.php(96): CodeIgniter\Database\BaseConnection->query('\n\t\t\tSELECT\n\t\t\t\t...', Array)
#4 C:\xampp_htdocs\kasugaikyudo\production\app\Models\ShinsaModel.php(151): App\Models\BaseQueryModel->get_first_row('\n\t\t\tSELECT\n\t\t\t\t...', Array, 'array')
#5 C:\xampp_htdocs\kasugaikyudo\production\app\Libraries\ShinsaLibrarie.php(74): App\Models\ShinsaModel->get_member_grade_data(65)
#6 C:\xampp_htdocs\kasugaikyudo\production\app\Controllers\Shinsa.php(89): App\Libraries\ShinsaLibrarie->get_member_grade_data(65)
#7 C:\xampp_htdocs\kasugaikyudo\production\system\CodeIgniter.php(933): App\Controllers\Shinsa->detail('33')
#8 C:\xampp_htdocs\kasugaikyudo\production\system\CodeIgniter.php(509): CodeIgniter\CodeIgniter->runController(Object(App\Controllers\Shinsa))
#9 C:\xampp_htdocs\kasugaikyudo\production\system\CodeIgniter.php(355): CodeIgniter\CodeIgniter->handleRequest(NULL, Object(Config\Cache), false)
#10 C:\xampp_htdocs\kasugaikyudo\production\system\Boot.php(325): CodeIgniter\CodeIgniter->run()
#11 C:\xampp_htdocs\kasugaikyudo\production\system\Boot.php(67): CodeIgniter\Boot::runCodeIgniter(Object(CodeIgniter\CodeIgniter))
#12 C:\xampp_htdocs\kasugaikyudo\production\index.php(56): CodeIgniter\Boot::bootWeb(Object(Config\Paths))
#13 {main}
CRITICAL - 2026-03-23 21:59:32 --> CodeIgniter\Database\Exceptions\DatabaseException: MySQL server has gone away
[Method: GET, Route: shinsa/detail/33]
in SYSTEMPATH\Database\BaseConnection.php on line 688.
 1 APPPATH\Models\BaseQueryModel.php(96): CodeIgniter\Database\BaseConnection->query('
			SELECT
				mem.kasugai_regist_flg
				,mem.kasugai_regist_date
                ,mem.renmei_adjourning_flg
				,mem.aiti_renmei_regist_flg	
				,mem.renmei_id
                ,hol.holder_name
				,mgh.holder_id
				,mgh.holder_acquired_day
                ,gre.grade_name
				,mgh.grade_id
				,mgh.grade_acquired_day
			FROM m_member mem
                LEFT JOIN t_member_grade_holder mgh ON
                	mgh.member_id = mem.member_id
                INNER JOIN m_holder hol ON
                	hol.holder_id = mgh.holder_id
                INNER JOIN m_grade gre ON
                	gre.grade_id = mgh.grade_id
			WHERE
				mem.member_id = :memberId: 
		', [...])
 2 APPPATH\Models\ShinsaModel.php(151): App\Models\BaseQueryModel->get_first_row('
			SELECT
				mem.kasugai_regist_flg
				,mem.kasugai_regist_date
                ,mem.renmei_adjourning_flg
				,mem.aiti_renmei_regist_flg	
				,mem.renmei_id
                ,hol.holder_name
				,mgh.holder_id
				,mgh.holder_acquired_day
                ,gre.grade_name
				,mgh.grade_id
				,mgh.grade_acquired_day
			FROM m_member mem
                LEFT JOIN t_member_grade_holder mgh ON
                	mgh.member_id = mem.member_id
                INNER JOIN m_holder hol ON
                	hol.holder_id = mgh.holder_id
                INNER JOIN m_grade gre ON
                	gre.grade_id = mgh.grade_id
			WHERE
				mem.member_id = :memberId: 
		', [...], 'array')
 3 APPPATH\Libraries\ShinsaLibrarie.php(74): App\Models\ShinsaModel->get_member_grade_data(65)
 4 APPPATH\Controllers\Shinsa.php(89): App\Libraries\ShinsaLibrarie->get_member_grade_data(65)
 5 SYSTEMPATH\CodeIgniter.php(933): App\Controllers\Shinsa->detail('33')
 6 SYSTEMPATH\CodeIgniter.php(509): CodeIgniter\CodeIgniter->runController(Object(App\Controllers\Shinsa))
 7 SYSTEMPATH\CodeIgniter.php(355): CodeIgniter\CodeIgniter->handleRequest(null, Object(Config\Cache), false)
 8 SYSTEMPATH\Boot.php(325): CodeIgniter\CodeIgniter->run()
 9 SYSTEMPATH\Boot.php(67): CodeIgniter\Boot::runCodeIgniter(Object(CodeIgniter\CodeIgniter))
10 FCPATH\index.php(56): CodeIgniter\Boot::bootWeb(Object(Config\Paths))
CRITICAL - 2026-03-23 21:59:32 --> [Caused by] CodeIgniter\Database\Exceptions\DatabaseException: MySQL server has gone away
in SYSTEMPATH\Database\MySQLi\Connection.php on line 317.
 1 SYSTEMPATH\Database\BaseConnection.php(734): CodeIgniter\Database\MySQLi\Connection->execute('
			SELECT
				mem.kasugai_regist_flg
				,mem.kasugai_regist_date
                ,mem.renmei_adjourning_flg
				,mem.aiti_renmei_regist_flg	
				,mem.renmei_id
                ,hol.holder_name
				,mgh.holder_id
				,mgh.holder_acquired_day
                ,gre.grade_name
				,mgh.grade_id
				,mgh.grade_acquired_day
			FROM m_member mem
                LEFT JOIN t_member_grade_holder mgh ON
                	mgh.member_id = mem.member_id
                INNER JOIN m_holder hol ON
                	hol.holder_id = mgh.holder_id
                INNER JOIN m_grade gre ON
                	gre.grade_id = mgh.grade_id
			WHERE
				mem.member_id = 65 
		')
 2 SYSTEMPATH\Database\BaseConnection.php(648): CodeIgniter\Database\BaseConnection->simpleQuery('
			SELECT
				mem.kasugai_regist_flg
				,mem.kasugai_regist_date
                ,mem.renmei_adjourning_flg
				,mem.aiti_renmei_regist_flg	
				,mem.renmei_id
                ,hol.holder_name
				,mgh.holder_id
				,mgh.holder_acquired_day
                ,gre.grade_name
				,mgh.grade_id
				,mgh.grade_acquired_day
			FROM m_member mem
                LEFT JOIN t_member_grade_holder mgh ON
                	mgh.member_id = mem.member_id
                INNER JOIN m_holder hol ON
                	hol.holder_id = mgh.holder_id
                INNER JOIN m_grade gre ON
                	gre.grade_id = mgh.grade_id
			WHERE
				mem.member_id = 65 
		')
 3 APPPATH\Models\BaseQueryModel.php(96): CodeIgniter\Database\BaseConnection->query('
			SELECT
				mem.kasugai_regist_flg
				,mem.kasugai_regist_date
                ,mem.renmei_adjourning_flg
				,mem.aiti_renmei_regist_flg	
				,mem.renmei_id
                ,hol.holder_name
				,mgh.holder_id
				,mgh.holder_acquired_day
                ,gre.grade_name
				,mgh.grade_id
				,mgh.grade_acquired_day
			FROM m_member mem
                LEFT JOIN t_member_grade_holder mgh ON
                	mgh.member_id = mem.member_id
                INNER JOIN m_holder hol ON
                	hol.holder_id = mgh.holder_id
                INNER JOIN m_grade gre ON
                	gre.grade_id = mgh.grade_id
			WHERE
				mem.member_id = :memberId: 
		', [...])
 4 APPPATH\Models\ShinsaModel.php(151): App\Models\BaseQueryModel->get_first_row('
			SELECT
				mem.kasugai_regist_flg
				,mem.kasugai_regist_date
                ,mem.renmei_adjourning_flg
				,mem.aiti_renmei_regist_flg	
				,mem.renmei_id
                ,hol.holder_name
				,mgh.holder_id
				,mgh.holder_acquired_day
                ,gre.grade_name
				,mgh.grade_id
				,mgh.grade_acquired_day
			FROM m_member mem
                LEFT JOIN t_member_grade_holder mgh ON
                	mgh.member_id = mem.member_id
                INNER JOIN m_holder hol ON
                	hol.holder_id = mgh.holder_id
                INNER JOIN m_grade gre ON
                	gre.grade_id = mgh.grade_id
			WHERE
				mem.member_id = :memberId: 
		', [...], 'array')
 5 APPPATH\Libraries\ShinsaLibrarie.php(74): App\Models\ShinsaModel->get_member_grade_data(65)
 6 APPPATH\Controllers\Shinsa.php(89): App\Libraries\ShinsaLibrarie->get_member_grade_data(65)
 7 SYSTEMPATH\CodeIgniter.php(933): App\Controllers\Shinsa->detail('33')
 8 SYSTEMPATH\CodeIgniter.php(509): CodeIgniter\CodeIgniter->runController(Object(App\Controllers\Shinsa))
 9 SYSTEMPATH\CodeIgniter.php(355): CodeIgniter\CodeIgniter->handleRequest(null, Object(Config\Cache), false)
10 SYSTEMPATH\Boot.php(325): CodeIgniter\CodeIgniter->run()
11 SYSTEMPATH\Boot.php(67): CodeIgniter\Boot::runCodeIgniter(Object(CodeIgniter\CodeIgniter))
12 FCPATH\index.php(56): CodeIgniter\Boot::bootWeb(Object(Config\Paths))
CRITICAL - 2026-03-23 21:59:32 --> [Caused by] mysqli_sql_exception: MySQL server has gone away
in SYSTEMPATH\Database\MySQLi\Connection.php on line 312.
 1 SYSTEMPATH\Database\MySQLi\Connection.php(312): mysqli->query('
			SELECT
				mem.kasugai_regist_flg
				,mem.kasugai_regist_date
                ,mem.renmei_adjourning_flg
				,mem.aiti_renmei_regist_flg	
				,mem.renmei_id
                ,hol.holder_name
				,mgh.holder_id
				,mgh.holder_acquired_day
                ,gre.grade_name
				,mgh.grade_id
				,mgh.grade_acquired_day
			FROM m_member mem
                LEFT JOIN t_member_grade_holder mgh ON
                	mgh.member_id = mem.member_id
                INNER JOIN m_holder hol ON
                	hol.holder_id = mgh.holder_id
                INNER JOIN m_grade gre ON
                	gre.grade_id = mgh.grade_id
			WHERE
				mem.member_id = 65 
		', 0)
 2 SYSTEMPATH\Database\BaseConnection.php(734): CodeIgniter\Database\MySQLi\Connection->execute('
			SELECT
				mem.kasugai_regist_flg
				,mem.kasugai_regist_date
                ,mem.renmei_adjourning_flg
				,mem.aiti_renmei_regist_flg	
				,mem.renmei_id
                ,hol.holder_name
				,mgh.holder_id
				,mgh.holder_acquired_day
                ,gre.grade_name
				,mgh.grade_id
				,mgh.grade_acquired_day
			FROM m_member mem
                LEFT JOIN t_member_grade_holder mgh ON
                	mgh.member_id = mem.member_id
                INNER JOIN m_holder hol ON
                	hol.holder_id = mgh.holder_id
                INNER JOIN m_grade gre ON
                	gre.grade_id = mgh.grade_id
			WHERE
				mem.member_id = 65 
		')
 3 SYSTEMPATH\Database\BaseConnection.php(648): CodeIgniter\Database\BaseConnection->simpleQuery('
			SELECT
				mem.kasugai_regist_flg
				,mem.kasugai_regist_date
                ,mem.renmei_adjourning_flg
				,mem.aiti_renmei_regist_flg	
				,mem.renmei_id
                ,hol.holder_name
				,mgh.holder_id
				,mgh.holder_acquired_day
                ,gre.grade_name
				,mgh.grade_id
				,mgh.grade_acquired_day
			FROM m_member mem
                LEFT JOIN t_member_grade_holder mgh ON
                	mgh.member_id = mem.member_id
                INNER JOIN m_holder hol ON
                	hol.holder_id = mgh.holder_id
                INNER JOIN m_grade gre ON
                	gre.grade_id = mgh.grade_id
			WHERE
				mem.member_id = 65 
		')
 4 APPPATH\Models\BaseQueryModel.php(96): CodeIgniter\Database\BaseConnection->query('
			SELECT
				mem.kasugai_regist_flg
				,mem.kasugai_regist_date
                ,mem.renmei_adjourning_flg
				,mem.aiti_renmei_regist_flg	
				,mem.renmei_id
                ,hol.holder_name
				,mgh.holder_id
				,mgh.holder_acquired_day
                ,gre.grade_name
				,mgh.grade_id
				,mgh.grade_acquired_day
			FROM m_member mem
                LEFT JOIN t_member_grade_holder mgh ON
                	mgh.member_id = mem.member_id
                INNER JOIN m_holder hol ON
                	hol.holder_id = mgh.holder_id
                INNER JOIN m_grade gre ON
                	gre.grade_id = mgh.grade_id
			WHERE
				mem.member_id = :memberId: 
		', [...])
 5 APPPATH\Models\ShinsaModel.php(151): App\Models\BaseQueryModel->get_first_row('
			SELECT
				mem.kasugai_regist_flg
				,mem.kasugai_regist_date
                ,mem.renmei_adjourning_flg
				,mem.aiti_renmei_regist_flg	
				,mem.renmei_id
                ,hol.holder_name
				,mgh.holder_id
				,mgh.holder_acquired_day
                ,gre.grade_name
				,mgh.grade_id
				,mgh.grade_acquired_day
			FROM m_member mem
                LEFT JOIN t_member_grade_holder mgh ON
                	mgh.member_id = mem.member_id
                INNER JOIN m_holder hol ON
                	hol.holder_id = mgh.holder_id
                INNER JOIN m_grade gre ON
                	gre.grade_id = mgh.grade_id
			WHERE
				mem.member_id = :memberId: 
		', [...], 'array')
 6 APPPATH\Libraries\ShinsaLibrarie.php(74): App\Models\ShinsaModel->get_member_grade_data(65)
 7 APPPATH\Controllers\Shinsa.php(89): App\Libraries\ShinsaLibrarie->get_member_grade_data(65)
 8 SYSTEMPATH\CodeIgniter.php(933): App\Controllers\Shinsa->detail('33')
 9 SYSTEMPATH\CodeIgniter.php(509): CodeIgniter\CodeIgniter->runController(Object(App\Controllers\Shinsa))
10 SYSTEMPATH\CodeIgniter.php(355): CodeIgniter\CodeIgniter->handleRequest(null, Object(Config\Cache), false)
11 SYSTEMPATH\Boot.php(325): CodeIgniter\CodeIgniter->run()
12 SYSTEMPATH\Boot.php(67): CodeIgniter\Boot::runCodeIgniter(Object(CodeIgniter\CodeIgniter))
13 FCPATH\index.php(56): CodeIgniter\Boot::bootWeb(Object(Config\Paths))
