ERROR - 2025-10-16 23:02:35 --> mysqli_sql_exception: Column count doesn't match value count at row 1 in C:\xampp_htdocs\kasugaikyudo\production\system\Database\MySQLi\Connection.php:312
Stack trace:
#0 C:\xampp_htdocs\kasugaikyudo\production\system\Database\MySQLi\Connection.php(312): mysqli->query('\n\t\t\tINSERT INTO...', 0)
#1 C:\xampp_htdocs\kasugaikyudo\production\system\Database\BaseConnection.php(734): CodeIgniter\Database\MySQLi\Connection->execute('\n\t\t\tINSERT INTO...')
#2 C:\xampp_htdocs\kasugaikyudo\production\system\Database\BaseConnection.php(648): CodeIgniter\Database\BaseConnection->simpleQuery('\n\t\t\tINSERT INTO...')
#3 C:\xampp_htdocs\kasugaikyudo\production\app\Models\BaseQueryModel.php(69): CodeIgniter\Database\BaseConnection->query('\n\t\t\tINSERT INTO...', Array)
#4 C:\xampp_htdocs\kasugaikyudo\production\app\Models\MemberModel.php(225): App\Models\BaseQueryModel->get_result_query('\n\t\t\tINSERT INTO...', Array)
#5 C:\xampp_htdocs\kasugaikyudo\production\app\Libraries\AdminLibrarie.php(114): App\Models\MemberModel->insert_member_data(Array, 0)
#6 C:\xampp_htdocs\kasugaikyudo\production\app\Controllers\Admin.php(858): App\Libraries\AdminLibrarie->member_regist_proc(Array, 0)
#7 C:\xampp_htdocs\kasugaikyudo\production\system\CodeIgniter.php(933): App\Controllers\Admin->ajax_member_regist_proc()
#8 C:\xampp_htdocs\kasugaikyudo\production\system\CodeIgniter.php(509): CodeIgniter\CodeIgniter->runController(Object(App\Controllers\Admin))
#9 C:\xampp_htdocs\kasugaikyudo\production\system\CodeIgniter.php(355): CodeIgniter\CodeIgniter->handleRequest(NULL, Object(Config\Cache), false)
#10 C:\xampp_htdocs\kasugaikyudo\production\system\Boot.php(325): CodeIgniter\CodeIgniter->run()
#11 C:\xampp_htdocs\kasugaikyudo\production\system\Boot.php(67): CodeIgniter\Boot::runCodeIgniter(Object(CodeIgniter\CodeIgniter))
#12 C:\xampp_htdocs\kasugaikyudo\production\index.php(56): CodeIgniter\Boot::bootWeb(Object(Config\Paths))
#13 {main}
CRITICAL - 2025-10-16 23:02:35 --> CodeIgniter\Database\Exceptions\DatabaseException: Column count doesn't match value count at row 1
[Method: POST, Route: admin/member_regist_proc]
in SYSTEMPATH\Database\BaseConnection.php on line 688.
 1 APPPATH\Models\BaseQueryModel.php(69): CodeIgniter\Database\BaseConnection->query('
			INSERT INTO m_member (
			    member_id,
				name_f,
				name_s,
				kana_f,
				kana_s,
				gender_cd,
				kasugai_regist_flg,
				kasugai_regist_date,
				renmei_adjourning_flg,
				aiti_renmei_regist_flg,
				renmei_id,
				notice_send_flg,
				mail_address,
				login_id,
				login_pw,
				created,
				modefied
			)
			VALUES(
				:nameF:,
				:nameS:,
				:kanaF:,
				:kanaS:,
				:genderCd:,
				:kasugaiRegistFlg:,
				:kasugaiRegistDate:,
				:renmeiAdjourningFlg:,
				:aitiRenmeiRegistFlg:,
				:renmeiId:,
				:noticeSendFlg:,
				:mailAddress:,
				:loginId:,
				:loginPw:,
				NOW(),
				NOW()
			)
		', [...])
 2 APPPATH\Models\MemberModel.php(225): App\Models\BaseQueryModel->get_result_query('
			INSERT INTO m_member (
			    member_id,
				name_f,
				name_s,
				kana_f,
				kana_s,
				gender_cd,
				kasugai_regist_flg,
				kasugai_regist_date,
				renmei_adjourning_flg,
				aiti_renmei_regist_flg,
				renmei_id,
				notice_send_flg,
				mail_address,
				login_id,
				login_pw,
				created,
				modefied
			)
			VALUES(
				:nameF:,
				:nameS:,
				:kanaF:,
				:kanaS:,
				:genderCd:,
				:kasugaiRegistFlg:,
				:kasugaiRegistDate:,
				:renmeiAdjourningFlg:,
				:aitiRenmeiRegistFlg:,
				:renmeiId:,
				:noticeSendFlg:,
				:mailAddress:,
				:loginId:,
				:loginPw:,
				NOW(),
				NOW()
			)
		', [...])
 3 APPPATH\Libraries\AdminLibrarie.php(114): App\Models\MemberModel->insert_member_data([...], 0)
 4 APPPATH\Controllers\Admin.php(858): App\Libraries\AdminLibrarie->member_regist_proc([...], 0)
 5 SYSTEMPATH\CodeIgniter.php(933): App\Controllers\Admin->ajax_member_regist_proc()
 6 SYSTEMPATH\CodeIgniter.php(509): CodeIgniter\CodeIgniter->runController(Object(App\Controllers\Admin))
 7 SYSTEMPATH\CodeIgniter.php(355): CodeIgniter\CodeIgniter->handleRequest(null, Object(Config\Cache), false)
 8 SYSTEMPATH\Boot.php(325): CodeIgniter\CodeIgniter->run()
 9 SYSTEMPATH\Boot.php(67): CodeIgniter\Boot::runCodeIgniter(Object(CodeIgniter\CodeIgniter))
10 FCPATH\index.php(56): CodeIgniter\Boot::bootWeb(Object(Config\Paths))
CRITICAL - 2025-10-16 23:02:35 --> [Caused by] CodeIgniter\Database\Exceptions\DatabaseException: Column count doesn't match value count at row 1
in SYSTEMPATH\Database\MySQLi\Connection.php on line 317.
 1 SYSTEMPATH\Database\BaseConnection.php(734): CodeIgniter\Database\MySQLi\Connection->execute('
			INSERT INTO m_member (
			    member_id,
				name_f,
				name_s,
				kana_f,
				kana_s,
				gender_cd,
				kasugai_regist_flg,
				kasugai_regist_date,
				renmei_adjourning_flg,
				aiti_renmei_regist_flg,
				renmei_id,
				notice_send_flg,
				mail_address,
				login_id,
				login_pw,
				created,
				modefied
			)
			VALUES(
				\'今井\',
				\'直之\',
				\'いまい\',
				\'なおゆき\',
				\'1\',
				\'1\',
				\'2025-10-16\',
				\'0\',
				\'1\',
				\'NULL\',
				\'1\',
				\'imai.0221@gmail.com\',
				\'NULL\',
				\'k-kyudo-2025\',
				NOW(),
				NOW()
			)
		')
 2 SYSTEMPATH\Database\BaseConnection.php(648): CodeIgniter\Database\BaseConnection->simpleQuery('
			INSERT INTO m_member (
			    member_id,
				name_f,
				name_s,
				kana_f,
				kana_s,
				gender_cd,
				kasugai_regist_flg,
				kasugai_regist_date,
				renmei_adjourning_flg,
				aiti_renmei_regist_flg,
				renmei_id,
				notice_send_flg,
				mail_address,
				login_id,
				login_pw,
				created,
				modefied
			)
			VALUES(
				\'今井\',
				\'直之\',
				\'いまい\',
				\'なおゆき\',
				\'1\',
				\'1\',
				\'2025-10-16\',
				\'0\',
				\'1\',
				\'NULL\',
				\'1\',
				\'imai.0221@gmail.com\',
				\'NULL\',
				\'k-kyudo-2025\',
				NOW(),
				NOW()
			)
		')
 3 APPPATH\Models\BaseQueryModel.php(69): CodeIgniter\Database\BaseConnection->query('
			INSERT INTO m_member (
			    member_id,
				name_f,
				name_s,
				kana_f,
				kana_s,
				gender_cd,
				kasugai_regist_flg,
				kasugai_regist_date,
				renmei_adjourning_flg,
				aiti_renmei_regist_flg,
				renmei_id,
				notice_send_flg,
				mail_address,
				login_id,
				login_pw,
				created,
				modefied
			)
			VALUES(
				:nameF:,
				:nameS:,
				:kanaF:,
				:kanaS:,
				:genderCd:,
				:kasugaiRegistFlg:,
				:kasugaiRegistDate:,
				:renmeiAdjourningFlg:,
				:aitiRenmeiRegistFlg:,
				:renmeiId:,
				:noticeSendFlg:,
				:mailAddress:,
				:loginId:,
				:loginPw:,
				NOW(),
				NOW()
			)
		', [...])
 4 APPPATH\Models\MemberModel.php(225): App\Models\BaseQueryModel->get_result_query('
			INSERT INTO m_member (
			    member_id,
				name_f,
				name_s,
				kana_f,
				kana_s,
				gender_cd,
				kasugai_regist_flg,
				kasugai_regist_date,
				renmei_adjourning_flg,
				aiti_renmei_regist_flg,
				renmei_id,
				notice_send_flg,
				mail_address,
				login_id,
				login_pw,
				created,
				modefied
			)
			VALUES(
				:nameF:,
				:nameS:,
				:kanaF:,
				:kanaS:,
				:genderCd:,
				:kasugaiRegistFlg:,
				:kasugaiRegistDate:,
				:renmeiAdjourningFlg:,
				:aitiRenmeiRegistFlg:,
				:renmeiId:,
				:noticeSendFlg:,
				:mailAddress:,
				:loginId:,
				:loginPw:,
				NOW(),
				NOW()
			)
		', [...])
 5 APPPATH\Libraries\AdminLibrarie.php(114): App\Models\MemberModel->insert_member_data([...], 0)
 6 APPPATH\Controllers\Admin.php(858): App\Libraries\AdminLibrarie->member_regist_proc([...], 0)
 7 SYSTEMPATH\CodeIgniter.php(933): App\Controllers\Admin->ajax_member_regist_proc()
 8 SYSTEMPATH\CodeIgniter.php(509): CodeIgniter\CodeIgniter->runController(Object(App\Controllers\Admin))
 9 SYSTEMPATH\CodeIgniter.php(355): CodeIgniter\CodeIgniter->handleRequest(null, Object(Config\Cache), false)
10 SYSTEMPATH\Boot.php(325): CodeIgniter\CodeIgniter->run()
11 SYSTEMPATH\Boot.php(67): CodeIgniter\Boot::runCodeIgniter(Object(CodeIgniter\CodeIgniter))
12 FCPATH\index.php(56): CodeIgniter\Boot::bootWeb(Object(Config\Paths))
CRITICAL - 2025-10-16 23:02:35 --> [Caused by] mysqli_sql_exception: Column count doesn't match value count at row 1
in SYSTEMPATH\Database\MySQLi\Connection.php on line 312.
 1 SYSTEMPATH\Database\MySQLi\Connection.php(312): mysqli->query('
			INSERT INTO m_member (
			    member_id,
				name_f,
				name_s,
				kana_f,
				kana_s,
				gender_cd,
				kasugai_regist_flg,
				kasugai_regist_date,
				renmei_adjourning_flg,
				aiti_renmei_regist_flg,
				renmei_id,
				notice_send_flg,
				mail_address,
				login_id,
				login_pw,
				created,
				modefied
			)
			VALUES(
				\'今井\',
				\'直之\',
				\'いまい\',
				\'なおゆき\',
				\'1\',
				\'1\',
				\'2025-10-16\',
				\'0\',
				\'1\',
				\'NULL\',
				\'1\',
				\'imai.0221@gmail.com\',
				\'NULL\',
				\'k-kyudo-2025\',
				NOW(),
				NOW()
			)
		', 0)
 2 SYSTEMPATH\Database\BaseConnection.php(734): CodeIgniter\Database\MySQLi\Connection->execute('
			INSERT INTO m_member (
			    member_id,
				name_f,
				name_s,
				kana_f,
				kana_s,
				gender_cd,
				kasugai_regist_flg,
				kasugai_regist_date,
				renmei_adjourning_flg,
				aiti_renmei_regist_flg,
				renmei_id,
				notice_send_flg,
				mail_address,
				login_id,
				login_pw,
				created,
				modefied
			)
			VALUES(
				\'今井\',
				\'直之\',
				\'いまい\',
				\'なおゆき\',
				\'1\',
				\'1\',
				\'2025-10-16\',
				\'0\',
				\'1\',
				\'NULL\',
				\'1\',
				\'imai.0221@gmail.com\',
				\'NULL\',
				\'k-kyudo-2025\',
				NOW(),
				NOW()
			)
		')
 3 SYSTEMPATH\Database\BaseConnection.php(648): CodeIgniter\Database\BaseConnection->simpleQuery('
			INSERT INTO m_member (
			    member_id,
				name_f,
				name_s,
				kana_f,
				kana_s,
				gender_cd,
				kasugai_regist_flg,
				kasugai_regist_date,
				renmei_adjourning_flg,
				aiti_renmei_regist_flg,
				renmei_id,
				notice_send_flg,
				mail_address,
				login_id,
				login_pw,
				created,
				modefied
			)
			VALUES(
				\'今井\',
				\'直之\',
				\'いまい\',
				\'なおゆき\',
				\'1\',
				\'1\',
				\'2025-10-16\',
				\'0\',
				\'1\',
				\'NULL\',
				\'1\',
				\'imai.0221@gmail.com\',
				\'NULL\',
				\'k-kyudo-2025\',
				NOW(),
				NOW()
			)
		')
 4 APPPATH\Models\BaseQueryModel.php(69): CodeIgniter\Database\BaseConnection->query('
			INSERT INTO m_member (
			    member_id,
				name_f,
				name_s,
				kana_f,
				kana_s,
				gender_cd,
				kasugai_regist_flg,
				kasugai_regist_date,
				renmei_adjourning_flg,
				aiti_renmei_regist_flg,
				renmei_id,
				notice_send_flg,
				mail_address,
				login_id,
				login_pw,
				created,
				modefied
			)
			VALUES(
				:nameF:,
				:nameS:,
				:kanaF:,
				:kanaS:,
				:genderCd:,
				:kasugaiRegistFlg:,
				:kasugaiRegistDate:,
				:renmeiAdjourningFlg:,
				:aitiRenmeiRegistFlg:,
				:renmeiId:,
				:noticeSendFlg:,
				:mailAddress:,
				:loginId:,
				:loginPw:,
				NOW(),
				NOW()
			)
		', [...])
 5 APPPATH\Models\MemberModel.php(225): App\Models\BaseQueryModel->get_result_query('
			INSERT INTO m_member (
			    member_id,
				name_f,
				name_s,
				kana_f,
				kana_s,
				gender_cd,
				kasugai_regist_flg,
				kasugai_regist_date,
				renmei_adjourning_flg,
				aiti_renmei_regist_flg,
				renmei_id,
				notice_send_flg,
				mail_address,
				login_id,
				login_pw,
				created,
				modefied
			)
			VALUES(
				:nameF:,
				:nameS:,
				:kanaF:,
				:kanaS:,
				:genderCd:,
				:kasugaiRegistFlg:,
				:kasugaiRegistDate:,
				:renmeiAdjourningFlg:,
				:aitiRenmeiRegistFlg:,
				:renmeiId:,
				:noticeSendFlg:,
				:mailAddress:,
				:loginId:,
				:loginPw:,
				NOW(),
				NOW()
			)
		', [...])
 6 APPPATH\Libraries\AdminLibrarie.php(114): App\Models\MemberModel->insert_member_data([...], 0)
 7 APPPATH\Controllers\Admin.php(858): App\Libraries\AdminLibrarie->member_regist_proc([...], 0)
 8 SYSTEMPATH\CodeIgniter.php(933): App\Controllers\Admin->ajax_member_regist_proc()
 9 SYSTEMPATH\CodeIgniter.php(509): CodeIgniter\CodeIgniter->runController(Object(App\Controllers\Admin))
10 SYSTEMPATH\CodeIgniter.php(355): CodeIgniter\CodeIgniter->handleRequest(null, Object(Config\Cache), false)
11 SYSTEMPATH\Boot.php(325): CodeIgniter\CodeIgniter->run()
12 SYSTEMPATH\Boot.php(67): CodeIgniter\Boot::runCodeIgniter(Object(CodeIgniter\CodeIgniter))
13 FCPATH\index.php(56): CodeIgniter\Boot::bootWeb(Object(Config\Paths))
CRITICAL - 2025-10-16 23:50:26 --> ErrorException: Undefined array key "holder_acquired_day"
[Method: POST, Route: admin/member_regist_conf]
in APPPATH\Helpers\admin_helper.php on line 437.
 1 APPPATH\Helpers\admin_helper.php(437): CodeIgniter\Debug\Exceptions->errorHandler(2, 'Undefined array key "holder_acquired_day"', 'C:\\xampp_htdocs\\kasugaikyudo\\production\\app\\Helpers\\admin_helper.php', 437)
 2 APPPATH\Controllers\Admin.php(810): member_regist_confirm([...], [...])
 3 SYSTEMPATH\CodeIgniter.php(933): App\Controllers\Admin->ajax_member_regist_conf()
 4 SYSTEMPATH\CodeIgniter.php(509): CodeIgniter\CodeIgniter->runController(Object(App\Controllers\Admin))
 5 SYSTEMPATH\CodeIgniter.php(355): CodeIgniter\CodeIgniter->handleRequest(null, Object(Config\Cache), false)
 6 SYSTEMPATH\Boot.php(325): CodeIgniter\CodeIgniter->run()
 7 SYSTEMPATH\Boot.php(67): CodeIgniter\Boot::runCodeIgniter(Object(CodeIgniter\CodeIgniter))
 8 FCPATH\index.php(56): CodeIgniter\Boot::bootWeb(Object(Config\Paths))
