CRITICAL - 2026-01-04 22:54:00 --> ErrorException: Undefined variable $shinsaDetail
[Method: GET, Route: seminar/detail/22]
in APPPATH\Helpers\seminar_helper.php on line 201.
 1 APPPATH\Helpers\seminar_helper.php(201): CodeIgniter\Debug\Exceptions->errorHandler(2, 'Undefined variable $shinsaDetail', 'C:\\xampp_htdocs\\kasugaikyudo\\production\\app\\Helpers\\seminar_helper.php', 201)
 2 APPPATH\Views\seminar\detail.php(5): get_seminar_detail_html([...])
 3 SYSTEMPATH\View\View.php(234): include('C:\\xampp_htdocs\\kasugaikyudo\\production\\app\\Views\\seminar\\detail.php')
 4 SYSTEMPATH\View\View.php(237): CodeIgniter\View\View->CodeIgniter\View\{closure}()
 5 SYSTEMPATH\Common.php(1171): CodeIgniter\View\View->render('seminar/detail', [], true)
 6 APPPATH\Controllers\Seminar.php(82): view('seminar/detail')
 7 SYSTEMPATH\CodeIgniter.php(933): App\Controllers\Seminar->detail('22')
 8 SYSTEMPATH\CodeIgniter.php(509): CodeIgniter\CodeIgniter->runController(Object(App\Controllers\Seminar))
 9 SYSTEMPATH\CodeIgniter.php(355): CodeIgniter\CodeIgniter->handleRequest(null, Object(Config\Cache), false)
10 SYSTEMPATH\Boot.php(325): CodeIgniter\CodeIgniter->run()
11 SYSTEMPATH\Boot.php(67): CodeIgniter\Boot::runCodeIgniter(Object(CodeIgniter\CodeIgniter))
12 FCPATH\index.php(56): CodeIgniter\Boot::bootWeb(Object(Config\Paths))
CRITICAL - 2026-01-04 22:55:48 --> ErrorException: Undefined array key "taikaiDocumentList"
[Method: GET, Route: taikai/detail/31]
in APPPATH\Helpers\taikai_helper.php on line 212.
 1 APPPATH\Helpers\taikai_helper.php(212): CodeIgniter\Debug\Exceptions->errorHandler(2, 'Undefined array key "taikaiDocumentList"', 'C:\\xampp_htdocs\\kasugaikyudo\\production\\app\\Helpers\\taikai_helper.php', 212)
 2 APPPATH\Views\taikai\detail.php(4): get_kasugai_taikai_detail_html([...])
 3 SYSTEMPATH\View\View.php(234): include('C:\\xampp_htdocs\\kasugaikyudo\\production\\app\\Views\\taikai\\detail.php')
 4 SYSTEMPATH\View\View.php(237): CodeIgniter\View\View->CodeIgniter\View\{closure}()
 5 SYSTEMPATH\Common.php(1171): CodeIgniter\View\View->render('taikai/detail', [], true)
 6 APPPATH\Controllers\Taikai.php(104): view('taikai/detail')
 7 SYSTEMPATH\CodeIgniter.php(933): App\Controllers\Taikai->detail('31')
 8 SYSTEMPATH\CodeIgniter.php(509): CodeIgniter\CodeIgniter->runController(Object(App\Controllers\Taikai))
 9 SYSTEMPATH\CodeIgniter.php(355): CodeIgniter\CodeIgniter->handleRequest(null, Object(Config\Cache), false)
10 SYSTEMPATH\Boot.php(325): CodeIgniter\CodeIgniter->run()
11 SYSTEMPATH\Boot.php(67): CodeIgniter\Boot::runCodeIgniter(Object(CodeIgniter\CodeIgniter))
12 FCPATH\index.php(56): CodeIgniter\Boot::bootWeb(Object(Config\Paths))
CRITICAL - 2026-01-04 22:56:16 --> ErrorException: Undefined array key "taikaiDocumentList"
[Method: GET, Route: taikai/detail/31]
in APPPATH\Helpers\taikai_helper.php on line 212.
 1 APPPATH\Helpers\taikai_helper.php(212): CodeIgniter\Debug\Exceptions->errorHandler(2, 'Undefined array key "taikaiDocumentList"', 'C:\\xampp_htdocs\\kasugaikyudo\\production\\app\\Helpers\\taikai_helper.php', 212)
 2 APPPATH\Views\taikai\detail.php(4): get_kasugai_taikai_detail_html([...])
 3 SYSTEMPATH\View\View.php(234): include('C:\\xampp_htdocs\\kasugaikyudo\\production\\app\\Views\\taikai\\detail.php')
 4 SYSTEMPATH\View\View.php(237): CodeIgniter\View\View->CodeIgniter\View\{closure}()
 5 SYSTEMPATH\Common.php(1171): CodeIgniter\View\View->render('taikai/detail', [], true)
 6 APPPATH\Controllers\Taikai.php(104): view('taikai/detail')
 7 SYSTEMPATH\CodeIgniter.php(933): App\Controllers\Taikai->detail('31')
 8 SYSTEMPATH\CodeIgniter.php(509): CodeIgniter\CodeIgniter->runController(Object(App\Controllers\Taikai))
 9 SYSTEMPATH\CodeIgniter.php(355): CodeIgniter\CodeIgniter->handleRequest(null, Object(Config\Cache), false)
10 SYSTEMPATH\Boot.php(325): CodeIgniter\CodeIgniter->run()
11 SYSTEMPATH\Boot.php(67): CodeIgniter\Boot::runCodeIgniter(Object(CodeIgniter\CodeIgniter))
12 FCPATH\index.php(56): CodeIgniter\Boot::bootWeb(Object(Config\Paths))
CRITICAL - 2026-01-04 23:01:33 --> ErrorException: Undefined array key "document_type_name"
[Method: GET, Route: kyokai/detail/25]
in APPPATH\Helpers\common_helper.php on line 93.
 1 APPPATH\Helpers\common_helper.php(93): CodeIgniter\Debug\Exceptions->errorHandler(2, 'Undefined array key "document_type_name"', 'C:\\xampp_htdocs\\kasugaikyudo\\production\\app\\Helpers\\common_helper.php', 93)
 2 APPPATH\Helpers\kyokai_helper.php(183): get_relation_document_html([...])
 3 APPPATH\Views\kyokai\detail.php(5): get_kyokai_event_detail_html([...])
 4 SYSTEMPATH\View\View.php(234): include('C:\\xampp_htdocs\\kasugaikyudo\\production\\app\\Views\\kyokai\\detail.php')
 5 SYSTEMPATH\View\View.php(237): CodeIgniter\View\View->CodeIgniter\View\{closure}()
 6 SYSTEMPATH\Common.php(1171): CodeIgniter\View\View->render('kyokai/detail', [], true)
 7 APPPATH\Controllers\Kyokai.php(87): view('kyokai/detail')
 8 SYSTEMPATH\CodeIgniter.php(933): App\Controllers\Kyokai->detail('25')
 9 SYSTEMPATH\CodeIgniter.php(509): CodeIgniter\CodeIgniter->runController(Object(App\Controllers\Kyokai))
10 SYSTEMPATH\CodeIgniter.php(355): CodeIgniter\CodeIgniter->handleRequest(null, Object(Config\Cache), false)
11 SYSTEMPATH\Boot.php(325): CodeIgniter\CodeIgniter->run()
12 SYSTEMPATH\Boot.php(67): CodeIgniter\Boot::runCodeIgniter(Object(CodeIgniter\CodeIgniter))
13 FCPATH\index.php(56): CodeIgniter\Boot::bootWeb(Object(Config\Paths))
ERROR - 2026-01-04 23:05:37 --> mysqli_sql_exception: You have an error in your SQL syntax; check the manual that corresponds to your MariaDB server version for the right syntax to use near '.document_type_name
			FROM 
            	t_document_event doc
              ...' at line 9 in C:\xampp_htdocs\kasugaikyudo\production\system\Database\MySQLi\Connection.php:312
Stack trace:
#0 C:\xampp_htdocs\kasugaikyudo\production\system\Database\MySQLi\Connection.php(312): mysqli->query('\n\t\t\tSELECT\n\t\t\t\t...', 0)
#1 C:\xampp_htdocs\kasugaikyudo\production\system\Database\BaseConnection.php(734): CodeIgniter\Database\MySQLi\Connection->execute('\n\t\t\tSELECT\n\t\t\t\t...')
#2 C:\xampp_htdocs\kasugaikyudo\production\system\Database\BaseConnection.php(648): CodeIgniter\Database\BaseConnection->simpleQuery('\n\t\t\tSELECT\n\t\t\t\t...')
#3 C:\xampp_htdocs\kasugaikyudo\production\app\Models\BaseQueryModel.php(75): CodeIgniter\Database\BaseConnection->query('\n\t\t\tSELECT\n\t\t\t\t...', Array)
#4 C:\xampp_htdocs\kasugaikyudo\production\app\Models\KyokaiModel.php(210): App\Models\BaseQueryModel->get_result_array('\n\t\t\tSELECT\n\t\t\t\t...', Array)
#5 C:\xampp_htdocs\kasugaikyudo\production\app\Libraries\KyokaiLibrarie.php(64): App\Models\KyokaiModel->get_event_document_list(25)
#6 C:\xampp_htdocs\kasugaikyudo\production\app\Controllers\Kyokai.php(66): App\Libraries\KyokaiLibrarie->get_event_detail(25, 65)
#7 C:\xampp_htdocs\kasugaikyudo\production\system\CodeIgniter.php(933): App\Controllers\Kyokai->detail('25')
#8 C:\xampp_htdocs\kasugaikyudo\production\system\CodeIgniter.php(509): CodeIgniter\CodeIgniter->runController(Object(App\Controllers\Kyokai))
#9 C:\xampp_htdocs\kasugaikyudo\production\system\CodeIgniter.php(355): CodeIgniter\CodeIgniter->handleRequest(NULL, Object(Config\Cache), false)
#10 C:\xampp_htdocs\kasugaikyudo\production\system\Boot.php(325): CodeIgniter\CodeIgniter->run()
#11 C:\xampp_htdocs\kasugaikyudo\production\system\Boot.php(67): CodeIgniter\Boot::runCodeIgniter(Object(CodeIgniter\CodeIgniter))
#12 C:\xampp_htdocs\kasugaikyudo\production\index.php(56): CodeIgniter\Boot::bootWeb(Object(Config\Paths))
#13 {main}
CRITICAL - 2026-01-04 23:05:37 --> CodeIgniter\Database\Exceptions\DatabaseException: You have an error in your SQL syntax; check the manual that corresponds to your MariaDB server version for the right syntax to use near '.document_type_name
			FROM 
            	t_document_event doc
              ...' at line 9
[Method: GET, Route: kyokai/detail/25]
in SYSTEMPATH\Database\BaseConnection.php on line 688.
 1 APPPATH\Models\BaseQueryModel.php(75): CodeIgniter\Database\BaseConnection->query('
			SELECT
				doc.document_id
				,doc.document_type_id
				,doc.document_name
				,doc.document_ext
				,doc.document_path
				,doc.created
				,doc.modefied
                mdt.document_type_name
			FROM 
            	t_document_event doc
                INNER JOIN m_document_type mdt ON
                    mdt.document_type_id = doc.document_type_id
            WHERE
				doc.event_id = :eventId:
			ORDER BY
				doc.document_id
		', [...])
 2 APPPATH\Models\KyokaiModel.php(210): App\Models\BaseQueryModel->get_result_array('
			SELECT
				doc.document_id
				,doc.document_type_id
				,doc.document_name
				,doc.document_ext
				,doc.document_path
				,doc.created
				,doc.modefied
                mdt.document_type_name
			FROM 
            	t_document_event doc
                INNER JOIN m_document_type mdt ON
                    mdt.document_type_id = doc.document_type_id
            WHERE
				doc.event_id = :eventId:
			ORDER BY
				doc.document_id
		', [...])
 3 APPPATH\Libraries\KyokaiLibrarie.php(64): App\Models\KyokaiModel->get_event_document_list(25)
 4 APPPATH\Controllers\Kyokai.php(66): App\Libraries\KyokaiLibrarie->get_event_detail(25, 65)
 5 SYSTEMPATH\CodeIgniter.php(933): App\Controllers\Kyokai->detail('25')
 6 SYSTEMPATH\CodeIgniter.php(509): CodeIgniter\CodeIgniter->runController(Object(App\Controllers\Kyokai))
 7 SYSTEMPATH\CodeIgniter.php(355): CodeIgniter\CodeIgniter->handleRequest(null, Object(Config\Cache), false)
 8 SYSTEMPATH\Boot.php(325): CodeIgniter\CodeIgniter->run()
 9 SYSTEMPATH\Boot.php(67): CodeIgniter\Boot::runCodeIgniter(Object(CodeIgniter\CodeIgniter))
10 FCPATH\index.php(56): CodeIgniter\Boot::bootWeb(Object(Config\Paths))
CRITICAL - 2026-01-04 23:05:37 --> [Caused by] CodeIgniter\Database\Exceptions\DatabaseException: You have an error in your SQL syntax; check the manual that corresponds to your MariaDB server version for the right syntax to use near '.document_type_name
			FROM 
            	t_document_event doc
              ...' at line 9
in SYSTEMPATH\Database\MySQLi\Connection.php on line 317.
 1 SYSTEMPATH\Database\BaseConnection.php(734): CodeIgniter\Database\MySQLi\Connection->execute('
			SELECT
				doc.document_id
				,doc.document_type_id
				,doc.document_name
				,doc.document_ext
				,doc.document_path
				,doc.created
				,doc.modefied
                mdt.document_type_name
			FROM 
            	t_document_event doc
                INNER JOIN m_document_type mdt ON
                    mdt.document_type_id = doc.document_type_id
            WHERE
				doc.event_id = 25
			ORDER BY
				doc.document_id
		')
 2 SYSTEMPATH\Database\BaseConnection.php(648): CodeIgniter\Database\BaseConnection->simpleQuery('
			SELECT
				doc.document_id
				,doc.document_type_id
				,doc.document_name
				,doc.document_ext
				,doc.document_path
				,doc.created
				,doc.modefied
                mdt.document_type_name
			FROM 
            	t_document_event doc
                INNER JOIN m_document_type mdt ON
                    mdt.document_type_id = doc.document_type_id
            WHERE
				doc.event_id = 25
			ORDER BY
				doc.document_id
		')
 3 APPPATH\Models\BaseQueryModel.php(75): CodeIgniter\Database\BaseConnection->query('
			SELECT
				doc.document_id
				,doc.document_type_id
				,doc.document_name
				,doc.document_ext
				,doc.document_path
				,doc.created
				,doc.modefied
                mdt.document_type_name
			FROM 
            	t_document_event doc
                INNER JOIN m_document_type mdt ON
                    mdt.document_type_id = doc.document_type_id
            WHERE
				doc.event_id = :eventId:
			ORDER BY
				doc.document_id
		', [...])
 4 APPPATH\Models\KyokaiModel.php(210): App\Models\BaseQueryModel->get_result_array('
			SELECT
				doc.document_id
				,doc.document_type_id
				,doc.document_name
				,doc.document_ext
				,doc.document_path
				,doc.created
				,doc.modefied
                mdt.document_type_name
			FROM 
            	t_document_event doc
                INNER JOIN m_document_type mdt ON
                    mdt.document_type_id = doc.document_type_id
            WHERE
				doc.event_id = :eventId:
			ORDER BY
				doc.document_id
		', [...])
 5 APPPATH\Libraries\KyokaiLibrarie.php(64): App\Models\KyokaiModel->get_event_document_list(25)
 6 APPPATH\Controllers\Kyokai.php(66): App\Libraries\KyokaiLibrarie->get_event_detail(25, 65)
 7 SYSTEMPATH\CodeIgniter.php(933): App\Controllers\Kyokai->detail('25')
 8 SYSTEMPATH\CodeIgniter.php(509): CodeIgniter\CodeIgniter->runController(Object(App\Controllers\Kyokai))
 9 SYSTEMPATH\CodeIgniter.php(355): CodeIgniter\CodeIgniter->handleRequest(null, Object(Config\Cache), false)
10 SYSTEMPATH\Boot.php(325): CodeIgniter\CodeIgniter->run()
11 SYSTEMPATH\Boot.php(67): CodeIgniter\Boot::runCodeIgniter(Object(CodeIgniter\CodeIgniter))
12 FCPATH\index.php(56): CodeIgniter\Boot::bootWeb(Object(Config\Paths))
CRITICAL - 2026-01-04 23:05:37 --> [Caused by] mysqli_sql_exception: You have an error in your SQL syntax; check the manual that corresponds to your MariaDB server version for the right syntax to use near '.document_type_name
			FROM 
            	t_document_event doc
              ...' at line 9
in SYSTEMPATH\Database\MySQLi\Connection.php on line 312.
 1 SYSTEMPATH\Database\MySQLi\Connection.php(312): mysqli->query('
			SELECT
				doc.document_id
				,doc.document_type_id
				,doc.document_name
				,doc.document_ext
				,doc.document_path
				,doc.created
				,doc.modefied
                mdt.document_type_name
			FROM 
            	t_document_event doc
                INNER JOIN m_document_type mdt ON
                    mdt.document_type_id = doc.document_type_id
            WHERE
				doc.event_id = 25
			ORDER BY
				doc.document_id
		', 0)
 2 SYSTEMPATH\Database\BaseConnection.php(734): CodeIgniter\Database\MySQLi\Connection->execute('
			SELECT
				doc.document_id
				,doc.document_type_id
				,doc.document_name
				,doc.document_ext
				,doc.document_path
				,doc.created
				,doc.modefied
                mdt.document_type_name
			FROM 
            	t_document_event doc
                INNER JOIN m_document_type mdt ON
                    mdt.document_type_id = doc.document_type_id
            WHERE
				doc.event_id = 25
			ORDER BY
				doc.document_id
		')
 3 SYSTEMPATH\Database\BaseConnection.php(648): CodeIgniter\Database\BaseConnection->simpleQuery('
			SELECT
				doc.document_id
				,doc.document_type_id
				,doc.document_name
				,doc.document_ext
				,doc.document_path
				,doc.created
				,doc.modefied
                mdt.document_type_name
			FROM 
            	t_document_event doc
                INNER JOIN m_document_type mdt ON
                    mdt.document_type_id = doc.document_type_id
            WHERE
				doc.event_id = 25
			ORDER BY
				doc.document_id
		')
 4 APPPATH\Models\BaseQueryModel.php(75): CodeIgniter\Database\BaseConnection->query('
			SELECT
				doc.document_id
				,doc.document_type_id
				,doc.document_name
				,doc.document_ext
				,doc.document_path
				,doc.created
				,doc.modefied
                mdt.document_type_name
			FROM 
            	t_document_event doc
                INNER JOIN m_document_type mdt ON
                    mdt.document_type_id = doc.document_type_id
            WHERE
				doc.event_id = :eventId:
			ORDER BY
				doc.document_id
		', [...])
 5 APPPATH\Models\KyokaiModel.php(210): App\Models\BaseQueryModel->get_result_array('
			SELECT
				doc.document_id
				,doc.document_type_id
				,doc.document_name
				,doc.document_ext
				,doc.document_path
				,doc.created
				,doc.modefied
                mdt.document_type_name
			FROM 
            	t_document_event doc
                INNER JOIN m_document_type mdt ON
                    mdt.document_type_id = doc.document_type_id
            WHERE
				doc.event_id = :eventId:
			ORDER BY
				doc.document_id
		', [...])
 6 APPPATH\Libraries\KyokaiLibrarie.php(64): App\Models\KyokaiModel->get_event_document_list(25)
 7 APPPATH\Controllers\Kyokai.php(66): App\Libraries\KyokaiLibrarie->get_event_detail(25, 65)
 8 SYSTEMPATH\CodeIgniter.php(933): App\Controllers\Kyokai->detail('25')
 9 SYSTEMPATH\CodeIgniter.php(509): CodeIgniter\CodeIgniter->runController(Object(App\Controllers\Kyokai))
10 SYSTEMPATH\CodeIgniter.php(355): CodeIgniter\CodeIgniter->handleRequest(null, Object(Config\Cache), false)
11 SYSTEMPATH\Boot.php(325): CodeIgniter\CodeIgniter->run()
12 SYSTEMPATH\Boot.php(67): CodeIgniter\Boot::runCodeIgniter(Object(CodeIgniter\CodeIgniter))
13 FCPATH\index.php(56): CodeIgniter\Boot::bootWeb(Object(Config\Paths))
CRITICAL - 2026-01-04 23:07:52 --> ErrorException: Undefined array key "document_list"
[Method: GET, Route: kyokai/detail/25]
in APPPATH\Helpers\kyokai_helper.php on line 183.
 1 APPPATH\Helpers\kyokai_helper.php(183): CodeIgniter\Debug\Exceptions->errorHandler(2, 'Undefined array key "document_list"', 'C:\\xampp_htdocs\\kasugaikyudo\\production\\app\\Helpers\\kyokai_helper.php', 183)
 2 APPPATH\Views\kyokai\detail.php(5): get_kyokai_event_detail_html([...])
 3 SYSTEMPATH\View\View.php(234): include('C:\\xampp_htdocs\\kasugaikyudo\\production\\app\\Views\\kyokai\\detail.php')
 4 SYSTEMPATH\View\View.php(237): CodeIgniter\View\View->CodeIgniter\View\{closure}()
 5 SYSTEMPATH\Common.php(1171): CodeIgniter\View\View->render('kyokai/detail', [], true)
 6 APPPATH\Controllers\Kyokai.php(87): view('kyokai/detail')
 7 SYSTEMPATH\CodeIgniter.php(933): App\Controllers\Kyokai->detail('25')
 8 SYSTEMPATH\CodeIgniter.php(509): CodeIgniter\CodeIgniter->runController(Object(App\Controllers\Kyokai))
 9 SYSTEMPATH\CodeIgniter.php(355): CodeIgniter\CodeIgniter->handleRequest(null, Object(Config\Cache), false)
10 SYSTEMPATH\Boot.php(325): CodeIgniter\CodeIgniter->run()
11 SYSTEMPATH\Boot.php(67): CodeIgniter\Boot::runCodeIgniter(Object(CodeIgniter\CodeIgniter))
12 FCPATH\index.php(56): CodeIgniter\Boot::bootWeb(Object(Config\Paths))
