ERROR - 2025-08-28 22:44:45 --> Email: sendWithMail throwed ErrorException: mail(): Failed to connect to mailserver at &quot;localhost&quot; port 25, verify your &quot;SMTP&quot; and &quot;smtp_port&quot; setting in php.ini or use ini_set() in C:\xampp_htdocs\kasugaikyudo\production\system\Email\Email.php:1762
Stack trace:
#0 [internal function]: CodeIgniter\Debug\Exceptions->errorHandler(2, 'mail(): Failed ...', 'C:\\xampp_htdocs...', 1762)
#1 C:\xampp_htdocs\kasugaikyudo\production\system\Email\Email.php(1762): mail('kasuyacco@iclou...', '=?UTF-8?Q?=E3=8...', '\xE5\xAF\xA9\xE6\x9F\xBB\xE7\x94\xB3\xE8\xBE\xBC\xE3\x81\x8C...', 'Date: Thu, 28 A...', '-f k.kyudo.xamp...')
#2 C:\xampp_htdocs\kasugaikyudo\production\system\Email\Email.php(1694): CodeIgniter\Email\Email->sendWithMail()
#3 C:\xampp_htdocs\kasugaikyudo\production\system\Email\Email.php(1589): CodeIgniter\Email\Email->spoolEmail()
#4 C:\xampp_htdocs\kasugaikyudo\production\app\Libraries\CommonLibrarie.php(49): CodeIgniter\Email\Email->send()
#5 C:\xampp_htdocs\kasugaikyudo\production\app\Libraries\ShinsaLibrarie.php(204): App\Libraries\CommonLibrarie->send_mail_proc(Array, Array, Array, '\xE3\x80\x90\xE5\xAF\xA9\xE6\x9F\xBB \xEF\xBC\x9A \xE7...', '\xE5\xAF\xA9\xE6\x9F\xBB\xE7\x94\xB3\xE8\xBE\xBC\xE3\x81\x8C...')
#6 C:\xampp_htdocs\kasugaikyudo\production\app\Controllers\Shinsa.php(145): App\Libraries\ShinsaLibrarie->shinsa_request_member(6, 7, Array, 'join')
#7 C:\xampp_htdocs\kasugaikyudo\production\system\CodeIgniter.php(933): App\Controllers\Shinsa->ajax_shinsa_request()
#8 C:\xampp_htdocs\kasugaikyudo\production\system\CodeIgniter.php(509): CodeIgniter\CodeIgniter->runController(Object(App\Controllers\Shinsa))
#9 C:\xampp_htdocs\kasugaikyudo\production\system\CodeIgniter.php(355): CodeIgniter\CodeIgniter->handleRequest(NULL, Object(Config\Cache), false)
#10 C:\xampp_htdocs\kasugaikyudo\production\system\Boot.php(325): CodeIgniter\CodeIgniter->run()
#11 C:\xampp_htdocs\kasugaikyudo\production\system\Boot.php(67): CodeIgniter\Boot::runCodeIgniter(Object(CodeIgniter\CodeIgniter))
#12 C:\xampp_htdocs\kasugaikyudo\production\index.php(56): CodeIgniter\Boot::bootWeb(Object(Config\Paths))
#13 {main}
ERROR - 2025-08-28 22:44:45 --> Email: Unable to send email using PHP mail(). Your server might not be configured to send mail using this method.
ERROR - 2025-08-28 22:44:45 --> 
CRITICAL - 2025-08-28 22:57:18 --> ErrorException: Undefined variable $shinsaDetail
[Method: GET, Route: taikai/detail/9]
in APPPATH\Controllers\Taikai.php on line 76.
 1 APPPATH\Controllers\Taikai.php(76): CodeIgniter\Debug\Exceptions->errorHandler(2, 'Undefined variable $shinsaDetail', 'C:\\xampp_htdocs\\kasugaikyudo\\production\\app\\Controllers\\Taikai.php', 76)
 2 SYSTEMPATH\CodeIgniter.php(933): App\Controllers\Taikai->detail('9')
 3 SYSTEMPATH\CodeIgniter.php(509): CodeIgniter\CodeIgniter->runController(Object(App\Controllers\Taikai))
 4 SYSTEMPATH\CodeIgniter.php(355): CodeIgniter\CodeIgniter->handleRequest(null, Object(Config\Cache), false)
 5 SYSTEMPATH\Boot.php(325): CodeIgniter\CodeIgniter->run()
 6 SYSTEMPATH\Boot.php(67): CodeIgniter\Boot::runCodeIgniter(Object(CodeIgniter\CodeIgniter))
 7 FCPATH\index.php(56): CodeIgniter\Boot::bootWeb(Object(Config\Paths))
CRITICAL - 2025-08-28 22:58:12 --> ErrorException: Undefined variable $shinsaDetail
[Method: GET, Route: taikai/detail/9]
in APPPATH\Controllers\Taikai.php on line 76.
 1 APPPATH\Controllers\Taikai.php(76): CodeIgniter\Debug\Exceptions->errorHandler(2, 'Undefined variable $shinsaDetail', 'C:\\xampp_htdocs\\kasugaikyudo\\production\\app\\Controllers\\Taikai.php', 76)
 2 SYSTEMPATH\CodeIgniter.php(933): App\Controllers\Taikai->detail('9')
 3 SYSTEMPATH\CodeIgniter.php(509): CodeIgniter\CodeIgniter->runController(Object(App\Controllers\Taikai))
 4 SYSTEMPATH\CodeIgniter.php(355): CodeIgniter\CodeIgniter->handleRequest(null, Object(Config\Cache), false)
 5 SYSTEMPATH\Boot.php(325): CodeIgniter\CodeIgniter->run()
 6 SYSTEMPATH\Boot.php(67): CodeIgniter\Boot::runCodeIgniter(Object(CodeIgniter\CodeIgniter))
 7 FCPATH\index.php(56): CodeIgniter\Boot::bootWeb(Object(Config\Paths))
CRITICAL - 2025-08-28 22:58:22 --> ErrorException: Undefined variable $officerFlg
[Method: GET, Route: taikai/detail/9]
in APPPATH\Views\taikai\detail_kasugai.php on line 8.
 1 APPPATH\Views\taikai\detail_kasugai.php(8): CodeIgniter\Debug\Exceptions->errorHandler(2, 'Undefined variable $officerFlg', 'C:\\xampp_htdocs\\kasugaikyudo\\production\\app\\Views\\taikai\\detail_kasugai.php', 8)
 2 SYSTEMPATH\View\View.php(234): include('C:\\xampp_htdocs\\kasugaikyudo\\production\\app\\Views\\taikai\\detail_kasugai.php')
 3 SYSTEMPATH\View\View.php(237): CodeIgniter\View\View->CodeIgniter\View\{closure}()
 4 SYSTEMPATH\Common.php(1171): CodeIgniter\View\View->render('taikai/detail_kasugai', [], true)
 5 APPPATH\Controllers\Taikai.php(94): view('taikai/detail_kasugai')
 6 SYSTEMPATH\CodeIgniter.php(933): App\Controllers\Taikai->detail('9')
 7 SYSTEMPATH\CodeIgniter.php(509): CodeIgniter\CodeIgniter->runController(Object(App\Controllers\Taikai))
 8 SYSTEMPATH\CodeIgniter.php(355): CodeIgniter\CodeIgniter->handleRequest(null, Object(Config\Cache), false)
 9 SYSTEMPATH\Boot.php(325): CodeIgniter\CodeIgniter->run()
10 SYSTEMPATH\Boot.php(67): CodeIgniter\Boot::runCodeIgniter(Object(CodeIgniter\CodeIgniter))
11 FCPATH\index.php(56): CodeIgniter\Boot::bootWeb(Object(Config\Paths))
CRITICAL - 2025-08-28 22:59:00 --> ErrorException: Undefined variable $officerFlg
[Method: GET, Route: taikai/detail/9]
in APPPATH\Views\taikai\detail_kasugai.php on line 8.
 1 APPPATH\Views\taikai\detail_kasugai.php(8): CodeIgniter\Debug\Exceptions->errorHandler(2, 'Undefined variable $officerFlg', 'C:\\xampp_htdocs\\kasugaikyudo\\production\\app\\Views\\taikai\\detail_kasugai.php', 8)
 2 SYSTEMPATH\View\View.php(234): include('C:\\xampp_htdocs\\kasugaikyudo\\production\\app\\Views\\taikai\\detail_kasugai.php')
 3 SYSTEMPATH\View\View.php(237): CodeIgniter\View\View->CodeIgniter\View\{closure}()
 4 SYSTEMPATH\Common.php(1171): CodeIgniter\View\View->render('taikai/detail_kasugai', [], true)
 5 APPPATH\Controllers\Taikai.php(95): view('taikai/detail_kasugai')
 6 SYSTEMPATH\CodeIgniter.php(933): App\Controllers\Taikai->detail('9')
 7 SYSTEMPATH\CodeIgniter.php(509): CodeIgniter\CodeIgniter->runController(Object(App\Controllers\Taikai))
 8 SYSTEMPATH\CodeIgniter.php(355): CodeIgniter\CodeIgniter->handleRequest(null, Object(Config\Cache), false)
 9 SYSTEMPATH\Boot.php(325): CodeIgniter\CodeIgniter->run()
10 SYSTEMPATH\Boot.php(67): CodeIgniter\Boot::runCodeIgniter(Object(CodeIgniter\CodeIgniter))
11 FCPATH\index.php(56): CodeIgniter\Boot::bootWeb(Object(Config\Paths))
CRITICAL - 2025-08-28 23:00:01 --> ErrorException: Undefined variable $officerFlg
[Method: GET, Route: taikai/detail/9]
in APPPATH\Views\taikai\detail_kasugai.php on line 8.
 1 APPPATH\Views\taikai\detail_kasugai.php(8): CodeIgniter\Debug\Exceptions->errorHandler(2, 'Undefined variable $officerFlg', 'C:\\xampp_htdocs\\kasugaikyudo\\production\\app\\Views\\taikai\\detail_kasugai.php', 8)
 2 SYSTEMPATH\View\View.php(234): include('C:\\xampp_htdocs\\kasugaikyudo\\production\\app\\Views\\taikai\\detail_kasugai.php')
 3 SYSTEMPATH\View\View.php(237): CodeIgniter\View\View->CodeIgniter\View\{closure}()
 4 SYSTEMPATH\Common.php(1171): CodeIgniter\View\View->render('taikai/detail_kasugai', [], true)
 5 APPPATH\Controllers\Taikai.php(95): view('taikai/detail_kasugai')
 6 SYSTEMPATH\CodeIgniter.php(933): App\Controllers\Taikai->detail('9')
 7 SYSTEMPATH\CodeIgniter.php(509): CodeIgniter\CodeIgniter->runController(Object(App\Controllers\Taikai))
 8 SYSTEMPATH\CodeIgniter.php(355): CodeIgniter\CodeIgniter->handleRequest(null, Object(Config\Cache), false)
 9 SYSTEMPATH\Boot.php(325): CodeIgniter\CodeIgniter->run()
10 SYSTEMPATH\Boot.php(67): CodeIgniter\Boot::runCodeIgniter(Object(CodeIgniter\CodeIgniter))
11 FCPATH\index.php(56): CodeIgniter\Boot::bootWeb(Object(Config\Paths))
CRITICAL - 2025-08-28 23:00:38 --> ErrorException: Undefined variable $officerFlg
[Method: GET, Route: taikai/detail/9]
in APPPATH\Views\taikai\detail_kasugai.php on line 8.
 1 APPPATH\Views\taikai\detail_kasugai.php(8): CodeIgniter\Debug\Exceptions->errorHandler(2, 'Undefined variable $officerFlg', 'C:\\xampp_htdocs\\kasugaikyudo\\production\\app\\Views\\taikai\\detail_kasugai.php', 8)
 2 SYSTEMPATH\View\View.php(234): include('C:\\xampp_htdocs\\kasugaikyudo\\production\\app\\Views\\taikai\\detail_kasugai.php')
 3 SYSTEMPATH\View\View.php(237): CodeIgniter\View\View->CodeIgniter\View\{closure}()
 4 SYSTEMPATH\Common.php(1171): CodeIgniter\View\View->render('taikai/detail_kasugai', [], true)
 5 APPPATH\Controllers\Taikai.php(95): view('taikai/detail_kasugai')
 6 SYSTEMPATH\CodeIgniter.php(933): App\Controllers\Taikai->detail('9')
 7 SYSTEMPATH\CodeIgniter.php(509): CodeIgniter\CodeIgniter->runController(Object(App\Controllers\Taikai))
 8 SYSTEMPATH\CodeIgniter.php(355): CodeIgniter\CodeIgniter->handleRequest(null, Object(Config\Cache), false)
 9 SYSTEMPATH\Boot.php(325): CodeIgniter\CodeIgniter->run()
10 SYSTEMPATH\Boot.php(67): CodeIgniter\Boot::runCodeIgniter(Object(CodeIgniter\CodeIgniter))
11 FCPATH\index.php(56): CodeIgniter\Boot::bootWeb(Object(Config\Paths))
CRITICAL - 2025-08-28 23:01:03 --> ErrorException: Undefined variable $officerFlg
[Method: GET, Route: taikai/detail/9]
in APPPATH\Views\taikai\detail_kasugai.php on line 8.
 1 APPPATH\Views\taikai\detail_kasugai.php(8): CodeIgniter\Debug\Exceptions->errorHandler(2, 'Undefined variable $officerFlg', 'C:\\xampp_htdocs\\kasugaikyudo\\production\\app\\Views\\taikai\\detail_kasugai.php', 8)
 2 SYSTEMPATH\View\View.php(234): include('C:\\xampp_htdocs\\kasugaikyudo\\production\\app\\Views\\taikai\\detail_kasugai.php')
 3 SYSTEMPATH\View\View.php(237): CodeIgniter\View\View->CodeIgniter\View\{closure}()
 4 SYSTEMPATH\Common.php(1171): CodeIgniter\View\View->render('taikai/detail_kasugai', [], true)
 5 APPPATH\Controllers\Taikai.php(95): view('taikai/detail_kasugai')
 6 SYSTEMPATH\CodeIgniter.php(933): App\Controllers\Taikai->detail('9')
 7 SYSTEMPATH\CodeIgniter.php(509): CodeIgniter\CodeIgniter->runController(Object(App\Controllers\Taikai))
 8 SYSTEMPATH\CodeIgniter.php(355): CodeIgniter\CodeIgniter->handleRequest(null, Object(Config\Cache), false)
 9 SYSTEMPATH\Boot.php(325): CodeIgniter\CodeIgniter->run()
10 SYSTEMPATH\Boot.php(67): CodeIgniter\Boot::runCodeIgniter(Object(CodeIgniter\CodeIgniter))
11 FCPATH\index.php(56): CodeIgniter\Boot::bootWeb(Object(Config\Paths))
CRITICAL - 2025-08-28 23:01:10 --> ErrorException: Undefined array key "numRows"
[Method: GET, Route: taikai/detail/9]
in APPPATH\Helpers\taikai_helper.php on line 202.
 1 APPPATH\Helpers\taikai_helper.php(202): CodeIgniter\Debug\Exceptions->errorHandler(2, 'Undefined array key "numRows"', 'C:\\xampp_htdocs\\kasugaikyudo\\production\\app\\Helpers\\taikai_helper.php', 202)
 2 APPPATH\Views\taikai\detail_kasugai.php(10): taikai_offer_member_list_html([])
 3 SYSTEMPATH\View\View.php(234): include('C:\\xampp_htdocs\\kasugaikyudo\\production\\app\\Views\\taikai\\detail_kasugai.php')
 4 SYSTEMPATH\View\View.php(237): CodeIgniter\View\View->CodeIgniter\View\{closure}()
 5 SYSTEMPATH\Common.php(1171): CodeIgniter\View\View->render('taikai/detail_kasugai', [], true)
 6 APPPATH\Controllers\Taikai.php(96): view('taikai/detail_kasugai')
 7 SYSTEMPATH\CodeIgniter.php(933): App\Controllers\Taikai->detail('9')
 8 SYSTEMPATH\CodeIgniter.php(509): CodeIgniter\CodeIgniter->runController(Object(App\Controllers\Taikai))
 9 SYSTEMPATH\CodeIgniter.php(355): CodeIgniter\CodeIgniter->handleRequest(null, Object(Config\Cache), false)
10 SYSTEMPATH\Boot.php(325): CodeIgniter\CodeIgniter->run()
11 SYSTEMPATH\Boot.php(67): CodeIgniter\Boot::runCodeIgniter(Object(CodeIgniter\CodeIgniter))
12 FCPATH\index.php(56): CodeIgniter\Boot::bootWeb(Object(Config\Paths))
CRITICAL - 2025-08-28 23:01:44 --> ErrorException: Undefined array key "numRows"
[Method: GET, Route: taikai/detail/9]
in APPPATH\Helpers\taikai_helper.php on line 202.
 1 APPPATH\Helpers\taikai_helper.php(202): CodeIgniter\Debug\Exceptions->errorHandler(2, 'Undefined array key "numRows"', 'C:\\xampp_htdocs\\kasugaikyudo\\production\\app\\Helpers\\taikai_helper.php', 202)
 2 APPPATH\Views\taikai\detail_kasugai.php(10): taikai_offer_member_list_html([])
 3 SYSTEMPATH\View\View.php(234): include('C:\\xampp_htdocs\\kasugaikyudo\\production\\app\\Views\\taikai\\detail_kasugai.php')
 4 SYSTEMPATH\View\View.php(237): CodeIgniter\View\View->CodeIgniter\View\{closure}()
 5 SYSTEMPATH\Common.php(1171): CodeIgniter\View\View->render('taikai/detail_kasugai', [], true)
 6 APPPATH\Controllers\Taikai.php(96): view('taikai/detail_kasugai')
 7 SYSTEMPATH\CodeIgniter.php(933): App\Controllers\Taikai->detail('9')
 8 SYSTEMPATH\CodeIgniter.php(509): CodeIgniter\CodeIgniter->runController(Object(App\Controllers\Taikai))
 9 SYSTEMPATH\CodeIgniter.php(355): CodeIgniter\CodeIgniter->handleRequest(null, Object(Config\Cache), false)
10 SYSTEMPATH\Boot.php(325): CodeIgniter\CodeIgniter->run()
11 SYSTEMPATH\Boot.php(67): CodeIgniter\Boot::runCodeIgniter(Object(CodeIgniter\CodeIgniter))
12 FCPATH\index.php(56): CodeIgniter\Boot::bootWeb(Object(Config\Paths))
