CRITICAL - 2026-01-14 22:49:48 --> ErrorException: Trying to access array offset on value of type int
[Method: POST, Route: admin/taikai_revision]
in APPPATH\Helpers\admin_helper.php on line 186.
 1 APPPATH\Helpers\admin_helper.php(186): CodeIgniter\Debug\Exceptions->errorHandler(2, 'Trying to access array offset on value of type int', 'C:\\xampp_htdocs\\kasugaikyudo\\production\\app\\Helpers\\admin_helper.php', 186)
 2 APPPATH\Helpers\Admin\taikai_helper.php(173): form_file_document('taikai-files', [...], 10)
 3 APPPATH\Views\admin\taikai\taikai_regist.php(7): form_taikai_detail([...], [...], [...], 10)
 4 SYSTEMPATH\View\View.php(234): include('C:\\xampp_htdocs\\kasugaikyudo\\production\\app\\Views\\admin\\taikai\\taikai_regist.php')
 5 SYSTEMPATH\View\View.php(237): CodeIgniter\View\View->CodeIgniter\View\{closure}()
 6 SYSTEMPATH\Common.php(1171): CodeIgniter\View\View->render('admin/taikai/taikai_regist', [], true)
 7 APPPATH\Controllers\Admin\AdminTaikai.php(82): view('admin/taikai/taikai_regist')
 8 SYSTEMPATH\CodeIgniter.php(933): App\Controllers\Admin\AdminTaikai->taikai_revision()
 9 SYSTEMPATH\CodeIgniter.php(509): CodeIgniter\CodeIgniter->runController(Object(App\Controllers\Admin\AdminTaikai))
10 SYSTEMPATH\CodeIgniter.php(355): CodeIgniter\CodeIgniter->handleRequest(null, Object(Config\Cache), false)
11 SYSTEMPATH\Boot.php(325): CodeIgniter\CodeIgniter->run()
12 SYSTEMPATH\Boot.php(67): CodeIgniter\Boot::runCodeIgniter(Object(CodeIgniter\CodeIgniter))
13 FCPATH\index.php(56): CodeIgniter\Boot::bootWeb(Object(Config\Paths))
CRITICAL - 2026-01-14 22:57:53 --> Error: Call to undefined function form_file_notice()
[Method: POST, Route: admin/notice_revision]
in APPPATH\Views\admin\notice\notice_regist.php on line 27.
 1 SYSTEMPATH\View\View.php(234): include()
 2 SYSTEMPATH\View\View.php(237): CodeIgniter\View\View->CodeIgniter\View\{closure}()
 3 SYSTEMPATH\Common.php(1171): CodeIgniter\View\View->render('admin/notice/notice_regist', [], true)
 4 APPPATH\Controllers\Admin\AdminNotice.php(139): view('admin/notice/notice_regist')
 5 SYSTEMPATH\CodeIgniter.php(933): App\Controllers\Admin\AdminNotice->notice_revision()
 6 SYSTEMPATH\CodeIgniter.php(509): CodeIgniter\CodeIgniter->runController(Object(App\Controllers\Admin\AdminNotice))
 7 SYSTEMPATH\CodeIgniter.php(355): CodeIgniter\CodeIgniter->handleRequest(null, Object(Config\Cache), false)
 8 SYSTEMPATH\Boot.php(325): CodeIgniter\CodeIgniter->run()
 9 SYSTEMPATH\Boot.php(67): CodeIgniter\Boot::runCodeIgniter(Object(CodeIgniter\CodeIgniter))
10 FCPATH\index.php(56): CodeIgniter\Boot::bootWeb(Object(Config\Paths))
CRITICAL - 2026-01-14 22:59:27 --> Error: Call to undefined function form_file_notice()
[Method: POST, Route: admin/notice_revision]
in APPPATH\Views\admin\notice\notice_regist.php on line 27.
 1 SYSTEMPATH\View\View.php(234): include()
 2 SYSTEMPATH\View\View.php(237): CodeIgniter\View\View->CodeIgniter\View\{closure}()
 3 SYSTEMPATH\Common.php(1171): CodeIgniter\View\View->render('admin/notice/notice_regist', [], true)
 4 APPPATH\Controllers\Admin\AdminNotice.php(139): view('admin/notice/notice_regist')
 5 SYSTEMPATH\CodeIgniter.php(933): App\Controllers\Admin\AdminNotice->notice_revision()
 6 SYSTEMPATH\CodeIgniter.php(509): CodeIgniter\CodeIgniter->runController(Object(App\Controllers\Admin\AdminNotice))
 7 SYSTEMPATH\CodeIgniter.php(355): CodeIgniter\CodeIgniter->handleRequest(null, Object(Config\Cache), false)
 8 SYSTEMPATH\Boot.php(325): CodeIgniter\CodeIgniter->run()
 9 SYSTEMPATH\Boot.php(67): CodeIgniter\Boot::runCodeIgniter(Object(CodeIgniter\CodeIgniter))
10 FCPATH\index.php(56): CodeIgniter\Boot::bootWeb(Object(Config\Paths))
CRITICAL - 2026-01-14 23:01:33 --> Error: Call to undefined function form_file_notice()
[Method: POST, Route: admin/notice_revision]
in APPPATH\Views\admin\notice\notice_regist.php on line 27.
 1 SYSTEMPATH\View\View.php(234): include()
 2 SYSTEMPATH\View\View.php(237): CodeIgniter\View\View->CodeIgniter\View\{closure}()
 3 SYSTEMPATH\Common.php(1171): CodeIgniter\View\View->render('admin/notice/notice_regist', [], true)
 4 APPPATH\Controllers\Admin\AdminNotice.php(139): view('admin/notice/notice_regist')
 5 SYSTEMPATH\CodeIgniter.php(933): App\Controllers\Admin\AdminNotice->notice_revision()
 6 SYSTEMPATH\CodeIgniter.php(509): CodeIgniter\CodeIgniter->runController(Object(App\Controllers\Admin\AdminNotice))
 7 SYSTEMPATH\CodeIgniter.php(355): CodeIgniter\CodeIgniter->handleRequest(null, Object(Config\Cache), false)
 8 SYSTEMPATH\Boot.php(325): CodeIgniter\CodeIgniter->run()
 9 SYSTEMPATH\Boot.php(67): CodeIgniter\Boot::runCodeIgniter(Object(CodeIgniter\CodeIgniter))
10 FCPATH\index.php(56): CodeIgniter\Boot::bootWeb(Object(Config\Paths))
CRITICAL - 2026-01-14 23:02:09 --> Error: Call to undefined function form_file_notice()
[Method: POST, Route: admin/notice_revision]
in APPPATH\Views\admin\notice\notice_regist.php on line 27.
 1 SYSTEMPATH\View\View.php(234): include()
 2 SYSTEMPATH\View\View.php(237): CodeIgniter\View\View->CodeIgniter\View\{closure}()
 3 SYSTEMPATH\Common.php(1171): CodeIgniter\View\View->render('admin/notice/notice_regist', [], true)
 4 APPPATH\Controllers\Admin\AdminNotice.php(139): view('admin/notice/notice_regist')
 5 SYSTEMPATH\CodeIgniter.php(933): App\Controllers\Admin\AdminNotice->notice_revision()
 6 SYSTEMPATH\CodeIgniter.php(509): CodeIgniter\CodeIgniter->runController(Object(App\Controllers\Admin\AdminNotice))
 7 SYSTEMPATH\CodeIgniter.php(355): CodeIgniter\CodeIgniter->handleRequest(null, Object(Config\Cache), false)
 8 SYSTEMPATH\Boot.php(325): CodeIgniter\CodeIgniter->run()
 9 SYSTEMPATH\Boot.php(67): CodeIgniter\Boot::runCodeIgniter(Object(CodeIgniter\CodeIgniter))
10 FCPATH\index.php(56): CodeIgniter\Boot::bootWeb(Object(Config\Paths))
