ERROR - 2025-11-15 16:02:23 --> mysqli_sql_exception: Unknown column 'hol.delete_flg' in 'where clause' in C:\xampp_htdocs\kasugaikyudo\production\system\Database\MySQLi\Connection.php:312
Stack trace:
#0 C:\xampp_htdocs\kasugaikyudo\production\system\Database\MySQLi\Connection.php(312): mysqli->query('\n\t\t\tSELECT\n\t\t\t\t...', 0)
#1 C:\xampp_htdocs\kasugaikyudo\production\system\Database\BaseConnection.php(734): CodeIgniter\Database\MySQLi\Connection->execute('\n\t\t\tSELECT\n\t\t\t\t...')
#2 C:\xampp_htdocs\kasugaikyudo\production\system\Database\BaseConnection.php(648): CodeIgniter\Database\BaseConnection->simpleQuery('\n\t\t\tSELECT\n\t\t\t\t...')
#3 C:\xampp_htdocs\kasugaikyudo\production\app\Models\BaseQueryModel.php(67): CodeIgniter\Database\BaseConnection->query('\n\t\t\tSELECT\n\t\t\t\t...', Array)
#4 C:\xampp_htdocs\kasugaikyudo\production\app\Models\ShinsaModel.php(38): App\Models\BaseQueryModel->get_result_array('\n\t\t\tSELECT\n\t\t\t\t...', Array)
#5 C:\xampp_htdocs\kasugaikyudo\production\app\Libraries\ShinsaLibrarie.php(28): App\Models\ShinsaModel->get_holder_list(0)
#6 C:\xampp_htdocs\kasugaikyudo\production\app\Controllers\Admin.php(981): App\Libraries\ShinsaLibrarie->get_holder_list(0)
#7 C:\xampp_htdocs\kasugaikyudo\production\system\CodeIgniter.php(933): App\Controllers\Admin->ajax_get_pass_grade_group()
#8 C:\xampp_htdocs\kasugaikyudo\production\system\CodeIgniter.php(509): CodeIgniter\CodeIgniter->runController(Object(App\Controllers\Admin))
#9 C:\xampp_htdocs\kasugaikyudo\production\system\CodeIgniter.php(355): CodeIgniter\CodeIgniter->handleRequest(NULL, Object(Config\Cache), false)
#10 C:\xampp_htdocs\kasugaikyudo\production\system\Boot.php(325): CodeIgniter\CodeIgniter->run()
#11 C:\xampp_htdocs\kasugaikyudo\production\system\Boot.php(67): CodeIgniter\Boot::runCodeIgniter(Object(CodeIgniter\CodeIgniter))
#12 C:\xampp_htdocs\kasugaikyudo\production\index.php(56): CodeIgniter\Boot::bootWeb(Object(Config\Paths))
#13 {main}
CRITICAL - 2025-11-15 16:02:23 --> CodeIgniter\Database\Exceptions\DatabaseException: Unknown column 'hol.delete_flg' in 'where clause'
[Method: POST, Route: admin/get_pass_grade_group]
in SYSTEMPATH\Database\BaseConnection.php on line 688.
 1 APPPATH\Models\BaseQueryModel.php(67): CodeIgniter\Database\BaseConnection->query('
			SELECT
				hol.holder_id,
				hol.holder_name
			FROM m_holder hol
			WHERE
				hol.holder_id = :holderId:
				AND hol.delete_flg = :deleteFlg:
			ORDER BY
				hol.order_no ASC
		', [...])
 2 APPPATH\Models\ShinsaModel.php(38): App\Models\BaseQueryModel->get_result_array('
			SELECT
				hol.holder_id,
				hol.holder_name
			FROM m_holder hol
			WHERE
				hol.holder_id = :holderId:
				AND hol.delete_flg = :deleteFlg:
			ORDER BY
				hol.order_no ASC
		', [...])
 3 APPPATH\Libraries\ShinsaLibrarie.php(28): App\Models\ShinsaModel->get_holder_list(0)
 4 APPPATH\Controllers\Admin.php(981): App\Libraries\ShinsaLibrarie->get_holder_list(0)
 5 SYSTEMPATH\CodeIgniter.php(933): App\Controllers\Admin->ajax_get_pass_grade_group()
 6 SYSTEMPATH\CodeIgniter.php(509): CodeIgniter\CodeIgniter->runController(Object(App\Controllers\Admin))
 7 SYSTEMPATH\CodeIgniter.php(355): CodeIgniter\CodeIgniter->handleRequest(null, Object(Config\Cache), false)
 8 SYSTEMPATH\Boot.php(325): CodeIgniter\CodeIgniter->run()
 9 SYSTEMPATH\Boot.php(67): CodeIgniter\Boot::runCodeIgniter(Object(CodeIgniter\CodeIgniter))
10 FCPATH\index.php(56): CodeIgniter\Boot::bootWeb(Object(Config\Paths))
CRITICAL - 2025-11-15 16:02:23 --> [Caused by] CodeIgniter\Database\Exceptions\DatabaseException: Unknown column 'hol.delete_flg' in 'where clause'
in SYSTEMPATH\Database\MySQLi\Connection.php on line 317.
 1 SYSTEMPATH\Database\BaseConnection.php(734): CodeIgniter\Database\MySQLi\Connection->execute('
			SELECT
				hol.holder_id,
				hol.holder_name
			FROM m_holder hol
			WHERE
				hol.holder_id = 0
				AND hol.delete_flg = \'0\'
			ORDER BY
				hol.order_no ASC
		')
 2 SYSTEMPATH\Database\BaseConnection.php(648): CodeIgniter\Database\BaseConnection->simpleQuery('
			SELECT
				hol.holder_id,
				hol.holder_name
			FROM m_holder hol
			WHERE
				hol.holder_id = 0
				AND hol.delete_flg = \'0\'
			ORDER BY
				hol.order_no ASC
		')
 3 APPPATH\Models\BaseQueryModel.php(67): CodeIgniter\Database\BaseConnection->query('
			SELECT
				hol.holder_id,
				hol.holder_name
			FROM m_holder hol
			WHERE
				hol.holder_id = :holderId:
				AND hol.delete_flg = :deleteFlg:
			ORDER BY
				hol.order_no ASC
		', [...])
 4 APPPATH\Models\ShinsaModel.php(38): App\Models\BaseQueryModel->get_result_array('
			SELECT
				hol.holder_id,
				hol.holder_name
			FROM m_holder hol
			WHERE
				hol.holder_id = :holderId:
				AND hol.delete_flg = :deleteFlg:
			ORDER BY
				hol.order_no ASC
		', [...])
 5 APPPATH\Libraries\ShinsaLibrarie.php(28): App\Models\ShinsaModel->get_holder_list(0)
 6 APPPATH\Controllers\Admin.php(981): App\Libraries\ShinsaLibrarie->get_holder_list(0)
 7 SYSTEMPATH\CodeIgniter.php(933): App\Controllers\Admin->ajax_get_pass_grade_group()
 8 SYSTEMPATH\CodeIgniter.php(509): CodeIgniter\CodeIgniter->runController(Object(App\Controllers\Admin))
 9 SYSTEMPATH\CodeIgniter.php(355): CodeIgniter\CodeIgniter->handleRequest(null, Object(Config\Cache), false)
10 SYSTEMPATH\Boot.php(325): CodeIgniter\CodeIgniter->run()
11 SYSTEMPATH\Boot.php(67): CodeIgniter\Boot::runCodeIgniter(Object(CodeIgniter\CodeIgniter))
12 FCPATH\index.php(56): CodeIgniter\Boot::bootWeb(Object(Config\Paths))
CRITICAL - 2025-11-15 16:02:23 --> [Caused by] mysqli_sql_exception: Unknown column 'hol.delete_flg' in 'where clause'
in SYSTEMPATH\Database\MySQLi\Connection.php on line 312.
 1 SYSTEMPATH\Database\MySQLi\Connection.php(312): mysqli->query('
			SELECT
				hol.holder_id,
				hol.holder_name
			FROM m_holder hol
			WHERE
				hol.holder_id = 0
				AND hol.delete_flg = \'0\'
			ORDER BY
				hol.order_no ASC
		', 0)
 2 SYSTEMPATH\Database\BaseConnection.php(734): CodeIgniter\Database\MySQLi\Connection->execute('
			SELECT
				hol.holder_id,
				hol.holder_name
			FROM m_holder hol
			WHERE
				hol.holder_id = 0
				AND hol.delete_flg = \'0\'
			ORDER BY
				hol.order_no ASC
		')
 3 SYSTEMPATH\Database\BaseConnection.php(648): CodeIgniter\Database\BaseConnection->simpleQuery('
			SELECT
				hol.holder_id,
				hol.holder_name
			FROM m_holder hol
			WHERE
				hol.holder_id = 0
				AND hol.delete_flg = \'0\'
			ORDER BY
				hol.order_no ASC
		')
 4 APPPATH\Models\BaseQueryModel.php(67): CodeIgniter\Database\BaseConnection->query('
			SELECT
				hol.holder_id,
				hol.holder_name
			FROM m_holder hol
			WHERE
				hol.holder_id = :holderId:
				AND hol.delete_flg = :deleteFlg:
			ORDER BY
				hol.order_no ASC
		', [...])
 5 APPPATH\Models\ShinsaModel.php(38): App\Models\BaseQueryModel->get_result_array('
			SELECT
				hol.holder_id,
				hol.holder_name
			FROM m_holder hol
			WHERE
				hol.holder_id = :holderId:
				AND hol.delete_flg = :deleteFlg:
			ORDER BY
				hol.order_no ASC
		', [...])
 6 APPPATH\Libraries\ShinsaLibrarie.php(28): App\Models\ShinsaModel->get_holder_list(0)
 7 APPPATH\Controllers\Admin.php(981): App\Libraries\ShinsaLibrarie->get_holder_list(0)
 8 SYSTEMPATH\CodeIgniter.php(933): App\Controllers\Admin->ajax_get_pass_grade_group()
 9 SYSTEMPATH\CodeIgniter.php(509): CodeIgniter\CodeIgniter->runController(Object(App\Controllers\Admin))
10 SYSTEMPATH\CodeIgniter.php(355): CodeIgniter\CodeIgniter->handleRequest(null, Object(Config\Cache), false)
11 SYSTEMPATH\Boot.php(325): CodeIgniter\CodeIgniter->run()
12 SYSTEMPATH\Boot.php(67): CodeIgniter\Boot::runCodeIgniter(Object(CodeIgniter\CodeIgniter))
13 FCPATH\index.php(56): CodeIgniter\Boot::bootWeb(Object(Config\Paths))
ERROR - 2025-11-15 16:02:31 --> mysqli_sql_exception: Unknown column 'hol.delete_flg' in 'where clause' in C:\xampp_htdocs\kasugaikyudo\production\system\Database\MySQLi\Connection.php:312
Stack trace:
#0 C:\xampp_htdocs\kasugaikyudo\production\system\Database\MySQLi\Connection.php(312): mysqli->query('\n\t\t\tSELECT\n\t\t\t\t...', 0)
#1 C:\xampp_htdocs\kasugaikyudo\production\system\Database\BaseConnection.php(734): CodeIgniter\Database\MySQLi\Connection->execute('\n\t\t\tSELECT\n\t\t\t\t...')
#2 C:\xampp_htdocs\kasugaikyudo\production\system\Database\BaseConnection.php(648): CodeIgniter\Database\BaseConnection->simpleQuery('\n\t\t\tSELECT\n\t\t\t\t...')
#3 C:\xampp_htdocs\kasugaikyudo\production\app\Models\BaseQueryModel.php(67): CodeIgniter\Database\BaseConnection->query('\n\t\t\tSELECT\n\t\t\t\t...', Array)
#4 C:\xampp_htdocs\kasugaikyudo\production\app\Models\ShinsaModel.php(38): App\Models\BaseQueryModel->get_result_array('\n\t\t\tSELECT\n\t\t\t\t...', Array)
#5 C:\xampp_htdocs\kasugaikyudo\production\app\Libraries\ShinsaLibrarie.php(28): App\Models\ShinsaModel->get_holder_list(0)
#6 C:\xampp_htdocs\kasugaikyudo\production\app\Controllers\Admin.php(981): App\Libraries\ShinsaLibrarie->get_holder_list(0)
#7 C:\xampp_htdocs\kasugaikyudo\production\system\CodeIgniter.php(933): App\Controllers\Admin->ajax_get_pass_grade_group()
#8 C:\xampp_htdocs\kasugaikyudo\production\system\CodeIgniter.php(509): CodeIgniter\CodeIgniter->runController(Object(App\Controllers\Admin))
#9 C:\xampp_htdocs\kasugaikyudo\production\system\CodeIgniter.php(355): CodeIgniter\CodeIgniter->handleRequest(NULL, Object(Config\Cache), false)
#10 C:\xampp_htdocs\kasugaikyudo\production\system\Boot.php(325): CodeIgniter\CodeIgniter->run()
#11 C:\xampp_htdocs\kasugaikyudo\production\system\Boot.php(67): CodeIgniter\Boot::runCodeIgniter(Object(CodeIgniter\CodeIgniter))
#12 C:\xampp_htdocs\kasugaikyudo\production\index.php(56): CodeIgniter\Boot::bootWeb(Object(Config\Paths))
#13 {main}
CRITICAL - 2025-11-15 16:02:31 --> CodeIgniter\Database\Exceptions\DatabaseException: Unknown column 'hol.delete_flg' in 'where clause'
[Method: POST, Route: admin/get_pass_grade_group]
in SYSTEMPATH\Database\BaseConnection.php on line 688.
 1 APPPATH\Models\BaseQueryModel.php(67): CodeIgniter\Database\BaseConnection->query('
			SELECT
				hol.holder_id,
				hol.holder_name
			FROM m_holder hol
			WHERE
				hol.holder_id = :holderId:
				AND hol.delete_flg = :deleteFlg:
			ORDER BY
				hol.order_no ASC
		', [...])
 2 APPPATH\Models\ShinsaModel.php(38): App\Models\BaseQueryModel->get_result_array('
			SELECT
				hol.holder_id,
				hol.holder_name
			FROM m_holder hol
			WHERE
				hol.holder_id = :holderId:
				AND hol.delete_flg = :deleteFlg:
			ORDER BY
				hol.order_no ASC
		', [...])
 3 APPPATH\Libraries\ShinsaLibrarie.php(28): App\Models\ShinsaModel->get_holder_list(0)
 4 APPPATH\Controllers\Admin.php(981): App\Libraries\ShinsaLibrarie->get_holder_list(0)
 5 SYSTEMPATH\CodeIgniter.php(933): App\Controllers\Admin->ajax_get_pass_grade_group()
 6 SYSTEMPATH\CodeIgniter.php(509): CodeIgniter\CodeIgniter->runController(Object(App\Controllers\Admin))
 7 SYSTEMPATH\CodeIgniter.php(355): CodeIgniter\CodeIgniter->handleRequest(null, Object(Config\Cache), false)
 8 SYSTEMPATH\Boot.php(325): CodeIgniter\CodeIgniter->run()
 9 SYSTEMPATH\Boot.php(67): CodeIgniter\Boot::runCodeIgniter(Object(CodeIgniter\CodeIgniter))
10 FCPATH\index.php(56): CodeIgniter\Boot::bootWeb(Object(Config\Paths))
CRITICAL - 2025-11-15 16:02:31 --> [Caused by] CodeIgniter\Database\Exceptions\DatabaseException: Unknown column 'hol.delete_flg' in 'where clause'
in SYSTEMPATH\Database\MySQLi\Connection.php on line 317.
 1 SYSTEMPATH\Database\BaseConnection.php(734): CodeIgniter\Database\MySQLi\Connection->execute('
			SELECT
				hol.holder_id,
				hol.holder_name
			FROM m_holder hol
			WHERE
				hol.holder_id = 0
				AND hol.delete_flg = \'0\'
			ORDER BY
				hol.order_no ASC
		')
 2 SYSTEMPATH\Database\BaseConnection.php(648): CodeIgniter\Database\BaseConnection->simpleQuery('
			SELECT
				hol.holder_id,
				hol.holder_name
			FROM m_holder hol
			WHERE
				hol.holder_id = 0
				AND hol.delete_flg = \'0\'
			ORDER BY
				hol.order_no ASC
		')
 3 APPPATH\Models\BaseQueryModel.php(67): CodeIgniter\Database\BaseConnection->query('
			SELECT
				hol.holder_id,
				hol.holder_name
			FROM m_holder hol
			WHERE
				hol.holder_id = :holderId:
				AND hol.delete_flg = :deleteFlg:
			ORDER BY
				hol.order_no ASC
		', [...])
 4 APPPATH\Models\ShinsaModel.php(38): App\Models\BaseQueryModel->get_result_array('
			SELECT
				hol.holder_id,
				hol.holder_name
			FROM m_holder hol
			WHERE
				hol.holder_id = :holderId:
				AND hol.delete_flg = :deleteFlg:
			ORDER BY
				hol.order_no ASC
		', [...])
 5 APPPATH\Libraries\ShinsaLibrarie.php(28): App\Models\ShinsaModel->get_holder_list(0)
 6 APPPATH\Controllers\Admin.php(981): App\Libraries\ShinsaLibrarie->get_holder_list(0)
 7 SYSTEMPATH\CodeIgniter.php(933): App\Controllers\Admin->ajax_get_pass_grade_group()
 8 SYSTEMPATH\CodeIgniter.php(509): CodeIgniter\CodeIgniter->runController(Object(App\Controllers\Admin))
 9 SYSTEMPATH\CodeIgniter.php(355): CodeIgniter\CodeIgniter->handleRequest(null, Object(Config\Cache), false)
10 SYSTEMPATH\Boot.php(325): CodeIgniter\CodeIgniter->run()
11 SYSTEMPATH\Boot.php(67): CodeIgniter\Boot::runCodeIgniter(Object(CodeIgniter\CodeIgniter))
12 FCPATH\index.php(56): CodeIgniter\Boot::bootWeb(Object(Config\Paths))
CRITICAL - 2025-11-15 16:02:31 --> [Caused by] mysqli_sql_exception: Unknown column 'hol.delete_flg' in 'where clause'
in SYSTEMPATH\Database\MySQLi\Connection.php on line 312.
 1 SYSTEMPATH\Database\MySQLi\Connection.php(312): mysqli->query('
			SELECT
				hol.holder_id,
				hol.holder_name
			FROM m_holder hol
			WHERE
				hol.holder_id = 0
				AND hol.delete_flg = \'0\'
			ORDER BY
				hol.order_no ASC
		', 0)
 2 SYSTEMPATH\Database\BaseConnection.php(734): CodeIgniter\Database\MySQLi\Connection->execute('
			SELECT
				hol.holder_id,
				hol.holder_name
			FROM m_holder hol
			WHERE
				hol.holder_id = 0
				AND hol.delete_flg = \'0\'
			ORDER BY
				hol.order_no ASC
		')
 3 SYSTEMPATH\Database\BaseConnection.php(648): CodeIgniter\Database\BaseConnection->simpleQuery('
			SELECT
				hol.holder_id,
				hol.holder_name
			FROM m_holder hol
			WHERE
				hol.holder_id = 0
				AND hol.delete_flg = \'0\'
			ORDER BY
				hol.order_no ASC
		')
 4 APPPATH\Models\BaseQueryModel.php(67): CodeIgniter\Database\BaseConnection->query('
			SELECT
				hol.holder_id,
				hol.holder_name
			FROM m_holder hol
			WHERE
				hol.holder_id = :holderId:
				AND hol.delete_flg = :deleteFlg:
			ORDER BY
				hol.order_no ASC
		', [...])
 5 APPPATH\Models\ShinsaModel.php(38): App\Models\BaseQueryModel->get_result_array('
			SELECT
				hol.holder_id,
				hol.holder_name
			FROM m_holder hol
			WHERE
				hol.holder_id = :holderId:
				AND hol.delete_flg = :deleteFlg:
			ORDER BY
				hol.order_no ASC
		', [...])
 6 APPPATH\Libraries\ShinsaLibrarie.php(28): App\Models\ShinsaModel->get_holder_list(0)
 7 APPPATH\Controllers\Admin.php(981): App\Libraries\ShinsaLibrarie->get_holder_list(0)
 8 SYSTEMPATH\CodeIgniter.php(933): App\Controllers\Admin->ajax_get_pass_grade_group()
 9 SYSTEMPATH\CodeIgniter.php(509): CodeIgniter\CodeIgniter->runController(Object(App\Controllers\Admin))
10 SYSTEMPATH\CodeIgniter.php(355): CodeIgniter\CodeIgniter->handleRequest(null, Object(Config\Cache), false)
11 SYSTEMPATH\Boot.php(325): CodeIgniter\CodeIgniter->run()
12 SYSTEMPATH\Boot.php(67): CodeIgniter\Boot::runCodeIgniter(Object(CodeIgniter\CodeIgniter))
13 FCPATH\index.php(56): CodeIgniter\Boot::bootWeb(Object(Config\Paths))
CRITICAL - 2025-11-15 23:29:21 --> ArgumentCountError: Too few arguments to function App\Libraries\ShinsaLibrarie::get_shinsa_offer_member_list(), 1 passed in C:\xampp_htdocs\kasugaikyudo\production\app\Controllers\Admin.php on line 92 and exactly 2 expected
[Method: GET, Route: admin/notice_regist_shinsa_promotion/25]
in APPPATH\Libraries\ShinsaLibrarie.php on line 340.
 1 APPPATH\Controllers\Admin.php(92): App\Libraries\ShinsaLibrarie->get_shinsa_offer_member_list(25)
 2 SYSTEMPATH\CodeIgniter.php(933): App\Controllers\Admin->notice_regist_shinsa_promotion('25')
 3 SYSTEMPATH\CodeIgniter.php(509): CodeIgniter\CodeIgniter->runController(Object(App\Controllers\Admin))
 4 SYSTEMPATH\CodeIgniter.php(355): CodeIgniter\CodeIgniter->handleRequest(null, Object(Config\Cache), false)
 5 SYSTEMPATH\Boot.php(325): CodeIgniter\CodeIgniter->run()
 6 SYSTEMPATH\Boot.php(67): CodeIgniter\Boot::runCodeIgniter(Object(CodeIgniter\CodeIgniter))
 7 FCPATH\index.php(56): CodeIgniter\Boot::bootWeb(Object(Config\Paths))
CRITICAL - 2025-11-15 23:31:39 --> ArgumentCountError: Too few arguments to function App\Libraries\ShinsaLibrarie::get_shinsa_offer_member_list(), 1 passed in C:\xampp_htdocs\kasugaikyudo\production\app\Controllers\Admin.php on line 92 and exactly 2 expected
[Method: GET, Route: admin/notice_regist_shinsa_promotion/6]
in APPPATH\Libraries\ShinsaLibrarie.php on line 340.
 1 APPPATH\Controllers\Admin.php(92): App\Libraries\ShinsaLibrarie->get_shinsa_offer_member_list(6)
 2 SYSTEMPATH\CodeIgniter.php(933): App\Controllers\Admin->notice_regist_shinsa_promotion('6')
 3 SYSTEMPATH\CodeIgniter.php(509): CodeIgniter\CodeIgniter->runController(Object(App\Controllers\Admin))
 4 SYSTEMPATH\CodeIgniter.php(355): CodeIgniter\CodeIgniter->handleRequest(null, Object(Config\Cache), false)
 5 SYSTEMPATH\Boot.php(325): CodeIgniter\CodeIgniter->run()
 6 SYSTEMPATH\Boot.php(67): CodeIgniter\Boot::runCodeIgniter(Object(CodeIgniter\CodeIgniter))
 7 FCPATH\index.php(56): CodeIgniter\Boot::bootWeb(Object(Config\Paths))
