CRITICAL - 2025-12-15 23:40:35 --> ErrorException: Undefined variable $officerFlg
[Method: GET, Route: login]
in APPPATH\Views\common\header.php on line 13.
 1 APPPATH\Views\common\header.php(13): CodeIgniter\Debug\Exceptions->errorHandler(2, 'Undefined variable $officerFlg', 'C:\\xampp_htdocs\\kasugaikyudo\\production\\app\\Views\\common\\header.php', 13)
 2 SYSTEMPATH\View\View.php(234): include('C:\\xampp_htdocs\\kasugaikyudo\\production\\app\\Views\\common\\header.php')
 3 SYSTEMPATH\View\View.php(237): CodeIgniter\View\View->CodeIgniter\View\{closure}()
 4 SYSTEMPATH\Common.php(1171): CodeIgniter\View\View->render('common/header', [], true)
 5 APPPATH\Controllers\Login.php(35): view('common/header', [...])
 6 SYSTEMPATH\CodeIgniter.php(933): App\Controllers\Login->index()
 7 SYSTEMPATH\CodeIgniter.php(509): CodeIgniter\CodeIgniter->runController(Object(App\Controllers\Login))
 8 SYSTEMPATH\CodeIgniter.php(355): CodeIgniter\CodeIgniter->handleRequest(null, Object(Config\Cache), false)
 9 SYSTEMPATH\Boot.php(325): CodeIgniter\CodeIgniter->run()
10 SYSTEMPATH\Boot.php(67): CodeIgniter\Boot::runCodeIgniter(Object(CodeIgniter\CodeIgniter))
11 FCPATH\index.php(56): CodeIgniter\Boot::bootWeb(Object(Config\Paths))
ERROR - 2025-12-15 23:56:36 --> Email: sendWithMail throwed ErrorException: mail(): Failed to connect to mailserver at &quot;localhost&quot; port 25, verify your &quot;SMTP&quot; and &quot;smtp_port&quot; setting in php.ini or use ini_set() in C:\xampp_htdocs\kasugaikyudo\production\system\Email\Email.php:1762
Stack trace:
#0 [internal function]: CodeIgniter\Debug\Exceptions->errorHandler(2, 'mail(): Failed ...', 'C:\\xampp_htdocs...', 1762)
#1 C:\xampp_htdocs\kasugaikyudo\production\system\Email\Email.php(1762): mail('', '=?UTF-8?Q?=E3=8...', '\xE5\xA4\xA7\xE4\xBC\x9A\xE3\x81\xAE\xE5\x8F\x82\xE5\x8A\xA0...', 'Date: Mon, 15 D...', '-f k.kyudo.xamp...')
#2 C:\xampp_htdocs\kasugaikyudo\production\system\Email\Email.php(1694): CodeIgniter\Email\Email->sendWithMail()
#3 C:\xampp_htdocs\kasugaikyudo\production\system\Email\Email.php(1589): CodeIgniter\Email\Email->spoolEmail()
#4 C:\xampp_htdocs\kasugaikyudo\production\app\Libraries\CommonLibrarie.php(97): CodeIgniter\Email\Email->send()
#5 C:\xampp_htdocs\kasugaikyudo\production\app\Libraries\TaikaiLibrarie.php(138): App\Libraries\CommonLibrarie->send_mail_proc(Array, Array, Array, '\xE3\x80\x90\xE5\xA4\xA7\xE4\xBC\x9A \xEF\xBC\x9A \xE7...', '\xE5\xA4\xA7\xE4\xBC\x9A\xE3\x81\xAE\xE5\x8F\x82\xE5\x8A\xA0...')
#6 C:\xampp_htdocs\kasugaikyudo\production\app\Controllers\Taikai.php(129): App\Libraries\TaikaiLibrarie->taikai_request_member(11, Array, 'join')
#7 C:\xampp_htdocs\kasugaikyudo\production\system\CodeIgniter.php(933): App\Controllers\Taikai->ajax_taikai_request()
#8 C:\xampp_htdocs\kasugaikyudo\production\system\CodeIgniter.php(509): CodeIgniter\CodeIgniter->runController(Object(App\Controllers\Taikai))
#9 C:\xampp_htdocs\kasugaikyudo\production\system\CodeIgniter.php(355): CodeIgniter\CodeIgniter->handleRequest(NULL, Object(Config\Cache), false)
#10 C:\xampp_htdocs\kasugaikyudo\production\system\Boot.php(325): CodeIgniter\CodeIgniter->run()
#11 C:\xampp_htdocs\kasugaikyudo\production\system\Boot.php(67): CodeIgniter\Boot::runCodeIgniter(Object(CodeIgniter\CodeIgniter))
#12 C:\xampp_htdocs\kasugaikyudo\production\index.php(56): CodeIgniter\Boot::bootWeb(Object(Config\Paths))
#13 {main}
ERROR - 2025-12-15 23:56:36 --> Email: Unable to send email using PHP mail(). Your server might not be configured to send mail using this method.
ERROR - 2025-12-15 23:56:36 --> 
