CRITICAL - 2026-01-12 23:11:20 --> ErrorException: Undefined variable $uploadFileNum
[Method: POST, Route: admin/taikai_revision]
in APPPATH\Helpers\Admin\taikai_helper.php on line 173.
 1 APPPATH\Helpers\Admin\taikai_helper.php(173): CodeIgniter\Debug\Exceptions->errorHandler(2, 'Undefined variable $uploadFileNum', 'C:\\xampp_htdocs\\kasugaikyudo\\production\\app\\Helpers\\Admin\\taikai_helper.php', 173)
 2 APPPATH\Views\admin\taikai\taikai_regist.php(7): form_taikai_detail([...], [...], [...])
 3 SYSTEMPATH\View\View.php(234): include('C:\\xampp_htdocs\\kasugaikyudo\\production\\app\\Views\\admin\\taikai\\taikai_regist.php')
 4 SYSTEMPATH\View\View.php(237): CodeIgniter\View\View->CodeIgniter\View\{closure}()
 5 SYSTEMPATH\Common.php(1171): CodeIgniter\View\View->render('admin/taikai/taikai_regist', [], true)
 6 APPPATH\Controllers\Admin\AdminTaikai.php(82): view('admin/taikai/taikai_regist')
 7 SYSTEMPATH\CodeIgniter.php(933): App\Controllers\Admin\AdminTaikai->taikai_revision()
 8 SYSTEMPATH\CodeIgniter.php(509): CodeIgniter\CodeIgniter->runController(Object(App\Controllers\Admin\AdminTaikai))
 9 SYSTEMPATH\CodeIgniter.php(355): CodeIgniter\CodeIgniter->handleRequest(null, Object(Config\Cache), false)
10 SYSTEMPATH\Boot.php(325): CodeIgniter\CodeIgniter->run()
11 SYSTEMPATH\Boot.php(67): CodeIgniter\Boot::runCodeIgniter(Object(CodeIgniter\CodeIgniter))
12 FCPATH\index.php(56): CodeIgniter\Boot::bootWeb(Object(Config\Paths))
CRITICAL - 2026-01-12 23:12:42 --> ErrorException: Undefined variable $uploadFileNum
[Method: POST, Route: admin/taikai_revision]
in APPPATH\Helpers\Admin\taikai_helper.php on line 173.
 1 APPPATH\Helpers\Admin\taikai_helper.php(173): CodeIgniter\Debug\Exceptions->errorHandler(2, 'Undefined variable $uploadFileNum', 'C:\\xampp_htdocs\\kasugaikyudo\\production\\app\\Helpers\\Admin\\taikai_helper.php', 173)
 2 APPPATH\Views\admin\taikai\taikai_regist.php(7): form_taikai_detail([...], [...], [...], 10)
 3 SYSTEMPATH\View\View.php(234): include('C:\\xampp_htdocs\\kasugaikyudo\\production\\app\\Views\\admin\\taikai\\taikai_regist.php')
 4 SYSTEMPATH\View\View.php(237): CodeIgniter\View\View->CodeIgniter\View\{closure}()
 5 SYSTEMPATH\Common.php(1171): CodeIgniter\View\View->render('admin/taikai/taikai_regist', [], true)
 6 APPPATH\Controllers\Admin\AdminTaikai.php(82): view('admin/taikai/taikai_regist')
 7 SYSTEMPATH\CodeIgniter.php(933): App\Controllers\Admin\AdminTaikai->taikai_revision()
 8 SYSTEMPATH\CodeIgniter.php(509): CodeIgniter\CodeIgniter->runController(Object(App\Controllers\Admin\AdminTaikai))
 9 SYSTEMPATH\CodeIgniter.php(355): CodeIgniter\CodeIgniter->handleRequest(null, Object(Config\Cache), false)
10 SYSTEMPATH\Boot.php(325): CodeIgniter\CodeIgniter->run()
11 SYSTEMPATH\Boot.php(67): CodeIgniter\Boot::runCodeIgniter(Object(CodeIgniter\CodeIgniter))
12 FCPATH\index.php(56): CodeIgniter\Boot::bootWeb(Object(Config\Paths))
CRITICAL - 2026-01-12 23:32:05 --> ErrorException: Undefined variable $kyokaiOfficerListF
[Method: POST, Route: admin/taikai_revision]
in APPPATH\Views\admin\taikai\taikai_regist.php on line 7.
 1 APPPATH\Views\admin\taikai\taikai_regist.php(7): CodeIgniter\Debug\Exceptions->errorHandler(2, 'Undefined variable $kyokaiOfficerListF', 'C:\\xampp_htdocs\\kasugaikyudo\\production\\app\\Views\\admin\\taikai\\taikai_regist.php', 7)
 2 SYSTEMPATH\View\View.php(234): include('C:\\xampp_htdocs\\kasugaikyudo\\production\\app\\Views\\admin\\taikai\\taikai_regist.php')
 3 SYSTEMPATH\View\View.php(237): CodeIgniter\View\View->CodeIgniter\View\{closure}()
 4 SYSTEMPATH\Common.php(1171): CodeIgniter\View\View->render('admin/taikai/taikai_regist', [], true)
 5 APPPATH\Controllers\Admin\AdminTaikai.php(82): view('admin/taikai/taikai_regist')
 6 SYSTEMPATH\CodeIgniter.php(933): App\Controllers\Admin\AdminTaikai->taikai_revision()
 7 SYSTEMPATH\CodeIgniter.php(509): CodeIgniter\CodeIgniter->runController(Object(App\Controllers\Admin\AdminTaikai))
 8 SYSTEMPATH\CodeIgniter.php(355): CodeIgniter\CodeIgniter->handleRequest(null, Object(Config\Cache), false)
 9 SYSTEMPATH\Boot.php(325): CodeIgniter\CodeIgniter->run()
10 SYSTEMPATH\Boot.php(67): CodeIgniter\Boot::runCodeIgniter(Object(CodeIgniter\CodeIgniter))
11 FCPATH\index.php(56): CodeIgniter\Boot::bootWeb(Object(Config\Paths))
