CRITICAL - 2025-09-01 22:16:27 --> TypeError: App\Libraries\MemberLibrarie::get_kyokai_officer_member_list(): Argument #1 ($kyokaiOfficerId) must be of type int, null given, called in C:\xampp_htdocs\kasugaikyudo\production\app\Libraries\TaikaiLibrarie.php on line 56
[Method: GET, Route: taikai/detail/24]
in APPPATH\Libraries\MemberLibrarie.php on line 19.
 1 APPPATH\Libraries\TaikaiLibrarie.php(56): App\Libraries\MemberLibrarie->get_kyokai_officer_member_list(null)
 2 APPPATH\Controllers\Taikai.php(69): App\Libraries\TaikaiLibrarie->get_taikai_detail(24, 65)
 3 SYSTEMPATH\CodeIgniter.php(933): App\Controllers\Taikai->detail('24')
 4 SYSTEMPATH\CodeIgniter.php(509): CodeIgniter\CodeIgniter->runController(Object(App\Controllers\Taikai))
 5 SYSTEMPATH\CodeIgniter.php(355): CodeIgniter\CodeIgniter->handleRequest(null, Object(Config\Cache), false)
 6 SYSTEMPATH\Boot.php(325): CodeIgniter\CodeIgniter->run()
 7 SYSTEMPATH\Boot.php(67): CodeIgniter\Boot::runCodeIgniter(Object(CodeIgniter\CodeIgniter))
 8 FCPATH\index.php(56): CodeIgniter\Boot::bootWeb(Object(Config\Paths))
CRITICAL - 2025-09-01 22:18:45 --> TypeError: App\Libraries\MemberLibrarie::get_kyokai_officer_member_list(): Argument #1 ($kyokaiOfficerId) must be of type int, null given, called in C:\xampp_htdocs\kasugaikyudo\production\app\Libraries\TaikaiLibrarie.php on line 56
[Method: GET, Route: taikai/detail/24]
in APPPATH\Libraries\MemberLibrarie.php on line 19.
 1 APPPATH\Libraries\TaikaiLibrarie.php(56): App\Libraries\MemberLibrarie->get_kyokai_officer_member_list(null)
 2 APPPATH\Controllers\Taikai.php(69): App\Libraries\TaikaiLibrarie->get_taikai_detail(24, 65)
 3 SYSTEMPATH\CodeIgniter.php(933): App\Controllers\Taikai->detail('24')
 4 SYSTEMPATH\CodeIgniter.php(509): CodeIgniter\CodeIgniter->runController(Object(App\Controllers\Taikai))
 5 SYSTEMPATH\CodeIgniter.php(355): CodeIgniter\CodeIgniter->handleRequest(null, Object(Config\Cache), false)
 6 SYSTEMPATH\Boot.php(325): CodeIgniter\CodeIgniter->run()
 7 SYSTEMPATH\Boot.php(67): CodeIgniter\Boot::runCodeIgniter(Object(CodeIgniter\CodeIgniter))
 8 FCPATH\index.php(56): CodeIgniter\Boot::bootWeb(Object(Config\Paths))
CRITICAL - 2025-09-01 22:18:50 --> TypeError: App\Libraries\MemberLibrarie::get_kyokai_officer_member_list(): Argument #1 ($kyokaiOfficerId) must be of type int, null given, called in C:\xampp_htdocs\kasugaikyudo\production\app\Libraries\TaikaiLibrarie.php on line 56
[Method: GET, Route: taikai/detail/24]
in APPPATH\Libraries\MemberLibrarie.php on line 19.
 1 APPPATH\Libraries\TaikaiLibrarie.php(56): App\Libraries\MemberLibrarie->get_kyokai_officer_member_list(null)
 2 APPPATH\Controllers\Taikai.php(69): App\Libraries\TaikaiLibrarie->get_taikai_detail(24, 65)
 3 SYSTEMPATH\CodeIgniter.php(933): App\Controllers\Taikai->detail('24')
 4 SYSTEMPATH\CodeIgniter.php(509): CodeIgniter\CodeIgniter->runController(Object(App\Controllers\Taikai))
 5 SYSTEMPATH\CodeIgniter.php(355): CodeIgniter\CodeIgniter->handleRequest(null, Object(Config\Cache), false)
 6 SYSTEMPATH\Boot.php(325): CodeIgniter\CodeIgniter->run()
 7 SYSTEMPATH\Boot.php(67): CodeIgniter\Boot::runCodeIgniter(Object(CodeIgniter\CodeIgniter))
 8 FCPATH\index.php(56): CodeIgniter\Boot::bootWeb(Object(Config\Paths))
CRITICAL - 2025-09-01 22:19:04 --> TypeError: App\Libraries\MemberLibrarie::get_kyokai_officer_member_list(): Argument #1 ($kyokaiOfficerId) must be of type int, null given, called in C:\xampp_htdocs\kasugaikyudo\production\app\Libraries\TaikaiLibrarie.php on line 56
[Method: GET, Route: taikai/detail/24]
in APPPATH\Libraries\MemberLibrarie.php on line 19.
 1 APPPATH\Libraries\TaikaiLibrarie.php(56): App\Libraries\MemberLibrarie->get_kyokai_officer_member_list(null)
 2 APPPATH\Controllers\Taikai.php(69): App\Libraries\TaikaiLibrarie->get_taikai_detail(24, 65)
 3 SYSTEMPATH\CodeIgniter.php(933): App\Controllers\Taikai->detail('24')
 4 SYSTEMPATH\CodeIgniter.php(509): CodeIgniter\CodeIgniter->runController(Object(App\Controllers\Taikai))
 5 SYSTEMPATH\CodeIgniter.php(355): CodeIgniter\CodeIgniter->handleRequest(null, Object(Config\Cache), false)
 6 SYSTEMPATH\Boot.php(325): CodeIgniter\CodeIgniter->run()
 7 SYSTEMPATH\Boot.php(67): CodeIgniter\Boot::runCodeIgniter(Object(CodeIgniter\CodeIgniter))
 8 FCPATH\index.php(56): CodeIgniter\Boot::bootWeb(Object(Config\Paths))
CRITICAL - 2025-09-01 22:20:40 --> TypeError: App\Libraries\MemberLibrarie::get_kyokai_officer_member_list(): Argument #1 ($kyokaiOfficerId) must be of type int, null given, called in C:\xampp_htdocs\kasugaikyudo\production\app\Libraries\TaikaiLibrarie.php on line 56
[Method: GET, Route: taikai/detail/24]
in APPPATH\Libraries\MemberLibrarie.php on line 19.
 1 APPPATH\Libraries\TaikaiLibrarie.php(56): App\Libraries\MemberLibrarie->get_kyokai_officer_member_list(null)
 2 APPPATH\Controllers\Taikai.php(69): App\Libraries\TaikaiLibrarie->get_taikai_detail(24, 65)
 3 SYSTEMPATH\CodeIgniter.php(933): App\Controllers\Taikai->detail('24')
 4 SYSTEMPATH\CodeIgniter.php(509): CodeIgniter\CodeIgniter->runController(Object(App\Controllers\Taikai))
 5 SYSTEMPATH\CodeIgniter.php(355): CodeIgniter\CodeIgniter->handleRequest(null, Object(Config\Cache), false)
 6 SYSTEMPATH\Boot.php(325): CodeIgniter\CodeIgniter->run()
 7 SYSTEMPATH\Boot.php(67): CodeIgniter\Boot::runCodeIgniter(Object(CodeIgniter\CodeIgniter))
 8 FCPATH\index.php(56): CodeIgniter\Boot::bootWeb(Object(Config\Paths))
