CRITICAL - 2026-03-17 22:38:05 --> ErrorException: Undefined array key "taikai_uketuke_set"
[Method: POST, Route: admin/shinsa_regist_conf]
in APPPATH\Controllers\Admin\AdminShinsa.php on line 155.
 1 APPPATH\Controllers\Admin\AdminShinsa.php(155): CodeIgniter\Debug\Exceptions->errorHandler(2, 'Undefined array key "taikai_uketuke_set"', 'C:\\xampp_htdocs\\kasugaikyudo\\production\\app\\Controllers\\Admin\\AdminShinsa.php', 155)
 2 SYSTEMPATH\CodeIgniter.php(933): App\Controllers\Admin\AdminShinsa->ajax_shinsa_regist_conf()
 3 SYSTEMPATH\CodeIgniter.php(509): CodeIgniter\CodeIgniter->runController(Object(App\Controllers\Admin\AdminShinsa))
 4 SYSTEMPATH\CodeIgniter.php(355): CodeIgniter\CodeIgniter->handleRequest(null, Object(Config\Cache), false)
 5 SYSTEMPATH\Boot.php(325): CodeIgniter\CodeIgniter->run()
 6 SYSTEMPATH\Boot.php(67): CodeIgniter\Boot::runCodeIgniter(Object(CodeIgniter\CodeIgniter))
 7 FCPATH\index.php(56): CodeIgniter\Boot::bootWeb(Object(Config\Paths))
CRITICAL - 2026-03-17 23:04:30 --> ArgumentCountError: Too few arguments to function get_shinsa_rengo_detail_html(), 3 passed in C:\xampp_htdocs\kasugaikyudo\production\app\Views\shinsa\detail_rengo.php on line 4 and exactly 4 expected
[Method: GET, Route: shinsa/detail/50]
in APPPATH\Helpers\shinsa_helper.php on line 198.
 1 APPPATH\Views\shinsa\detail_rengo.php(4): get_shinsa_rengo_detail_html([...], [...], [...])
 2 SYSTEMPATH\View\View.php(234): include('C:\\xampp_htdocs\\kasugaikyudo\\production\\app\\Views\\shinsa\\detail_rengo.php')
 3 SYSTEMPATH\View\View.php(237): CodeIgniter\View\View->CodeIgniter\View\{closure}()
 4 SYSTEMPATH\Common.php(1171): CodeIgniter\View\View->render('shinsa/detail_rengo', [], true)
 5 APPPATH\Controllers\Shinsa.php(140): view('shinsa/detail_rengo')
 6 SYSTEMPATH\CodeIgniter.php(933): App\Controllers\Shinsa->detail('50')
 7 SYSTEMPATH\CodeIgniter.php(509): CodeIgniter\CodeIgniter->runController(Object(App\Controllers\Shinsa))
 8 SYSTEMPATH\CodeIgniter.php(355): CodeIgniter\CodeIgniter->handleRequest(null, Object(Config\Cache), false)
 9 SYSTEMPATH\Boot.php(325): CodeIgniter\CodeIgniter->run()
10 SYSTEMPATH\Boot.php(67): CodeIgniter\Boot::runCodeIgniter(Object(CodeIgniter\CodeIgniter))
11 FCPATH\index.php(56): CodeIgniter\Boot::bootWeb(Object(Config\Paths))
CRITICAL - 2026-03-17 23:35:03 --> ErrorException: Undefined array key "taikai_uketuke_set"
[Method: POST, Route: admin/shinsa_regist_conf]
in APPPATH\Controllers\Admin\AdminShinsa.php on line 186.
 1 APPPATH\Controllers\Admin\AdminShinsa.php(186): CodeIgniter\Debug\Exceptions->errorHandler(2, 'Undefined array key "taikai_uketuke_set"', 'C:\\xampp_htdocs\\kasugaikyudo\\production\\app\\Controllers\\Admin\\AdminShinsa.php', 186)
 2 SYSTEMPATH\CodeIgniter.php(933): App\Controllers\Admin\AdminShinsa->ajax_shinsa_regist_conf()
 3 SYSTEMPATH\CodeIgniter.php(509): CodeIgniter\CodeIgniter->runController(Object(App\Controllers\Admin\AdminShinsa))
 4 SYSTEMPATH\CodeIgniter.php(355): CodeIgniter\CodeIgniter->handleRequest(null, Object(Config\Cache), false)
 5 SYSTEMPATH\Boot.php(325): CodeIgniter\CodeIgniter->run()
 6 SYSTEMPATH\Boot.php(67): CodeIgniter\Boot::runCodeIgniter(Object(CodeIgniter\CodeIgniter))
 7 FCPATH\index.php(56): CodeIgniter\Boot::bootWeb(Object(Config\Paths))
