CRITICAL - 2025-08-13 00:11:03 --> ErrorException: Undefined array key "pass_grade_group_id"
[Method: GET, Route: shinsa/detail/4]
in APPPATH\Helpers\shinsa_helper.php on line 531.
 1 APPPATH\Helpers\shinsa_helper.php(531): CodeIgniter\Debug\Exceptions->errorHandler(2, 'Undefined array key "pass_grade_group_id"', 'C:\\xampp_htdocs\\kasugaikyudo\\production\\app\\Helpers\\shinsa_helper.php', 531)
 2 APPPATH\Helpers\shinsa_helper.php(320): get_shinsa_result_html([...], [...], true, '2025-07-20')
 3 APPPATH\Views\shinsa\detail_chiho.php(4): get_shinsa_chiho_detail_html([...], [...], [...])
 4 SYSTEMPATH\View\View.php(234): include('C:\\xampp_htdocs\\kasugaikyudo\\production\\app\\Views\\shinsa\\detail_chiho.php')
 5 SYSTEMPATH\View\View.php(237): CodeIgniter\View\View->CodeIgniter\View\{closure}()
 6 SYSTEMPATH\Common.php(1171): CodeIgniter\View\View->render('shinsa/detail_chiho', [], true)
 7 APPPATH\Controllers\Shinsa.php(120): view('shinsa/detail_chiho')
 8 SYSTEMPATH\CodeIgniter.php(933): App\Controllers\Shinsa->detail('4')
 9 SYSTEMPATH\CodeIgniter.php(509): CodeIgniter\CodeIgniter->runController(Object(App\Controllers\Shinsa))
10 SYSTEMPATH\CodeIgniter.php(355): CodeIgniter\CodeIgniter->handleRequest(null, Object(Config\Cache), false)
11 SYSTEMPATH\Boot.php(325): CodeIgniter\CodeIgniter->run()
12 SYSTEMPATH\Boot.php(67): CodeIgniter\Boot::runCodeIgniter(Object(CodeIgniter\CodeIgniter))
13 FCPATH\index.php(56): CodeIgniter\Boot::bootWeb(Object(Config\Paths))
CRITICAL - 2025-08-13 00:11:30 --> ErrorException: Undefined array key "pass_grade_group_id"
[Method: GET, Route: shinsa/detail/4]
in APPPATH\Helpers\shinsa_helper.php on line 531.
 1 APPPATH\Helpers\shinsa_helper.php(531): CodeIgniter\Debug\Exceptions->errorHandler(2, 'Undefined array key "pass_grade_group_id"', 'C:\\xampp_htdocs\\kasugaikyudo\\production\\app\\Helpers\\shinsa_helper.php', 531)
 2 APPPATH\Helpers\shinsa_helper.php(320): get_shinsa_result_html([...], [...], true, '2025-07-20')
 3 APPPATH\Views\shinsa\detail_chiho.php(4): get_shinsa_chiho_detail_html([...], [...], [...])
 4 SYSTEMPATH\View\View.php(234): include('C:\\xampp_htdocs\\kasugaikyudo\\production\\app\\Views\\shinsa\\detail_chiho.php')
 5 SYSTEMPATH\View\View.php(237): CodeIgniter\View\View->CodeIgniter\View\{closure}()
 6 SYSTEMPATH\Common.php(1171): CodeIgniter\View\View->render('shinsa/detail_chiho', [], true)
 7 APPPATH\Controllers\Shinsa.php(120): view('shinsa/detail_chiho')
 8 SYSTEMPATH\CodeIgniter.php(933): App\Controllers\Shinsa->detail('4')
 9 SYSTEMPATH\CodeIgniter.php(509): CodeIgniter\CodeIgniter->runController(Object(App\Controllers\Shinsa))
10 SYSTEMPATH\CodeIgniter.php(355): CodeIgniter\CodeIgniter->handleRequest(null, Object(Config\Cache), false)
11 SYSTEMPATH\Boot.php(325): CodeIgniter\CodeIgniter->run()
12 SYSTEMPATH\Boot.php(67): CodeIgniter\Boot::runCodeIgniter(Object(CodeIgniter\CodeIgniter))
13 FCPATH\index.php(56): CodeIgniter\Boot::bootWeb(Object(Config\Paths))
CRITICAL - 2025-08-13 00:12:33 --> ErrorException: Undefined array key "pass_grade_group_id"
[Method: GET, Route: shinsa/detail/4]
in APPPATH\Helpers\shinsa_helper.php on line 531.
 1 APPPATH\Helpers\shinsa_helper.php(531): CodeIgniter\Debug\Exceptions->errorHandler(2, 'Undefined array key "pass_grade_group_id"', 'C:\\xampp_htdocs\\kasugaikyudo\\production\\app\\Helpers\\shinsa_helper.php', 531)
 2 APPPATH\Helpers\shinsa_helper.php(320): get_shinsa_result_html([...], [...], true, '2025-07-20')
 3 APPPATH\Views\shinsa\detail_chiho.php(4): get_shinsa_chiho_detail_html([...], [...], [...])
 4 SYSTEMPATH\View\View.php(234): include('C:\\xampp_htdocs\\kasugaikyudo\\production\\app\\Views\\shinsa\\detail_chiho.php')
 5 SYSTEMPATH\View\View.php(237): CodeIgniter\View\View->CodeIgniter\View\{closure}()
 6 SYSTEMPATH\Common.php(1171): CodeIgniter\View\View->render('shinsa/detail_chiho', [], true)
 7 APPPATH\Controllers\Shinsa.php(120): view('shinsa/detail_chiho')
 8 SYSTEMPATH\CodeIgniter.php(933): App\Controllers\Shinsa->detail('4')
 9 SYSTEMPATH\CodeIgniter.php(509): CodeIgniter\CodeIgniter->runController(Object(App\Controllers\Shinsa))
10 SYSTEMPATH\CodeIgniter.php(355): CodeIgniter\CodeIgniter->handleRequest(null, Object(Config\Cache), false)
11 SYSTEMPATH\Boot.php(325): CodeIgniter\CodeIgniter->run()
12 SYSTEMPATH\Boot.php(67): CodeIgniter\Boot::runCodeIgniter(Object(CodeIgniter\CodeIgniter))
13 FCPATH\index.php(56): CodeIgniter\Boot::bootWeb(Object(Config\Paths))
CRITICAL - 2025-08-13 00:12:38 --> ErrorException: Undefined array key "group_id"
[Method: GET, Route: shinsa/detail/4]
in APPPATH\Helpers\shinsa_helper.php on line 531.
 1 APPPATH\Helpers\shinsa_helper.php(531): CodeIgniter\Debug\Exceptions->errorHandler(2, 'Undefined array key "group_id"', 'C:\\xampp_htdocs\\kasugaikyudo\\production\\app\\Helpers\\shinsa_helper.php', 531)
 2 APPPATH\Helpers\shinsa_helper.php(320): get_shinsa_result_html([...], [...], true, '2025-07-20')
 3 APPPATH\Views\shinsa\detail_chiho.php(4): get_shinsa_chiho_detail_html([...], [...], [...])
 4 SYSTEMPATH\View\View.php(234): include('C:\\xampp_htdocs\\kasugaikyudo\\production\\app\\Views\\shinsa\\detail_chiho.php')
 5 SYSTEMPATH\View\View.php(237): CodeIgniter\View\View->CodeIgniter\View\{closure}()
 6 SYSTEMPATH\Common.php(1171): CodeIgniter\View\View->render('shinsa/detail_chiho', [], true)
 7 APPPATH\Controllers\Shinsa.php(120): view('shinsa/detail_chiho')
 8 SYSTEMPATH\CodeIgniter.php(933): App\Controllers\Shinsa->detail('4')
 9 SYSTEMPATH\CodeIgniter.php(509): CodeIgniter\CodeIgniter->runController(Object(App\Controllers\Shinsa))
10 SYSTEMPATH\CodeIgniter.php(355): CodeIgniter\CodeIgniter->handleRequest(null, Object(Config\Cache), false)
11 SYSTEMPATH\Boot.php(325): CodeIgniter\CodeIgniter->run()
12 SYSTEMPATH\Boot.php(67): CodeIgniter\Boot::runCodeIgniter(Object(CodeIgniter\CodeIgniter))
13 FCPATH\index.php(56): CodeIgniter\Boot::bootWeb(Object(Config\Paths))
CRITICAL - 2025-08-13 00:13:29 --> ErrorException: Undefined array key "group_id"
[Method: GET, Route: shinsa/detail/4]
in APPPATH\Helpers\shinsa_helper.php on line 531.
 1 APPPATH\Helpers\shinsa_helper.php(531): CodeIgniter\Debug\Exceptions->errorHandler(2, 'Undefined array key "group_id"', 'C:\\xampp_htdocs\\kasugaikyudo\\production\\app\\Helpers\\shinsa_helper.php', 531)
 2 APPPATH\Helpers\shinsa_helper.php(320): get_shinsa_result_html([...], [...], true, '2025-07-20')
 3 APPPATH\Views\shinsa\detail_chiho.php(4): get_shinsa_chiho_detail_html([...], [...], [...])
 4 SYSTEMPATH\View\View.php(234): include('C:\\xampp_htdocs\\kasugaikyudo\\production\\app\\Views\\shinsa\\detail_chiho.php')
 5 SYSTEMPATH\View\View.php(237): CodeIgniter\View\View->CodeIgniter\View\{closure}()
 6 SYSTEMPATH\Common.php(1171): CodeIgniter\View\View->render('shinsa/detail_chiho', [], true)
 7 APPPATH\Controllers\Shinsa.php(120): view('shinsa/detail_chiho')
 8 SYSTEMPATH\CodeIgniter.php(933): App\Controllers\Shinsa->detail('4')
 9 SYSTEMPATH\CodeIgniter.php(509): CodeIgniter\CodeIgniter->runController(Object(App\Controllers\Shinsa))
10 SYSTEMPATH\CodeIgniter.php(355): CodeIgniter\CodeIgniter->handleRequest(null, Object(Config\Cache), false)
11 SYSTEMPATH\Boot.php(325): CodeIgniter\CodeIgniter->run()
12 SYSTEMPATH\Boot.php(67): CodeIgniter\Boot::runCodeIgniter(Object(CodeIgniter\CodeIgniter))
13 FCPATH\index.php(56): CodeIgniter\Boot::bootWeb(Object(Config\Paths))
CRITICAL - 2025-08-13 00:22:24 --> ArgumentCountError: Too few arguments to function form_dropdown_key_unshift(), 3 passed in C:\xampp_htdocs\kasugaikyudo\production\app\Helpers\shinsa_helper.php on line 537 and at least 4 expected
[Method: GET, Route: shinsa/detail/4]
in APPPATH\Helpers\common_helper.php on line 26.
 1 APPPATH\Helpers\shinsa_helper.php(537): form_dropdown_key_unshift('pass_grade_id', [...], '10')
 2 APPPATH\Helpers\shinsa_helper.php(320): get_shinsa_result_html([...], [...], true, '2025-07-20')
 3 APPPATH\Views\shinsa\detail_chiho.php(4): get_shinsa_chiho_detail_html([...], [...], [...])
 4 SYSTEMPATH\View\View.php(234): include('C:\\xampp_htdocs\\kasugaikyudo\\production\\app\\Views\\shinsa\\detail_chiho.php')
 5 SYSTEMPATH\View\View.php(237): CodeIgniter\View\View->CodeIgniter\View\{closure}()
 6 SYSTEMPATH\Common.php(1171): CodeIgniter\View\View->render('shinsa/detail_chiho', [], true)
 7 APPPATH\Controllers\Shinsa.php(120): view('shinsa/detail_chiho')
 8 SYSTEMPATH\CodeIgniter.php(933): App\Controllers\Shinsa->detail('4')
 9 SYSTEMPATH\CodeIgniter.php(509): CodeIgniter\CodeIgniter->runController(Object(App\Controllers\Shinsa))
10 SYSTEMPATH\CodeIgniter.php(355): CodeIgniter\CodeIgniter->handleRequest(null, Object(Config\Cache), false)
11 SYSTEMPATH\Boot.php(325): CodeIgniter\CodeIgniter->run()
12 SYSTEMPATH\Boot.php(67): CodeIgniter\Boot::runCodeIgniter(Object(CodeIgniter\CodeIgniter))
13 FCPATH\index.php(56): CodeIgniter\Boot::bootWeb(Object(Config\Paths))
CRITICAL - 2025-08-13 00:22:36 --> ArgumentCountError: Too few arguments to function form_dropdown_key_unshift(), 2 passed in C:\xampp_htdocs\kasugaikyudo\production\app\Helpers\shinsa_helper.php on line 537 and at least 4 expected
[Method: GET, Route: shinsa/detail/4]
in APPPATH\Helpers\common_helper.php on line 26.
 1 APPPATH\Helpers\shinsa_helper.php(537): form_dropdown_key_unshift('pass_grade_id', [...])
 2 APPPATH\Helpers\shinsa_helper.php(320): get_shinsa_result_html([...], [...], true, '2025-07-20')
 3 APPPATH\Views\shinsa\detail_chiho.php(4): get_shinsa_chiho_detail_html([...], [...], [...])
 4 SYSTEMPATH\View\View.php(234): include('C:\\xampp_htdocs\\kasugaikyudo\\production\\app\\Views\\shinsa\\detail_chiho.php')
 5 SYSTEMPATH\View\View.php(237): CodeIgniter\View\View->CodeIgniter\View\{closure}()
 6 SYSTEMPATH\Common.php(1171): CodeIgniter\View\View->render('shinsa/detail_chiho', [], true)
 7 APPPATH\Controllers\Shinsa.php(120): view('shinsa/detail_chiho')
 8 SYSTEMPATH\CodeIgniter.php(933): App\Controllers\Shinsa->detail('4')
 9 SYSTEMPATH\CodeIgniter.php(509): CodeIgniter\CodeIgniter->runController(Object(App\Controllers\Shinsa))
10 SYSTEMPATH\CodeIgniter.php(355): CodeIgniter\CodeIgniter->handleRequest(null, Object(Config\Cache), false)
11 SYSTEMPATH\Boot.php(325): CodeIgniter\CodeIgniter->run()
12 SYSTEMPATH\Boot.php(67): CodeIgniter\Boot::runCodeIgniter(Object(CodeIgniter\CodeIgniter))
13 FCPATH\index.php(56): CodeIgniter\Boot::bootWeb(Object(Config\Paths))
CRITICAL - 2025-08-13 00:22:58 --> TypeError: Cannot access offset of type string on string
[Method: GET, Route: shinsa/detail/4]
in APPPATH\Helpers\common_helper.php on line 34.
 1 APPPATH\Helpers\shinsa_helper.php(537): form_dropdown_key_unshift('pass_grade_id', [...], 'grade_id', 'grade_name')
 2 APPPATH\Helpers\shinsa_helper.php(320): get_shinsa_result_html([...], [...], true, '2025-07-20')
 3 APPPATH\Views\shinsa\detail_chiho.php(4): get_shinsa_chiho_detail_html([...], [...], [...])
 4 SYSTEMPATH\View\View.php(234): include('C:\\xampp_htdocs\\kasugaikyudo\\production\\app\\Views\\shinsa\\detail_chiho.php')
 5 SYSTEMPATH\View\View.php(237): CodeIgniter\View\View->CodeIgniter\View\{closure}()
 6 SYSTEMPATH\Common.php(1171): CodeIgniter\View\View->render('shinsa/detail_chiho', [], true)
 7 APPPATH\Controllers\Shinsa.php(120): view('shinsa/detail_chiho')
 8 SYSTEMPATH\CodeIgniter.php(933): App\Controllers\Shinsa->detail('4')
 9 SYSTEMPATH\CodeIgniter.php(509): CodeIgniter\CodeIgniter->runController(Object(App\Controllers\Shinsa))
10 SYSTEMPATH\CodeIgniter.php(355): CodeIgniter\CodeIgniter->handleRequest(null, Object(Config\Cache), false)
11 SYSTEMPATH\Boot.php(325): CodeIgniter\CodeIgniter->run()
12 SYSTEMPATH\Boot.php(67): CodeIgniter\Boot::runCodeIgniter(Object(CodeIgniter\CodeIgniter))
13 FCPATH\index.php(56): CodeIgniter\Boot::bootWeb(Object(Config\Paths))
CRITICAL - 2025-08-13 00:24:10 --> TypeError: Cannot access offset of type string on string
[Method: GET, Route: shinsa/detail/4]
in APPPATH\Helpers\common_helper.php on line 34.
 1 APPPATH\Helpers\shinsa_helper.php(537): form_dropdown_key_unshift('pass_grade_id', [...], 'grade_id', 'grade_name')
 2 APPPATH\Helpers\shinsa_helper.php(320): get_shinsa_result_html([...], [...], true, '2025-07-20')
 3 APPPATH\Views\shinsa\detail_chiho.php(4): get_shinsa_chiho_detail_html([...], [...], [...])
 4 SYSTEMPATH\View\View.php(234): include('C:\\xampp_htdocs\\kasugaikyudo\\production\\app\\Views\\shinsa\\detail_chiho.php')
 5 SYSTEMPATH\View\View.php(237): CodeIgniter\View\View->CodeIgniter\View\{closure}()
 6 SYSTEMPATH\Common.php(1171): CodeIgniter\View\View->render('shinsa/detail_chiho', [], true)
 7 APPPATH\Controllers\Shinsa.php(120): view('shinsa/detail_chiho')
 8 SYSTEMPATH\CodeIgniter.php(933): App\Controllers\Shinsa->detail('4')
 9 SYSTEMPATH\CodeIgniter.php(509): CodeIgniter\CodeIgniter->runController(Object(App\Controllers\Shinsa))
10 SYSTEMPATH\CodeIgniter.php(355): CodeIgniter\CodeIgniter->handleRequest(null, Object(Config\Cache), false)
11 SYSTEMPATH\Boot.php(325): CodeIgniter\CodeIgniter->run()
12 SYSTEMPATH\Boot.php(67): CodeIgniter\Boot::runCodeIgniter(Object(CodeIgniter\CodeIgniter))
13 FCPATH\index.php(56): CodeIgniter\Boot::bootWeb(Object(Config\Paths))
CRITICAL - 2025-08-13 00:24:26 --> TypeError: Cannot access offset of type string on string
[Method: GET, Route: shinsa/detail/4]
in APPPATH\Helpers\common_helper.php on line 34.
 1 APPPATH\Helpers\shinsa_helper.php(537): form_dropdown_key_unshift('pass_grade_id', [...], 'grade_id', 'grade_name')
 2 APPPATH\Helpers\shinsa_helper.php(320): get_shinsa_result_html([...], [...], true, '2025-07-20')
 3 APPPATH\Views\shinsa\detail_chiho.php(4): get_shinsa_chiho_detail_html([...], [...], [...])
 4 SYSTEMPATH\View\View.php(234): include('C:\\xampp_htdocs\\kasugaikyudo\\production\\app\\Views\\shinsa\\detail_chiho.php')
 5 SYSTEMPATH\View\View.php(237): CodeIgniter\View\View->CodeIgniter\View\{closure}()
 6 SYSTEMPATH\Common.php(1171): CodeIgniter\View\View->render('shinsa/detail_chiho', [], true)
 7 APPPATH\Controllers\Shinsa.php(120): view('shinsa/detail_chiho')
 8 SYSTEMPATH\CodeIgniter.php(933): App\Controllers\Shinsa->detail('4')
 9 SYSTEMPATH\CodeIgniter.php(509): CodeIgniter\CodeIgniter->runController(Object(App\Controllers\Shinsa))
10 SYSTEMPATH\CodeIgniter.php(355): CodeIgniter\CodeIgniter->handleRequest(null, Object(Config\Cache), false)
11 SYSTEMPATH\Boot.php(325): CodeIgniter\CodeIgniter->run()
12 SYSTEMPATH\Boot.php(67): CodeIgniter\Boot::runCodeIgniter(Object(CodeIgniter\CodeIgniter))
13 FCPATH\index.php(56): CodeIgniter\Boot::bootWeb(Object(Config\Paths))
CRITICAL - 2025-08-13 00:26:24 --> TypeError: Cannot access offset of type string on string
[Method: GET, Route: shinsa/detail/4]
in APPPATH\Helpers\common_helper.php on line 34.
 1 APPPATH\Helpers\shinsa_helper.php(537): form_dropdown_key_unshift('pass_grade_id', [...], 'grade_id', 'grade_name')
 2 APPPATH\Helpers\shinsa_helper.php(320): get_shinsa_result_html([...], [...], true, '2025-07-20')
 3 APPPATH\Views\shinsa\detail_chiho.php(4): get_shinsa_chiho_detail_html([...], [...], [...])
 4 SYSTEMPATH\View\View.php(234): include('C:\\xampp_htdocs\\kasugaikyudo\\production\\app\\Views\\shinsa\\detail_chiho.php')
 5 SYSTEMPATH\View\View.php(237): CodeIgniter\View\View->CodeIgniter\View\{closure}()
 6 SYSTEMPATH\Common.php(1171): CodeIgniter\View\View->render('shinsa/detail_chiho', [], true)
 7 APPPATH\Controllers\Shinsa.php(120): view('shinsa/detail_chiho')
 8 SYSTEMPATH\CodeIgniter.php(933): App\Controllers\Shinsa->detail('4')
 9 SYSTEMPATH\CodeIgniter.php(509): CodeIgniter\CodeIgniter->runController(Object(App\Controllers\Shinsa))
10 SYSTEMPATH\CodeIgniter.php(355): CodeIgniter\CodeIgniter->handleRequest(null, Object(Config\Cache), false)
11 SYSTEMPATH\Boot.php(325): CodeIgniter\CodeIgniter->run()
12 SYSTEMPATH\Boot.php(67): CodeIgniter\Boot::runCodeIgniter(Object(CodeIgniter\CodeIgniter))
13 FCPATH\index.php(56): CodeIgniter\Boot::bootWeb(Object(Config\Paths))
