CRITICAL - 2025-09-12 23:17:32 --> ErrorException: Undefined array key "kyokai_officer_id"
[Method: GET, Route: taikai/detail/24]
in APPPATH\Libraries\TaikaiLibrarie.php on line 54.
 1 APPPATH\Libraries\TaikaiLibrarie.php(54): CodeIgniter\Debug\Exceptions->errorHandler(2, 'Undefined array key "kyokai_officer_id"', 'C:\\xampp_htdocs\\kasugaikyudo\\production\\app\\Libraries\\TaikaiLibrarie.php', 54)
 2 APPPATH\Controllers\Taikai.php(66): App\Libraries\TaikaiLibrarie->get_taikai_detail(24, 65)
 3 SYSTEMPATH\CodeIgniter.php(933): App\Controllers\Taikai->detail('24')
 4 SYSTEMPATH\CodeIgniter.php(509): CodeIgniter\CodeIgniter->runController(Object(App\Controllers\Taikai))
 5 SYSTEMPATH\CodeIgniter.php(355): CodeIgniter\CodeIgniter->handleRequest(null, Object(Config\Cache), false)
 6 SYSTEMPATH\Boot.php(325): CodeIgniter\CodeIgniter->run()
 7 SYSTEMPATH\Boot.php(67): CodeIgniter\Boot::runCodeIgniter(Object(CodeIgniter\CodeIgniter))
 8 FCPATH\index.php(56): CodeIgniter\Boot::bootWeb(Object(Config\Paths))
CRITICAL - 2025-09-12 23:18:45 --> ErrorException: Undefined array key "kyokai_officer_id"
[Method: GET, Route: taikai/detail/10]
in APPPATH\Libraries\TaikaiLibrarie.php on line 54.
 1 APPPATH\Libraries\TaikaiLibrarie.php(54): CodeIgniter\Debug\Exceptions->errorHandler(2, 'Undefined array key "kyokai_officer_id"', 'C:\\xampp_htdocs\\kasugaikyudo\\production\\app\\Libraries\\TaikaiLibrarie.php', 54)
 2 APPPATH\Controllers\Taikai.php(66): App\Libraries\TaikaiLibrarie->get_taikai_detail(10, 65)
 3 SYSTEMPATH\CodeIgniter.php(933): App\Controllers\Taikai->detail('10')
 4 SYSTEMPATH\CodeIgniter.php(509): CodeIgniter\CodeIgniter->runController(Object(App\Controllers\Taikai))
 5 SYSTEMPATH\CodeIgniter.php(355): CodeIgniter\CodeIgniter->handleRequest(null, Object(Config\Cache), false)
 6 SYSTEMPATH\Boot.php(325): CodeIgniter\CodeIgniter->run()
 7 SYSTEMPATH\Boot.php(67): CodeIgniter\Boot::runCodeIgniter(Object(CodeIgniter\CodeIgniter))
 8 FCPATH\index.php(56): CodeIgniter\Boot::bootWeb(Object(Config\Paths))
CRITICAL - 2025-09-12 23:18:56 --> ErrorException: Undefined array key "kyokai_officer_id"
[Method: GET, Route: taikai/detail/11]
in APPPATH\Libraries\TaikaiLibrarie.php on line 54.
 1 APPPATH\Libraries\TaikaiLibrarie.php(54): CodeIgniter\Debug\Exceptions->errorHandler(2, 'Undefined array key "kyokai_officer_id"', 'C:\\xampp_htdocs\\kasugaikyudo\\production\\app\\Libraries\\TaikaiLibrarie.php', 54)
 2 APPPATH\Controllers\Taikai.php(66): App\Libraries\TaikaiLibrarie->get_taikai_detail(11, 65)
 3 SYSTEMPATH\CodeIgniter.php(933): App\Controllers\Taikai->detail('11')
 4 SYSTEMPATH\CodeIgniter.php(509): CodeIgniter\CodeIgniter->runController(Object(App\Controllers\Taikai))
 5 SYSTEMPATH\CodeIgniter.php(355): CodeIgniter\CodeIgniter->handleRequest(null, Object(Config\Cache), false)
 6 SYSTEMPATH\Boot.php(325): CodeIgniter\CodeIgniter->run()
 7 SYSTEMPATH\Boot.php(67): CodeIgniter\Boot::runCodeIgniter(Object(CodeIgniter\CodeIgniter))
 8 FCPATH\index.php(56): CodeIgniter\Boot::bootWeb(Object(Config\Paths))
CRITICAL - 2025-09-12 23:21:29 --> ErrorException: Undefined array key "kyokai_officer_id"
[Method: GET, Route: taikai/detail/11]
in APPPATH\Libraries\TaikaiLibrarie.php on line 54.
 1 APPPATH\Libraries\TaikaiLibrarie.php(54): CodeIgniter\Debug\Exceptions->errorHandler(2, 'Undefined array key "kyokai_officer_id"', 'C:\\xampp_htdocs\\kasugaikyudo\\production\\app\\Libraries\\TaikaiLibrarie.php', 54)
 2 APPPATH\Controllers\Taikai.php(66): App\Libraries\TaikaiLibrarie->get_taikai_detail(11, 65)
 3 SYSTEMPATH\CodeIgniter.php(933): App\Controllers\Taikai->detail('11')
 4 SYSTEMPATH\CodeIgniter.php(509): CodeIgniter\CodeIgniter->runController(Object(App\Controllers\Taikai))
 5 SYSTEMPATH\CodeIgniter.php(355): CodeIgniter\CodeIgniter->handleRequest(null, Object(Config\Cache), false)
 6 SYSTEMPATH\Boot.php(325): CodeIgniter\CodeIgniter->run()
 7 SYSTEMPATH\Boot.php(67): CodeIgniter\Boot::runCodeIgniter(Object(CodeIgniter\CodeIgniter))
 8 FCPATH\index.php(56): CodeIgniter\Boot::bootWeb(Object(Config\Paths))
