CRITICAL - 2026-04-15 21:36:25 --> ErrorException: Undefined variable $shinsaDetail
[Method: POST, Route: admin/shinsa_regist]
in APPPATH\Controllers\Admin\AdminShinsa.php on line 73.
 1 APPPATH\Controllers\Admin\AdminShinsa.php(73): CodeIgniter\Debug\Exceptions->errorHandler(2, 'Undefined variable $shinsaDetail', 'C:\\xampp_htdocs\\kasugaikyudo\\production\\app\\Controllers\\Admin\\AdminShinsa.php', 73)
 2 SYSTEMPATH\CodeIgniter.php(933): App\Controllers\Admin\AdminShinsa->shinsa_regist()
 3 SYSTEMPATH\CodeIgniter.php(509): CodeIgniter\CodeIgniter->runController(Object(App\Controllers\Admin\AdminShinsa))
 4 SYSTEMPATH\CodeIgniter.php(355): CodeIgniter\CodeIgniter->handleRequest(null, Object(Config\Cache), false)
 5 SYSTEMPATH\Boot.php(325): CodeIgniter\CodeIgniter->run()
 6 SYSTEMPATH\Boot.php(67): CodeIgniter\Boot::runCodeIgniter(Object(CodeIgniter\CodeIgniter))
 7 FCPATH\index.php(56): CodeIgniter\Boot::bootWeb(Object(Config\Paths))
CRITICAL - 2026-04-15 21:36:51 --> ErrorException: Undefined variable $shinsaDetail
[Method: POST, Route: admin/shinsa_regist]
in APPPATH\Controllers\Admin\AdminShinsa.php on line 73.
 1 APPPATH\Controllers\Admin\AdminShinsa.php(73): CodeIgniter\Debug\Exceptions->errorHandler(2, 'Undefined variable $shinsaDetail', 'C:\\xampp_htdocs\\kasugaikyudo\\production\\app\\Controllers\\Admin\\AdminShinsa.php', 73)
 2 SYSTEMPATH\CodeIgniter.php(933): App\Controllers\Admin\AdminShinsa->shinsa_regist()
 3 SYSTEMPATH\CodeIgniter.php(509): CodeIgniter\CodeIgniter->runController(Object(App\Controllers\Admin\AdminShinsa))
 4 SYSTEMPATH\CodeIgniter.php(355): CodeIgniter\CodeIgniter->handleRequest(null, Object(Config\Cache), false)
 5 SYSTEMPATH\Boot.php(325): CodeIgniter\CodeIgniter->run()
 6 SYSTEMPATH\Boot.php(67): CodeIgniter\Boot::runCodeIgniter(Object(CodeIgniter\CodeIgniter))
 7 FCPATH\index.php(56): CodeIgniter\Boot::bootWeb(Object(Config\Paths))
CRITICAL - 2026-04-15 21:37:57 --> ErrorException: Undefined variable $shinsaDetail
[Method: POST, Route: admin/shinsa_regist]
in APPPATH\Controllers\Admin\AdminShinsa.php on line 73.
 1 APPPATH\Controllers\Admin\AdminShinsa.php(73): CodeIgniter\Debug\Exceptions->errorHandler(2, 'Undefined variable $shinsaDetail', 'C:\\xampp_htdocs\\kasugaikyudo\\production\\app\\Controllers\\Admin\\AdminShinsa.php', 73)
 2 SYSTEMPATH\CodeIgniter.php(933): App\Controllers\Admin\AdminShinsa->shinsa_regist()
 3 SYSTEMPATH\CodeIgniter.php(509): CodeIgniter\CodeIgniter->runController(Object(App\Controllers\Admin\AdminShinsa))
 4 SYSTEMPATH\CodeIgniter.php(355): CodeIgniter\CodeIgniter->handleRequest(null, Object(Config\Cache), false)
 5 SYSTEMPATH\Boot.php(325): CodeIgniter\CodeIgniter->run()
 6 SYSTEMPATH\Boot.php(67): CodeIgniter\Boot::runCodeIgniter(Object(CodeIgniter\CodeIgniter))
 7 FCPATH\index.php(56): CodeIgniter\Boot::bootWeb(Object(Config\Paths))
CRITICAL - 2026-04-15 21:52:34 --> ErrorException: Undefined variable $shinsaDetail
[Method: POST, Route: admin/shinsa_regist]
in APPPATH\Controllers\Admin\AdminShinsa.php on line 75.
 1 APPPATH\Controllers\Admin\AdminShinsa.php(75): CodeIgniter\Debug\Exceptions->errorHandler(2, 'Undefined variable $shinsaDetail', 'C:\\xampp_htdocs\\kasugaikyudo\\production\\app\\Controllers\\Admin\\AdminShinsa.php', 75)
 2 SYSTEMPATH\CodeIgniter.php(933): App\Controllers\Admin\AdminShinsa->shinsa_regist()
 3 SYSTEMPATH\CodeIgniter.php(509): CodeIgniter\CodeIgniter->runController(Object(App\Controllers\Admin\AdminShinsa))
 4 SYSTEMPATH\CodeIgniter.php(355): CodeIgniter\CodeIgniter->handleRequest(null, Object(Config\Cache), false)
 5 SYSTEMPATH\Boot.php(325): CodeIgniter\CodeIgniter->run()
 6 SYSTEMPATH\Boot.php(67): CodeIgniter\Boot::runCodeIgniter(Object(CodeIgniter\CodeIgniter))
 7 FCPATH\index.php(56): CodeIgniter\Boot::bootWeb(Object(Config\Paths))
CRITICAL - 2026-04-15 21:53:40 --> ErrorException: Undefined variable $shinsaDetail
[Method: POST, Route: admin/shinsa_regist]
in APPPATH\Controllers\Admin\AdminShinsa.php on line 73.
 1 APPPATH\Controllers\Admin\AdminShinsa.php(73): CodeIgniter\Debug\Exceptions->errorHandler(2, 'Undefined variable $shinsaDetail', 'C:\\xampp_htdocs\\kasugaikyudo\\production\\app\\Controllers\\Admin\\AdminShinsa.php', 73)
 2 SYSTEMPATH\CodeIgniter.php(933): App\Controllers\Admin\AdminShinsa->shinsa_regist()
 3 SYSTEMPATH\CodeIgniter.php(509): CodeIgniter\CodeIgniter->runController(Object(App\Controllers\Admin\AdminShinsa))
 4 SYSTEMPATH\CodeIgniter.php(355): CodeIgniter\CodeIgniter->handleRequest(null, Object(Config\Cache), false)
 5 SYSTEMPATH\Boot.php(325): CodeIgniter\CodeIgniter->run()
 6 SYSTEMPATH\Boot.php(67): CodeIgniter\Boot::runCodeIgniter(Object(CodeIgniter\CodeIgniter))
 7 FCPATH\index.php(56): CodeIgniter\Boot::bootWeb(Object(Config\Paths))
CRITICAL - 2026-04-15 21:53:52 --> TypeError: App\Libraries\ShinsaLibrarie::get_shinsa_detail(): Argument #1 ($shinsaId) must be of type int, string given, called in C:\xampp_htdocs\kasugaikyudo\production\app\Controllers\Admin\AdminShinsa.php on line 38
[Method: POST, Route: admin/shinsa_regist]
in APPPATH\Libraries\ShinsaLibrarie.php on line 151.
 1 APPPATH\Controllers\Admin\AdminShinsa.php(38): App\Libraries\ShinsaLibrarie->get_shinsa_detail('', '65')
 2 SYSTEMPATH\CodeIgniter.php(933): App\Controllers\Admin\AdminShinsa->shinsa_regist()
 3 SYSTEMPATH\CodeIgniter.php(509): CodeIgniter\CodeIgniter->runController(Object(App\Controllers\Admin\AdminShinsa))
 4 SYSTEMPATH\CodeIgniter.php(355): CodeIgniter\CodeIgniter->handleRequest(null, Object(Config\Cache), false)
 5 SYSTEMPATH\Boot.php(325): CodeIgniter\CodeIgniter->run()
 6 SYSTEMPATH\Boot.php(67): CodeIgniter\Boot::runCodeIgniter(Object(CodeIgniter\CodeIgniter))
 7 FCPATH\index.php(56): CodeIgniter\Boot::bootWeb(Object(Config\Paths))
CRITICAL - 2026-04-15 22:38:15 --> ErrorException: Undefined array key "shinsa_id"
[Method: POST, Route: admin/shinsa_regist]
in APPPATH\Controllers\Admin\AdminShinsa.php on line 38.
 1 APPPATH\Controllers\Admin\AdminShinsa.php(38): CodeIgniter\Debug\Exceptions->errorHandler(2, 'Undefined array key "shinsa_id"', 'C:\\xampp_htdocs\\kasugaikyudo\\production\\app\\Controllers\\Admin\\AdminShinsa.php', 38)
 2 SYSTEMPATH\CodeIgniter.php(933): App\Controllers\Admin\AdminShinsa->shinsa_regist()
 3 SYSTEMPATH\CodeIgniter.php(509): CodeIgniter\CodeIgniter->runController(Object(App\Controllers\Admin\AdminShinsa))
 4 SYSTEMPATH\CodeIgniter.php(355): CodeIgniter\CodeIgniter->handleRequest(null, Object(Config\Cache), false)
 5 SYSTEMPATH\Boot.php(325): CodeIgniter\CodeIgniter->run()
 6 SYSTEMPATH\Boot.php(67): CodeIgniter\Boot::runCodeIgniter(Object(CodeIgniter\CodeIgniter))
 7 FCPATH\index.php(56): CodeIgniter\Boot::bootWeb(Object(Config\Paths))
CRITICAL - 2026-04-15 22:43:14 --> ErrorException: Undefined variable $shinsaDetail
[Method: POST, Route: admin/shinsa_regist]
in APPPATH\Controllers\Admin\AdminShinsa.php on line 60.
 1 APPPATH\Controllers\Admin\AdminShinsa.php(60): CodeIgniter\Debug\Exceptions->errorHandler(2, 'Undefined variable $shinsaDetail', 'C:\\xampp_htdocs\\kasugaikyudo\\production\\app\\Controllers\\Admin\\AdminShinsa.php', 60)
 2 SYSTEMPATH\CodeIgniter.php(933): App\Controllers\Admin\AdminShinsa->shinsa_regist()
 3 SYSTEMPATH\CodeIgniter.php(509): CodeIgniter\CodeIgniter->runController(Object(App\Controllers\Admin\AdminShinsa))
 4 SYSTEMPATH\CodeIgniter.php(355): CodeIgniter\CodeIgniter->handleRequest(null, Object(Config\Cache), false)
 5 SYSTEMPATH\Boot.php(325): CodeIgniter\CodeIgniter->run()
 6 SYSTEMPATH\Boot.php(67): CodeIgniter\Boot::runCodeIgniter(Object(CodeIgniter\CodeIgniter))
 7 FCPATH\index.php(56): CodeIgniter\Boot::bootWeb(Object(Config\Paths))
CRITICAL - 2026-04-15 22:45:09 --> ErrorException: Undefined variable $shinsaDetail
[Method: POST, Route: admin/shinsa_regist]
in APPPATH\Controllers\Admin\AdminShinsa.php on line 50.
 1 APPPATH\Controllers\Admin\AdminShinsa.php(50): CodeIgniter\Debug\Exceptions->errorHandler(2, 'Undefined variable $shinsaDetail', 'C:\\xampp_htdocs\\kasugaikyudo\\production\\app\\Controllers\\Admin\\AdminShinsa.php', 50)
 2 SYSTEMPATH\CodeIgniter.php(933): App\Controllers\Admin\AdminShinsa->shinsa_regist()
 3 SYSTEMPATH\CodeIgniter.php(509): CodeIgniter\CodeIgniter->runController(Object(App\Controllers\Admin\AdminShinsa))
 4 SYSTEMPATH\CodeIgniter.php(355): CodeIgniter\CodeIgniter->handleRequest(null, Object(Config\Cache), false)
 5 SYSTEMPATH\Boot.php(325): CodeIgniter\CodeIgniter->run()
 6 SYSTEMPATH\Boot.php(67): CodeIgniter\Boot::runCodeIgniter(Object(CodeIgniter\CodeIgniter))
 7 FCPATH\index.php(56): CodeIgniter\Boot::bootWeb(Object(Config\Paths))
CRITICAL - 2026-04-15 22:56:39 --> ErrorException: Undefined variable $shinsaDetail
[Method: POST, Route: admin/shinsa_regist]
in APPPATH\Controllers\Admin\AdminShinsa.php on line 67.
 1 APPPATH\Controllers\Admin\AdminShinsa.php(67): CodeIgniter\Debug\Exceptions->errorHandler(2, 'Undefined variable $shinsaDetail', 'C:\\xampp_htdocs\\kasugaikyudo\\production\\app\\Controllers\\Admin\\AdminShinsa.php', 67)
 2 SYSTEMPATH\CodeIgniter.php(933): App\Controllers\Admin\AdminShinsa->shinsa_regist()
 3 SYSTEMPATH\CodeIgniter.php(509): CodeIgniter\CodeIgniter->runController(Object(App\Controllers\Admin\AdminShinsa))
 4 SYSTEMPATH\CodeIgniter.php(355): CodeIgniter\CodeIgniter->handleRequest(null, Object(Config\Cache), false)
 5 SYSTEMPATH\Boot.php(325): CodeIgniter\CodeIgniter->run()
 6 SYSTEMPATH\Boot.php(67): CodeIgniter\Boot::runCodeIgniter(Object(CodeIgniter\CodeIgniter))
 7 FCPATH\index.php(56): CodeIgniter\Boot::bootWeb(Object(Config\Paths))
CRITICAL - 2026-04-15 23:07:27 --> ErrorException: Undefined variable $officerFlg
[Method: POST, Route: admin/shinsa_regist]
in APPPATH\Views\common\footer.php on line 47.
 1 APPPATH\Views\common\footer.php(47): CodeIgniter\Debug\Exceptions->errorHandler(2, 'Undefined variable $officerFlg', 'C:\\xampp_htdocs\\kasugaikyudo\\production\\app\\Views\\common\\footer.php', 47)
 2 SYSTEMPATH\View\View.php(234): include('C:\\xampp_htdocs\\kasugaikyudo\\production\\app\\Views\\common\\footer.php')
 3 SYSTEMPATH\View\View.php(237): CodeIgniter\View\View->CodeIgniter\View\{closure}()
 4 SYSTEMPATH\Common.php(1171): CodeIgniter\View\View->render('common/footer', [], true)
 5 APPPATH\Controllers\Admin\AdminShinsa.php(94): view('common/footer')
 6 SYSTEMPATH\CodeIgniter.php(933): App\Controllers\Admin\AdminShinsa->shinsa_regist()
 7 SYSTEMPATH\CodeIgniter.php(509): CodeIgniter\CodeIgniter->runController(Object(App\Controllers\Admin\AdminShinsa))
 8 SYSTEMPATH\CodeIgniter.php(355): CodeIgniter\CodeIgniter->handleRequest(null, Object(Config\Cache), false)
 9 SYSTEMPATH\Boot.php(325): CodeIgniter\CodeIgniter->run()
10 SYSTEMPATH\Boot.php(67): CodeIgniter\Boot::runCodeIgniter(Object(CodeIgniter\CodeIgniter))
11 FCPATH\index.php(56): CodeIgniter\Boot::bootWeb(Object(Config\Paths))
ERROR - 2026-04-15 23:31:13 --> mysqli_sql_exception: You have an error in your SQL syntax; check the manual that corresponds to your MariaDB server version for the right syntax to use near 'AND chuou_flg = '1'
			ORDER BY
				area_group_id ASC' at line 6 in C:\xampp_htdocs\kasugaikyudo\production\system\Database\MySQLi\Connection.php:312
Stack trace:
#0 C:\xampp_htdocs\kasugaikyudo\production\system\Database\MySQLi\Connection.php(312): mysqli->query('\n\t\t\tSELECT\n\t\t\t\t...', 0)
#1 C:\xampp_htdocs\kasugaikyudo\production\system\Database\BaseConnection.php(734): CodeIgniter\Database\MySQLi\Connection->execute('\n\t\t\tSELECT\n\t\t\t\t...')
#2 C:\xampp_htdocs\kasugaikyudo\production\system\Database\BaseConnection.php(648): CodeIgniter\Database\BaseConnection->simpleQuery('\n\t\t\tSELECT\n\t\t\t\t...')
#3 C:\xampp_htdocs\kasugaikyudo\production\app\Models\BaseQueryModel.php(75): CodeIgniter\Database\BaseConnection->query('\n\t\t\tSELECT\n\t\t\t\t...', Array)
#4 C:\xampp_htdocs\kasugaikyudo\production\app\Models\ShinsaModel.php(126): App\Models\BaseQueryModel->get_result_array('\n\t\t\tSELECT\n\t\t\t\t...', Array)
#5 C:\xampp_htdocs\kasugaikyudo\production\app\Libraries\ShinsaLibrarie.php(28): App\Models\ShinsaModel->get_area_group_list(2)
#6 C:\xampp_htdocs\kasugaikyudo\production\app\Controllers\Admin\AdminShinsa.php(64): App\Libraries\ShinsaLibrarie->get_area_group_list(2)
#7 C:\xampp_htdocs\kasugaikyudo\production\system\CodeIgniter.php(933): App\Controllers\Admin\AdminShinsa->shinsa_regist()
#8 C:\xampp_htdocs\kasugaikyudo\production\system\CodeIgniter.php(509): CodeIgniter\CodeIgniter->runController(Object(App\Controllers\Admin\AdminShinsa))
#9 C:\xampp_htdocs\kasugaikyudo\production\system\CodeIgniter.php(355): CodeIgniter\CodeIgniter->handleRequest(NULL, Object(Config\Cache), false)
#10 C:\xampp_htdocs\kasugaikyudo\production\system\Boot.php(325): CodeIgniter\CodeIgniter->run()
#11 C:\xampp_htdocs\kasugaikyudo\production\system\Boot.php(67): CodeIgniter\Boot::runCodeIgniter(Object(CodeIgniter\CodeIgniter))
#12 C:\xampp_htdocs\kasugaikyudo\production\index.php(56): CodeIgniter\Boot::bootWeb(Object(Config\Paths))
#13 {main}
CRITICAL - 2026-04-15 23:31:13 --> CodeIgniter\Database\Exceptions\DatabaseException: You have an error in your SQL syntax; check the manual that corresponds to your MariaDB server version for the right syntax to use near 'AND chuou_flg = '1'
			ORDER BY
				area_group_id ASC' at line 6
[Method: POST, Route: admin/shinsa_regist]
in SYSTEMPATH\Database\BaseConnection.php on line 688.
 1 APPPATH\Models\BaseQueryModel.php(75): CodeIgniter\Database\BaseConnection->query('
			SELECT
				area_group_id,
				area_group_name
			FROM m_area_group
			WHERE
				 AND chuou_flg = :areaGroupFlg:
			ORDER BY
				area_group_id ASC
		', [...])
 2 APPPATH\Models\ShinsaModel.php(126): App\Models\BaseQueryModel->get_result_array('
			SELECT
				area_group_id,
				area_group_name
			FROM m_area_group
			WHERE
				 AND chuou_flg = :areaGroupFlg:
			ORDER BY
				area_group_id ASC
		', [...])
 3 APPPATH\Libraries\ShinsaLibrarie.php(28): App\Models\ShinsaModel->get_area_group_list(2)
 4 APPPATH\Controllers\Admin\AdminShinsa.php(64): App\Libraries\ShinsaLibrarie->get_area_group_list(2)
 5 SYSTEMPATH\CodeIgniter.php(933): App\Controllers\Admin\AdminShinsa->shinsa_regist()
 6 SYSTEMPATH\CodeIgniter.php(509): CodeIgniter\CodeIgniter->runController(Object(App\Controllers\Admin\AdminShinsa))
 7 SYSTEMPATH\CodeIgniter.php(355): CodeIgniter\CodeIgniter->handleRequest(null, Object(Config\Cache), false)
 8 SYSTEMPATH\Boot.php(325): CodeIgniter\CodeIgniter->run()
 9 SYSTEMPATH\Boot.php(67): CodeIgniter\Boot::runCodeIgniter(Object(CodeIgniter\CodeIgniter))
10 FCPATH\index.php(56): CodeIgniter\Boot::bootWeb(Object(Config\Paths))
CRITICAL - 2026-04-15 23:31:13 --> [Caused by] CodeIgniter\Database\Exceptions\DatabaseException: You have an error in your SQL syntax; check the manual that corresponds to your MariaDB server version for the right syntax to use near 'AND chuou_flg = '1'
			ORDER BY
				area_group_id ASC' at line 6
in SYSTEMPATH\Database\MySQLi\Connection.php on line 317.
 1 SYSTEMPATH\Database\BaseConnection.php(734): CodeIgniter\Database\MySQLi\Connection->execute('
			SELECT
				area_group_id,
				area_group_name
			FROM m_area_group
			WHERE
				 AND chuou_flg = \'1\'
			ORDER BY
				area_group_id ASC
		')
 2 SYSTEMPATH\Database\BaseConnection.php(648): CodeIgniter\Database\BaseConnection->simpleQuery('
			SELECT
				area_group_id,
				area_group_name
			FROM m_area_group
			WHERE
				 AND chuou_flg = \'1\'
			ORDER BY
				area_group_id ASC
		')
 3 APPPATH\Models\BaseQueryModel.php(75): CodeIgniter\Database\BaseConnection->query('
			SELECT
				area_group_id,
				area_group_name
			FROM m_area_group
			WHERE
				 AND chuou_flg = :areaGroupFlg:
			ORDER BY
				area_group_id ASC
		', [...])
 4 APPPATH\Models\ShinsaModel.php(126): App\Models\BaseQueryModel->get_result_array('
			SELECT
				area_group_id,
				area_group_name
			FROM m_area_group
			WHERE
				 AND chuou_flg = :areaGroupFlg:
			ORDER BY
				area_group_id ASC
		', [...])
 5 APPPATH\Libraries\ShinsaLibrarie.php(28): App\Models\ShinsaModel->get_area_group_list(2)
 6 APPPATH\Controllers\Admin\AdminShinsa.php(64): App\Libraries\ShinsaLibrarie->get_area_group_list(2)
 7 SYSTEMPATH\CodeIgniter.php(933): App\Controllers\Admin\AdminShinsa->shinsa_regist()
 8 SYSTEMPATH\CodeIgniter.php(509): CodeIgniter\CodeIgniter->runController(Object(App\Controllers\Admin\AdminShinsa))
 9 SYSTEMPATH\CodeIgniter.php(355): CodeIgniter\CodeIgniter->handleRequest(null, Object(Config\Cache), false)
10 SYSTEMPATH\Boot.php(325): CodeIgniter\CodeIgniter->run()
11 SYSTEMPATH\Boot.php(67): CodeIgniter\Boot::runCodeIgniter(Object(CodeIgniter\CodeIgniter))
12 FCPATH\index.php(56): CodeIgniter\Boot::bootWeb(Object(Config\Paths))
CRITICAL - 2026-04-15 23:31:13 --> [Caused by] mysqli_sql_exception: You have an error in your SQL syntax; check the manual that corresponds to your MariaDB server version for the right syntax to use near 'AND chuou_flg = '1'
			ORDER BY
				area_group_id ASC' at line 6
in SYSTEMPATH\Database\MySQLi\Connection.php on line 312.
 1 SYSTEMPATH\Database\MySQLi\Connection.php(312): mysqli->query('
			SELECT
				area_group_id,
				area_group_name
			FROM m_area_group
			WHERE
				 AND chuou_flg = \'1\'
			ORDER BY
				area_group_id ASC
		', 0)
 2 SYSTEMPATH\Database\BaseConnection.php(734): CodeIgniter\Database\MySQLi\Connection->execute('
			SELECT
				area_group_id,
				area_group_name
			FROM m_area_group
			WHERE
				 AND chuou_flg = \'1\'
			ORDER BY
				area_group_id ASC
		')
 3 SYSTEMPATH\Database\BaseConnection.php(648): CodeIgniter\Database\BaseConnection->simpleQuery('
			SELECT
				area_group_id,
				area_group_name
			FROM m_area_group
			WHERE
				 AND chuou_flg = \'1\'
			ORDER BY
				area_group_id ASC
		')
 4 APPPATH\Models\BaseQueryModel.php(75): CodeIgniter\Database\BaseConnection->query('
			SELECT
				area_group_id,
				area_group_name
			FROM m_area_group
			WHERE
				 AND chuou_flg = :areaGroupFlg:
			ORDER BY
				area_group_id ASC
		', [...])
 5 APPPATH\Models\ShinsaModel.php(126): App\Models\BaseQueryModel->get_result_array('
			SELECT
				area_group_id,
				area_group_name
			FROM m_area_group
			WHERE
				 AND chuou_flg = :areaGroupFlg:
			ORDER BY
				area_group_id ASC
		', [...])
 6 APPPATH\Libraries\ShinsaLibrarie.php(28): App\Models\ShinsaModel->get_area_group_list(2)
 7 APPPATH\Controllers\Admin\AdminShinsa.php(64): App\Libraries\ShinsaLibrarie->get_area_group_list(2)
 8 SYSTEMPATH\CodeIgniter.php(933): App\Controllers\Admin\AdminShinsa->shinsa_regist()
 9 SYSTEMPATH\CodeIgniter.php(509): CodeIgniter\CodeIgniter->runController(Object(App\Controllers\Admin\AdminShinsa))
10 SYSTEMPATH\CodeIgniter.php(355): CodeIgniter\CodeIgniter->handleRequest(null, Object(Config\Cache), false)
11 SYSTEMPATH\Boot.php(325): CodeIgniter\CodeIgniter->run()
12 SYSTEMPATH\Boot.php(67): CodeIgniter\Boot::runCodeIgniter(Object(CodeIgniter\CodeIgniter))
13 FCPATH\index.php(56): CodeIgniter\Boot::bootWeb(Object(Config\Paths))
ERROR - 2026-04-15 23:31:48 --> mysqli_sql_exception: You have an error in your SQL syntax; check the manual that corresponds to your MariaDB server version for the right syntax to use near 'AND chuou_flg = '1'
			ORDER BY
				area_group_id ASC' at line 6 in C:\xampp_htdocs\kasugaikyudo\production\system\Database\MySQLi\Connection.php:312
Stack trace:
#0 C:\xampp_htdocs\kasugaikyudo\production\system\Database\MySQLi\Connection.php(312): mysqli->query('\n\t\t\tSELECT\n\t\t\t\t...', 0)
#1 C:\xampp_htdocs\kasugaikyudo\production\system\Database\BaseConnection.php(734): CodeIgniter\Database\MySQLi\Connection->execute('\n\t\t\tSELECT\n\t\t\t\t...')
#2 C:\xampp_htdocs\kasugaikyudo\production\system\Database\BaseConnection.php(648): CodeIgniter\Database\BaseConnection->simpleQuery('\n\t\t\tSELECT\n\t\t\t\t...')
#3 C:\xampp_htdocs\kasugaikyudo\production\app\Models\BaseQueryModel.php(75): CodeIgniter\Database\BaseConnection->query('\n\t\t\tSELECT\n\t\t\t\t...', Array)
#4 C:\xampp_htdocs\kasugaikyudo\production\app\Models\ShinsaModel.php(126): App\Models\BaseQueryModel->get_result_array('\n\t\t\tSELECT\n\t\t\t\t...', Array)
#5 C:\xampp_htdocs\kasugaikyudo\production\app\Libraries\ShinsaLibrarie.php(28): App\Models\ShinsaModel->get_area_group_list(2)
#6 C:\xampp_htdocs\kasugaikyudo\production\app\Controllers\Admin\AdminShinsa.php(64): App\Libraries\ShinsaLibrarie->get_area_group_list(2)
#7 C:\xampp_htdocs\kasugaikyudo\production\system\CodeIgniter.php(933): App\Controllers\Admin\AdminShinsa->shinsa_regist()
#8 C:\xampp_htdocs\kasugaikyudo\production\system\CodeIgniter.php(509): CodeIgniter\CodeIgniter->runController(Object(App\Controllers\Admin\AdminShinsa))
#9 C:\xampp_htdocs\kasugaikyudo\production\system\CodeIgniter.php(355): CodeIgniter\CodeIgniter->handleRequest(NULL, Object(Config\Cache), false)
#10 C:\xampp_htdocs\kasugaikyudo\production\system\Boot.php(325): CodeIgniter\CodeIgniter->run()
#11 C:\xampp_htdocs\kasugaikyudo\production\system\Boot.php(67): CodeIgniter\Boot::runCodeIgniter(Object(CodeIgniter\CodeIgniter))
#12 C:\xampp_htdocs\kasugaikyudo\production\index.php(56): CodeIgniter\Boot::bootWeb(Object(Config\Paths))
#13 {main}
CRITICAL - 2026-04-15 23:31:48 --> CodeIgniter\Database\Exceptions\DatabaseException: You have an error in your SQL syntax; check the manual that corresponds to your MariaDB server version for the right syntax to use near 'AND chuou_flg = '1'
			ORDER BY
				area_group_id ASC' at line 6
[Method: POST, Route: admin/shinsa_regist]
in SYSTEMPATH\Database\BaseConnection.php on line 688.
 1 APPPATH\Models\BaseQueryModel.php(75): CodeIgniter\Database\BaseConnection->query('
			SELECT
				area_group_id,
				area_group_name
			FROM m_area_group
			WHERE
				 AND chuou_flg = :areaGroupFlg:
			ORDER BY
				area_group_id ASC
		', [...])
 2 APPPATH\Models\ShinsaModel.php(126): App\Models\BaseQueryModel->get_result_array('
			SELECT
				area_group_id,
				area_group_name
			FROM m_area_group
			WHERE
				 AND chuou_flg = :areaGroupFlg:
			ORDER BY
				area_group_id ASC
		', [...])
 3 APPPATH\Libraries\ShinsaLibrarie.php(28): App\Models\ShinsaModel->get_area_group_list(2)
 4 APPPATH\Controllers\Admin\AdminShinsa.php(64): App\Libraries\ShinsaLibrarie->get_area_group_list(2)
 5 SYSTEMPATH\CodeIgniter.php(933): App\Controllers\Admin\AdminShinsa->shinsa_regist()
 6 SYSTEMPATH\CodeIgniter.php(509): CodeIgniter\CodeIgniter->runController(Object(App\Controllers\Admin\AdminShinsa))
 7 SYSTEMPATH\CodeIgniter.php(355): CodeIgniter\CodeIgniter->handleRequest(null, Object(Config\Cache), false)
 8 SYSTEMPATH\Boot.php(325): CodeIgniter\CodeIgniter->run()
 9 SYSTEMPATH\Boot.php(67): CodeIgniter\Boot::runCodeIgniter(Object(CodeIgniter\CodeIgniter))
10 FCPATH\index.php(56): CodeIgniter\Boot::bootWeb(Object(Config\Paths))
CRITICAL - 2026-04-15 23:31:48 --> [Caused by] CodeIgniter\Database\Exceptions\DatabaseException: You have an error in your SQL syntax; check the manual that corresponds to your MariaDB server version for the right syntax to use near 'AND chuou_flg = '1'
			ORDER BY
				area_group_id ASC' at line 6
in SYSTEMPATH\Database\MySQLi\Connection.php on line 317.
 1 SYSTEMPATH\Database\BaseConnection.php(734): CodeIgniter\Database\MySQLi\Connection->execute('
			SELECT
				area_group_id,
				area_group_name
			FROM m_area_group
			WHERE
				 AND chuou_flg = \'1\'
			ORDER BY
				area_group_id ASC
		')
 2 SYSTEMPATH\Database\BaseConnection.php(648): CodeIgniter\Database\BaseConnection->simpleQuery('
			SELECT
				area_group_id,
				area_group_name
			FROM m_area_group
			WHERE
				 AND chuou_flg = \'1\'
			ORDER BY
				area_group_id ASC
		')
 3 APPPATH\Models\BaseQueryModel.php(75): CodeIgniter\Database\BaseConnection->query('
			SELECT
				area_group_id,
				area_group_name
			FROM m_area_group
			WHERE
				 AND chuou_flg = :areaGroupFlg:
			ORDER BY
				area_group_id ASC
		', [...])
 4 APPPATH\Models\ShinsaModel.php(126): App\Models\BaseQueryModel->get_result_array('
			SELECT
				area_group_id,
				area_group_name
			FROM m_area_group
			WHERE
				 AND chuou_flg = :areaGroupFlg:
			ORDER BY
				area_group_id ASC
		', [...])
 5 APPPATH\Libraries\ShinsaLibrarie.php(28): App\Models\ShinsaModel->get_area_group_list(2)
 6 APPPATH\Controllers\Admin\AdminShinsa.php(64): App\Libraries\ShinsaLibrarie->get_area_group_list(2)
 7 SYSTEMPATH\CodeIgniter.php(933): App\Controllers\Admin\AdminShinsa->shinsa_regist()
 8 SYSTEMPATH\CodeIgniter.php(509): CodeIgniter\CodeIgniter->runController(Object(App\Controllers\Admin\AdminShinsa))
 9 SYSTEMPATH\CodeIgniter.php(355): CodeIgniter\CodeIgniter->handleRequest(null, Object(Config\Cache), false)
10 SYSTEMPATH\Boot.php(325): CodeIgniter\CodeIgniter->run()
11 SYSTEMPATH\Boot.php(67): CodeIgniter\Boot::runCodeIgniter(Object(CodeIgniter\CodeIgniter))
12 FCPATH\index.php(56): CodeIgniter\Boot::bootWeb(Object(Config\Paths))
CRITICAL - 2026-04-15 23:31:48 --> [Caused by] mysqli_sql_exception: You have an error in your SQL syntax; check the manual that corresponds to your MariaDB server version for the right syntax to use near 'AND chuou_flg = '1'
			ORDER BY
				area_group_id ASC' at line 6
in SYSTEMPATH\Database\MySQLi\Connection.php on line 312.
 1 SYSTEMPATH\Database\MySQLi\Connection.php(312): mysqli->query('
			SELECT
				area_group_id,
				area_group_name
			FROM m_area_group
			WHERE
				 AND chuou_flg = \'1\'
			ORDER BY
				area_group_id ASC
		', 0)
 2 SYSTEMPATH\Database\BaseConnection.php(734): CodeIgniter\Database\MySQLi\Connection->execute('
			SELECT
				area_group_id,
				area_group_name
			FROM m_area_group
			WHERE
				 AND chuou_flg = \'1\'
			ORDER BY
				area_group_id ASC
		')
 3 SYSTEMPATH\Database\BaseConnection.php(648): CodeIgniter\Database\BaseConnection->simpleQuery('
			SELECT
				area_group_id,
				area_group_name
			FROM m_area_group
			WHERE
				 AND chuou_flg = \'1\'
			ORDER BY
				area_group_id ASC
		')
 4 APPPATH\Models\BaseQueryModel.php(75): CodeIgniter\Database\BaseConnection->query('
			SELECT
				area_group_id,
				area_group_name
			FROM m_area_group
			WHERE
				 AND chuou_flg = :areaGroupFlg:
			ORDER BY
				area_group_id ASC
		', [...])
 5 APPPATH\Models\ShinsaModel.php(126): App\Models\BaseQueryModel->get_result_array('
			SELECT
				area_group_id,
				area_group_name
			FROM m_area_group
			WHERE
				 AND chuou_flg = :areaGroupFlg:
			ORDER BY
				area_group_id ASC
		', [...])
 6 APPPATH\Libraries\ShinsaLibrarie.php(28): App\Models\ShinsaModel->get_area_group_list(2)
 7 APPPATH\Controllers\Admin\AdminShinsa.php(64): App\Libraries\ShinsaLibrarie->get_area_group_list(2)
 8 SYSTEMPATH\CodeIgniter.php(933): App\Controllers\Admin\AdminShinsa->shinsa_regist()
 9 SYSTEMPATH\CodeIgniter.php(509): CodeIgniter\CodeIgniter->runController(Object(App\Controllers\Admin\AdminShinsa))
10 SYSTEMPATH\CodeIgniter.php(355): CodeIgniter\CodeIgniter->handleRequest(null, Object(Config\Cache), false)
11 SYSTEMPATH\Boot.php(325): CodeIgniter\CodeIgniter->run()
12 SYSTEMPATH\Boot.php(67): CodeIgniter\Boot::runCodeIgniter(Object(CodeIgniter\CodeIgniter))
13 FCPATH\index.php(56): CodeIgniter\Boot::bootWeb(Object(Config\Paths))
