CRITICAL - 2026-05-17 22:11:16 --> ErrorException: Undefined array key "kaijo_name_short"
[Method: GET, Route: admin/notice_regist_shinsa_promotion/40]
in APPPATH\Libraries\ShinsaLibrarie.php on line 537.
 1 APPPATH\Libraries\ShinsaLibrarie.php(537): CodeIgniter\Debug\Exceptions->errorHandler(2, 'Undefined array key "kaijo_name_short"', 'C:\\xampp_htdocs\\kasugaikyudo\\production\\app\\Libraries\\ShinsaLibrarie.php', 537)
 2 APPPATH\Controllers\Admin\AdminShinsa.php(399): App\Libraries\ShinsaLibrarie->shinsa_rankup_notice_body([...], 40)
 3 SYSTEMPATH\CodeIgniter.php(933): App\Controllers\Admin\AdminShinsa->notice_regist_shinsa_promotion('40')
 4 SYSTEMPATH\CodeIgniter.php(509): CodeIgniter\CodeIgniter->runController(Object(App\Controllers\Admin\AdminShinsa))
 5 SYSTEMPATH\CodeIgniter.php(355): CodeIgniter\CodeIgniter->handleRequest(null, Object(Config\Cache), false)
 6 SYSTEMPATH\Boot.php(325): CodeIgniter\CodeIgniter->run()
 7 SYSTEMPATH\Boot.php(67): CodeIgniter\Boot::runCodeIgniter(Object(CodeIgniter\CodeIgniter))
 8 FCPATH\index.php(56): CodeIgniter\Boot::bootWeb(Object(Config\Paths))
CRITICAL - 2026-05-17 22:15:45 --> ErrorException: Undefined array key "kaijo_name_short"
[Method: GET, Route: admin/notice_regist_shinsa_promotion/40]
in APPPATH\Libraries\ShinsaLibrarie.php on line 537.
 1 APPPATH\Libraries\ShinsaLibrarie.php(537): CodeIgniter\Debug\Exceptions->errorHandler(2, 'Undefined array key "kaijo_name_short"', 'C:\\xampp_htdocs\\kasugaikyudo\\production\\app\\Libraries\\ShinsaLibrarie.php', 537)
 2 APPPATH\Controllers\Admin\AdminShinsa.php(399): App\Libraries\ShinsaLibrarie->shinsa_rankup_notice_body([...], 40)
 3 SYSTEMPATH\CodeIgniter.php(933): App\Controllers\Admin\AdminShinsa->notice_regist_shinsa_promotion('40')
 4 SYSTEMPATH\CodeIgniter.php(509): CodeIgniter\CodeIgniter->runController(Object(App\Controllers\Admin\AdminShinsa))
 5 SYSTEMPATH\CodeIgniter.php(355): CodeIgniter\CodeIgniter->handleRequest(null, Object(Config\Cache), false)
 6 SYSTEMPATH\Boot.php(325): CodeIgniter\CodeIgniter->run()
 7 SYSTEMPATH\Boot.php(67): CodeIgniter\Boot::runCodeIgniter(Object(CodeIgniter\CodeIgniter))
 8 FCPATH\index.php(56): CodeIgniter\Boot::bootWeb(Object(Config\Paths))
CRITICAL - 2026-05-17 22:17:29 --> ErrorException: Undefined array key "kaijo_name_short"
[Method: GET, Route: admin/notice_regist_shinsa_promotion/40]
in APPPATH\Libraries\ShinsaLibrarie.php on line 537.
 1 APPPATH\Libraries\ShinsaLibrarie.php(537): CodeIgniter\Debug\Exceptions->errorHandler(2, 'Undefined array key "kaijo_name_short"', 'C:\\xampp_htdocs\\kasugaikyudo\\production\\app\\Libraries\\ShinsaLibrarie.php', 537)
 2 APPPATH\Controllers\Admin\AdminShinsa.php(399): App\Libraries\ShinsaLibrarie->shinsa_rankup_notice_body([...], 40)
 3 SYSTEMPATH\CodeIgniter.php(933): App\Controllers\Admin\AdminShinsa->notice_regist_shinsa_promotion('40')
 4 SYSTEMPATH\CodeIgniter.php(509): CodeIgniter\CodeIgniter->runController(Object(App\Controllers\Admin\AdminShinsa))
 5 SYSTEMPATH\CodeIgniter.php(355): CodeIgniter\CodeIgniter->handleRequest(null, Object(Config\Cache), false)
 6 SYSTEMPATH\Boot.php(325): CodeIgniter\CodeIgniter->run()
 7 SYSTEMPATH\Boot.php(67): CodeIgniter\Boot::runCodeIgniter(Object(CodeIgniter\CodeIgniter))
 8 FCPATH\index.php(56): CodeIgniter\Boot::bootWeb(Object(Config\Paths))
CRITICAL - 2026-05-17 22:20:33 --> ErrorException: Undefined array key "kaijo_name_short"
[Method: GET, Route: admin/notice_regist_shinsa_promotion/40]
in APPPATH\Libraries\ShinsaLibrarie.php on line 537.
 1 APPPATH\Libraries\ShinsaLibrarie.php(537): CodeIgniter\Debug\Exceptions->errorHandler(2, 'Undefined array key "kaijo_name_short"', 'C:\\xampp_htdocs\\kasugaikyudo\\production\\app\\Libraries\\ShinsaLibrarie.php', 537)
 2 APPPATH\Controllers\Admin\AdminShinsa.php(399): App\Libraries\ShinsaLibrarie->shinsa_rankup_notice_body([...], 40)
 3 SYSTEMPATH\CodeIgniter.php(933): App\Controllers\Admin\AdminShinsa->notice_regist_shinsa_promotion('40')
 4 SYSTEMPATH\CodeIgniter.php(509): CodeIgniter\CodeIgniter->runController(Object(App\Controllers\Admin\AdminShinsa))
 5 SYSTEMPATH\CodeIgniter.php(355): CodeIgniter\CodeIgniter->handleRequest(null, Object(Config\Cache), false)
 6 SYSTEMPATH\Boot.php(325): CodeIgniter\CodeIgniter->run()
 7 SYSTEMPATH\Boot.php(67): CodeIgniter\Boot::runCodeIgniter(Object(CodeIgniter\CodeIgniter))
 8 FCPATH\index.php(56): CodeIgniter\Boot::bootWeb(Object(Config\Paths))
CRITICAL - 2026-05-17 22:20:39 --> ErrorException: Undefined variable $fiscalYearId
[Method: GET, Route: admin/notice_regist_shinsa_promotion/40]
in APPPATH\Views\common\menu.php on line 22.
 1 APPPATH\Views\common\menu.php(22): CodeIgniter\Debug\Exceptions->errorHandler(2, 'Undefined variable $fiscalYearId', 'C:\\xampp_htdocs\\kasugaikyudo\\production\\app\\Views\\common\\menu.php', 22)
 2 SYSTEMPATH\View\View.php(234): include('C:\\xampp_htdocs\\kasugaikyudo\\production\\app\\Views\\common\\menu.php')
 3 SYSTEMPATH\View\View.php(237): CodeIgniter\View\View->CodeIgniter\View\{closure}()
 4 SYSTEMPATH\Common.php(1171): CodeIgniter\View\View->render('common/menu', [], true)
 5 APPPATH\Controllers\Admin\AdminShinsa.php(427): view('common/menu')
 6 SYSTEMPATH\CodeIgniter.php(933): App\Controllers\Admin\AdminShinsa->notice_regist_shinsa_promotion('40')
 7 SYSTEMPATH\CodeIgniter.php(509): CodeIgniter\CodeIgniter->runController(Object(App\Controllers\Admin\AdminShinsa))
 8 SYSTEMPATH\CodeIgniter.php(355): CodeIgniter\CodeIgniter->handleRequest(null, Object(Config\Cache), false)
 9 SYSTEMPATH\Boot.php(325): CodeIgniter\CodeIgniter->run()
10 SYSTEMPATH\Boot.php(67): CodeIgniter\Boot::runCodeIgniter(Object(CodeIgniter\CodeIgniter))
11 FCPATH\index.php(56): CodeIgniter\Boot::bootWeb(Object(Config\Paths))
CRITICAL - 2026-05-17 22:21:17 --> ErrorException: Undefined variable $fiscalYearId
[Method: GET, Route: admin/notice_regist_shinsa_promotion/40]
in APPPATH\Views\common\menu.php on line 22.
 1 APPPATH\Views\common\menu.php(22): CodeIgniter\Debug\Exceptions->errorHandler(2, 'Undefined variable $fiscalYearId', 'C:\\xampp_htdocs\\kasugaikyudo\\production\\app\\Views\\common\\menu.php', 22)
 2 SYSTEMPATH\View\View.php(234): include('C:\\xampp_htdocs\\kasugaikyudo\\production\\app\\Views\\common\\menu.php')
 3 SYSTEMPATH\View\View.php(237): CodeIgniter\View\View->CodeIgniter\View\{closure}()
 4 SYSTEMPATH\Common.php(1171): CodeIgniter\View\View->render('common/menu', [], true)
 5 APPPATH\Controllers\Admin\AdminShinsa.php(427): view('common/menu')
 6 SYSTEMPATH\CodeIgniter.php(933): App\Controllers\Admin\AdminShinsa->notice_regist_shinsa_promotion('40')
 7 SYSTEMPATH\CodeIgniter.php(509): CodeIgniter\CodeIgniter->runController(Object(App\Controllers\Admin\AdminShinsa))
 8 SYSTEMPATH\CodeIgniter.php(355): CodeIgniter\CodeIgniter->handleRequest(null, Object(Config\Cache), false)
 9 SYSTEMPATH\Boot.php(325): CodeIgniter\CodeIgniter->run()
10 SYSTEMPATH\Boot.php(67): CodeIgniter\Boot::runCodeIgniter(Object(CodeIgniter\CodeIgniter))
11 FCPATH\index.php(56): CodeIgniter\Boot::bootWeb(Object(Config\Paths))
CRITICAL - 2026-05-17 22:22:07 --> ErrorException: Undefined variable $fiscalYearId
[Method: GET, Route: admin/notice_regist_shinsa_promotion/40]
in APPPATH\Views\common\menu.php on line 22.
 1 APPPATH\Views\common\menu.php(22): CodeIgniter\Debug\Exceptions->errorHandler(2, 'Undefined variable $fiscalYearId', 'C:\\xampp_htdocs\\kasugaikyudo\\production\\app\\Views\\common\\menu.php', 22)
 2 SYSTEMPATH\View\View.php(234): include('C:\\xampp_htdocs\\kasugaikyudo\\production\\app\\Views\\common\\menu.php')
 3 SYSTEMPATH\View\View.php(237): CodeIgniter\View\View->CodeIgniter\View\{closure}()
 4 SYSTEMPATH\Common.php(1171): CodeIgniter\View\View->render('common/menu', [], true)
 5 APPPATH\Controllers\Admin\AdminShinsa.php(427): view('common/menu')
 6 SYSTEMPATH\CodeIgniter.php(933): App\Controllers\Admin\AdminShinsa->notice_regist_shinsa_promotion('40')
 7 SYSTEMPATH\CodeIgniter.php(509): CodeIgniter\CodeIgniter->runController(Object(App\Controllers\Admin\AdminShinsa))
 8 SYSTEMPATH\CodeIgniter.php(355): CodeIgniter\CodeIgniter->handleRequest(null, Object(Config\Cache), false)
 9 SYSTEMPATH\Boot.php(325): CodeIgniter\CodeIgniter->run()
10 SYSTEMPATH\Boot.php(67): CodeIgniter\Boot::runCodeIgniter(Object(CodeIgniter\CodeIgniter))
11 FCPATH\index.php(56): CodeIgniter\Boot::bootWeb(Object(Config\Paths))
