CRITICAL - 2026-04-16 22:56:13 --> Error: Call to undefined method App\Libraries\ShinsaLibrarie::get_shinsa_name_list()
[Method: POST, Route: admin/shinsa_regist]
in APPPATH\Controllers\Admin\AdminShinsa.php on line 67.
 1 SYSTEMPATH\CodeIgniter.php(933): App\Controllers\Admin\AdminShinsa->shinsa_regist()
 2 SYSTEMPATH\CodeIgniter.php(509): CodeIgniter\CodeIgniter->runController(Object(App\Controllers\Admin\AdminShinsa))
 3 SYSTEMPATH\CodeIgniter.php(355): CodeIgniter\CodeIgniter->handleRequest(null, Object(Config\Cache), false)
 4 SYSTEMPATH\Boot.php(325): CodeIgniter\CodeIgniter->run()
 5 SYSTEMPATH\Boot.php(67): CodeIgniter\Boot::runCodeIgniter(Object(CodeIgniter\CodeIgniter))
 6 FCPATH\index.php(56): CodeIgniter\Boot::bootWeb(Object(Config\Paths))
CRITICAL - 2026-04-16 23:15:50 --> ErrorException: Undefined array key "shinsa_class_id"
[Method: POST, Route: admin/shinsa_regist]
in APPPATH\Controllers\Admin\AdminShinsa.php on line 37.
 1 APPPATH\Controllers\Admin\AdminShinsa.php(37): CodeIgniter\Debug\Exceptions->errorHandler(2, 'Undefined array key "shinsa_class_id"', 'C:\\xampp_htdocs\\kasugaikyudo\\production\\app\\Controllers\\Admin\\AdminShinsa.php', 37)
 2 SYSTEMPATH\CodeIgniter.php(933): App\Controllers\Admin\AdminShinsa->shinsa_regist()
 3 SYSTEMPATH\CodeIgniter.php(509): CodeIgniter\CodeIgniter->runController(Object(App\Controllers\Admin\AdminShinsa))
 4 SYSTEMPATH\CodeIgniter.php(355): CodeIgniter\CodeIgniter->handleRequest(null, Object(Config\Cache), false)
 5 SYSTEMPATH\Boot.php(325): CodeIgniter\CodeIgniter->run()
 6 SYSTEMPATH\Boot.php(67): CodeIgniter\Boot::runCodeIgniter(Object(CodeIgniter\CodeIgniter))
 7 FCPATH\index.php(56): CodeIgniter\Boot::bootWeb(Object(Config\Paths))
CRITICAL - 2026-04-16 23:16:14 --> ErrorException: Undefined array key "shinsa_class_id"
[Method: POST, Route: admin/shinsa_regist]
in APPPATH\Controllers\Admin\AdminShinsa.php on line 37.
 1 APPPATH\Controllers\Admin\AdminShinsa.php(37): CodeIgniter\Debug\Exceptions->errorHandler(2, 'Undefined array key "shinsa_class_id"', 'C:\\xampp_htdocs\\kasugaikyudo\\production\\app\\Controllers\\Admin\\AdminShinsa.php', 37)
 2 SYSTEMPATH\CodeIgniter.php(933): App\Controllers\Admin\AdminShinsa->shinsa_regist()
 3 SYSTEMPATH\CodeIgniter.php(509): CodeIgniter\CodeIgniter->runController(Object(App\Controllers\Admin\AdminShinsa))
 4 SYSTEMPATH\CodeIgniter.php(355): CodeIgniter\CodeIgniter->handleRequest(null, Object(Config\Cache), false)
 5 SYSTEMPATH\Boot.php(325): CodeIgniter\CodeIgniter->run()
 6 SYSTEMPATH\Boot.php(67): CodeIgniter\Boot::runCodeIgniter(Object(CodeIgniter\CodeIgniter))
 7 FCPATH\index.php(56): CodeIgniter\Boot::bootWeb(Object(Config\Paths))
CRITICAL - 2026-04-16 23:18:50 --> Error: Call to undefined method App\Libraries\Admin\AdminShinsaLibrarie::get_shinsa_holder_grade_list()
[Method: POST, Route: admin/shinsa_regist]
in APPPATH\Controllers\Admin\AdminShinsa.php on line 75.
 1 SYSTEMPATH\CodeIgniter.php(933): App\Controllers\Admin\AdminShinsa->shinsa_regist()
 2 SYSTEMPATH\CodeIgniter.php(509): CodeIgniter\CodeIgniter->runController(Object(App\Controllers\Admin\AdminShinsa))
 3 SYSTEMPATH\CodeIgniter.php(355): CodeIgniter\CodeIgniter->handleRequest(null, Object(Config\Cache), false)
 4 SYSTEMPATH\Boot.php(325): CodeIgniter\CodeIgniter->run()
 5 SYSTEMPATH\Boot.php(67): CodeIgniter\Boot::runCodeIgniter(Object(CodeIgniter\CodeIgniter))
 6 FCPATH\index.php(56): CodeIgniter\Boot::bootWeb(Object(Config\Paths))
CRITICAL - 2026-04-16 23:19:38 --> TypeError: App\Models\Admin\AdminShinsaModel::get_shinsa_kaijo_list(): Argument #1 ($shinsaClassId) must be of type int, null given, called in C:\xampp_htdocs\kasugaikyudo\production\app\Libraries\Admin\AdminShinsaLibrarie.php on line 50
[Method: POST, Route: admin/shinsa_regist]
in APPPATH\Models\Admin\AdminShinsaModel.php on line 22.
 1 APPPATH\Libraries\Admin\AdminShinsaLibrarie.php(50): App\Models\Admin\AdminShinsaModel->get_shinsa_kaijo_list(null, null)
 2 APPPATH\Controllers\Admin\AdminShinsa.php(78): App\Libraries\Admin\AdminShinsaLibrarie->get_shinsa_kaijo_list(null, null)
 3 SYSTEMPATH\CodeIgniter.php(933): App\Controllers\Admin\AdminShinsa->shinsa_regist()
 4 SYSTEMPATH\CodeIgniter.php(509): CodeIgniter\CodeIgniter->runController(Object(App\Controllers\Admin\AdminShinsa))
 5 SYSTEMPATH\CodeIgniter.php(355): CodeIgniter\CodeIgniter->handleRequest(null, Object(Config\Cache), false)
 6 SYSTEMPATH\Boot.php(325): CodeIgniter\CodeIgniter->run()
 7 SYSTEMPATH\Boot.php(67): CodeIgniter\Boot::runCodeIgniter(Object(CodeIgniter\CodeIgniter))
 8 FCPATH\index.php(56): CodeIgniter\Boot::bootWeb(Object(Config\Paths))
CRITICAL - 2026-04-16 23:29:47 --> ArgumentCountError: Too few arguments to function App\Libraries\Admin\AdminShinsaLibrarie::get_shinsa_kaijo_list(), 1 passed in C:\xampp_htdocs\kasugaikyudo\production\app\Controllers\Admin\AdminShinsa.php on line 78 and exactly 2 expected
[Method: POST, Route: admin/shinsa_regist]
in APPPATH\Libraries\Admin\AdminShinsaLibrarie.php on line 48.
 1 APPPATH\Controllers\Admin\AdminShinsa.php(78): App\Libraries\Admin\AdminShinsaLibrarie->get_shinsa_kaijo_list('1')
 2 SYSTEMPATH\CodeIgniter.php(933): App\Controllers\Admin\AdminShinsa->shinsa_regist()
 3 SYSTEMPATH\CodeIgniter.php(509): CodeIgniter\CodeIgniter->runController(Object(App\Controllers\Admin\AdminShinsa))
 4 SYSTEMPATH\CodeIgniter.php(355): CodeIgniter\CodeIgniter->handleRequest(null, Object(Config\Cache), false)
 5 SYSTEMPATH\Boot.php(325): CodeIgniter\CodeIgniter->run()
 6 SYSTEMPATH\Boot.php(67): CodeIgniter\Boot::runCodeIgniter(Object(CodeIgniter\CodeIgniter))
 7 FCPATH\index.php(56): CodeIgniter\Boot::bootWeb(Object(Config\Paths))
