CRITICAL - 2026-04-02 23:13:46 --> ErrorException: Undefined variable $seminarRegistNendoList
[Method: GET, Route: member]
in APPPATH\Views\member\index.php on line 8.
 1 APPPATH\Views\member\index.php(8): CodeIgniter\Debug\Exceptions->errorHandler(2, 'Undefined variable $seminarRegistNendoList', 'C:\\xampp_htdocs\\kasugaikyudo\\production\\app\\Views\\member\\index.php', 8)
 2 SYSTEMPATH\View\View.php(234): include('C:\\xampp_htdocs\\kasugaikyudo\\production\\app\\Views\\member\\index.php')
 3 SYSTEMPATH\View\View.php(237): CodeIgniter\View\View->CodeIgniter\View\{closure}()
 4 SYSTEMPATH\Common.php(1171): CodeIgniter\View\View->render('member/index', [], true)
 5 APPPATH\Controllers\Member.php(46): view('member/index')
 6 SYSTEMPATH\CodeIgniter.php(933): App\Controllers\Member->index()
 7 SYSTEMPATH\CodeIgniter.php(509): CodeIgniter\CodeIgniter->runController(Object(App\Controllers\Member))
 8 SYSTEMPATH\CodeIgniter.php(355): CodeIgniter\CodeIgniter->handleRequest(null, Object(Config\Cache), false)
 9 SYSTEMPATH\Boot.php(325): CodeIgniter\CodeIgniter->run()
10 SYSTEMPATH\Boot.php(67): CodeIgniter\Boot::runCodeIgniter(Object(CodeIgniter\CodeIgniter))
11 FCPATH\index.php(56): CodeIgniter\Boot::bootWeb(Object(Config\Paths))
CRITICAL - 2026-04-02 23:14:36 --> ErrorException: Undefined variable $seminarRegistNendoList
[Method: GET, Route: member]
in APPPATH\Controllers\Member.php on line 35.
 1 APPPATH\Controllers\Member.php(35): CodeIgniter\Debug\Exceptions->errorHandler(2, 'Undefined variable $seminarRegistNendoList', 'C:\\xampp_htdocs\\kasugaikyudo\\production\\app\\Controllers\\Member.php', 35)
 2 SYSTEMPATH\CodeIgniter.php(933): App\Controllers\Member->index()
 3 SYSTEMPATH\CodeIgniter.php(509): CodeIgniter\CodeIgniter->runController(Object(App\Controllers\Member))
 4 SYSTEMPATH\CodeIgniter.php(355): CodeIgniter\CodeIgniter->handleRequest(null, Object(Config\Cache), false)
 5 SYSTEMPATH\Boot.php(325): CodeIgniter\CodeIgniter->run()
 6 SYSTEMPATH\Boot.php(67): CodeIgniter\Boot::runCodeIgniter(Object(CodeIgniter\CodeIgniter))
 7 FCPATH\index.php(56): CodeIgniter\Boot::bootWeb(Object(Config\Paths))
