ERROR - 2026-05-20 22:50:09 --> Email: sendWithMail throwed ErrorException: mail(): Failed to connect to mailserver at &quot;localhost&quot; port 25, verify your &quot;SMTP&quot; and &quot;smtp_port&quot; setting in php.ini or use ini_set() in C:\xampp_htdocs\kasugaikyudo\production\system\Email\Email.php:1762
Stack trace:
#0 [internal function]: CodeIgniter\Debug\Exceptions->errorHandler(2, 'mail(): Failed ...', 'C:\\xampp_htdocs...', 1762)
#1 C:\xampp_htdocs\kasugaikyudo\production\system\Email\Email.php(1762): mail('k.kyudo.xampp@g...', '=?UTF-8?Q?TEST=...', '\xEF\xBD\x91\xEF\xBD\x91\xEF\xBD\x91\xEF\xBD\x91\r\n\r...', 'Date: Wed, 20 M...', '-f k.kyudo.xamp...')
#2 C:\xampp_htdocs\kasugaikyudo\production\system\Email\Email.php(1694): CodeIgniter\Email\Email->sendWithMail()
#3 C:\xampp_htdocs\kasugaikyudo\production\system\Email\Email.php(1589): CodeIgniter\Email\Email->spoolEmail()
#4 C:\xampp_htdocs\kasugaikyudo\production\app\Libraries\Admin\AdminLibrarie.php(96): CodeIgniter\Email\Email->send()
#5 C:\xampp_htdocs\kasugaikyudo\production\app\Libraries\Admin\AdminNoticeLibrarie.php(392): App\Libraries\Admin\AdminLibrarie->send_mail_proc(Array, 'TEST \xE3\x80\x90\xE3\x81\x8A\xE7\x9F\xA5\xE3...', '\xEF\xBD\x91\xEF\xBD\x91\xEF\xBD\x91\xEF\xBD\x91\n\n\xE6...')
#6 C:\xampp_htdocs\kasugaikyudo\production\app\Libraries\Admin\AdminNoticeLibrarie.php(111): App\Libraries\Admin\AdminNoticeLibrarie->notice_mail_proc(Array, Array, 26)
#7 C:\xampp_htdocs\kasugaikyudo\production\app\Controllers\Admin\AdminNotice.php(252): App\Libraries\Admin\AdminNoticeLibrarie->notice_info_proc(Array, Array, 65, 26)
#8 C:\xampp_htdocs\kasugaikyudo\production\system\CodeIgniter.php(933): App\Controllers\Admin\AdminNotice->ajax_notice_regist_proc()
#9 C:\xampp_htdocs\kasugaikyudo\production\system\CodeIgniter.php(509): CodeIgniter\CodeIgniter->runController(Object(App\Controllers\Admin\AdminNotice))
#10 C:\xampp_htdocs\kasugaikyudo\production\system\CodeIgniter.php(355): CodeIgniter\CodeIgniter->handleRequest(NULL, Object(Config\Cache), false)
#11 C:\xampp_htdocs\kasugaikyudo\production\system\Boot.php(325): CodeIgniter\CodeIgniter->run()
#12 C:\xampp_htdocs\kasugaikyudo\production\system\Boot.php(67): CodeIgniter\Boot::runCodeIgniter(Object(CodeIgniter\CodeIgniter))
#13 C:\xampp_htdocs\kasugaikyudo\production\index.php(56): CodeIgniter\Boot::bootWeb(Object(Config\Paths))
#14 {main}
ERROR - 2026-05-20 22:50:09 --> Email: Unable to send email using PHP mail(). Your server might not be configured to send mail using this method.
ERROR - 2026-05-20 22:50:09 --> 
CRITICAL - 2026-05-20 22:55:02 --> ErrorException: Undefined variable $categoryId
[Method: GET, Route: calendar]
in APPPATH\Models\CalendarModel.php on line 38.
 1 APPPATH\Models\CalendarModel.php(38): CodeIgniter\Debug\Exceptions->errorHandler(2, 'Undefined variable $categoryId', 'C:\\xampp_htdocs\\kasugaikyudo\\production\\app\\Models\\CalendarModel.php', 38)
 2 APPPATH\Libraries\CalendarLibrarie.php(21): App\Models\CalendarModel->get_document_list()
 3 APPPATH\Controllers\Calendar.php(33): App\Libraries\CalendarLibrarie->get_document_list()
 4 SYSTEMPATH\CodeIgniter.php(933): App\Controllers\Calendar->index()
 5 SYSTEMPATH\CodeIgniter.php(509): CodeIgniter\CodeIgniter->runController(Object(App\Controllers\Calendar))
 6 SYSTEMPATH\CodeIgniter.php(355): CodeIgniter\CodeIgniter->handleRequest(null, Object(Config\Cache), false)
 7 SYSTEMPATH\Boot.php(325): CodeIgniter\CodeIgniter->run()
 8 SYSTEMPATH\Boot.php(67): CodeIgniter\Boot::runCodeIgniter(Object(CodeIgniter\CodeIgniter))
 9 FCPATH\index.php(56): CodeIgniter\Boot::bootWeb(Object(Config\Paths))
