CRITICAL - 2026-04-09 22:58:55 --> ErrorException: Undefined array key "numRows"
[Method: GET, Route: kyokai/25]
in APPPATH\Helpers\kyokai_helper.php on line 15.
 1 APPPATH\Helpers\kyokai_helper.php(15): CodeIgniter\Debug\Exceptions->errorHandler(2, 'Undefined array key "numRows"', 'C:\\xampp_htdocs\\kasugaikyudo\\production\\app\\Helpers\\kyokai_helper.php', 15)
 2 APPPATH\Views\kyokai\index.php(8): get_kyokai_event_tab_html([...], [...])
 3 SYSTEMPATH\View\View.php(234): include('C:\\xampp_htdocs\\kasugaikyudo\\production\\app\\Views\\kyokai\\index.php')
 4 SYSTEMPATH\View\View.php(237): CodeIgniter\View\View->CodeIgniter\View\{closure}()
 5 SYSTEMPATH\Common.php(1171): CodeIgniter\View\View->render('kyokai/index', [], true)
 6 APPPATH\Controllers\Kyokai.php(52): view('kyokai/index')
 7 SYSTEMPATH\CodeIgniter.php(933): App\Controllers\Kyokai->index('25')
 8 SYSTEMPATH\CodeIgniter.php(509): CodeIgniter\CodeIgniter->runController(Object(App\Controllers\Kyokai))
 9 SYSTEMPATH\CodeIgniter.php(355): CodeIgniter\CodeIgniter->handleRequest(null, Object(Config\Cache), false)
10 SYSTEMPATH\Boot.php(325): CodeIgniter\CodeIgniter->run()
11 SYSTEMPATH\Boot.php(67): CodeIgniter\Boot::runCodeIgniter(Object(CodeIgniter\CodeIgniter))
12 FCPATH\index.php(56): CodeIgniter\Boot::bootWeb(Object(Config\Paths))
CRITICAL - 2026-04-09 23:06:36 --> ErrorException: Undefined array key "numRows"
[Method: GET, Route: kyokai/25]
in APPPATH\Helpers\kyokai_helper.php on line 15.
 1 APPPATH\Helpers\kyokai_helper.php(15): CodeIgniter\Debug\Exceptions->errorHandler(2, 'Undefined array key "numRows"', 'C:\\xampp_htdocs\\kasugaikyudo\\production\\app\\Helpers\\kyokai_helper.php', 15)
 2 APPPATH\Views\kyokai\index.php(8): get_kyokai_event_tab_html([...], [...])
 3 SYSTEMPATH\View\View.php(234): include('C:\\xampp_htdocs\\kasugaikyudo\\production\\app\\Views\\kyokai\\index.php')
 4 SYSTEMPATH\View\View.php(237): CodeIgniter\View\View->CodeIgniter\View\{closure}()
 5 SYSTEMPATH\Common.php(1171): CodeIgniter\View\View->render('kyokai/index', [], true)
 6 APPPATH\Controllers\Kyokai.php(52): view('kyokai/index')
 7 SYSTEMPATH\CodeIgniter.php(933): App\Controllers\Kyokai->index('25')
 8 SYSTEMPATH\CodeIgniter.php(509): CodeIgniter\CodeIgniter->runController(Object(App\Controllers\Kyokai))
 9 SYSTEMPATH\CodeIgniter.php(355): CodeIgniter\CodeIgniter->handleRequest(null, Object(Config\Cache), false)
10 SYSTEMPATH\Boot.php(325): CodeIgniter\CodeIgniter->run()
11 SYSTEMPATH\Boot.php(67): CodeIgniter\Boot::runCodeIgniter(Object(CodeIgniter\CodeIgniter))
12 FCPATH\index.php(56): CodeIgniter\Boot::bootWeb(Object(Config\Paths))
CRITICAL - 2026-04-09 23:06:41 --> ErrorException: Undefined variable $setting
[Method: GET, Route: kyokai/25]
in APPPATH\Helpers\kyokai_helper.php on line 17.
 1 APPPATH\Helpers\kyokai_helper.php(17): CodeIgniter\Debug\Exceptions->errorHandler(2, 'Undefined variable $setting', 'C:\\xampp_htdocs\\kasugaikyudo\\production\\app\\Helpers\\kyokai_helper.php', 17)
 2 APPPATH\Views\kyokai\index.php(8): get_kyokai_event_tab_html([...], [...])
 3 SYSTEMPATH\View\View.php(234): include('C:\\xampp_htdocs\\kasugaikyudo\\production\\app\\Views\\kyokai\\index.php')
 4 SYSTEMPATH\View\View.php(237): CodeIgniter\View\View->CodeIgniter\View\{closure}()
 5 SYSTEMPATH\Common.php(1171): CodeIgniter\View\View->render('kyokai/index', [], true)
 6 APPPATH\Controllers\Kyokai.php(52): view('kyokai/index')
 7 SYSTEMPATH\CodeIgniter.php(933): App\Controllers\Kyokai->index('25')
 8 SYSTEMPATH\CodeIgniter.php(509): CodeIgniter\CodeIgniter->runController(Object(App\Controllers\Kyokai))
 9 SYSTEMPATH\CodeIgniter.php(355): CodeIgniter\CodeIgniter->handleRequest(null, Object(Config\Cache), false)
10 SYSTEMPATH\Boot.php(325): CodeIgniter\CodeIgniter->run()
11 SYSTEMPATH\Boot.php(67): CodeIgniter\Boot::runCodeIgniter(Object(CodeIgniter\CodeIgniter))
12 FCPATH\index.php(56): CodeIgniter\Boot::bootWeb(Object(Config\Paths))
CRITICAL - 2026-04-09 23:08:55 --> ErrorException: Undefined variable $setting
[Method: GET, Route: kyokai/25]
in APPPATH\Helpers\kyokai_helper.php on line 17.
 1 APPPATH\Helpers\kyokai_helper.php(17): CodeIgniter\Debug\Exceptions->errorHandler(2, 'Undefined variable $setting', 'C:\\xampp_htdocs\\kasugaikyudo\\production\\app\\Helpers\\kyokai_helper.php', 17)
 2 APPPATH\Views\kyokai\index.php(8): get_kyokai_event_tab_html([...], [...])
 3 SYSTEMPATH\View\View.php(234): include('C:\\xampp_htdocs\\kasugaikyudo\\production\\app\\Views\\kyokai\\index.php')
 4 SYSTEMPATH\View\View.php(237): CodeIgniter\View\View->CodeIgniter\View\{closure}()
 5 SYSTEMPATH\Common.php(1171): CodeIgniter\View\View->render('kyokai/index', [], true)
 6 APPPATH\Controllers\Kyokai.php(52): view('kyokai/index')
 7 SYSTEMPATH\CodeIgniter.php(933): App\Controllers\Kyokai->index('25')
 8 SYSTEMPATH\CodeIgniter.php(509): CodeIgniter\CodeIgniter->runController(Object(App\Controllers\Kyokai))
 9 SYSTEMPATH\CodeIgniter.php(355): CodeIgniter\CodeIgniter->handleRequest(null, Object(Config\Cache), false)
10 SYSTEMPATH\Boot.php(325): CodeIgniter\CodeIgniter->run()
11 SYSTEMPATH\Boot.php(67): CodeIgniter\Boot::runCodeIgniter(Object(CodeIgniter\CodeIgniter))
12 FCPATH\index.php(56): CodeIgniter\Boot::bootWeb(Object(Config\Paths))
CRITICAL - 2026-04-09 23:09:08 --> ErrorException: Undefined variable $setting
[Method: GET, Route: kyokai/25]
in APPPATH\Helpers\kyokai_helper.php on line 17.
 1 APPPATH\Helpers\kyokai_helper.php(17): CodeIgniter\Debug\Exceptions->errorHandler(2, 'Undefined variable $setting', 'C:\\xampp_htdocs\\kasugaikyudo\\production\\app\\Helpers\\kyokai_helper.php', 17)
 2 APPPATH\Views\kyokai\index.php(8): get_kyokai_event_tab_html(Object(stdClass), [...], [...])
 3 SYSTEMPATH\View\View.php(234): include('C:\\xampp_htdocs\\kasugaikyudo\\production\\app\\Views\\kyokai\\index.php')
 4 SYSTEMPATH\View\View.php(237): CodeIgniter\View\View->CodeIgniter\View\{closure}()
 5 SYSTEMPATH\Common.php(1171): CodeIgniter\View\View->render('kyokai/index', [], true)
 6 APPPATH\Controllers\Kyokai.php(52): view('kyokai/index')
 7 SYSTEMPATH\CodeIgniter.php(933): App\Controllers\Kyokai->index('25')
 8 SYSTEMPATH\CodeIgniter.php(509): CodeIgniter\CodeIgniter->runController(Object(App\Controllers\Kyokai))
 9 SYSTEMPATH\CodeIgniter.php(355): CodeIgniter\CodeIgniter->handleRequest(null, Object(Config\Cache), false)
10 SYSTEMPATH\Boot.php(325): CodeIgniter\CodeIgniter->run()
11 SYSTEMPATH\Boot.php(67): CodeIgniter\Boot::runCodeIgniter(Object(CodeIgniter\CodeIgniter))
12 FCPATH\index.php(56): CodeIgniter\Boot::bootWeb(Object(Config\Paths))
CRITICAL - 2026-04-09 23:10:19 --> ErrorException: Undefined variable $SelectfiscalYearData
[Method: GET, Route: kyokai/25]
in APPPATH\Helpers\kyokai_helper.php on line 17.
 1 APPPATH\Helpers\kyokai_helper.php(17): CodeIgniter\Debug\Exceptions->errorHandler(2, 'Undefined variable $SelectfiscalYearData', 'C:\\xampp_htdocs\\kasugaikyudo\\production\\app\\Helpers\\kyokai_helper.php', 17)
 2 APPPATH\Views\kyokai\index.php(8): get_kyokai_event_tab_html(Object(stdClass), [...], [...])
 3 SYSTEMPATH\View\View.php(234): include('C:\\xampp_htdocs\\kasugaikyudo\\production\\app\\Views\\kyokai\\index.php')
 4 SYSTEMPATH\View\View.php(237): CodeIgniter\View\View->CodeIgniter\View\{closure}()
 5 SYSTEMPATH\Common.php(1171): CodeIgniter\View\View->render('kyokai/index', [], true)
 6 APPPATH\Controllers\Kyokai.php(52): view('kyokai/index')
 7 SYSTEMPATH\CodeIgniter.php(933): App\Controllers\Kyokai->index('25')
 8 SYSTEMPATH\CodeIgniter.php(509): CodeIgniter\CodeIgniter->runController(Object(App\Controllers\Kyokai))
 9 SYSTEMPATH\CodeIgniter.php(355): CodeIgniter\CodeIgniter->handleRequest(null, Object(Config\Cache), false)
10 SYSTEMPATH\Boot.php(325): CodeIgniter\CodeIgniter->run()
11 SYSTEMPATH\Boot.php(67): CodeIgniter\Boot::runCodeIgniter(Object(CodeIgniter\CodeIgniter))
12 FCPATH\index.php(56): CodeIgniter\Boot::bootWeb(Object(Config\Paths))
CRITICAL - 2026-04-09 23:46:10 --> ParseError: syntax error, unexpected token ";"
[Method: GET, Route: seminar]
in APPPATH\Views\seminar\index.php on line 5.
 1 SYSTEMPATH\View\View.php(237): CodeIgniter\View\View->CodeIgniter\View\{closure}()
 2 SYSTEMPATH\Common.php(1171): CodeIgniter\View\View->render('seminar/index', [], true)
 3 APPPATH\Controllers\Seminar.php(56): view('seminar/index')
 4 SYSTEMPATH\CodeIgniter.php(933): App\Controllers\Seminar->index()
 5 SYSTEMPATH\CodeIgniter.php(509): CodeIgniter\CodeIgniter->runController(Object(App\Controllers\Seminar))
 6 SYSTEMPATH\CodeIgniter.php(355): CodeIgniter\CodeIgniter->handleRequest(null, Object(Config\Cache), false)
 7 SYSTEMPATH\Boot.php(325): CodeIgniter\CodeIgniter->run()
 8 SYSTEMPATH\Boot.php(67): CodeIgniter\Boot::runCodeIgniter(Object(CodeIgniter\CodeIgniter))
 9 FCPATH\index.php(56): CodeIgniter\Boot::bootWeb(Object(Config\Paths))
CRITICAL - 2026-04-09 23:57:18 --> ErrorException: Undefined variable $fiscalYearId
[Method: POST, Route: admin/member_revision]
in APPPATH\Views\common\menu.php on line 22.
 1 APPPATH\Views\common\menu.php(22): CodeIgniter\Debug\Exceptions->errorHandler(2, 'Undefined variable $fiscalYearId', 'C:\\xampp_htdocs\\kasugaikyudo\\production\\app\\Views\\common\\menu.php', 22)
 2 SYSTEMPATH\View\View.php(234): include('C:\\xampp_htdocs\\kasugaikyudo\\production\\app\\Views\\common\\menu.php')
 3 SYSTEMPATH\View\View.php(237): CodeIgniter\View\View->CodeIgniter\View\{closure}()
 4 SYSTEMPATH\Common.php(1171): CodeIgniter\View\View->render('common/menu', [], true)
 5 APPPATH\Controllers\Admin\AdminMember.php(152): view('common/menu')
 6 SYSTEMPATH\CodeIgniter.php(933): App\Controllers\Admin\AdminMember->member_revision()
 7 SYSTEMPATH\CodeIgniter.php(509): CodeIgniter\CodeIgniter->runController(Object(App\Controllers\Admin\AdminMember))
 8 SYSTEMPATH\CodeIgniter.php(355): CodeIgniter\CodeIgniter->handleRequest(null, Object(Config\Cache), false)
 9 SYSTEMPATH\Boot.php(325): CodeIgniter\CodeIgniter->run()
10 SYSTEMPATH\Boot.php(67): CodeIgniter\Boot::runCodeIgniter(Object(CodeIgniter\CodeIgniter))
11 FCPATH\index.php(56): CodeIgniter\Boot::bootWeb(Object(Config\Paths))
