CRITICAL - 2026-04-04 18:55:16 --> CodeIgniter\HTTP\Exceptions\BadRequestException: The URI you submitted has disallowed characters: "令和7年度総会資料.pdf"
[Method: GET, Route: upload/document/kasugai/1/%E4%BB%A4%E5%92%8C7%E5%B9%B4%E5%BA%A6%E7%B7%8F%E4%BC%9A%E8%B3%87%E6%96%99.pdf]
in SYSTEMPATH\Router\Router.php on line 737.
 1 SYSTEMPATH\Router\Router.php(204): CodeIgniter\Router\Router->checkDisallowedChars('upload/document/kasugai/1/令和7年度総会資料.pdf')
 2 SYSTEMPATH\CodeIgniter.php(834): CodeIgniter\Router\Router->handle('upload/document/kasugai/1/令和7年度総会資料.pdf')
 3 SYSTEMPATH\CodeIgniter.php(457): CodeIgniter\CodeIgniter->tryToRouteIt(Object(CodeIgniter\Router\RouteCollection))
 4 SYSTEMPATH\CodeIgniter.php(355): CodeIgniter\CodeIgniter->handleRequest(null, Object(Config\Cache), false)
 5 SYSTEMPATH\Boot.php(325): CodeIgniter\CodeIgniter->run()
 6 SYSTEMPATH\Boot.php(67): CodeIgniter\Boot::runCodeIgniter(Object(CodeIgniter\CodeIgniter))
 7 FCPATH\index.php(56): CodeIgniter\Boot::bootWeb(Object(Config\Paths))
CRITICAL - 2026-04-04 23:16:53 --> Error: Undefined constant "App\Models\DB_FLG_FALSE"
[Method: GET, Route: document]
in APPPATH\Models\DocumentModel.php on line 39.
 1 APPPATH\Libraries\DocumentLibrarie.php(28): App\Models\DocumentModel->get_document_list(1)
 2 APPPATH\Controllers\Document.php(35): App\Libraries\DocumentLibrarie->get_document_list([...])
 3 SYSTEMPATH\CodeIgniter.php(933): App\Controllers\Document->index()
 4 SYSTEMPATH\CodeIgniter.php(509): CodeIgniter\CodeIgniter->runController(Object(App\Controllers\Document))
 5 SYSTEMPATH\CodeIgniter.php(355): CodeIgniter\CodeIgniter->handleRequest(null, Object(Config\Cache), false)
 6 SYSTEMPATH\Boot.php(325): CodeIgniter\CodeIgniter->run()
 7 SYSTEMPATH\Boot.php(67): CodeIgniter\Boot::runCodeIgniter(Object(CodeIgniter\CodeIgniter))
 8 FCPATH\index.php(56): CodeIgniter\Boot::bootWeb(Object(Config\Paths))
