CRITICAL - 2026-04-17 08:13:06 --> ErrorException: Undefined variable $shinsaDetail
[Method: POST, Route: admin/shinsa_regist]
in APPPATH\Views\admin\shinsa\shinsa_regist.php on line 7.
 1 APPPATH\Views\admin\shinsa\shinsa_regist.php(7): CodeIgniter\Debug\Exceptions->errorHandler(2, 'Undefined variable $shinsaDetail', 'C:\\xampp_htdocs\\kasugaikyudo\\production\\app\\Views\\admin\\shinsa\\shinsa_regist.php', 7)
 2 SYSTEMPATH\View\View.php(234): include('C:\\xampp_htdocs\\kasugaikyudo\\production\\app\\Views\\admin\\shinsa\\shinsa_regist.php')
 3 SYSTEMPATH\View\View.php(237): CodeIgniter\View\View->CodeIgniter\View\{closure}()
 4 SYSTEMPATH\Common.php(1171): CodeIgniter\View\View->render('admin/shinsa/shinsa_regist', [], true)
 5 APPPATH\Controllers\Admin\AdminShinsa.php(102): view('admin/shinsa/shinsa_regist')
 6 SYSTEMPATH\CodeIgniter.php(933): App\Controllers\Admin\AdminShinsa->shinsa_regist()
 7 SYSTEMPATH\CodeIgniter.php(509): CodeIgniter\CodeIgniter->runController(Object(App\Controllers\Admin\AdminShinsa))
 8 SYSTEMPATH\CodeIgniter.php(355): CodeIgniter\CodeIgniter->handleRequest(null, Object(Config\Cache), false)
 9 SYSTEMPATH\Boot.php(325): CodeIgniter\CodeIgniter->run()
10 SYSTEMPATH\Boot.php(67): CodeIgniter\Boot::runCodeIgniter(Object(CodeIgniter\CodeIgniter))
11 FCPATH\index.php(56): CodeIgniter\Boot::bootWeb(Object(Config\Paths))
CRITICAL - 2026-04-17 08:17:56 --> ErrorException: Undefined variable $shubetsuList
[Method: POST, Route: admin/shinsa_revision]
in APPPATH\Helpers\Admin\shinsa_helper.php on line 71.
 1 APPPATH\Helpers\Admin\shinsa_helper.php(71): CodeIgniter\Debug\Exceptions->errorHandler(2, 'Undefined variable $shubetsuList', 'C:\\xampp_htdocs\\kasugaikyudo\\production\\app\\Helpers\\Admin\\shinsa_helper.php', 71)
 2 APPPATH\Views\admin\shinsa\shinsa_regist.php(9): form_shinsa_detail([...], [...], [...], [...], 10)
 3 SYSTEMPATH\View\View.php(234): include('C:\\xampp_htdocs\\kasugaikyudo\\production\\app\\Views\\admin\\shinsa\\shinsa_regist.php')
 4 SYSTEMPATH\View\View.php(237): CodeIgniter\View\View->CodeIgniter\View\{closure}()
 5 SYSTEMPATH\Common.php(1171): CodeIgniter\View\View->render('admin/shinsa/shinsa_regist', [], true)
 6 APPPATH\Controllers\Admin\AdminShinsa.php(171): view('admin/shinsa/shinsa_regist')
 7 SYSTEMPATH\CodeIgniter.php(933): App\Controllers\Admin\AdminShinsa->shinsa_revision()
 8 SYSTEMPATH\CodeIgniter.php(509): CodeIgniter\CodeIgniter->runController(Object(App\Controllers\Admin\AdminShinsa))
 9 SYSTEMPATH\CodeIgniter.php(355): CodeIgniter\CodeIgniter->handleRequest(null, Object(Config\Cache), false)
10 SYSTEMPATH\Boot.php(325): CodeIgniter\CodeIgniter->run()
11 SYSTEMPATH\Boot.php(67): CodeIgniter\Boot::runCodeIgniter(Object(CodeIgniter\CodeIgniter))
12 FCPATH\index.php(56): CodeIgniter\Boot::bootWeb(Object(Config\Paths))
CRITICAL - 2026-04-17 08:23:55 --> Error: Call to undefined function form_shinsa_revision()
[Method: POST, Route: admin/shinsa_revision]
in APPPATH\Views\admin\shinsa\shinsa_regist.php on line 10.
 1 SYSTEMPATH\View\View.php(234): include()
 2 SYSTEMPATH\View\View.php(237): CodeIgniter\View\View->CodeIgniter\View\{closure}()
 3 SYSTEMPATH\Common.php(1171): CodeIgniter\View\View->render('admin/shinsa/shinsa_regist', [], true)
 4 APPPATH\Controllers\Admin\AdminShinsa.php(171): view('admin/shinsa/shinsa_regist')
 5 SYSTEMPATH\CodeIgniter.php(933): App\Controllers\Admin\AdminShinsa->shinsa_revision()
 6 SYSTEMPATH\CodeIgniter.php(509): CodeIgniter\CodeIgniter->runController(Object(App\Controllers\Admin\AdminShinsa))
 7 SYSTEMPATH\CodeIgniter.php(355): CodeIgniter\CodeIgniter->handleRequest(null, Object(Config\Cache), false)
 8 SYSTEMPATH\Boot.php(325): CodeIgniter\CodeIgniter->run()
 9 SYSTEMPATH\Boot.php(67): CodeIgniter\Boot::runCodeIgniter(Object(CodeIgniter\CodeIgniter))
10 FCPATH\index.php(56): CodeIgniter\Boot::bootWeb(Object(Config\Paths))
CRITICAL - 2026-04-17 08:25:27 --> ErrorException: Undefined array key "shubetsu_id"
[Method: POST, Route: admin/shinsa_regist]
in APPPATH\Helpers\admin_helper.php on line 149.
 1 APPPATH\Helpers\admin_helper.php(149): CodeIgniter\Debug\Exceptions->errorHandler(2, 'Undefined array key "shubetsu_id"', 'C:\\xampp_htdocs\\kasugaikyudo\\production\\app\\Helpers\\admin_helper.php', 149)
 2 APPPATH\Helpers\Admin\shinsa_helper.php(31): admin_form_dropdown([...], 'shinsa-shubetsu-id', '', 'shubetsu_id', 'shubetsu_name', '', true)
 3 APPPATH\Views\admin\shinsa\shinsa_regist.php(8): form_shinsa_regist([...], [...], [...], [...], 10)
 4 SYSTEMPATH\View\View.php(234): include('C:\\xampp_htdocs\\kasugaikyudo\\production\\app\\Views\\admin\\shinsa\\shinsa_regist.php')
 5 SYSTEMPATH\View\View.php(237): CodeIgniter\View\View->CodeIgniter\View\{closure}()
 6 SYSTEMPATH\Common.php(1171): CodeIgniter\View\View->render('admin/shinsa/shinsa_regist', [], true)
 7 APPPATH\Controllers\Admin\AdminShinsa.php(102): view('admin/shinsa/shinsa_regist')
 8 SYSTEMPATH\CodeIgniter.php(933): App\Controllers\Admin\AdminShinsa->shinsa_regist()
 9 SYSTEMPATH\CodeIgniter.php(509): CodeIgniter\CodeIgniter->runController(Object(App\Controllers\Admin\AdminShinsa))
10 SYSTEMPATH\CodeIgniter.php(355): CodeIgniter\CodeIgniter->handleRequest(null, Object(Config\Cache), false)
11 SYSTEMPATH\Boot.php(325): CodeIgniter\CodeIgniter->run()
12 SYSTEMPATH\Boot.php(67): CodeIgniter\Boot::runCodeIgniter(Object(CodeIgniter\CodeIgniter))
13 FCPATH\index.php(56): CodeIgniter\Boot::bootWeb(Object(Config\Paths))
CRITICAL - 2026-04-17 08:26:29 --> ErrorException: Undefined array key "shubetsu_id"
[Method: POST, Route: admin/shinsa_regist]
in APPPATH\Helpers\admin_helper.php on line 149.
 1 APPPATH\Helpers\admin_helper.php(149): CodeIgniter\Debug\Exceptions->errorHandler(2, 'Undefined array key "shubetsu_id"', 'C:\\xampp_htdocs\\kasugaikyudo\\production\\app\\Helpers\\admin_helper.php', 149)
 2 APPPATH\Helpers\Admin\shinsa_helper.php(31): admin_form_dropdown([...], 'shinsa-shubetsu-id', '', 'shubetsu_id', 'shubetsu_name', '', true)
 3 APPPATH\Views\admin\shinsa\shinsa_regist.php(8): form_shinsa_regist([...], [...], [...], [...], 10)
 4 SYSTEMPATH\View\View.php(234): include('C:\\xampp_htdocs\\kasugaikyudo\\production\\app\\Views\\admin\\shinsa\\shinsa_regist.php')
 5 SYSTEMPATH\View\View.php(237): CodeIgniter\View\View->CodeIgniter\View\{closure}()
 6 SYSTEMPATH\Common.php(1171): CodeIgniter\View\View->render('admin/shinsa/shinsa_regist', [], true)
 7 APPPATH\Controllers\Admin\AdminShinsa.php(102): view('admin/shinsa/shinsa_regist')
 8 SYSTEMPATH\CodeIgniter.php(933): App\Controllers\Admin\AdminShinsa->shinsa_regist()
 9 SYSTEMPATH\CodeIgniter.php(509): CodeIgniter\CodeIgniter->runController(Object(App\Controllers\Admin\AdminShinsa))
10 SYSTEMPATH\CodeIgniter.php(355): CodeIgniter\CodeIgniter->handleRequest(null, Object(Config\Cache), false)
11 SYSTEMPATH\Boot.php(325): CodeIgniter\CodeIgniter->run()
12 SYSTEMPATH\Boot.php(67): CodeIgniter\Boot::runCodeIgniter(Object(CodeIgniter\CodeIgniter))
13 FCPATH\index.php(56): CodeIgniter\Boot::bootWeb(Object(Config\Paths))
CRITICAL - 2026-04-17 08:27:37 --> ErrorException: Undefined array key "shubetsu_id"
[Method: POST, Route: admin/shinsa_regist]
in APPPATH\Helpers\admin_helper.php on line 149.
 1 APPPATH\Helpers\admin_helper.php(149): CodeIgniter\Debug\Exceptions->errorHandler(2, 'Undefined array key "shubetsu_id"', 'C:\\xampp_htdocs\\kasugaikyudo\\production\\app\\Helpers\\admin_helper.php', 149)
 2 APPPATH\Helpers\Admin\shinsa_helper.php(31): admin_form_dropdown([...], 'shinsa-shubetsu-id', '', 'shubetsu_id', 'shubetsu_name', '', true)
 3 APPPATH\Views\admin\shinsa\shinsa_regist.php(8): form_shinsa_regist([...], [...], [...], [...], 10)
 4 SYSTEMPATH\View\View.php(234): include('C:\\xampp_htdocs\\kasugaikyudo\\production\\app\\Views\\admin\\shinsa\\shinsa_regist.php')
 5 SYSTEMPATH\View\View.php(237): CodeIgniter\View\View->CodeIgniter\View\{closure}()
 6 SYSTEMPATH\Common.php(1171): CodeIgniter\View\View->render('admin/shinsa/shinsa_regist', [], true)
 7 APPPATH\Controllers\Admin\AdminShinsa.php(102): view('admin/shinsa/shinsa_regist')
 8 SYSTEMPATH\CodeIgniter.php(933): App\Controllers\Admin\AdminShinsa->shinsa_regist()
 9 SYSTEMPATH\CodeIgniter.php(509): CodeIgniter\CodeIgniter->runController(Object(App\Controllers\Admin\AdminShinsa))
10 SYSTEMPATH\CodeIgniter.php(355): CodeIgniter\CodeIgniter->handleRequest(null, Object(Config\Cache), false)
11 SYSTEMPATH\Boot.php(325): CodeIgniter\CodeIgniter->run()
12 SYSTEMPATH\Boot.php(67): CodeIgniter\Boot::runCodeIgniter(Object(CodeIgniter\CodeIgniter))
13 FCPATH\index.php(56): CodeIgniter\Boot::bootWeb(Object(Config\Paths))
CRITICAL - 2026-04-17 22:55:15 --> ErrorException: Undefined variable $shinsaDetail
[Method: POST, Route: admin/shinsa_regist]
in APPPATH\Helpers\Admin\shinsa_helper.php on line 149.
 1 APPPATH\Helpers\Admin\shinsa_helper.php(149): CodeIgniter\Debug\Exceptions->errorHandler(2, 'Undefined variable $shinsaDetail', 'C:\\xampp_htdocs\\kasugaikyudo\\production\\app\\Helpers\\Admin\\shinsa_helper.php', 149)
 2 APPPATH\Views\admin\shinsa\shinsa_regist.php(8): form_shinsa_regist('1', [...], [...], [...], [...], 10)
 3 SYSTEMPATH\View\View.php(234): include('C:\\xampp_htdocs\\kasugaikyudo\\production\\app\\Views\\admin\\shinsa\\shinsa_regist.php')
 4 SYSTEMPATH\View\View.php(237): CodeIgniter\View\View->CodeIgniter\View\{closure}()
 5 SYSTEMPATH\Common.php(1171): CodeIgniter\View\View->render('admin/shinsa/shinsa_regist', [], true)
 6 APPPATH\Controllers\Admin\AdminShinsa.php(103): view('admin/shinsa/shinsa_regist')
 7 SYSTEMPATH\CodeIgniter.php(933): App\Controllers\Admin\AdminShinsa->shinsa_regist()
 8 SYSTEMPATH\CodeIgniter.php(509): CodeIgniter\CodeIgniter->runController(Object(App\Controllers\Admin\AdminShinsa))
 9 SYSTEMPATH\CodeIgniter.php(355): CodeIgniter\CodeIgniter->handleRequest(null, Object(Config\Cache), false)
10 SYSTEMPATH\Boot.php(325): CodeIgniter\CodeIgniter->run()
11 SYSTEMPATH\Boot.php(67): CodeIgniter\Boot::runCodeIgniter(Object(CodeIgniter\CodeIgniter))
12 FCPATH\index.php(56): CodeIgniter\Boot::bootWeb(Object(Config\Paths))
