CRITICAL - 2026-04-26 22:34:28 --> ErrorException: Undefined array key "fiscal_year_id"
[Method: GET, Route: shinsa/detail/0]
in APPPATH\Controllers\Shinsa.php on line 88.
 1 APPPATH\Controllers\Shinsa.php(88): CodeIgniter\Debug\Exceptions->errorHandler(2, 'Undefined array key "fiscal_year_id"', 'C:\\xampp_htdocs\\kasugaikyudo\\production\\app\\Controllers\\Shinsa.php', 88)
 2 SYSTEMPATH\CodeIgniter.php(933): App\Controllers\Shinsa->detail('0')
 3 SYSTEMPATH\CodeIgniter.php(509): CodeIgniter\CodeIgniter->runController(Object(App\Controllers\Shinsa))
 4 SYSTEMPATH\CodeIgniter.php(355): CodeIgniter\CodeIgniter->handleRequest(null, Object(Config\Cache), false)
 5 SYSTEMPATH\Boot.php(325): CodeIgniter\CodeIgniter->run()
 6 SYSTEMPATH\Boot.php(67): CodeIgniter\Boot::runCodeIgniter(Object(CodeIgniter\CodeIgniter))
 7 FCPATH\index.php(56): CodeIgniter\Boot::bootWeb(Object(Config\Paths))
CRITICAL - 2026-04-26 22:36:31 --> ErrorException: Undefined array key "fiscal_year_id"
[Method: GET, Route: shinsa/detail/0]
in APPPATH\Controllers\Shinsa.php on line 88.
 1 APPPATH\Controllers\Shinsa.php(88): CodeIgniter\Debug\Exceptions->errorHandler(2, 'Undefined array key "fiscal_year_id"', 'C:\\xampp_htdocs\\kasugaikyudo\\production\\app\\Controllers\\Shinsa.php', 88)
 2 SYSTEMPATH\CodeIgniter.php(933): App\Controllers\Shinsa->detail('0')
 3 SYSTEMPATH\CodeIgniter.php(509): CodeIgniter\CodeIgniter->runController(Object(App\Controllers\Shinsa))
 4 SYSTEMPATH\CodeIgniter.php(355): CodeIgniter\CodeIgniter->handleRequest(null, Object(Config\Cache), false)
 5 SYSTEMPATH\Boot.php(325): CodeIgniter\CodeIgniter->run()
 6 SYSTEMPATH\Boot.php(67): CodeIgniter\Boot::runCodeIgniter(Object(CodeIgniter\CodeIgniter))
 7 FCPATH\index.php(56): CodeIgniter\Boot::bootWeb(Object(Config\Paths))
CRITICAL - 2026-04-26 22:48:31 --> ErrorException: Undefined variable $addEmptyFlg
[Method: POST, Route: admin/shinsa_regist]
in APPPATH\Helpers\Admin\shinsa_helper.php on line 26.
 1 APPPATH\Helpers\Admin\shinsa_helper.php(26): CodeIgniter\Debug\Exceptions->errorHandler(2, 'Undefined variable $addEmptyFlg', 'C:\\xampp_htdocs\\kasugaikyudo\\production\\app\\Helpers\\Admin\\shinsa_helper.php', 26)
 2 APPPATH\Views\admin\shinsa\shinsa_regist.php(8): form_shinsa_regist('2', [...], [...], [...], [...], 10)
 3 SYSTEMPATH\View\View.php(234): include('C:\\xampp_htdocs\\kasugaikyudo\\production\\app\\Views\\admin\\shinsa\\shinsa_regist.php')
 4 SYSTEMPATH\View\View.php(237): CodeIgniter\View\View->CodeIgniter\View\{closure}()
 5 SYSTEMPATH\Common.php(1171): CodeIgniter\View\View->render('admin/shinsa/shinsa_regist', [], true)
 6 APPPATH\Controllers\Admin\AdminShinsa.php(103): view('admin/shinsa/shinsa_regist')
 7 SYSTEMPATH\CodeIgniter.php(933): App\Controllers\Admin\AdminShinsa->shinsa_regist()
 8 SYSTEMPATH\CodeIgniter.php(509): CodeIgniter\CodeIgniter->runController(Object(App\Controllers\Admin\AdminShinsa))
 9 SYSTEMPATH\CodeIgniter.php(355): CodeIgniter\CodeIgniter->handleRequest(null, Object(Config\Cache), false)
10 SYSTEMPATH\Boot.php(325): CodeIgniter\CodeIgniter->run()
11 SYSTEMPATH\Boot.php(67): CodeIgniter\Boot::runCodeIgniter(Object(CodeIgniter\CodeIgniter))
12 FCPATH\index.php(56): CodeIgniter\Boot::bootWeb(Object(Config\Paths))
CRITICAL - 2026-04-26 22:50:40 --> ErrorException: Undefined variable $shinsaDetail
[Method: POST, Route: admin/shinsa_regist]
in APPPATH\Helpers\Admin\shinsa_helper.php on line 61.
 1 APPPATH\Helpers\Admin\shinsa_helper.php(61): CodeIgniter\Debug\Exceptions->errorHandler(2, 'Undefined variable $shinsaDetail', 'C:\\xampp_htdocs\\kasugaikyudo\\production\\app\\Helpers\\Admin\\shinsa_helper.php', 61)
 2 APPPATH\Views\admin\shinsa\shinsa_regist.php(8): form_shinsa_regist('2', [...], [...], [...], [...], 10)
 3 SYSTEMPATH\View\View.php(234): include('C:\\xampp_htdocs\\kasugaikyudo\\production\\app\\Views\\admin\\shinsa\\shinsa_regist.php')
 4 SYSTEMPATH\View\View.php(237): CodeIgniter\View\View->CodeIgniter\View\{closure}()
 5 SYSTEMPATH\Common.php(1171): CodeIgniter\View\View->render('admin/shinsa/shinsa_regist', [], true)
 6 APPPATH\Controllers\Admin\AdminShinsa.php(103): view('admin/shinsa/shinsa_regist')
 7 SYSTEMPATH\CodeIgniter.php(933): App\Controllers\Admin\AdminShinsa->shinsa_regist()
 8 SYSTEMPATH\CodeIgniter.php(509): CodeIgniter\CodeIgniter->runController(Object(App\Controllers\Admin\AdminShinsa))
 9 SYSTEMPATH\CodeIgniter.php(355): CodeIgniter\CodeIgniter->handleRequest(null, Object(Config\Cache), false)
10 SYSTEMPATH\Boot.php(325): CodeIgniter\CodeIgniter->run()
11 SYSTEMPATH\Boot.php(67): CodeIgniter\Boot::runCodeIgniter(Object(CodeIgniter\CodeIgniter))
12 FCPATH\index.php(56): CodeIgniter\Boot::bootWeb(Object(Config\Paths))
CRITICAL - 2026-04-26 23:03:42 --> Error: Undefined constant "App\Libraries\AREA_GROUP_LEVEL_CHIHO"
[Method: POST, Route: admin/shinsa_regist]
in APPPATH\Libraries\ShinsaLibrarie.php on line 29.
 1 APPPATH\Controllers\Admin\AdminShinsa.php(69): App\Libraries\ShinsaLibrarie->get_area_group_list(4)
 2 SYSTEMPATH\CodeIgniter.php(933): App\Controllers\Admin\AdminShinsa->shinsa_regist()
 3 SYSTEMPATH\CodeIgniter.php(509): CodeIgniter\CodeIgniter->runController(Object(App\Controllers\Admin\AdminShinsa))
 4 SYSTEMPATH\CodeIgniter.php(355): CodeIgniter\CodeIgniter->handleRequest(null, Object(Config\Cache), false)
 5 SYSTEMPATH\Boot.php(325): CodeIgniter\CodeIgniter->run()
 6 SYSTEMPATH\Boot.php(67): CodeIgniter\Boot::runCodeIgniter(Object(CodeIgniter\CodeIgniter))
 7 FCPATH\index.php(56): CodeIgniter\Boot::bootWeb(Object(Config\Paths))
CRITICAL - 2026-04-26 23:05:35 --> ErrorException: Undefined array key "numRows"
[Method: POST, Route: admin/shinsa_regist]
in APPPATH\Helpers\Admin\shinsa_helper.php on line 22.
 1 APPPATH\Helpers\Admin\shinsa_helper.php(22): CodeIgniter\Debug\Exceptions->errorHandler(2, 'Undefined array key "numRows"', 'C:\\xampp_htdocs\\kasugaikyudo\\production\\app\\Helpers\\Admin\\shinsa_helper.php', 22)
 2 APPPATH\Views\admin\shinsa\shinsa_regist.php(8): form_shinsa_regist('3', [], [...], [...], [...], 10)
 3 SYSTEMPATH\View\View.php(234): include('C:\\xampp_htdocs\\kasugaikyudo\\production\\app\\Views\\admin\\shinsa\\shinsa_regist.php')
 4 SYSTEMPATH\View\View.php(237): CodeIgniter\View\View->CodeIgniter\View\{closure}()
 5 SYSTEMPATH\Common.php(1171): CodeIgniter\View\View->render('admin/shinsa/shinsa_regist', [], true)
 6 APPPATH\Controllers\Admin\AdminShinsa.php(103): view('admin/shinsa/shinsa_regist')
 7 SYSTEMPATH\CodeIgniter.php(933): App\Controllers\Admin\AdminShinsa->shinsa_regist()
 8 SYSTEMPATH\CodeIgniter.php(509): CodeIgniter\CodeIgniter->runController(Object(App\Controllers\Admin\AdminShinsa))
 9 SYSTEMPATH\CodeIgniter.php(355): CodeIgniter\CodeIgniter->handleRequest(null, Object(Config\Cache), false)
10 SYSTEMPATH\Boot.php(325): CodeIgniter\CodeIgniter->run()
11 SYSTEMPATH\Boot.php(67): CodeIgniter\Boot::runCodeIgniter(Object(CodeIgniter\CodeIgniter))
12 FCPATH\index.php(56): CodeIgniter\Boot::bootWeb(Object(Config\Paths))
CRITICAL - 2026-04-26 23:20:58 --> ErrorException: Undefined array key "fiscal_year_id"
[Method: GET, Route: shinsa/detail/0]
in APPPATH\Controllers\Shinsa.php on line 88.
 1 APPPATH\Controllers\Shinsa.php(88): CodeIgniter\Debug\Exceptions->errorHandler(2, 'Undefined array key "fiscal_year_id"', 'C:\\xampp_htdocs\\kasugaikyudo\\production\\app\\Controllers\\Shinsa.php', 88)
 2 SYSTEMPATH\CodeIgniter.php(933): App\Controllers\Shinsa->detail('0')
 3 SYSTEMPATH\CodeIgniter.php(509): CodeIgniter\CodeIgniter->runController(Object(App\Controllers\Shinsa))
 4 SYSTEMPATH\CodeIgniter.php(355): CodeIgniter\CodeIgniter->handleRequest(null, Object(Config\Cache), false)
 5 SYSTEMPATH\Boot.php(325): CodeIgniter\CodeIgniter->run()
 6 SYSTEMPATH\Boot.php(67): CodeIgniter\Boot::runCodeIgniter(Object(CodeIgniter\CodeIgniter))
 7 FCPATH\index.php(56): CodeIgniter\Boot::bootWeb(Object(Config\Paths))
CRITICAL - 2026-04-26 23:26:14 --> ErrorException: Undefined array key "fiscal_year_id"
[Method: GET, Route: shinsa/detail/0]
in APPPATH\Controllers\Shinsa.php on line 88.
 1 APPPATH\Controllers\Shinsa.php(88): CodeIgniter\Debug\Exceptions->errorHandler(2, 'Undefined array key "fiscal_year_id"', 'C:\\xampp_htdocs\\kasugaikyudo\\production\\app\\Controllers\\Shinsa.php', 88)
 2 SYSTEMPATH\CodeIgniter.php(933): App\Controllers\Shinsa->detail('0')
 3 SYSTEMPATH\CodeIgniter.php(509): CodeIgniter\CodeIgniter->runController(Object(App\Controllers\Shinsa))
 4 SYSTEMPATH\CodeIgniter.php(355): CodeIgniter\CodeIgniter->handleRequest(null, Object(Config\Cache), false)
 5 SYSTEMPATH\Boot.php(325): CodeIgniter\CodeIgniter->run()
 6 SYSTEMPATH\Boot.php(67): CodeIgniter\Boot::runCodeIgniter(Object(CodeIgniter\CodeIgniter))
 7 FCPATH\index.php(56): CodeIgniter\Boot::bootWeb(Object(Config\Paths))
