CRITICAL - 2026-04-29 23:26:05 --> Error: Call to undefined function get_member_list_tom_select_html()
[Method: GET, Route: shinsa/detail/69]
in APPPATH\Views\admin\shinsa\modal_proxy.php on line 13.
 1 SYSTEMPATH\View\View.php(234): include()
 2 SYSTEMPATH\View\View.php(237): CodeIgniter\View\View->CodeIgniter\View\{closure}()
 3 SYSTEMPATH\Common.php(1171): CodeIgniter\View\View->render('admin/shinsa/modal_proxy', [], true)
 4 APPPATH\Controllers\Shinsa.php(149): view('admin/shinsa/modal_proxy')
 5 SYSTEMPATH\CodeIgniter.php(933): App\Controllers\Shinsa->detail('69')
 6 SYSTEMPATH\CodeIgniter.php(509): CodeIgniter\CodeIgniter->runController(Object(App\Controllers\Shinsa))
 7 SYSTEMPATH\CodeIgniter.php(355): CodeIgniter\CodeIgniter->handleRequest(null, Object(Config\Cache), false)
 8 SYSTEMPATH\Boot.php(325): CodeIgniter\CodeIgniter->run()
 9 SYSTEMPATH\Boot.php(67): CodeIgniter\Boot::runCodeIgniter(Object(CodeIgniter\CodeIgniter))
10 FCPATH\index.php(56): CodeIgniter\Boot::bootWeb(Object(Config\Paths))
CRITICAL - 2026-04-29 23:28:26 --> Error: Call to undefined function get_member_list_tom_select_html()
[Method: GET, Route: shinsa/detail/69]
in APPPATH\Views\admin\shinsa\modal_proxy.php on line 13.
 1 SYSTEMPATH\View\View.php(234): include()
 2 SYSTEMPATH\View\View.php(237): CodeIgniter\View\View->CodeIgniter\View\{closure}()
 3 SYSTEMPATH\Common.php(1171): CodeIgniter\View\View->render('admin/shinsa/modal_proxy', [], true)
 4 APPPATH\Controllers\Shinsa.php(153): view('admin/shinsa/modal_proxy')
 5 SYSTEMPATH\CodeIgniter.php(933): App\Controllers\Shinsa->detail('69')
 6 SYSTEMPATH\CodeIgniter.php(509): CodeIgniter\CodeIgniter->runController(Object(App\Controllers\Shinsa))
 7 SYSTEMPATH\CodeIgniter.php(355): CodeIgniter\CodeIgniter->handleRequest(null, Object(Config\Cache), false)
 8 SYSTEMPATH\Boot.php(325): CodeIgniter\CodeIgniter->run()
 9 SYSTEMPATH\Boot.php(67): CodeIgniter\Boot::runCodeIgniter(Object(CodeIgniter\CodeIgniter))
10 FCPATH\index.php(56): CodeIgniter\Boot::bootWeb(Object(Config\Paths))
CRITICAL - 2026-04-29 23:29:00 --> Error: Call to undefined function get_member_list_tom_select_html()
[Method: GET, Route: shinsa/detail/69]
in APPPATH\Views\admin\shinsa\modal_proxy.php on line 13.
 1 SYSTEMPATH\View\View.php(234): include()
 2 SYSTEMPATH\View\View.php(237): CodeIgniter\View\View->CodeIgniter\View\{closure}()
 3 SYSTEMPATH\Common.php(1171): CodeIgniter\View\View->render('admin/shinsa/modal_proxy', [], true)
 4 APPPATH\Controllers\Shinsa.php(153): view('admin/shinsa/modal_proxy')
 5 SYSTEMPATH\CodeIgniter.php(933): App\Controllers\Shinsa->detail('69')
 6 SYSTEMPATH\CodeIgniter.php(509): CodeIgniter\CodeIgniter->runController(Object(App\Controllers\Shinsa))
 7 SYSTEMPATH\CodeIgniter.php(355): CodeIgniter\CodeIgniter->handleRequest(null, Object(Config\Cache), false)
 8 SYSTEMPATH\Boot.php(325): CodeIgniter\CodeIgniter->run()
 9 SYSTEMPATH\Boot.php(67): CodeIgniter\Boot::runCodeIgniter(Object(CodeIgniter\CodeIgniter))
10 FCPATH\index.php(56): CodeIgniter\Boot::bootWeb(Object(Config\Paths))
