CRITICAL - 2026-04-22 00:29:09 --> ErrorException: Undefined array key "fiscal_year_id"
[Method: GET, Route: shinsa/detail/0]
in APPPATH\Controllers\Shinsa.php on line 88.
 1 APPPATH\Controllers\Shinsa.php(88): CodeIgniter\Debug\Exceptions->errorHandler(2, 'Undefined array key "fiscal_year_id"', 'C:\\xampp_htdocs\\kasugaikyudo\\production\\app\\Controllers\\Shinsa.php', 88)
 2 SYSTEMPATH\CodeIgniter.php(933): App\Controllers\Shinsa->detail('0')
 3 SYSTEMPATH\CodeIgniter.php(509): CodeIgniter\CodeIgniter->runController(Object(App\Controllers\Shinsa))
 4 SYSTEMPATH\CodeIgniter.php(355): CodeIgniter\CodeIgniter->handleRequest(null, Object(Config\Cache), false)
 5 SYSTEMPATH\Boot.php(325): CodeIgniter\CodeIgniter->run()
 6 SYSTEMPATH\Boot.php(67): CodeIgniter\Boot::runCodeIgniter(Object(CodeIgniter\CodeIgniter))
 7 FCPATH\index.php(56): CodeIgniter\Boot::bootWeb(Object(Config\Paths))
CRITICAL - 2026-04-22 23:48:27 --> ErrorException: Undefined array key "fiscal_year_id"
[Method: GET, Route: shinsa/detail/0]
in APPPATH\Controllers\Shinsa.php on line 88.
 1 APPPATH\Controllers\Shinsa.php(88): CodeIgniter\Debug\Exceptions->errorHandler(2, 'Undefined array key "fiscal_year_id"', 'C:\\xampp_htdocs\\kasugaikyudo\\production\\app\\Controllers\\Shinsa.php', 88)
 2 SYSTEMPATH\CodeIgniter.php(933): App\Controllers\Shinsa->detail('0')
 3 SYSTEMPATH\CodeIgniter.php(509): CodeIgniter\CodeIgniter->runController(Object(App\Controllers\Shinsa))
 4 SYSTEMPATH\CodeIgniter.php(355): CodeIgniter\CodeIgniter->handleRequest(null, Object(Config\Cache), false)
 5 SYSTEMPATH\Boot.php(325): CodeIgniter\CodeIgniter->run()
 6 SYSTEMPATH\Boot.php(67): CodeIgniter\Boot::runCodeIgniter(Object(CodeIgniter\CodeIgniter))
 7 FCPATH\index.php(56): CodeIgniter\Boot::bootWeb(Object(Config\Paths))
CRITICAL - 2026-04-22 23:52:35 --> ErrorException: Undefined array key "fiscal_year_id"
[Method: GET, Route: shinsa/detail/0]
in APPPATH\Controllers\Shinsa.php on line 88.
 1 APPPATH\Controllers\Shinsa.php(88): CodeIgniter\Debug\Exceptions->errorHandler(2, 'Undefined array key "fiscal_year_id"', 'C:\\xampp_htdocs\\kasugaikyudo\\production\\app\\Controllers\\Shinsa.php', 88)
 2 SYSTEMPATH\CodeIgniter.php(933): App\Controllers\Shinsa->detail('0')
 3 SYSTEMPATH\CodeIgniter.php(509): CodeIgniter\CodeIgniter->runController(Object(App\Controllers\Shinsa))
 4 SYSTEMPATH\CodeIgniter.php(355): CodeIgniter\CodeIgniter->handleRequest(null, Object(Config\Cache), false)
 5 SYSTEMPATH\Boot.php(325): CodeIgniter\CodeIgniter->run()
 6 SYSTEMPATH\Boot.php(67): CodeIgniter\Boot::runCodeIgniter(Object(CodeIgniter\CodeIgniter))
 7 FCPATH\index.php(56): CodeIgniter\Boot::bootWeb(Object(Config\Paths))
CRITICAL - 2026-04-22 23:55:39 --> ErrorException: Undefined array key "fiscal_year_id"
[Method: GET, Route: shinsa/detail/0]
in APPPATH\Controllers\Shinsa.php on line 88.
 1 APPPATH\Controllers\Shinsa.php(88): CodeIgniter\Debug\Exceptions->errorHandler(2, 'Undefined array key "fiscal_year_id"', 'C:\\xampp_htdocs\\kasugaikyudo\\production\\app\\Controllers\\Shinsa.php', 88)
 2 SYSTEMPATH\CodeIgniter.php(933): App\Controllers\Shinsa->detail('0')
 3 SYSTEMPATH\CodeIgniter.php(509): CodeIgniter\CodeIgniter->runController(Object(App\Controllers\Shinsa))
 4 SYSTEMPATH\CodeIgniter.php(355): CodeIgniter\CodeIgniter->handleRequest(null, Object(Config\Cache), false)
 5 SYSTEMPATH\Boot.php(325): CodeIgniter\CodeIgniter->run()
 6 SYSTEMPATH\Boot.php(67): CodeIgniter\Boot::runCodeIgniter(Object(CodeIgniter\CodeIgniter))
 7 FCPATH\index.php(56): CodeIgniter\Boot::bootWeb(Object(Config\Paths))
CRITICAL - 2026-04-22 23:57:22 --> Exception: Failed to parse time string (undefined) at position 0 (u): The timezone could not be found in the database
[Method: POST, Route: admin/shinsa_regist_conf]
in APPPATH\Helpers\datetime_helper.php on line 28.
 1 APPPATH\Helpers\datetime_helper.php(28): DateTime->__construct('undefined')
 2 APPPATH\Helpers\Admin\shinsa_helper.php(428): date_format_jp('undefined', true, 'ymd')
 3 APPPATH\Controllers\Admin\AdminShinsa.php(304): form_shinsa_regist_confirm([...], [...], [])
 4 SYSTEMPATH\CodeIgniter.php(933): App\Controllers\Admin\AdminShinsa->ajax_shinsa_regist_conf()
 5 SYSTEMPATH\CodeIgniter.php(509): CodeIgniter\CodeIgniter->runController(Object(App\Controllers\Admin\AdminShinsa))
 6 SYSTEMPATH\CodeIgniter.php(355): CodeIgniter\CodeIgniter->handleRequest(null, Object(Config\Cache), false)
 7 SYSTEMPATH\Boot.php(325): CodeIgniter\CodeIgniter->run()
 8 SYSTEMPATH\Boot.php(67): CodeIgniter\Boot::runCodeIgniter(Object(CodeIgniter\CodeIgniter))
 9 FCPATH\index.php(56): CodeIgniter\Boot::bootWeb(Object(Config\Paths))
CRITICAL - 2026-04-22 23:57:41 --> Exception: Failed to parse time string (undefined) at position 0 (u): The timezone could not be found in the database
[Method: POST, Route: admin/shinsa_regist_conf]
in APPPATH\Helpers\datetime_helper.php on line 28.
 1 APPPATH\Helpers\datetime_helper.php(28): DateTime->__construct('undefined')
 2 APPPATH\Helpers\Admin\shinsa_helper.php(428): date_format_jp('undefined', true, 'ymd')
 3 APPPATH\Controllers\Admin\AdminShinsa.php(304): form_shinsa_regist_confirm([...], [...], [])
 4 SYSTEMPATH\CodeIgniter.php(933): App\Controllers\Admin\AdminShinsa->ajax_shinsa_regist_conf()
 5 SYSTEMPATH\CodeIgniter.php(509): CodeIgniter\CodeIgniter->runController(Object(App\Controllers\Admin\AdminShinsa))
 6 SYSTEMPATH\CodeIgniter.php(355): CodeIgniter\CodeIgniter->handleRequest(null, Object(Config\Cache), false)
 7 SYSTEMPATH\Boot.php(325): CodeIgniter\CodeIgniter->run()
 8 SYSTEMPATH\Boot.php(67): CodeIgniter\Boot::runCodeIgniter(Object(CodeIgniter\CodeIgniter))
 9 FCPATH\index.php(56): CodeIgniter\Boot::bootWeb(Object(Config\Paths))
CRITICAL - 2026-04-22 23:58:12 --> Exception: Failed to parse time string (undefined) at position 0 (u): The timezone could not be found in the database
[Method: POST, Route: admin/shinsa_regist_conf]
in APPPATH\Helpers\datetime_helper.php on line 28.
 1 APPPATH\Helpers\datetime_helper.php(28): DateTime->__construct('undefined')
 2 APPPATH\Helpers\Admin\shinsa_helper.php(428): date_format_jp('undefined', true, 'ymd')
 3 APPPATH\Controllers\Admin\AdminShinsa.php(304): form_shinsa_regist_confirm([...], [...], [])
 4 SYSTEMPATH\CodeIgniter.php(933): App\Controllers\Admin\AdminShinsa->ajax_shinsa_regist_conf()
 5 SYSTEMPATH\CodeIgniter.php(509): CodeIgniter\CodeIgniter->runController(Object(App\Controllers\Admin\AdminShinsa))
 6 SYSTEMPATH\CodeIgniter.php(355): CodeIgniter\CodeIgniter->handleRequest(null, Object(Config\Cache), false)
 7 SYSTEMPATH\Boot.php(325): CodeIgniter\CodeIgniter->run()
 8 SYSTEMPATH\Boot.php(67): CodeIgniter\Boot::runCodeIgniter(Object(CodeIgniter\CodeIgniter))
 9 FCPATH\index.php(56): CodeIgniter\Boot::bootWeb(Object(Config\Paths))
CRITICAL - 2026-04-22 23:59:22 --> Exception: Failed to parse time string (undefined) at position 0 (u): The timezone could not be found in the database
[Method: POST, Route: admin/shinsa_regist_conf]
in APPPATH\Helpers\datetime_helper.php on line 28.
 1 APPPATH\Helpers\datetime_helper.php(28): DateTime->__construct('undefined')
 2 APPPATH\Helpers\Admin\shinsa_helper.php(428): date_format_jp('undefined', true, 'ymd')
 3 APPPATH\Controllers\Admin\AdminShinsa.php(304): form_shinsa_regist_confirm([...], [...], [])
 4 SYSTEMPATH\CodeIgniter.php(933): App\Controllers\Admin\AdminShinsa->ajax_shinsa_regist_conf()
 5 SYSTEMPATH\CodeIgniter.php(509): CodeIgniter\CodeIgniter->runController(Object(App\Controllers\Admin\AdminShinsa))
 6 SYSTEMPATH\CodeIgniter.php(355): CodeIgniter\CodeIgniter->handleRequest(null, Object(Config\Cache), false)
 7 SYSTEMPATH\Boot.php(325): CodeIgniter\CodeIgniter->run()
 8 SYSTEMPATH\Boot.php(67): CodeIgniter\Boot::runCodeIgniter(Object(CodeIgniter\CodeIgniter))
 9 FCPATH\index.php(56): CodeIgniter\Boot::bootWeb(Object(Config\Paths))
