CRITICAL - 2026-04-18 00:09:03 --> CodeIgniter\Database\Exceptions\DatabaseException: You must set the database table to be used with your query.
[Method: POST, Route: admin/shinsa_regist_proc]
in SYSTEMPATH\Database\BaseConnection.php on line 927.
 1 SYSTEMPATH\Model.php(716): CodeIgniter\Database\BaseConnection->table(null)
 2 SYSTEMPATH\Model.php(922): CodeIgniter\Model->builder()
 3 APPPATH\Libraries\Admin\AdminShinsaLibrarie.php(167): CodeIgniter\Model->__call('insert_shinsa_info', [...])
 4 APPPATH\Controllers\Admin\AdminShinsa.php(339): App\Libraries\Admin\AdminShinsaLibrarie->shinsa_info_proc([...], 65, 0)
 5 SYSTEMPATH\CodeIgniter.php(933): App\Controllers\Admin\AdminShinsa->ajax_shinsa_regist_proc()
 6 SYSTEMPATH\CodeIgniter.php(509): CodeIgniter\CodeIgniter->runController(Object(App\Controllers\Admin\AdminShinsa))
 7 SYSTEMPATH\CodeIgniter.php(355): CodeIgniter\CodeIgniter->handleRequest(null, Object(Config\Cache), false)
 8 SYSTEMPATH\Boot.php(325): CodeIgniter\CodeIgniter->run()
 9 SYSTEMPATH\Boot.php(67): CodeIgniter\Boot::runCodeIgniter(Object(CodeIgniter\CodeIgniter))
10 FCPATH\index.php(56): CodeIgniter\Boot::bootWeb(Object(Config\Paths))
CRITICAL - 2026-04-18 00:17:35 --> CodeIgniter\Database\Exceptions\DatabaseException: You must set the database table to be used with your query.
[Method: POST, Route: admin/shinsa_regist_proc]
in SYSTEMPATH\Database\BaseConnection.php on line 927.
 1 SYSTEMPATH\Model.php(716): CodeIgniter\Database\BaseConnection->table(null)
 2 SYSTEMPATH\Model.php(922): CodeIgniter\Model->builder()
 3 APPPATH\Libraries\Admin\AdminShinsaLibrarie.php(167): CodeIgniter\Model->__call('insert_shinsa_info', [...])
 4 APPPATH\Controllers\Admin\AdminShinsa.php(339): App\Libraries\Admin\AdminShinsaLibrarie->shinsa_info_proc([...], 65, 0)
 5 SYSTEMPATH\CodeIgniter.php(933): App\Controllers\Admin\AdminShinsa->ajax_shinsa_regist_proc()
 6 SYSTEMPATH\CodeIgniter.php(509): CodeIgniter\CodeIgniter->runController(Object(App\Controllers\Admin\AdminShinsa))
 7 SYSTEMPATH\CodeIgniter.php(355): CodeIgniter\CodeIgniter->handleRequest(null, Object(Config\Cache), false)
 8 SYSTEMPATH\Boot.php(325): CodeIgniter\CodeIgniter->run()
 9 SYSTEMPATH\Boot.php(67): CodeIgniter\Boot::runCodeIgniter(Object(CodeIgniter\CodeIgniter))
10 FCPATH\index.php(56): CodeIgniter\Boot::bootWeb(Object(Config\Paths))
