CRITICAL - 2026-04-20 23:11:45 --> TypeError: App\Models\Admin\AdminShinsaModel::insert_shinsa_info(): Argument #1 ($shinsaId) must be of type int, array given, called in C:\xampp_htdocs\kasugaikyudo\production\app\Libraries\Admin\AdminShinsaLibrarie.php on line 167
[Method: POST, Route: admin/shinsa_regist_proc]
in APPPATH\Models\Admin\AdminShinsaModel.php on line 116.
 1 APPPATH\Libraries\Admin\AdminShinsaLibrarie.php(167): App\Models\Admin\AdminShinsaModel->insert_shinsa_info([...], 65)
 2 APPPATH\Controllers\Admin\AdminShinsa.php(339): App\Libraries\Admin\AdminShinsaLibrarie->shinsa_info_proc([...], 65, 0)
 3 SYSTEMPATH\CodeIgniter.php(933): App\Controllers\Admin\AdminShinsa->ajax_shinsa_regist_proc()
 4 SYSTEMPATH\CodeIgniter.php(509): CodeIgniter\CodeIgniter->runController(Object(App\Controllers\Admin\AdminShinsa))
 5 SYSTEMPATH\CodeIgniter.php(355): CodeIgniter\CodeIgniter->handleRequest(null, Object(Config\Cache), false)
 6 SYSTEMPATH\Boot.php(325): CodeIgniter\CodeIgniter->run()
 7 SYSTEMPATH\Boot.php(67): CodeIgniter\Boot::runCodeIgniter(Object(CodeIgniter\CodeIgniter))
 8 FCPATH\index.php(56): CodeIgniter\Boot::bootWeb(Object(Config\Paths))
CRITICAL - 2026-04-20 23:20:10 --> TypeError: App\Models\Admin\AdminShinsaModel::insert_shinsa_info(): Argument #1 ($shinsaId) must be of type int, array given, called in C:\xampp_htdocs\kasugaikyudo\production\app\Libraries\Admin\AdminShinsaLibrarie.php on line 167
[Method: POST, Route: admin/shinsa_regist_proc]
in APPPATH\Models\Admin\AdminShinsaModel.php on line 116.
 1 APPPATH\Libraries\Admin\AdminShinsaLibrarie.php(167): App\Models\Admin\AdminShinsaModel->insert_shinsa_info([...], 65)
 2 APPPATH\Controllers\Admin\AdminShinsa.php(339): App\Libraries\Admin\AdminShinsaLibrarie->shinsa_info_proc([...], 65, 0)
 3 SYSTEMPATH\CodeIgniter.php(933): App\Controllers\Admin\AdminShinsa->ajax_shinsa_regist_proc()
 4 SYSTEMPATH\CodeIgniter.php(509): CodeIgniter\CodeIgniter->runController(Object(App\Controllers\Admin\AdminShinsa))
 5 SYSTEMPATH\CodeIgniter.php(355): CodeIgniter\CodeIgniter->handleRequest(null, Object(Config\Cache), false)
 6 SYSTEMPATH\Boot.php(325): CodeIgniter\CodeIgniter->run()
 7 SYSTEMPATH\Boot.php(67): CodeIgniter\Boot::runCodeIgniter(Object(CodeIgniter\CodeIgniter))
 8 FCPATH\index.php(56): CodeIgniter\Boot::bootWeb(Object(Config\Paths))
CRITICAL - 2026-04-20 23:23:21 --> TypeError: App\Models\Admin\AdminShinsaModel::insert_shinsa_info(): Argument #1 ($shinsaId) must be of type int, array given, called in C:\xampp_htdocs\kasugaikyudo\production\app\Libraries\Admin\AdminShinsaLibrarie.php on line 167
[Method: POST, Route: admin/shinsa_regist_proc]
in APPPATH\Models\Admin\AdminShinsaModel.php on line 116.
 1 APPPATH\Libraries\Admin\AdminShinsaLibrarie.php(167): App\Models\Admin\AdminShinsaModel->insert_shinsa_info([...], 65)
 2 APPPATH\Controllers\Admin\AdminShinsa.php(339): App\Libraries\Admin\AdminShinsaLibrarie->shinsa_info_proc([...], 65, 0)
 3 SYSTEMPATH\CodeIgniter.php(933): App\Controllers\Admin\AdminShinsa->ajax_shinsa_regist_proc()
 4 SYSTEMPATH\CodeIgniter.php(509): CodeIgniter\CodeIgniter->runController(Object(App\Controllers\Admin\AdminShinsa))
 5 SYSTEMPATH\CodeIgniter.php(355): CodeIgniter\CodeIgniter->handleRequest(null, Object(Config\Cache), false)
 6 SYSTEMPATH\Boot.php(325): CodeIgniter\CodeIgniter->run()
 7 SYSTEMPATH\Boot.php(67): CodeIgniter\Boot::runCodeIgniter(Object(CodeIgniter\CodeIgniter))
 8 FCPATH\index.php(56): CodeIgniter\Boot::bootWeb(Object(Config\Paths))
