CRITICAL - 2026-04-21 00:16:24 --> TypeError: App\Models\Admin\AdminShinsaModel::insert_shinsa_info(): Argument #1 ($shinsaId) must be of type int, array given, called in C:\xampp_htdocs\kasugaikyudo\production\app\Libraries\Admin\AdminShinsaLibrarie.php on line 167
[Method: POST, Route: admin/shinsa_regist_proc]
in APPPATH\Models\Admin\AdminShinsaModel.php on line 116.
 1 APPPATH\Libraries\Admin\AdminShinsaLibrarie.php(167): App\Models\Admin\AdminShinsaModel->insert_shinsa_info([...], 65)
 2 APPPATH\Controllers\Admin\AdminShinsa.php(339): App\Libraries\Admin\AdminShinsaLibrarie->shinsa_info_proc([...], 65, 0)
 3 SYSTEMPATH\CodeIgniter.php(933): App\Controllers\Admin\AdminShinsa->ajax_shinsa_regist_proc()
 4 SYSTEMPATH\CodeIgniter.php(509): CodeIgniter\CodeIgniter->runController(Object(App\Controllers\Admin\AdminShinsa))
 5 SYSTEMPATH\CodeIgniter.php(355): CodeIgniter\CodeIgniter->handleRequest(null, Object(Config\Cache), false)
 6 SYSTEMPATH\Boot.php(325): CodeIgniter\CodeIgniter->run()
 7 SYSTEMPATH\Boot.php(67): CodeIgniter\Boot::runCodeIgniter(Object(CodeIgniter\CodeIgniter))
 8 FCPATH\index.php(56): CodeIgniter\Boot::bootWeb(Object(Config\Paths))
CRITICAL - 2026-04-21 00:42:24 --> ErrorException: Undefined variable $shinsaId
[Method: POST, Route: admin/shinsa_regist_proc]
in APPPATH\Models\Admin\AdminShinsaModel.php on line 159.
 1 APPPATH\Models\Admin\AdminShinsaModel.php(159): CodeIgniter\Debug\Exceptions->errorHandler(2, 'Undefined variable $shinsaId', 'C:\\xampp_htdocs\\kasugaikyudo\\production\\app\\Models\\Admin\\AdminShinsaModel.php', 159)
 2 APPPATH\Libraries\Admin\AdminShinsaLibrarie.php(167): App\Models\Admin\AdminShinsaModel->insert_shinsa_info([...])
 3 APPPATH\Controllers\Admin\AdminShinsa.php(351): App\Libraries\Admin\AdminShinsaLibrarie->shinsa_info_proc([...], 65, 0)
 4 SYSTEMPATH\CodeIgniter.php(933): App\Controllers\Admin\AdminShinsa->ajax_shinsa_regist_proc()
 5 SYSTEMPATH\CodeIgniter.php(509): CodeIgniter\CodeIgniter->runController(Object(App\Controllers\Admin\AdminShinsa))
 6 SYSTEMPATH\CodeIgniter.php(355): CodeIgniter\CodeIgniter->handleRequest(null, Object(Config\Cache), false)
 7 SYSTEMPATH\Boot.php(325): CodeIgniter\CodeIgniter->run()
 8 SYSTEMPATH\Boot.php(67): CodeIgniter\Boot::runCodeIgniter(Object(CodeIgniter\CodeIgniter))
 9 FCPATH\index.php(56): CodeIgniter\Boot::bootWeb(Object(Config\Paths))
CRITICAL - 2026-04-21 22:32:56 --> ErrorException: Undefined variable $shinsaId
[Method: POST, Route: admin/shinsa_regist_proc]
in APPPATH\Models\Admin\AdminShinsaModel.php on line 159.
 1 APPPATH\Models\Admin\AdminShinsaModel.php(159): CodeIgniter\Debug\Exceptions->errorHandler(2, 'Undefined variable $shinsaId', 'C:\\xampp_htdocs\\kasugaikyudo\\production\\app\\Models\\Admin\\AdminShinsaModel.php', 159)
 2 APPPATH\Libraries\Admin\AdminShinsaLibrarie.php(167): App\Models\Admin\AdminShinsaModel->insert_shinsa_info([...])
 3 APPPATH\Controllers\Admin\AdminShinsa.php(351): App\Libraries\Admin\AdminShinsaLibrarie->shinsa_info_proc([...], 65, 0)
 4 SYSTEMPATH\CodeIgniter.php(933): App\Controllers\Admin\AdminShinsa->ajax_shinsa_regist_proc()
 5 SYSTEMPATH\CodeIgniter.php(509): CodeIgniter\CodeIgniter->runController(Object(App\Controllers\Admin\AdminShinsa))
 6 SYSTEMPATH\CodeIgniter.php(355): CodeIgniter\CodeIgniter->handleRequest(null, Object(Config\Cache), false)
 7 SYSTEMPATH\Boot.php(325): CodeIgniter\CodeIgniter->run()
 8 SYSTEMPATH\Boot.php(67): CodeIgniter\Boot::runCodeIgniter(Object(CodeIgniter\CodeIgniter))
 9 FCPATH\index.php(56): CodeIgniter\Boot::bootWeb(Object(Config\Paths))
CRITICAL - 2026-04-21 23:21:09 --> ErrorException: Undefined variable $shinsaId
[Method: POST, Route: admin/shinsa_regist_proc]
in APPPATH\Models\Admin\AdminShinsaModel.php on line 159.
 1 APPPATH\Models\Admin\AdminShinsaModel.php(159): CodeIgniter\Debug\Exceptions->errorHandler(2, 'Undefined variable $shinsaId', 'C:\\xampp_htdocs\\kasugaikyudo\\production\\app\\Models\\Admin\\AdminShinsaModel.php', 159)
 2 APPPATH\Libraries\Admin\AdminShinsaLibrarie.php(167): App\Models\Admin\AdminShinsaModel->insert_shinsa_info([...])
 3 APPPATH\Controllers\Admin\AdminShinsa.php(351): App\Libraries\Admin\AdminShinsaLibrarie->shinsa_info_proc([...], 65, 0)
 4 SYSTEMPATH\CodeIgniter.php(933): App\Controllers\Admin\AdminShinsa->ajax_shinsa_regist_proc()
 5 SYSTEMPATH\CodeIgniter.php(509): CodeIgniter\CodeIgniter->runController(Object(App\Controllers\Admin\AdminShinsa))
 6 SYSTEMPATH\CodeIgniter.php(355): CodeIgniter\CodeIgniter->handleRequest(null, Object(Config\Cache), false)
 7 SYSTEMPATH\Boot.php(325): CodeIgniter\CodeIgniter->run()
 8 SYSTEMPATH\Boot.php(67): CodeIgniter\Boot::runCodeIgniter(Object(CodeIgniter\CodeIgniter))
 9 FCPATH\index.php(56): CodeIgniter\Boot::bootWeb(Object(Config\Paths))
CRITICAL - 2026-04-21 23:22:23 --> ErrorException: Undefined variable $shinsaId
[Method: POST, Route: admin/shinsa_regist_proc]
in APPPATH\Models\Admin\AdminShinsaModel.php on line 159.
 1 APPPATH\Models\Admin\AdminShinsaModel.php(159): CodeIgniter\Debug\Exceptions->errorHandler(2, 'Undefined variable $shinsaId', 'C:\\xampp_htdocs\\kasugaikyudo\\production\\app\\Models\\Admin\\AdminShinsaModel.php', 159)
 2 APPPATH\Libraries\Admin\AdminShinsaLibrarie.php(167): App\Models\Admin\AdminShinsaModel->insert_shinsa_info([...])
 3 APPPATH\Controllers\Admin\AdminShinsa.php(351): App\Libraries\Admin\AdminShinsaLibrarie->shinsa_info_proc([...], 65, 0)
 4 SYSTEMPATH\CodeIgniter.php(933): App\Controllers\Admin\AdminShinsa->ajax_shinsa_regist_proc()
 5 SYSTEMPATH\CodeIgniter.php(509): CodeIgniter\CodeIgniter->runController(Object(App\Controllers\Admin\AdminShinsa))
 6 SYSTEMPATH\CodeIgniter.php(355): CodeIgniter\CodeIgniter->handleRequest(null, Object(Config\Cache), false)
 7 SYSTEMPATH\Boot.php(325): CodeIgniter\CodeIgniter->run()
 8 SYSTEMPATH\Boot.php(67): CodeIgniter\Boot::runCodeIgniter(Object(CodeIgniter\CodeIgniter))
 9 FCPATH\index.php(56): CodeIgniter\Boot::bootWeb(Object(Config\Paths))
ERROR - 2026-04-21 23:23:02 --> mysqli_sql_exception: Column count doesn't match value count at row 1 in C:\xampp_htdocs\kasugaikyudo\production\system\Database\MySQLi\Connection.php:312
Stack trace:
#0 C:\xampp_htdocs\kasugaikyudo\production\system\Database\MySQLi\Connection.php(312): mysqli->query('\n\t\t\tINSERT INTO...', 0)
#1 C:\xampp_htdocs\kasugaikyudo\production\system\Database\BaseConnection.php(734): CodeIgniter\Database\MySQLi\Connection->execute('\n\t\t\tINSERT INTO...')
#2 C:\xampp_htdocs\kasugaikyudo\production\system\Database\BaseConnection.php(648): CodeIgniter\Database\BaseConnection->simpleQuery('\n\t\t\tINSERT INTO...')
#3 C:\xampp_htdocs\kasugaikyudo\production\app\Models\BaseQueryModel.php(117): CodeIgniter\Database\BaseConnection->query('\n\t\t\tINSERT INTO...', Array)
#4 C:\xampp_htdocs\kasugaikyudo\production\app\Models\Admin\AdminShinsaModel.php(174): App\Models\BaseQueryModel->get_result_query('\n\t\t\tINSERT INTO...', Array)
#5 C:\xampp_htdocs\kasugaikyudo\production\app\Libraries\Admin\AdminShinsaLibrarie.php(167): App\Models\Admin\AdminShinsaModel->insert_shinsa_info(Array)
#6 C:\xampp_htdocs\kasugaikyudo\production\app\Controllers\Admin\AdminShinsa.php(351): App\Libraries\Admin\AdminShinsaLibrarie->shinsa_info_proc(Array, 65, 0)
#7 C:\xampp_htdocs\kasugaikyudo\production\system\CodeIgniter.php(933): App\Controllers\Admin\AdminShinsa->ajax_shinsa_regist_proc()
#8 C:\xampp_htdocs\kasugaikyudo\production\system\CodeIgniter.php(509): CodeIgniter\CodeIgniter->runController(Object(App\Controllers\Admin\AdminShinsa))
#9 C:\xampp_htdocs\kasugaikyudo\production\system\CodeIgniter.php(355): CodeIgniter\CodeIgniter->handleRequest(NULL, Object(Config\Cache), false)
#10 C:\xampp_htdocs\kasugaikyudo\production\system\Boot.php(325): CodeIgniter\CodeIgniter->run()
#11 C:\xampp_htdocs\kasugaikyudo\production\system\Boot.php(67): CodeIgniter\Boot::runCodeIgniter(Object(CodeIgniter\CodeIgniter))
#12 C:\xampp_htdocs\kasugaikyudo\production\index.php(56): CodeIgniter\Boot::bootWeb(Object(Config\Paths))
#13 {main}
ERROR - 2026-04-21 23:52:49 --> mysqli_sql_exception: Column count doesn't match value count at row 1 in C:\xampp_htdocs\kasugaikyudo\production\system\Database\MySQLi\Connection.php:312
Stack trace:
#0 C:\xampp_htdocs\kasugaikyudo\production\system\Database\MySQLi\Connection.php(312): mysqli->query('\n\t\t\tINSERT INTO...', 0)
#1 C:\xampp_htdocs\kasugaikyudo\production\system\Database\BaseConnection.php(734): CodeIgniter\Database\MySQLi\Connection->execute('\n\t\t\tINSERT INTO...')
#2 C:\xampp_htdocs\kasugaikyudo\production\system\Database\BaseConnection.php(648): CodeIgniter\Database\BaseConnection->simpleQuery('\n\t\t\tINSERT INTO...')
#3 C:\xampp_htdocs\kasugaikyudo\production\app\Models\BaseQueryModel.php(117): CodeIgniter\Database\BaseConnection->query('\n\t\t\tINSERT INTO...', Array)
#4 C:\xampp_htdocs\kasugaikyudo\production\app\Models\Admin\AdminShinsaModel.php(174): App\Models\BaseQueryModel->get_result_query('\n\t\t\tINSERT INTO...', Array)
#5 C:\xampp_htdocs\kasugaikyudo\production\app\Libraries\Admin\AdminShinsaLibrarie.php(167): App\Models\Admin\AdminShinsaModel->insert_shinsa_info(Array)
#6 C:\xampp_htdocs\kasugaikyudo\production\app\Controllers\Admin\AdminShinsa.php(351): App\Libraries\Admin\AdminShinsaLibrarie->shinsa_info_proc(Array, 65, 0)
#7 C:\xampp_htdocs\kasugaikyudo\production\system\CodeIgniter.php(933): App\Controllers\Admin\AdminShinsa->ajax_shinsa_regist_proc()
#8 C:\xampp_htdocs\kasugaikyudo\production\system\CodeIgniter.php(509): CodeIgniter\CodeIgniter->runController(Object(App\Controllers\Admin\AdminShinsa))
#9 C:\xampp_htdocs\kasugaikyudo\production\system\CodeIgniter.php(355): CodeIgniter\CodeIgniter->handleRequest(NULL, Object(Config\Cache), false)
#10 C:\xampp_htdocs\kasugaikyudo\production\system\Boot.php(325): CodeIgniter\CodeIgniter->run()
#11 C:\xampp_htdocs\kasugaikyudo\production\system\Boot.php(67): CodeIgniter\Boot::runCodeIgniter(Object(CodeIgniter\CodeIgniter))
#12 C:\xampp_htdocs\kasugaikyudo\production\index.php(56): CodeIgniter\Boot::bootWeb(Object(Config\Paths))
#13 {main}
