CRITICAL - 2026-05-31 00:14:45 --> CodeIgniter\View\Exceptions\ViewException: Invalid file: "master/index.php"
[Method: GET, Route: master]
in SYSTEMPATH\Exceptions\FrameworkException.php on line 41.
 1 SYSTEMPATH\View\View.php(222): CodeIgniter\Exceptions\FrameworkException::forInvalidFile('master/index.php')
 2 SYSTEMPATH\Common.php(1171): CodeIgniter\View\View->render('master/index', [], true)
 3 APPPATH\Controllers\Master\MasterIndex.php(44): view('master/index', [...])
 4 SYSTEMPATH\CodeIgniter.php(933): App\Controllers\Master\MasterIndex->index()
 5 SYSTEMPATH\CodeIgniter.php(509): CodeIgniter\CodeIgniter->runController(Object(App\Controllers\Master\MasterIndex))
 6 SYSTEMPATH\CodeIgniter.php(355): CodeIgniter\CodeIgniter->handleRequest(null, Object(Config\Cache), false)
 7 SYSTEMPATH\Boot.php(325): CodeIgniter\CodeIgniter->run()
 8 SYSTEMPATH\Boot.php(67): CodeIgniter\Boot::runCodeIgniter(Object(CodeIgniter\CodeIgniter))
 9 FCPATH\index.php(56): CodeIgniter\Boot::bootWeb(Object(Config\Paths))
CRITICAL - 2026-05-31 00:19:04 --> CodeIgniter\View\Exceptions\ViewException: Invalid file: "_master/index.php"
[Method: GET, Route: master]
in SYSTEMPATH\Exceptions\FrameworkException.php on line 41.
 1 SYSTEMPATH\View\View.php(222): CodeIgniter\Exceptions\FrameworkException::forInvalidFile('_master/index.php')
 2 SYSTEMPATH\Common.php(1171): CodeIgniter\View\View->render('_master/index', [], true)
 3 APPPATH\Controllers\Master\MasterIndex.php(44): view('_master/index', [...])
 4 SYSTEMPATH\CodeIgniter.php(933): App\Controllers\Master\MasterIndex->index()
 5 SYSTEMPATH\CodeIgniter.php(509): CodeIgniter\CodeIgniter->runController(Object(App\Controllers\Master\MasterIndex))
 6 SYSTEMPATH\CodeIgniter.php(355): CodeIgniter\CodeIgniter->handleRequest(null, Object(Config\Cache), false)
 7 SYSTEMPATH\Boot.php(325): CodeIgniter\CodeIgniter->run()
 8 SYSTEMPATH\Boot.php(67): CodeIgniter\Boot::runCodeIgniter(Object(CodeIgniter\CodeIgniter))
 9 FCPATH\index.php(56): CodeIgniter\Boot::bootWeb(Object(Config\Paths))
CRITICAL - 2026-05-31 00:21:36 --> ErrorException: Undefined variable $officerFlg
[Method: GET, Route: master]
in APPPATH\Views\common\header.php on line 13.
 1 APPPATH\Views\common\header.php(13): CodeIgniter\Debug\Exceptions->errorHandler(2, 'Undefined variable $officerFlg', 'C:\\xampp_htdocs\\kasugaikyudo\\production\\app\\Views\\common\\header.php', 13)
 2 SYSTEMPATH\View\View.php(234): include('C:\\xampp_htdocs\\kasugaikyudo\\production\\app\\Views\\common\\header.php')
 3 SYSTEMPATH\View\View.php(237): CodeIgniter\View\View->CodeIgniter\View\{closure}()
 4 SYSTEMPATH\Common.php(1171): CodeIgniter\View\View->render('common/header', [], true)
 5 APPPATH\Controllers\Master\MasterIndex.php(44): view('common/header', [...])
 6 SYSTEMPATH\CodeIgniter.php(933): App\Controllers\Master\MasterIndex->index()
 7 SYSTEMPATH\CodeIgniter.php(509): CodeIgniter\CodeIgniter->runController(Object(App\Controllers\Master\MasterIndex))
 8 SYSTEMPATH\CodeIgniter.php(355): CodeIgniter\CodeIgniter->handleRequest(null, Object(Config\Cache), false)
 9 SYSTEMPATH\Boot.php(325): CodeIgniter\CodeIgniter->run()
10 SYSTEMPATH\Boot.php(67): CodeIgniter\Boot::runCodeIgniter(Object(CodeIgniter\CodeIgniter))
11 FCPATH\index.php(56): CodeIgniter\Boot::bootWeb(Object(Config\Paths))
CRITICAL - 2026-05-31 00:22:32 --> ErrorException: Undefined variable $officerFlg
[Method: GET, Route: master]
in APPPATH\Views\common\header.php on line 13.
 1 APPPATH\Views\common\header.php(13): CodeIgniter\Debug\Exceptions->errorHandler(2, 'Undefined variable $officerFlg', 'C:\\xampp_htdocs\\kasugaikyudo\\production\\app\\Views\\common\\header.php', 13)
 2 SYSTEMPATH\View\View.php(234): include('C:\\xampp_htdocs\\kasugaikyudo\\production\\app\\Views\\common\\header.php')
 3 SYSTEMPATH\View\View.php(237): CodeIgniter\View\View->CodeIgniter\View\{closure}()
 4 SYSTEMPATH\Common.php(1171): CodeIgniter\View\View->render('common/header', [], true)
 5 APPPATH\Controllers\Master\MasterIndex.php(44): view('common/header', [...])
 6 SYSTEMPATH\CodeIgniter.php(933): App\Controllers\Master\MasterIndex->index()
 7 SYSTEMPATH\CodeIgniter.php(509): CodeIgniter\CodeIgniter->runController(Object(App\Controllers\Master\MasterIndex))
 8 SYSTEMPATH\CodeIgniter.php(355): CodeIgniter\CodeIgniter->handleRequest(null, Object(Config\Cache), false)
 9 SYSTEMPATH\Boot.php(325): CodeIgniter\CodeIgniter->run()
10 SYSTEMPATH\Boot.php(67): CodeIgniter\Boot::runCodeIgniter(Object(CodeIgniter\CodeIgniter))
11 FCPATH\index.php(56): CodeIgniter\Boot::bootWeb(Object(Config\Paths))
CRITICAL - 2026-05-31 00:23:23 --> ErrorException: Undefined variable $page
[Method: GET, Route: master]
in APPPATH\Views\common\menu.php on line 22.
 1 APPPATH\Views\common\menu.php(22): CodeIgniter\Debug\Exceptions->errorHandler(2, 'Undefined variable $page', 'C:\\xampp_htdocs\\kasugaikyudo\\production\\app\\Views\\common\\menu.php', 22)
 2 SYSTEMPATH\View\View.php(234): include('C:\\xampp_htdocs\\kasugaikyudo\\production\\app\\Views\\common\\menu.php')
 3 SYSTEMPATH\View\View.php(237): CodeIgniter\View\View->CodeIgniter\View\{closure}()
 4 SYSTEMPATH\Common.php(1171): CodeIgniter\View\View->render('common/menu', [], true)
 5 APPPATH\Controllers\Master\MasterIndex.php(47): view('common/menu')
 6 SYSTEMPATH\CodeIgniter.php(933): App\Controllers\Master\MasterIndex->index()
 7 SYSTEMPATH\CodeIgniter.php(509): CodeIgniter\CodeIgniter->runController(Object(App\Controllers\Master\MasterIndex))
 8 SYSTEMPATH\CodeIgniter.php(355): CodeIgniter\CodeIgniter->handleRequest(null, Object(Config\Cache), false)
 9 SYSTEMPATH\Boot.php(325): CodeIgniter\CodeIgniter->run()
10 SYSTEMPATH\Boot.php(67): CodeIgniter\Boot::runCodeIgniter(Object(CodeIgniter\CodeIgniter))
11 FCPATH\index.php(56): CodeIgniter\Boot::bootWeb(Object(Config\Paths))
CRITICAL - 2026-05-31 00:24:00 --> ErrorException: Undefined variable $fiscalYearId
[Method: GET, Route: master]
in APPPATH\Views\common\menu.php on line 22.
 1 APPPATH\Views\common\menu.php(22): CodeIgniter\Debug\Exceptions->errorHandler(2, 'Undefined variable $fiscalYearId', 'C:\\xampp_htdocs\\kasugaikyudo\\production\\app\\Views\\common\\menu.php', 22)
 2 SYSTEMPATH\View\View.php(234): include('C:\\xampp_htdocs\\kasugaikyudo\\production\\app\\Views\\common\\menu.php')
 3 SYSTEMPATH\View\View.php(237): CodeIgniter\View\View->CodeIgniter\View\{closure}()
 4 SYSTEMPATH\Common.php(1171): CodeIgniter\View\View->render('common/menu', [], true)
 5 APPPATH\Controllers\Master\MasterIndex.php(48): view('common/menu')
 6 SYSTEMPATH\CodeIgniter.php(933): App\Controllers\Master\MasterIndex->index()
 7 SYSTEMPATH\CodeIgniter.php(509): CodeIgniter\CodeIgniter->runController(Object(App\Controllers\Master\MasterIndex))
 8 SYSTEMPATH\CodeIgniter.php(355): CodeIgniter\CodeIgniter->handleRequest(null, Object(Config\Cache), false)
 9 SYSTEMPATH\Boot.php(325): CodeIgniter\CodeIgniter->run()
10 SYSTEMPATH\Boot.php(67): CodeIgniter\Boot::runCodeIgniter(Object(CodeIgniter\CodeIgniter))
11 FCPATH\index.php(56): CodeIgniter\Boot::bootWeb(Object(Config\Paths))
