ERROR - 2026-04-11 21:48:41 --> mysqli_sql_exception: Table 'z0e6f_haruyumi.v_calender' doesn't exist in C:\xampp_htdocs\kasugaikyudo\production\system\Database\MySQLi\Connection.php:312
Stack trace:
#0 C:\xampp_htdocs\kasugaikyudo\production\system\Database\MySQLi\Connection.php(312): mysqli->query('\n\t\t\tSELECT\n\t\t\t\t...', 0)
#1 C:\xampp_htdocs\kasugaikyudo\production\system\Database\BaseConnection.php(734): CodeIgniter\Database\MySQLi\Connection->execute('\n\t\t\tSELECT\n\t\t\t\t...')
#2 C:\xampp_htdocs\kasugaikyudo\production\system\Database\BaseConnection.php(648): CodeIgniter\Database\BaseConnection->simpleQuery('\n\t\t\tSELECT\n\t\t\t\t...')
#3 C:\xampp_htdocs\kasugaikyudo\production\app\Models\BaseQueryModel.php(75): CodeIgniter\Database\BaseConnection->query('\n\t\t\tSELECT\n\t\t\t\t...', Array)
#4 C:\xampp_htdocs\kasugaikyudo\production\app\Models\CalenderModel.php(39): App\Models\BaseQueryModel->get_result_array('\n\t\t\tSELECT\n\t\t\t\t...', Array)
#5 C:\xampp_htdocs\kasugaikyudo\production\app\Libraries\CalenderLibrarie.php(21): App\Models\CalenderModel->get_event_list()
#6 C:\xampp_htdocs\kasugaikyudo\production\app\Controllers\Calender.php(35): App\Libraries\CalenderLibrarie->get_event_list()
#7 C:\xampp_htdocs\kasugaikyudo\production\system\CodeIgniter.php(933): App\Controllers\Calender->index()
#8 C:\xampp_htdocs\kasugaikyudo\production\system\CodeIgniter.php(509): CodeIgniter\CodeIgniter->runController(Object(App\Controllers\Calender))
#9 C:\xampp_htdocs\kasugaikyudo\production\system\CodeIgniter.php(355): CodeIgniter\CodeIgniter->handleRequest(NULL, Object(Config\Cache), false)
#10 C:\xampp_htdocs\kasugaikyudo\production\system\Boot.php(325): CodeIgniter\CodeIgniter->run()
#11 C:\xampp_htdocs\kasugaikyudo\production\system\Boot.php(67): CodeIgniter\Boot::runCodeIgniter(Object(CodeIgniter\CodeIgniter))
#12 C:\xampp_htdocs\kasugaikyudo\production\index.php(56): CodeIgniter\Boot::bootWeb(Object(Config\Paths))
#13 {main}
CRITICAL - 2026-04-11 21:48:41 --> CodeIgniter\Database\Exceptions\DatabaseException: Table 'z0e6f_haruyumi.v_calender' doesn't exist
[Method: GET, Route: calender]
in SYSTEMPATH\Database\BaseConnection.php on line 688.
 1 APPPATH\Models\BaseQueryModel.php(75): CodeIgniter\Database\BaseConnection->query('
			SELECT
				fiscal_year_id,
				date_st,
				date_ed,
				event_name,
				kaijo_name,
				created
			FROM
				v_calender
			WHERE
				date_st >= CURDATE()
		', [])
 2 APPPATH\Models\CalenderModel.php(39): App\Models\BaseQueryModel->get_result_array('
			SELECT
				fiscal_year_id,
				date_st,
				date_ed,
				event_name,
				kaijo_name,
				created
			FROM
				v_calender
			WHERE
				date_st >= CURDATE()
		', [])
 3 APPPATH\Libraries\CalenderLibrarie.php(21): App\Models\CalenderModel->get_event_list()
 4 APPPATH\Controllers\Calender.php(35): App\Libraries\CalenderLibrarie->get_event_list()
 5 SYSTEMPATH\CodeIgniter.php(933): App\Controllers\Calender->index()
 6 SYSTEMPATH\CodeIgniter.php(509): CodeIgniter\CodeIgniter->runController(Object(App\Controllers\Calender))
 7 SYSTEMPATH\CodeIgniter.php(355): CodeIgniter\CodeIgniter->handleRequest(null, Object(Config\Cache), false)
 8 SYSTEMPATH\Boot.php(325): CodeIgniter\CodeIgniter->run()
 9 SYSTEMPATH\Boot.php(67): CodeIgniter\Boot::runCodeIgniter(Object(CodeIgniter\CodeIgniter))
10 FCPATH\index.php(56): CodeIgniter\Boot::bootWeb(Object(Config\Paths))
CRITICAL - 2026-04-11 21:48:41 --> [Caused by] CodeIgniter\Database\Exceptions\DatabaseException: Table 'z0e6f_haruyumi.v_calender' doesn't exist
in SYSTEMPATH\Database\MySQLi\Connection.php on line 317.
 1 SYSTEMPATH\Database\BaseConnection.php(734): CodeIgniter\Database\MySQLi\Connection->execute('
			SELECT
				fiscal_year_id,
				date_st,
				date_ed,
				event_name,
				kaijo_name,
				created
			FROM
				v_calender
			WHERE
				date_st >= CURDATE()
		')
 2 SYSTEMPATH\Database\BaseConnection.php(648): CodeIgniter\Database\BaseConnection->simpleQuery('
			SELECT
				fiscal_year_id,
				date_st,
				date_ed,
				event_name,
				kaijo_name,
				created
			FROM
				v_calender
			WHERE
				date_st >= CURDATE()
		')
 3 APPPATH\Models\BaseQueryModel.php(75): CodeIgniter\Database\BaseConnection->query('
			SELECT
				fiscal_year_id,
				date_st,
				date_ed,
				event_name,
				kaijo_name,
				created
			FROM
				v_calender
			WHERE
				date_st >= CURDATE()
		', [])
 4 APPPATH\Models\CalenderModel.php(39): App\Models\BaseQueryModel->get_result_array('
			SELECT
				fiscal_year_id,
				date_st,
				date_ed,
				event_name,
				kaijo_name,
				created
			FROM
				v_calender
			WHERE
				date_st >= CURDATE()
		', [])
 5 APPPATH\Libraries\CalenderLibrarie.php(21): App\Models\CalenderModel->get_event_list()
 6 APPPATH\Controllers\Calender.php(35): App\Libraries\CalenderLibrarie->get_event_list()
 7 SYSTEMPATH\CodeIgniter.php(933): App\Controllers\Calender->index()
 8 SYSTEMPATH\CodeIgniter.php(509): CodeIgniter\CodeIgniter->runController(Object(App\Controllers\Calender))
 9 SYSTEMPATH\CodeIgniter.php(355): CodeIgniter\CodeIgniter->handleRequest(null, Object(Config\Cache), false)
10 SYSTEMPATH\Boot.php(325): CodeIgniter\CodeIgniter->run()
11 SYSTEMPATH\Boot.php(67): CodeIgniter\Boot::runCodeIgniter(Object(CodeIgniter\CodeIgniter))
12 FCPATH\index.php(56): CodeIgniter\Boot::bootWeb(Object(Config\Paths))
CRITICAL - 2026-04-11 21:48:41 --> [Caused by] mysqli_sql_exception: Table 'z0e6f_haruyumi.v_calender' doesn't exist
in SYSTEMPATH\Database\MySQLi\Connection.php on line 312.
 1 SYSTEMPATH\Database\MySQLi\Connection.php(312): mysqli->query('
			SELECT
				fiscal_year_id,
				date_st,
				date_ed,
				event_name,
				kaijo_name,
				created
			FROM
				v_calender
			WHERE
				date_st >= CURDATE()
		', 0)
 2 SYSTEMPATH\Database\BaseConnection.php(734): CodeIgniter\Database\MySQLi\Connection->execute('
			SELECT
				fiscal_year_id,
				date_st,
				date_ed,
				event_name,
				kaijo_name,
				created
			FROM
				v_calender
			WHERE
				date_st >= CURDATE()
		')
 3 SYSTEMPATH\Database\BaseConnection.php(648): CodeIgniter\Database\BaseConnection->simpleQuery('
			SELECT
				fiscal_year_id,
				date_st,
				date_ed,
				event_name,
				kaijo_name,
				created
			FROM
				v_calender
			WHERE
				date_st >= CURDATE()
		')
 4 APPPATH\Models\BaseQueryModel.php(75): CodeIgniter\Database\BaseConnection->query('
			SELECT
				fiscal_year_id,
				date_st,
				date_ed,
				event_name,
				kaijo_name,
				created
			FROM
				v_calender
			WHERE
				date_st >= CURDATE()
		', [])
 5 APPPATH\Models\CalenderModel.php(39): App\Models\BaseQueryModel->get_result_array('
			SELECT
				fiscal_year_id,
				date_st,
				date_ed,
				event_name,
				kaijo_name,
				created
			FROM
				v_calender
			WHERE
				date_st >= CURDATE()
		', [])
 6 APPPATH\Libraries\CalenderLibrarie.php(21): App\Models\CalenderModel->get_event_list()
 7 APPPATH\Controllers\Calender.php(35): App\Libraries\CalenderLibrarie->get_event_list()
 8 SYSTEMPATH\CodeIgniter.php(933): App\Controllers\Calender->index()
 9 SYSTEMPATH\CodeIgniter.php(509): CodeIgniter\CodeIgniter->runController(Object(App\Controllers\Calender))
10 SYSTEMPATH\CodeIgniter.php(355): CodeIgniter\CodeIgniter->handleRequest(null, Object(Config\Cache), false)
11 SYSTEMPATH\Boot.php(325): CodeIgniter\CodeIgniter->run()
12 SYSTEMPATH\Boot.php(67): CodeIgniter\Boot::runCodeIgniter(Object(CodeIgniter\CodeIgniter))
13 FCPATH\index.php(56): CodeIgniter\Boot::bootWeb(Object(Config\Paths))
ERROR - 2026-04-11 22:23:02 --> mysqli_sql_exception: Table 'z0e6f_haruyumi.v_calender' doesn't exist in C:\xampp_htdocs\kasugaikyudo\production\system\Database\MySQLi\Connection.php:312
Stack trace:
#0 C:\xampp_htdocs\kasugaikyudo\production\system\Database\MySQLi\Connection.php(312): mysqli->query('\n\t\t\tSELECT\n\t\t\t\t...', 0)
#1 C:\xampp_htdocs\kasugaikyudo\production\system\Database\BaseConnection.php(734): CodeIgniter\Database\MySQLi\Connection->execute('\n\t\t\tSELECT\n\t\t\t\t...')
#2 C:\xampp_htdocs\kasugaikyudo\production\system\Database\BaseConnection.php(648): CodeIgniter\Database\BaseConnection->simpleQuery('\n\t\t\tSELECT\n\t\t\t\t...')
#3 C:\xampp_htdocs\kasugaikyudo\production\app\Models\BaseQueryModel.php(75): CodeIgniter\Database\BaseConnection->query('\n\t\t\tSELECT\n\t\t\t\t...', Array)
#4 C:\xampp_htdocs\kasugaikyudo\production\app\Models\CalenderModel.php(39): App\Models\BaseQueryModel->get_result_array('\n\t\t\tSELECT\n\t\t\t\t...', Array)
#5 C:\xampp_htdocs\kasugaikyudo\production\app\Libraries\CalenderLibrarie.php(21): App\Models\CalenderModel->get_event_list()
#6 C:\xampp_htdocs\kasugaikyudo\production\app\Controllers\Calender.php(35): App\Libraries\CalenderLibrarie->get_event_list()
#7 C:\xampp_htdocs\kasugaikyudo\production\system\CodeIgniter.php(933): App\Controllers\Calender->index()
#8 C:\xampp_htdocs\kasugaikyudo\production\system\CodeIgniter.php(509): CodeIgniter\CodeIgniter->runController(Object(App\Controllers\Calender))
#9 C:\xampp_htdocs\kasugaikyudo\production\system\CodeIgniter.php(355): CodeIgniter\CodeIgniter->handleRequest(NULL, Object(Config\Cache), false)
#10 C:\xampp_htdocs\kasugaikyudo\production\system\Boot.php(325): CodeIgniter\CodeIgniter->run()
#11 C:\xampp_htdocs\kasugaikyudo\production\system\Boot.php(67): CodeIgniter\Boot::runCodeIgniter(Object(CodeIgniter\CodeIgniter))
#12 C:\xampp_htdocs\kasugaikyudo\production\index.php(56): CodeIgniter\Boot::bootWeb(Object(Config\Paths))
#13 {main}
CRITICAL - 2026-04-11 22:23:02 --> CodeIgniter\Database\Exceptions\DatabaseException: Table 'z0e6f_haruyumi.v_calender' doesn't exist
[Method: GET, Route: calender]
in SYSTEMPATH\Database\BaseConnection.php on line 688.
 1 APPPATH\Models\BaseQueryModel.php(75): CodeIgniter\Database\BaseConnection->query('
			SELECT
				fiscal_year_id,
				date_st,
				date_ed,
				event_name,
				kaijo_name,
				created
			FROM
				v_calender
			WHERE
				date_st >= CURDATE()
		', [])
 2 APPPATH\Models\CalenderModel.php(39): App\Models\BaseQueryModel->get_result_array('
			SELECT
				fiscal_year_id,
				date_st,
				date_ed,
				event_name,
				kaijo_name,
				created
			FROM
				v_calender
			WHERE
				date_st >= CURDATE()
		', [])
 3 APPPATH\Libraries\CalenderLibrarie.php(21): App\Models\CalenderModel->get_event_list()
 4 APPPATH\Controllers\Calender.php(35): App\Libraries\CalenderLibrarie->get_event_list()
 5 SYSTEMPATH\CodeIgniter.php(933): App\Controllers\Calender->index()
 6 SYSTEMPATH\CodeIgniter.php(509): CodeIgniter\CodeIgniter->runController(Object(App\Controllers\Calender))
 7 SYSTEMPATH\CodeIgniter.php(355): CodeIgniter\CodeIgniter->handleRequest(null, Object(Config\Cache), false)
 8 SYSTEMPATH\Boot.php(325): CodeIgniter\CodeIgniter->run()
 9 SYSTEMPATH\Boot.php(67): CodeIgniter\Boot::runCodeIgniter(Object(CodeIgniter\CodeIgniter))
10 FCPATH\index.php(56): CodeIgniter\Boot::bootWeb(Object(Config\Paths))
CRITICAL - 2026-04-11 22:23:02 --> [Caused by] CodeIgniter\Database\Exceptions\DatabaseException: Table 'z0e6f_haruyumi.v_calender' doesn't exist
in SYSTEMPATH\Database\MySQLi\Connection.php on line 317.
 1 SYSTEMPATH\Database\BaseConnection.php(734): CodeIgniter\Database\MySQLi\Connection->execute('
			SELECT
				fiscal_year_id,
				date_st,
				date_ed,
				event_name,
				kaijo_name,
				created
			FROM
				v_calender
			WHERE
				date_st >= CURDATE()
		')
 2 SYSTEMPATH\Database\BaseConnection.php(648): CodeIgniter\Database\BaseConnection->simpleQuery('
			SELECT
				fiscal_year_id,
				date_st,
				date_ed,
				event_name,
				kaijo_name,
				created
			FROM
				v_calender
			WHERE
				date_st >= CURDATE()
		')
 3 APPPATH\Models\BaseQueryModel.php(75): CodeIgniter\Database\BaseConnection->query('
			SELECT
				fiscal_year_id,
				date_st,
				date_ed,
				event_name,
				kaijo_name,
				created
			FROM
				v_calender
			WHERE
				date_st >= CURDATE()
		', [])
 4 APPPATH\Models\CalenderModel.php(39): App\Models\BaseQueryModel->get_result_array('
			SELECT
				fiscal_year_id,
				date_st,
				date_ed,
				event_name,
				kaijo_name,
				created
			FROM
				v_calender
			WHERE
				date_st >= CURDATE()
		', [])
 5 APPPATH\Libraries\CalenderLibrarie.php(21): App\Models\CalenderModel->get_event_list()
 6 APPPATH\Controllers\Calender.php(35): App\Libraries\CalenderLibrarie->get_event_list()
 7 SYSTEMPATH\CodeIgniter.php(933): App\Controllers\Calender->index()
 8 SYSTEMPATH\CodeIgniter.php(509): CodeIgniter\CodeIgniter->runController(Object(App\Controllers\Calender))
 9 SYSTEMPATH\CodeIgniter.php(355): CodeIgniter\CodeIgniter->handleRequest(null, Object(Config\Cache), false)
10 SYSTEMPATH\Boot.php(325): CodeIgniter\CodeIgniter->run()
11 SYSTEMPATH\Boot.php(67): CodeIgniter\Boot::runCodeIgniter(Object(CodeIgniter\CodeIgniter))
12 FCPATH\index.php(56): CodeIgniter\Boot::bootWeb(Object(Config\Paths))
CRITICAL - 2026-04-11 22:23:02 --> [Caused by] mysqli_sql_exception: Table 'z0e6f_haruyumi.v_calender' doesn't exist
in SYSTEMPATH\Database\MySQLi\Connection.php on line 312.
 1 SYSTEMPATH\Database\MySQLi\Connection.php(312): mysqli->query('
			SELECT
				fiscal_year_id,
				date_st,
				date_ed,
				event_name,
				kaijo_name,
				created
			FROM
				v_calender
			WHERE
				date_st >= CURDATE()
		', 0)
 2 SYSTEMPATH\Database\BaseConnection.php(734): CodeIgniter\Database\MySQLi\Connection->execute('
			SELECT
				fiscal_year_id,
				date_st,
				date_ed,
				event_name,
				kaijo_name,
				created
			FROM
				v_calender
			WHERE
				date_st >= CURDATE()
		')
 3 SYSTEMPATH\Database\BaseConnection.php(648): CodeIgniter\Database\BaseConnection->simpleQuery('
			SELECT
				fiscal_year_id,
				date_st,
				date_ed,
				event_name,
				kaijo_name,
				created
			FROM
				v_calender
			WHERE
				date_st >= CURDATE()
		')
 4 APPPATH\Models\BaseQueryModel.php(75): CodeIgniter\Database\BaseConnection->query('
			SELECT
				fiscal_year_id,
				date_st,
				date_ed,
				event_name,
				kaijo_name,
				created
			FROM
				v_calender
			WHERE
				date_st >= CURDATE()
		', [])
 5 APPPATH\Models\CalenderModel.php(39): App\Models\BaseQueryModel->get_result_array('
			SELECT
				fiscal_year_id,
				date_st,
				date_ed,
				event_name,
				kaijo_name,
				created
			FROM
				v_calender
			WHERE
				date_st >= CURDATE()
		', [])
 6 APPPATH\Libraries\CalenderLibrarie.php(21): App\Models\CalenderModel->get_event_list()
 7 APPPATH\Controllers\Calender.php(35): App\Libraries\CalenderLibrarie->get_event_list()
 8 SYSTEMPATH\CodeIgniter.php(933): App\Controllers\Calender->index()
 9 SYSTEMPATH\CodeIgniter.php(509): CodeIgniter\CodeIgniter->runController(Object(App\Controllers\Calender))
10 SYSTEMPATH\CodeIgniter.php(355): CodeIgniter\CodeIgniter->handleRequest(null, Object(Config\Cache), false)
11 SYSTEMPATH\Boot.php(325): CodeIgniter\CodeIgniter->run()
12 SYSTEMPATH\Boot.php(67): CodeIgniter\Boot::runCodeIgniter(Object(CodeIgniter\CodeIgniter))
13 FCPATH\index.php(56): CodeIgniter\Boot::bootWeb(Object(Config\Paths))
CRITICAL - 2026-04-11 22:24:06 --> ErrorException: Undefined variable $officerFlg
[Method: GET, Route: calender]
in APPPATH\Views\common\header.php on line 13.
 1 APPPATH\Views\common\header.php(13): CodeIgniter\Debug\Exceptions->errorHandler(2, 'Undefined variable $officerFlg', 'C:\\xampp_htdocs\\kasugaikyudo\\production\\app\\Views\\common\\header.php', 13)
 2 SYSTEMPATH\View\View.php(234): include('C:\\xampp_htdocs\\kasugaikyudo\\production\\app\\Views\\common\\header.php')
 3 SYSTEMPATH\View\View.php(237): CodeIgniter\View\View->CodeIgniter\View\{closure}()
 4 SYSTEMPATH\Common.php(1171): CodeIgniter\View\View->render('common/header', [], true)
 5 APPPATH\Controllers\Calender.php(42): view('common/header', [...])
 6 SYSTEMPATH\CodeIgniter.php(933): App\Controllers\Calender->index()
 7 SYSTEMPATH\CodeIgniter.php(509): CodeIgniter\CodeIgniter->runController(Object(App\Controllers\Calender))
 8 SYSTEMPATH\CodeIgniter.php(355): CodeIgniter\CodeIgniter->handleRequest(null, Object(Config\Cache), false)
 9 SYSTEMPATH\Boot.php(325): CodeIgniter\CodeIgniter->run()
10 SYSTEMPATH\Boot.php(67): CodeIgniter\Boot::runCodeIgniter(Object(CodeIgniter\CodeIgniter))
11 FCPATH\index.php(56): CodeIgniter\Boot::bootWeb(Object(Config\Paths))
CRITICAL - 2026-04-11 22:24:47 --> ErrorException: Undefined variable $fiscalYearId
[Method: GET, Route: calender]
in APPPATH\Views\common\menu.php on line 22.
 1 APPPATH\Views\common\menu.php(22): CodeIgniter\Debug\Exceptions->errorHandler(2, 'Undefined variable $fiscalYearId', 'C:\\xampp_htdocs\\kasugaikyudo\\production\\app\\Views\\common\\menu.php', 22)
 2 SYSTEMPATH\View\View.php(234): include('C:\\xampp_htdocs\\kasugaikyudo\\production\\app\\Views\\common\\menu.php')
 3 SYSTEMPATH\View\View.php(237): CodeIgniter\View\View->CodeIgniter\View\{closure}()
 4 SYSTEMPATH\Common.php(1171): CodeIgniter\View\View->render('common/menu', [], true)
 5 APPPATH\Controllers\Calender.php(44): view('common/menu')
 6 SYSTEMPATH\CodeIgniter.php(933): App\Controllers\Calender->index()
 7 SYSTEMPATH\CodeIgniter.php(509): CodeIgniter\CodeIgniter->runController(Object(App\Controllers\Calender))
 8 SYSTEMPATH\CodeIgniter.php(355): CodeIgniter\CodeIgniter->handleRequest(null, Object(Config\Cache), false)
 9 SYSTEMPATH\Boot.php(325): CodeIgniter\CodeIgniter->run()
10 SYSTEMPATH\Boot.php(67): CodeIgniter\Boot::runCodeIgniter(Object(CodeIgniter\CodeIgniter))
11 FCPATH\index.php(56): CodeIgniter\Boot::bootWeb(Object(Config\Paths))
