CRITICAL - 2026-05-10 00:04:05 --> TypeError: App\Libraries\Admin\AdminNoticeLibrarie::notice_info_proc(): Argument #2 ($noticeFiles) must be of type array, CodeIgniter\HTTP\Files\UploadedFile given, called in C:\xampp_htdocs\kasugaikyudo\production\app\Libraries\Admin\AdminDocumentLibrarie.php on line 73
[Method: POST, Route: admin/document_file_regist_proc]
in APPPATH\Libraries\Admin\AdminNoticeLibrarie.php on line 43.
 1 APPPATH\Libraries\Admin\AdminDocumentLibrarie.php(73): App\Libraries\Admin\AdminNoticeLibrarie->notice_info_proc([...], Object(CodeIgniter\HTTP\Files\UploadedFile), 65, 26)
 2 APPPATH\Controllers\Admin\AdminDocument.php(155): App\Libraries\Admin\AdminDocumentLibrarie->document_files_proc(Object(CodeIgniter\HTTP\Files\UploadedFile), [...], 65, 26)
 3 SYSTEMPATH\CodeIgniter.php(933): App\Controllers\Admin\AdminDocument->ajax_document_file_regist_proc()
 4 SYSTEMPATH\CodeIgniter.php(509): CodeIgniter\CodeIgniter->runController(Object(App\Controllers\Admin\AdminDocument))
 5 SYSTEMPATH\CodeIgniter.php(355): CodeIgniter\CodeIgniter->handleRequest(null, Object(Config\Cache), false)
 6 SYSTEMPATH\Boot.php(325): CodeIgniter\CodeIgniter->run()
 7 SYSTEMPATH\Boot.php(67): CodeIgniter\Boot::runCodeIgniter(Object(CodeIgniter\CodeIgniter))
 8 FCPATH\index.php(56): CodeIgniter\Boot::bootWeb(Object(Config\Paths))
CRITICAL - 2026-05-10 00:07:39 --> ErrorException: Undefined array key "notice_info_id"
[Method: POST, Route: admin/document_file_regist_proc]
in APPPATH\Libraries\Admin\AdminNoticeLibrarie.php on line 50.
 1 APPPATH\Libraries\Admin\AdminNoticeLibrarie.php(50): CodeIgniter\Debug\Exceptions->errorHandler(2, 'Undefined array key "notice_info_id"', 'C:\\xampp_htdocs\\kasugaikyudo\\production\\app\\Libraries\\Admin\\AdminNoticeLibrarie.php', 50)
 2 APPPATH\Libraries\Admin\AdminDocumentLibrarie.php(73): App\Libraries\Admin\AdminNoticeLibrarie->notice_info_proc([...], [...], 65, 26)
 3 APPPATH\Controllers\Admin\AdminDocument.php(155): App\Libraries\Admin\AdminDocumentLibrarie->document_files_proc([...], [...], 65, 26)
 4 SYSTEMPATH\CodeIgniter.php(933): App\Controllers\Admin\AdminDocument->ajax_document_file_regist_proc()
 5 SYSTEMPATH\CodeIgniter.php(509): CodeIgniter\CodeIgniter->runController(Object(App\Controllers\Admin\AdminDocument))
 6 SYSTEMPATH\CodeIgniter.php(355): CodeIgniter\CodeIgniter->handleRequest(null, Object(Config\Cache), false)
 7 SYSTEMPATH\Boot.php(325): CodeIgniter\CodeIgniter->run()
 8 SYSTEMPATH\Boot.php(67): CodeIgniter\Boot::runCodeIgniter(Object(CodeIgniter\CodeIgniter))
 9 FCPATH\index.php(56): CodeIgniter\Boot::bootWeb(Object(Config\Paths))
CRITICAL - 2026-05-10 18:56:59 --> TypeError: App\Libraries\Admin\AdminDocumentLibrarie::document_files_proc(): Argument #1 ($objDocumentFile) must be of type object, array given, called in C:\xampp_htdocs\kasugaikyudo\production\app\Controllers\Admin\AdminDocument.php on line 155
[Method: POST, Route: admin/document_file_regist_proc]
in APPPATH\Libraries\Admin\AdminDocumentLibrarie.php on line 41.
 1 APPPATH\Controllers\Admin\AdminDocument.php(155): App\Libraries\Admin\AdminDocumentLibrarie->document_files_proc([...], [...], '65', '26')
 2 SYSTEMPATH\CodeIgniter.php(933): App\Controllers\Admin\AdminDocument->ajax_document_file_regist_proc()
 3 SYSTEMPATH\CodeIgniter.php(509): CodeIgniter\CodeIgniter->runController(Object(App\Controllers\Admin\AdminDocument))
 4 SYSTEMPATH\CodeIgniter.php(355): CodeIgniter\CodeIgniter->handleRequest(null, Object(Config\Cache), false)
 5 SYSTEMPATH\Boot.php(325): CodeIgniter\CodeIgniter->run()
 6 SYSTEMPATH\Boot.php(67): CodeIgniter\Boot::runCodeIgniter(Object(CodeIgniter\CodeIgniter))
 7 FCPATH\index.php(56): CodeIgniter\Boot::bootWeb(Object(Config\Paths))
CRITICAL - 2026-05-10 18:59:03 --> TypeError: App\Libraries\Admin\AdminDocumentLibrarie::document_files_proc(): Argument #1 ($objDocumentFile) must be of type object, array given, called in C:\xampp_htdocs\kasugaikyudo\production\app\Controllers\Admin\AdminDocument.php on line 155
[Method: POST, Route: admin/document_file_regist_proc]
in APPPATH\Libraries\Admin\AdminDocumentLibrarie.php on line 36.
 1 APPPATH\Controllers\Admin\AdminDocument.php(155): App\Libraries\Admin\AdminDocumentLibrarie->document_files_proc([...], [...], '65', '26')
 2 SYSTEMPATH\CodeIgniter.php(933): App\Controllers\Admin\AdminDocument->ajax_document_file_regist_proc()
 3 SYSTEMPATH\CodeIgniter.php(509): CodeIgniter\CodeIgniter->runController(Object(App\Controllers\Admin\AdminDocument))
 4 SYSTEMPATH\CodeIgniter.php(355): CodeIgniter\CodeIgniter->handleRequest(null, Object(Config\Cache), false)
 5 SYSTEMPATH\Boot.php(325): CodeIgniter\CodeIgniter->run()
 6 SYSTEMPATH\Boot.php(67): CodeIgniter\Boot::runCodeIgniter(Object(CodeIgniter\CodeIgniter))
 7 FCPATH\index.php(56): CodeIgniter\Boot::bootWeb(Object(Config\Paths))
CRITICAL - 2026-05-10 18:59:42 --> TypeError: App\Libraries\Admin\AdminDocumentLibrarie::document_files_upload_mail_proc(): Argument #2 ($noticeFiles) must be of type object, array given, called in C:\xampp_htdocs\kasugaikyudo\production\app\Libraries\Admin\AdminDocumentLibrarie.php on line 69
[Method: POST, Route: admin/document_file_regist_proc]
in APPPATH\Libraries\Admin\AdminDocumentLibrarie.php on line 103.
 1 APPPATH\Libraries\Admin\AdminDocumentLibrarie.php(69): App\Libraries\Admin\AdminDocumentLibrarie->document_files_upload_mail_proc([...], [...], 65, '')
 2 APPPATH\Controllers\Admin\AdminDocument.php(155): App\Libraries\Admin\AdminDocumentLibrarie->document_files_proc(Object(CodeIgniter\HTTP\Files\UploadedFile), [...], 65, '26')
 3 SYSTEMPATH\CodeIgniter.php(933): App\Controllers\Admin\AdminDocument->ajax_document_file_regist_proc()
 4 SYSTEMPATH\CodeIgniter.php(509): CodeIgniter\CodeIgniter->runController(Object(App\Controllers\Admin\AdminDocument))
 5 SYSTEMPATH\CodeIgniter.php(355): CodeIgniter\CodeIgniter->handleRequest(null, Object(Config\Cache), false)
 6 SYSTEMPATH\Boot.php(325): CodeIgniter\CodeIgniter->run()
 7 SYSTEMPATH\Boot.php(67): CodeIgniter\Boot::runCodeIgniter(Object(CodeIgniter\CodeIgniter))
 8 FCPATH\index.php(56): CodeIgniter\Boot::bootWeb(Object(Config\Paths))
CRITICAL - 2026-05-10 19:00:29 --> CodeIgniter\Database\Exceptions\DatabaseException: You must set the database table to be used with your query.
[Method: POST, Route: admin/document_file_regist_proc]
in SYSTEMPATH\Database\BaseConnection.php on line 927.
 1 SYSTEMPATH\Model.php(716): CodeIgniter\Database\BaseConnection->table(null)
 2 SYSTEMPATH\Model.php(922): CodeIgniter\Model->builder()
 3 APPPATH\Libraries\Admin\AdminDocumentLibrarie.php(119): CodeIgniter\Model->__call('notice_files_proc', [...])
 4 APPPATH\Libraries\Admin\AdminDocumentLibrarie.php(69): App\Libraries\Admin\AdminDocumentLibrarie->document_files_upload_mail_proc([...], Object(CodeIgniter\HTTP\Files\UploadedFile), 65, '')
 5 APPPATH\Controllers\Admin\AdminDocument.php(155): App\Libraries\Admin\AdminDocumentLibrarie->document_files_proc(Object(CodeIgniter\HTTP\Files\UploadedFile), [...], 65, '26')
 6 SYSTEMPATH\CodeIgniter.php(933): App\Controllers\Admin\AdminDocument->ajax_document_file_regist_proc()
 7 SYSTEMPATH\CodeIgniter.php(509): CodeIgniter\CodeIgniter->runController(Object(App\Controllers\Admin\AdminDocument))
 8 SYSTEMPATH\CodeIgniter.php(355): CodeIgniter\CodeIgniter->handleRequest(null, Object(Config\Cache), false)
 9 SYSTEMPATH\Boot.php(325): CodeIgniter\CodeIgniter->run()
10 SYSTEMPATH\Boot.php(67): CodeIgniter\Boot::runCodeIgniter(Object(CodeIgniter\CodeIgniter))
11 FCPATH\index.php(56): CodeIgniter\Boot::bootWeb(Object(Config\Paths))
CRITICAL - 2026-05-10 19:03:21 --> CodeIgniter\Database\Exceptions\DatabaseException: You must set the database table to be used with your query.
[Method: POST, Route: admin/document_file_regist_proc]
in SYSTEMPATH\Database\BaseConnection.php on line 927.
 1 SYSTEMPATH\Model.php(716): CodeIgniter\Database\BaseConnection->table(null)
 2 SYSTEMPATH\Model.php(922): CodeIgniter\Model->builder()
 3 APPPATH\Libraries\Admin\AdminDocumentLibrarie.php(119): CodeIgniter\Model->__call('notice_files_proc', [...])
 4 APPPATH\Libraries\Admin\AdminDocumentLibrarie.php(69): App\Libraries\Admin\AdminDocumentLibrarie->document_files_upload_mail_proc([...], Object(CodeIgniter\HTTP\Files\UploadedFile), 65, '')
 5 APPPATH\Controllers\Admin\AdminDocument.php(155): App\Libraries\Admin\AdminDocumentLibrarie->document_files_proc(Object(CodeIgniter\HTTP\Files\UploadedFile), [...], 65, '26')
 6 SYSTEMPATH\CodeIgniter.php(933): App\Controllers\Admin\AdminDocument->ajax_document_file_regist_proc()
 7 SYSTEMPATH\CodeIgniter.php(509): CodeIgniter\CodeIgniter->runController(Object(App\Controllers\Admin\AdminDocument))
 8 SYSTEMPATH\CodeIgniter.php(355): CodeIgniter\CodeIgniter->handleRequest(null, Object(Config\Cache), false)
 9 SYSTEMPATH\Boot.php(325): CodeIgniter\CodeIgniter->run()
10 SYSTEMPATH\Boot.php(67): CodeIgniter\Boot::runCodeIgniter(Object(CodeIgniter\CodeIgniter))
11 FCPATH\index.php(56): CodeIgniter\Boot::bootWeb(Object(Config\Paths))
CRITICAL - 2026-05-10 19:15:21 --> CodeIgniter\HTTP\Exceptions\BadRequestException: The URI you submitted has disallowed characters: "伝達講習会資料_25.pdf"
[Method: GET, Route: .assets/document/document/%E4%BC%9D%E9%81%94%E8%AC%9B%E7%BF%92%E4%BC%9A%E8%B3%87%E6%96%99_25.pdf]
in SYSTEMPATH\Router\Router.php on line 737.
 1 SYSTEMPATH\Router\Router.php(204): CodeIgniter\Router\Router->checkDisallowedChars('.assets/document/document/伝達講習会資料_25.pdf')
 2 SYSTEMPATH\CodeIgniter.php(834): CodeIgniter\Router\Router->handle('.assets/document/document/伝達講習会資料_25.pdf')
 3 SYSTEMPATH\CodeIgniter.php(457): CodeIgniter\CodeIgniter->tryToRouteIt(Object(CodeIgniter\Router\RouteCollection))
 4 SYSTEMPATH\CodeIgniter.php(355): CodeIgniter\CodeIgniter->handleRequest(null, Object(Config\Cache), false)
 5 SYSTEMPATH\Boot.php(325): CodeIgniter\CodeIgniter->run()
 6 SYSTEMPATH\Boot.php(67): CodeIgniter\Boot::runCodeIgniter(Object(CodeIgniter\CodeIgniter))
 7 FCPATH\index.php(56): CodeIgniter\Boot::bootWeb(Object(Config\Paths))
CRITICAL - 2026-05-10 19:15:27 --> CodeIgniter\HTTP\Exceptions\BadRequestException: The URI you submitted has disallowed characters: "伝達講習会資料_25.pdf"
[Method: GET, Route: .assets/document/document/%E4%BC%9D%E9%81%94%E8%AC%9B%E7%BF%92%E4%BC%9A%E8%B3%87%E6%96%99_25.pdf]
in SYSTEMPATH\Router\Router.php on line 737.
 1 SYSTEMPATH\Router\Router.php(204): CodeIgniter\Router\Router->checkDisallowedChars('.assets/document/document/伝達講習会資料_25.pdf')
 2 SYSTEMPATH\CodeIgniter.php(834): CodeIgniter\Router\Router->handle('.assets/document/document/伝達講習会資料_25.pdf')
 3 SYSTEMPATH\CodeIgniter.php(457): CodeIgniter\CodeIgniter->tryToRouteIt(Object(CodeIgniter\Router\RouteCollection))
 4 SYSTEMPATH\CodeIgniter.php(355): CodeIgniter\CodeIgniter->handleRequest(null, Object(Config\Cache), false)
 5 SYSTEMPATH\Boot.php(325): CodeIgniter\CodeIgniter->run()
 6 SYSTEMPATH\Boot.php(67): CodeIgniter\Boot::runCodeIgniter(Object(CodeIgniter\CodeIgniter))
 7 FCPATH\index.php(56): CodeIgniter\Boot::bootWeb(Object(Config\Paths))
CRITICAL - 2026-05-10 19:15:48 --> CodeIgniter\HTTP\Exceptions\BadRequestException: The URI you submitted has disallowed characters: "伝達講習会資料_25.pdf"
[Method: GET, Route: .assets/document/document/%E4%BC%9D%E9%81%94%E8%AC%9B%E7%BF%92%E4%BC%9A%E8%B3%87%E6%96%99_25.pdf]
in SYSTEMPATH\Router\Router.php on line 737.
 1 SYSTEMPATH\Router\Router.php(204): CodeIgniter\Router\Router->checkDisallowedChars('.assets/document/document/伝達講習会資料_25.pdf')
 2 SYSTEMPATH\CodeIgniter.php(834): CodeIgniter\Router\Router->handle('.assets/document/document/伝達講習会資料_25.pdf')
 3 SYSTEMPATH\CodeIgniter.php(457): CodeIgniter\CodeIgniter->tryToRouteIt(Object(CodeIgniter\Router\RouteCollection))
 4 SYSTEMPATH\CodeIgniter.php(355): CodeIgniter\CodeIgniter->handleRequest(null, Object(Config\Cache), false)
 5 SYSTEMPATH\Boot.php(325): CodeIgniter\CodeIgniter->run()
 6 SYSTEMPATH\Boot.php(67): CodeIgniter\Boot::runCodeIgniter(Object(CodeIgniter\CodeIgniter))
 7 FCPATH\index.php(56): CodeIgniter\Boot::bootWeb(Object(Config\Paths))
ERROR - 2026-05-10 20:00:22 --> Email: sendWithMail throwed ErrorException: mail(): Failed to connect to mailserver at &quot;localhost&quot; port 25, verify your &quot;SMTP&quot; and &quot;smtp_port&quot; setting in php.ini or use ini_set() in C:\xampp_htdocs\kasugaikyudo\production\system\Email\Email.php:1762
Stack trace:
#0 [internal function]: CodeIgniter\Debug\Exceptions->errorHandler(2, 'mail(): Failed ...', 'C:\\xampp_htdocs...', 1762)
#1 C:\xampp_htdocs\kasugaikyudo\production\system\Email\Email.php(1762): mail('k.kyudo.xampp@g...', '=?UTF-8?Q?=E4=B...', '\xE4\xBD\x93\xE8\x82\xB2\xE9\xA4\xA8 2026\xE5...', 'Date: Sun, 10 M...', '-f k.kyudo.xamp...')
#2 C:\xampp_htdocs\kasugaikyudo\production\system\Email\Email.php(1694): CodeIgniter\Email\Email->sendWithMail()
#3 C:\xampp_htdocs\kasugaikyudo\production\system\Email\Email.php(1589): CodeIgniter\Email\Email->spoolEmail()
#4 C:\xampp_htdocs\kasugaikyudo\production\app\Libraries\Admin\AdminLibrarie.php(96): CodeIgniter\Email\Email->send()
#5 C:\xampp_htdocs\kasugaikyudo\production\app\Libraries\Admin\AdminDocumentLibrarie.php(137): App\Libraries\Admin\AdminLibrarie->send_mail_proc(Array, '\xE4\xBD\x93\xE8\x82\xB2\xE9\xA4\xA8 2026\xE5...', '\xE4\xBD\x93\xE8\x82\xB2\xE9\xA4\xA8 2026\xE5...')
#6 C:\xampp_htdocs\kasugaikyudo\production\app\Libraries\Admin\AdminDocumentLibrarie.php(69): App\Libraries\Admin\AdminDocumentLibrarie->document_files_upload_mail_proc(Array, Object(CodeIgniter\HTTP\Files\UploadedFile), 65, '')
#7 C:\xampp_htdocs\kasugaikyudo\production\app\Controllers\Admin\AdminDocument.php(155): App\Libraries\Admin\AdminDocumentLibrarie->document_files_proc(Object(CodeIgniter\HTTP\Files\UploadedFile), Array, 65, '26')
#8 C:\xampp_htdocs\kasugaikyudo\production\system\CodeIgniter.php(933): App\Controllers\Admin\AdminDocument->ajax_document_file_regist_proc()
#9 C:\xampp_htdocs\kasugaikyudo\production\system\CodeIgniter.php(509): CodeIgniter\CodeIgniter->runController(Object(App\Controllers\Admin\AdminDocument))
#10 C:\xampp_htdocs\kasugaikyudo\production\system\CodeIgniter.php(355): CodeIgniter\CodeIgniter->handleRequest(NULL, Object(Config\Cache), false)
#11 C:\xampp_htdocs\kasugaikyudo\production\system\Boot.php(325): CodeIgniter\CodeIgniter->run()
#12 C:\xampp_htdocs\kasugaikyudo\production\system\Boot.php(67): CodeIgniter\Boot::runCodeIgniter(Object(CodeIgniter\CodeIgniter))
#13 C:\xampp_htdocs\kasugaikyudo\production\index.php(56): CodeIgniter\Boot::bootWeb(Object(Config\Paths))
#14 {main}
ERROR - 2026-05-10 20:00:22 --> Email: Unable to send email using PHP mail(). Your server might not be configured to send mail using this method.
ERROR - 2026-05-10 20:00:22 --> 
ERROR - 2026-05-10 20:03:40 --> Email: sendWithMail throwed ErrorException: mail(): Failed to connect to mailserver at &quot;localhost&quot; port 25, verify your &quot;SMTP&quot; and &quot;smtp_port&quot; setting in php.ini or use ini_set() in C:\xampp_htdocs\kasugaikyudo\production\system\Email\Email.php:1762
Stack trace:
#0 [internal function]: CodeIgniter\Debug\Exceptions->errorHandler(2, 'mail(): Failed ...', 'C:\\xampp_htdocs...', 1762)
#1 C:\xampp_htdocs\kasugaikyudo\production\system\Email\Email.php(1762): mail('k.kyudo.xampp@g...', '=?UTF-8?Q?=E4=B...', '\xE4\xBD\x93\xE8\x82\xB2\xE9\xA4\xA8 2026\xE5...', 'Date: Sun, 10 M...', '-f k.kyudo.xamp...')
#2 C:\xampp_htdocs\kasugaikyudo\production\system\Email\Email.php(1694): CodeIgniter\Email\Email->sendWithMail()
#3 C:\xampp_htdocs\kasugaikyudo\production\system\Email\Email.php(1589): CodeIgniter\Email\Email->spoolEmail()
#4 C:\xampp_htdocs\kasugaikyudo\production\app\Libraries\Admin\AdminLibrarie.php(96): CodeIgniter\Email\Email->send()
#5 C:\xampp_htdocs\kasugaikyudo\production\app\Libraries\Admin\AdminDocumentLibrarie.php(137): App\Libraries\Admin\AdminLibrarie->send_mail_proc(Array, '\xE4\xBD\x93\xE8\x82\xB2\xE9\xA4\xA8 2026\xE5...', '\xE4\xBD\x93\xE8\x82\xB2\xE9\xA4\xA8 2026\xE5...')
#6 C:\xampp_htdocs\kasugaikyudo\production\app\Libraries\Admin\AdminDocumentLibrarie.php(69): App\Libraries\Admin\AdminDocumentLibrarie->document_files_upload_mail_proc(Array, Object(CodeIgniter\HTTP\Files\UploadedFile), 65, '')
#7 C:\xampp_htdocs\kasugaikyudo\production\app\Controllers\Admin\AdminDocument.php(155): App\Libraries\Admin\AdminDocumentLibrarie->document_files_proc(Object(CodeIgniter\HTTP\Files\UploadedFile), Array, 65, '26')
#8 C:\xampp_htdocs\kasugaikyudo\production\system\CodeIgniter.php(933): App\Controllers\Admin\AdminDocument->ajax_document_file_regist_proc()
#9 C:\xampp_htdocs\kasugaikyudo\production\system\CodeIgniter.php(509): CodeIgniter\CodeIgniter->runController(Object(App\Controllers\Admin\AdminDocument))
#10 C:\xampp_htdocs\kasugaikyudo\production\system\CodeIgniter.php(355): CodeIgniter\CodeIgniter->handleRequest(NULL, Object(Config\Cache), false)
#11 C:\xampp_htdocs\kasugaikyudo\production\system\Boot.php(325): CodeIgniter\CodeIgniter->run()
#12 C:\xampp_htdocs\kasugaikyudo\production\system\Boot.php(67): CodeIgniter\Boot::runCodeIgniter(Object(CodeIgniter\CodeIgniter))
#13 C:\xampp_htdocs\kasugaikyudo\production\index.php(56): CodeIgniter\Boot::bootWeb(Object(Config\Paths))
#14 {main}
ERROR - 2026-05-10 20:03:40 --> Email: Unable to send email using PHP mail(). Your server might not be configured to send mail using this method.
ERROR - 2026-05-10 20:03:40 --> 
ERROR - 2026-05-10 20:03:59 --> Email: sendWithMail throwed ErrorException: mail(): Failed to connect to mailserver at &quot;localhost&quot; port 25, verify your &quot;SMTP&quot; and &quot;smtp_port&quot; setting in php.ini or use ini_set() in C:\xampp_htdocs\kasugaikyudo\production\system\Email\Email.php:1762
Stack trace:
#0 [internal function]: CodeIgniter\Debug\Exceptions->errorHandler(2, 'mail(): Failed ...', 'C:\\xampp_htdocs...', 1762)
#1 C:\xampp_htdocs\kasugaikyudo\production\system\Email\Email.php(1762): mail('k.kyudo.xampp@g...', '=?UTF-8?Q?=E4=B...', '\xE4\xBD\x93\xE8\x82\xB2\xE9\xA4\xA8 2026\xE5...', 'Date: Sun, 10 M...', '-f k.kyudo.xamp...')
#2 C:\xampp_htdocs\kasugaikyudo\production\system\Email\Email.php(1694): CodeIgniter\Email\Email->sendWithMail()
#3 C:\xampp_htdocs\kasugaikyudo\production\system\Email\Email.php(1589): CodeIgniter\Email\Email->spoolEmail()
#4 C:\xampp_htdocs\kasugaikyudo\production\app\Libraries\Admin\AdminLibrarie.php(96): CodeIgniter\Email\Email->send()
#5 C:\xampp_htdocs\kasugaikyudo\production\app\Libraries\Admin\AdminDocumentLibrarie.php(138): App\Libraries\Admin\AdminLibrarie->send_mail_proc(Array, '\xE4\xBD\x93\xE8\x82\xB2\xE9\xA4\xA8 2026\xE5...', '\xE4\xBD\x93\xE8\x82\xB2\xE9\xA4\xA8 2026\xE5...')
#6 C:\xampp_htdocs\kasugaikyudo\production\app\Libraries\Admin\AdminDocumentLibrarie.php(69): App\Libraries\Admin\AdminDocumentLibrarie->document_files_upload_mail_proc(Array, Object(CodeIgniter\HTTP\Files\UploadedFile), 'C:\\xampp_htdocs...', 65, '')
#7 C:\xampp_htdocs\kasugaikyudo\production\app\Controllers\Admin\AdminDocument.php(155): App\Libraries\Admin\AdminDocumentLibrarie->document_files_proc(Object(CodeIgniter\HTTP\Files\UploadedFile), Array, 65, '26')
#8 C:\xampp_htdocs\kasugaikyudo\production\system\CodeIgniter.php(933): App\Controllers\Admin\AdminDocument->ajax_document_file_regist_proc()
#9 C:\xampp_htdocs\kasugaikyudo\production\system\CodeIgniter.php(509): CodeIgniter\CodeIgniter->runController(Object(App\Controllers\Admin\AdminDocument))
#10 C:\xampp_htdocs\kasugaikyudo\production\system\CodeIgniter.php(355): CodeIgniter\CodeIgniter->handleRequest(NULL, Object(Config\Cache), false)
#11 C:\xampp_htdocs\kasugaikyudo\production\system\Boot.php(325): CodeIgniter\CodeIgniter->run()
#12 C:\xampp_htdocs\kasugaikyudo\production\system\Boot.php(67): CodeIgniter\Boot::runCodeIgniter(Object(CodeIgniter\CodeIgniter))
#13 C:\xampp_htdocs\kasugaikyudo\production\index.php(56): CodeIgniter\Boot::bootWeb(Object(Config\Paths))
#14 {main}
ERROR - 2026-05-10 20:03:59 --> Email: Unable to send email using PHP mail(). Your server might not be configured to send mail using this method.
ERROR - 2026-05-10 20:03:59 --> 
ERROR - 2026-05-10 20:07:23 --> Email: sendWithMail throwed ErrorException: mail(): Failed to connect to mailserver at &quot;localhost&quot; port 25, verify your &quot;SMTP&quot; and &quot;smtp_port&quot; setting in php.ini or use ini_set() in C:\xampp_htdocs\kasugaikyudo\production\system\Email\Email.php:1762
Stack trace:
#0 [internal function]: CodeIgniter\Debug\Exceptions->errorHandler(2, 'mail(): Failed ...', 'C:\\xampp_htdocs...', 1762)
#1 C:\xampp_htdocs\kasugaikyudo\production\system\Email\Email.php(1762): mail('k.kyudo.xampp@g...', '=?UTF-8?Q?=E4=B...', '\xE4\xBD\x93\xE8\x82\xB2\xE9\xA4\xA8 2026\xE5...', 'Date: Sun, 10 M...', '-f k.kyudo.xamp...')
#2 C:\xampp_htdocs\kasugaikyudo\production\system\Email\Email.php(1694): CodeIgniter\Email\Email->sendWithMail()
#3 C:\xampp_htdocs\kasugaikyudo\production\system\Email\Email.php(1589): CodeIgniter\Email\Email->spoolEmail()
#4 C:\xampp_htdocs\kasugaikyudo\production\app\Libraries\Admin\AdminLibrarie.php(96): CodeIgniter\Email\Email->send()
#5 C:\xampp_htdocs\kasugaikyudo\production\app\Libraries\Admin\AdminDocumentLibrarie.php(138): App\Libraries\Admin\AdminLibrarie->send_mail_proc(Array, '\xE4\xBD\x93\xE8\x82\xB2\xE9\xA4\xA8 2026\xE5...', '\xE4\xBD\x93\xE8\x82\xB2\xE9\xA4\xA8 2026\xE5...')
#6 C:\xampp_htdocs\kasugaikyudo\production\app\Libraries\Admin\AdminDocumentLibrarie.php(69): App\Libraries\Admin\AdminDocumentLibrarie->document_files_upload_mail_proc(Array, Object(CodeIgniter\HTTP\Files\UploadedFile), 'C:\\xampp_htdocs...', 65, '')
#7 C:\xampp_htdocs\kasugaikyudo\production\app\Controllers\Admin\AdminDocument.php(155): App\Libraries\Admin\AdminDocumentLibrarie->document_files_proc(Object(CodeIgniter\HTTP\Files\UploadedFile), Array, 65, '26')
#8 C:\xampp_htdocs\kasugaikyudo\production\system\CodeIgniter.php(933): App\Controllers\Admin\AdminDocument->ajax_document_file_regist_proc()
#9 C:\xampp_htdocs\kasugaikyudo\production\system\CodeIgniter.php(509): CodeIgniter\CodeIgniter->runController(Object(App\Controllers\Admin\AdminDocument))
#10 C:\xampp_htdocs\kasugaikyudo\production\system\CodeIgniter.php(355): CodeIgniter\CodeIgniter->handleRequest(NULL, Object(Config\Cache), false)
#11 C:\xampp_htdocs\kasugaikyudo\production\system\Boot.php(325): CodeIgniter\CodeIgniter->run()
#12 C:\xampp_htdocs\kasugaikyudo\production\system\Boot.php(67): CodeIgniter\Boot::runCodeIgniter(Object(CodeIgniter\CodeIgniter))
#13 C:\xampp_htdocs\kasugaikyudo\production\index.php(56): CodeIgniter\Boot::bootWeb(Object(Config\Paths))
#14 {main}
ERROR - 2026-05-10 20:07:23 --> Email: Unable to send email using PHP mail(). Your server might not be configured to send mail using this method.
ERROR - 2026-05-10 20:07:23 --> 
ERROR - 2026-05-10 20:10:46 --> Email: sendWithMail throwed ErrorException: mail(): Failed to connect to mailserver at &quot;localhost&quot; port 25, verify your &quot;SMTP&quot; and &quot;smtp_port&quot; setting in php.ini or use ini_set() in C:\xampp_htdocs\kasugaikyudo\production\system\Email\Email.php:1762
Stack trace:
#0 [internal function]: CodeIgniter\Debug\Exceptions->errorHandler(2, 'mail(): Failed ...', 'C:\\xampp_htdocs...', 1762)
#1 C:\xampp_htdocs\kasugaikyudo\production\system\Email\Email.php(1762): mail('k.kyudo.xampp@g...', '=?UTF-8?Q?TEST=...', '6546546\r\n\r\n\xE6\xB7\xBB\xE4...', 'Date: Sun, 10 M...', '-f k.kyudo.xamp...')
#2 C:\xampp_htdocs\kasugaikyudo\production\system\Email\Email.php(1694): CodeIgniter\Email\Email->sendWithMail()
#3 C:\xampp_htdocs\kasugaikyudo\production\system\Email\Email.php(1589): CodeIgniter\Email\Email->spoolEmail()
#4 C:\xampp_htdocs\kasugaikyudo\production\app\Libraries\Admin\AdminLibrarie.php(96): CodeIgniter\Email\Email->send()
#5 C:\xampp_htdocs\kasugaikyudo\production\app\Libraries\Admin\AdminNoticeLibrarie.php(392): App\Libraries\Admin\AdminLibrarie->send_mail_proc(Array, 'TEST \xE3\x80\x90\xE3\x81\x8A\xE7\x9F\xA5\xE3...', '6546546\n\n\xE6\xB7\xBB\xE4\xBB\x98...')
#6 C:\xampp_htdocs\kasugaikyudo\production\app\Libraries\Admin\AdminNoticeLibrarie.php(111): App\Libraries\Admin\AdminNoticeLibrarie->notice_mail_proc(Array, Array, 26)
#7 C:\xampp_htdocs\kasugaikyudo\production\app\Controllers\Admin\AdminNotice.php(252): App\Libraries\Admin\AdminNoticeLibrarie->notice_info_proc(Array, Array, 65, 26)
#8 C:\xampp_htdocs\kasugaikyudo\production\system\CodeIgniter.php(933): App\Controllers\Admin\AdminNotice->ajax_notice_regist_proc()
#9 C:\xampp_htdocs\kasugaikyudo\production\system\CodeIgniter.php(509): CodeIgniter\CodeIgniter->runController(Object(App\Controllers\Admin\AdminNotice))
#10 C:\xampp_htdocs\kasugaikyudo\production\system\CodeIgniter.php(355): CodeIgniter\CodeIgniter->handleRequest(NULL, Object(Config\Cache), false)
#11 C:\xampp_htdocs\kasugaikyudo\production\system\Boot.php(325): CodeIgniter\CodeIgniter->run()
#12 C:\xampp_htdocs\kasugaikyudo\production\system\Boot.php(67): CodeIgniter\Boot::runCodeIgniter(Object(CodeIgniter\CodeIgniter))
#13 C:\xampp_htdocs\kasugaikyudo\production\index.php(56): CodeIgniter\Boot::bootWeb(Object(Config\Paths))
#14 {main}
ERROR - 2026-05-10 20:10:46 --> Email: Unable to send email using PHP mail(). Your server might not be configured to send mail using this method.
ERROR - 2026-05-10 20:10:46 --> 
ERROR - 2026-05-10 20:11:09 --> Email: sendWithMail throwed ErrorException: mail(): Failed to connect to mailserver at &quot;localhost&quot; port 25, verify your &quot;SMTP&quot; and &quot;smtp_port&quot; setting in php.ini or use ini_set() in C:\xampp_htdocs\kasugaikyudo\production\system\Email\Email.php:1762
Stack trace:
#0 [internal function]: CodeIgniter\Debug\Exceptions->errorHandler(2, 'mail(): Failed ...', 'C:\\xampp_htdocs...', 1762)
#1 C:\xampp_htdocs\kasugaikyudo\production\system\Email\Email.php(1762): mail('k.kyudo.xampp@g...', '=?UTF-8?Q?=E4=B...', '\xE4\xBD\x93\xE8\x82\xB2\xE9\xA4\xA8 2026\xE5...', 'Date: Sun, 10 M...', '-f k.kyudo.xamp...')
#2 C:\xampp_htdocs\kasugaikyudo\production\system\Email\Email.php(1694): CodeIgniter\Email\Email->sendWithMail()
#3 C:\xampp_htdocs\kasugaikyudo\production\system\Email\Email.php(1589): CodeIgniter\Email\Email->spoolEmail()
#4 C:\xampp_htdocs\kasugaikyudo\production\app\Libraries\Admin\AdminLibrarie.php(96): CodeIgniter\Email\Email->send()
#5 C:\xampp_htdocs\kasugaikyudo\production\app\Libraries\Admin\AdminDocumentLibrarie.php(137): App\Libraries\Admin\AdminLibrarie->send_mail_proc(Array, '\xE4\xBD\x93\xE8\x82\xB2\xE9\xA4\xA8 2026\xE5...', '\xE4\xBD\x93\xE8\x82\xB2\xE9\xA4\xA8 2026\xE5...')
#6 C:\xampp_htdocs\kasugaikyudo\production\app\Libraries\Admin\AdminDocumentLibrarie.php(69): App\Libraries\Admin\AdminDocumentLibrarie->document_files_upload_mail_proc(Array, Object(CodeIgniter\HTTP\Files\UploadedFile), '/upload/documen...', 65, '')
#7 C:\xampp_htdocs\kasugaikyudo\production\app\Controllers\Admin\AdminDocument.php(155): App\Libraries\Admin\AdminDocumentLibrarie->document_files_proc(Object(CodeIgniter\HTTP\Files\UploadedFile), Array, 65, '26')
#8 C:\xampp_htdocs\kasugaikyudo\production\system\CodeIgniter.php(933): App\Controllers\Admin\AdminDocument->ajax_document_file_regist_proc()
#9 C:\xampp_htdocs\kasugaikyudo\production\system\CodeIgniter.php(509): CodeIgniter\CodeIgniter->runController(Object(App\Controllers\Admin\AdminDocument))
#10 C:\xampp_htdocs\kasugaikyudo\production\system\CodeIgniter.php(355): CodeIgniter\CodeIgniter->handleRequest(NULL, Object(Config\Cache), false)
#11 C:\xampp_htdocs\kasugaikyudo\production\system\Boot.php(325): CodeIgniter\CodeIgniter->run()
#12 C:\xampp_htdocs\kasugaikyudo\production\system\Boot.php(67): CodeIgniter\Boot::runCodeIgniter(Object(CodeIgniter\CodeIgniter))
#13 C:\xampp_htdocs\kasugaikyudo\production\index.php(56): CodeIgniter\Boot::bootWeb(Object(Config\Paths))
#14 {main}
ERROR - 2026-05-10 20:11:09 --> Email: Unable to send email using PHP mail(). Your server might not be configured to send mail using this method.
ERROR - 2026-05-10 20:11:09 --> 
