CRITICAL - 2026-06-29 22:33:44 --> ErrorException: Undefined variable $officerFlg
[Method: POST, Route: admin/event_revision]
in APPPATH/Views/common/header.php on line 13.
 1 APPPATH/Views/common/header.php(13): CodeIgniter\Debug\Exceptions->errorHandler(2, 'Undefined variable $officerFlg', '/var/www/ci4/haruyumi.net/app/Views/common/header.php', 13)
 2 SYSTEMPATH/View/View.php(234): include('/var/www/ci4/haruyumi.net/app/Views/common/header.php')
 3 SYSTEMPATH/View/View.php(237): CodeIgniter\View\View->CodeIgniter\View\{closure}()
 4 SYSTEMPATH/Common.php(1171): CodeIgniter\View\View->render('common/header', [], true)
 5 APPPATH/Controllers/Admin/AdminEvent.php(71): view('common/header', [...])
 6 SYSTEMPATH/CodeIgniter.php(933): App\Controllers\Admin\AdminEvent->event_revision()
 7 SYSTEMPATH/CodeIgniter.php(509): CodeIgniter\CodeIgniter->runController(Object(App\Controllers\Admin\AdminEvent))
 8 SYSTEMPATH/CodeIgniter.php(355): CodeIgniter\CodeIgniter->handleRequest(null, Object(Config\Cache), false)
 9 SYSTEMPATH/Boot.php(325): CodeIgniter\CodeIgniter->run()
10 SYSTEMPATH/Boot.php(67): CodeIgniter\Boot::runCodeIgniter(Object(CodeIgniter\CodeIgniter))
11 FCPATH/index.php(56): CodeIgniter\Boot::bootWeb(Object(Config\Paths))
CRITICAL - 2026-06-29 22:35:52 --> ErrorException: Undefined variable $officerFlg
[Method: POST, Route: admin/event_revision]
in APPPATH/Views/common/header.php on line 13.
 1 APPPATH/Views/common/header.php(13): CodeIgniter\Debug\Exceptions->errorHandler(2, 'Undefined variable $officerFlg', '/var/www/ci4/haruyumi.net/app/Views/common/header.php', 13)
 2 SYSTEMPATH/View/View.php(234): include('/var/www/ci4/haruyumi.net/app/Views/common/header.php')
 3 SYSTEMPATH/View/View.php(237): CodeIgniter\View\View->CodeIgniter\View\{closure}()
 4 SYSTEMPATH/Common.php(1171): CodeIgniter\View\View->render('common/header', [], true)
 5 APPPATH/Controllers/Admin/AdminEvent.php(71): view('common/header', [...])
 6 SYSTEMPATH/CodeIgniter.php(933): App\Controllers\Admin\AdminEvent->event_revision()
 7 SYSTEMPATH/CodeIgniter.php(509): CodeIgniter\CodeIgniter->runController(Object(App\Controllers\Admin\AdminEvent))
 8 SYSTEMPATH/CodeIgniter.php(355): CodeIgniter\CodeIgniter->handleRequest(null, Object(Config\Cache), false)
 9 SYSTEMPATH/Boot.php(325): CodeIgniter\CodeIgniter->run()
10 SYSTEMPATH/Boot.php(67): CodeIgniter\Boot::runCodeIgniter(Object(CodeIgniter\CodeIgniter))
11 FCPATH/index.php(56): CodeIgniter\Boot::bootWeb(Object(Config\Paths))
CRITICAL - 2026-06-29 22:39:56 --> ErrorException: Undefined variable $officerFlg
[Method: POST, Route: admin/event_revision]
in APPPATH/Views/common/header.php on line 13.
 1 APPPATH/Views/common/header.php(13): CodeIgniter\Debug\Exceptions->errorHandler(2, 'Undefined variable $officerFlg', '/var/www/ci4/haruyumi.net/app/Views/common/header.php', 13)
 2 SYSTEMPATH/View/View.php(234): include('/var/www/ci4/haruyumi.net/app/Views/common/header.php')
 3 SYSTEMPATH/View/View.php(237): CodeIgniter\View\View->CodeIgniter\View\{closure}()
 4 SYSTEMPATH/Common.php(1171): CodeIgniter\View\View->render('common/header', [], true)
 5 APPPATH/Controllers/Admin/AdminEvent.php(71): view('common/header', [...])
 6 SYSTEMPATH/CodeIgniter.php(933): App\Controllers\Admin\AdminEvent->event_revision()
 7 SYSTEMPATH/CodeIgniter.php(509): CodeIgniter\CodeIgniter->runController(Object(App\Controllers\Admin\AdminEvent))
 8 SYSTEMPATH/CodeIgniter.php(355): CodeIgniter\CodeIgniter->handleRequest(null, Object(Config\Cache), false)
 9 SYSTEMPATH/Boot.php(325): CodeIgniter\CodeIgniter->run()
10 SYSTEMPATH/Boot.php(67): CodeIgniter\Boot::runCodeIgniter(Object(CodeIgniter\CodeIgniter))
11 FCPATH/index.php(56): CodeIgniter\Boot::bootWeb(Object(Config\Paths))
CRITICAL - 2026-06-29 22:43:07 --> ErrorException: Undefined variable $officerFlg
[Method: POST, Route: admin/event_revision]
in APPPATH/Views/common/header.php on line 13.
 1 APPPATH/Views/common/header.php(13): CodeIgniter\Debug\Exceptions->errorHandler(2, 'Undefined variable $officerFlg', '/var/www/ci4/haruyumi.net/app/Views/common/header.php', 13)
 2 SYSTEMPATH/View/View.php(234): include('/var/www/ci4/haruyumi.net/app/Views/common/header.php')
 3 SYSTEMPATH/View/View.php(237): CodeIgniter\View\View->CodeIgniter\View\{closure}()
 4 SYSTEMPATH/Common.php(1171): CodeIgniter\View\View->render('common/header', [], true)
 5 APPPATH/Controllers/Admin/AdminEvent.php(71): view('common/header', [...])
 6 SYSTEMPATH/CodeIgniter.php(933): App\Controllers\Admin\AdminEvent->event_revision()
 7 SYSTEMPATH/CodeIgniter.php(509): CodeIgniter\CodeIgniter->runController(Object(App\Controllers\Admin\AdminEvent))
 8 SYSTEMPATH/CodeIgniter.php(355): CodeIgniter\CodeIgniter->handleRequest(null, Object(Config\Cache), false)
 9 SYSTEMPATH/Boot.php(325): CodeIgniter\CodeIgniter->run()
10 SYSTEMPATH/Boot.php(67): CodeIgniter\Boot::runCodeIgniter(Object(CodeIgniter\CodeIgniter))
11 FCPATH/index.php(56): CodeIgniter\Boot::bootWeb(Object(Config\Paths))
CRITICAL - 2026-06-29 22:44:01 --> ErrorException: Undefined variable $fiscalYearId
[Method: POST, Route: admin/event_revision]
in APPPATH/Views/common/menu.php on line 22.
 1 APPPATH/Views/common/menu.php(22): CodeIgniter\Debug\Exceptions->errorHandler(2, 'Undefined variable $fiscalYearId', '/var/www/ci4/haruyumi.net/app/Views/common/menu.php', 22)
 2 SYSTEMPATH/View/View.php(234): include('/var/www/ci4/haruyumi.net/app/Views/common/menu.php')
 3 SYSTEMPATH/View/View.php(237): CodeIgniter\View\View->CodeIgniter\View\{closure}()
 4 SYSTEMPATH/Common.php(1171): CodeIgniter\View\View->render('common/menu', [], true)
 5 APPPATH/Controllers/Admin/AdminEvent.php(73): view('common/menu')
 6 SYSTEMPATH/CodeIgniter.php(933): App\Controllers\Admin\AdminEvent->event_revision()
 7 SYSTEMPATH/CodeIgniter.php(509): CodeIgniter\CodeIgniter->runController(Object(App\Controllers\Admin\AdminEvent))
 8 SYSTEMPATH/CodeIgniter.php(355): CodeIgniter\CodeIgniter->handleRequest(null, Object(Config\Cache), false)
 9 SYSTEMPATH/Boot.php(325): CodeIgniter\CodeIgniter->run()
10 SYSTEMPATH/Boot.php(67): CodeIgniter\Boot::runCodeIgniter(Object(CodeIgniter\CodeIgniter))
11 FCPATH/index.php(56): CodeIgniter\Boot::bootWeb(Object(Config\Paths))
