CRITICAL - 2026-06-12 23:51:27 --> ErrorException: Undefined variable $officerFlg
[Method: GET, Route: taikai/detail/38]
in APPPATH\Controllers\Taikai.php on line 113.
 1 APPPATH\Controllers\Taikai.php(113): CodeIgniter\Debug\Exceptions->errorHandler(2, 'Undefined variable $officerFlg', 'C:\\xampp_htdocs\\kasugaikyudo\\production\\app\\Controllers\\Taikai.php', 113)
 2 SYSTEMPATH\CodeIgniter.php(933): App\Controllers\Taikai->detail('38')
 3 SYSTEMPATH\CodeIgniter.php(509): CodeIgniter\CodeIgniter->runController(Object(App\Controllers\Taikai))
 4 SYSTEMPATH\CodeIgniter.php(355): CodeIgniter\CodeIgniter->handleRequest(null, Object(Config\Cache), false)
 5 SYSTEMPATH\Boot.php(325): CodeIgniter\CodeIgniter->run()
 6 SYSTEMPATH\Boot.php(67): CodeIgniter\Boot::runCodeIgniter(Object(CodeIgniter\CodeIgniter))
 7 FCPATH\index.php(56): CodeIgniter\Boot::bootWeb(Object(Config\Paths))
ERROR - 2026-06-12 23:55:41 --> Email: sendWithMail throwed ErrorException: mail(): Failed to connect to mailserver at &quot;localhost&quot; port 25, verify your &quot;SMTP&quot; and &quot;smtp_port&quot; setting in php.ini or use ini_set() in C:\xampp_htdocs\kasugaikyudo\production\system\Email\Email.php:1762
Stack trace:
#0 [internal function]: CodeIgniter\Debug\Exceptions->errorHandler(2, 'mail(): Failed ...', 'C:\\xampp_htdocs...', 1762)
#1 C:\xampp_htdocs\kasugaikyudo\production\system\Email\Email.php(1762): mail('k.kyudo.xampp@g...', '=?UTF-8?Q?=E3=8...', '\xE3\x81\x82\r\n\r\n\xE8\xA9\xB3\xE7\xB4\xB0\xE3\x81...', 'Date: Fri, 12 J...', '-f k.kyudo.xamp...')
#2 C:\xampp_htdocs\kasugaikyudo\production\system\Email\Email.php(1694): CodeIgniter\Email\Email->sendWithMail()
#3 C:\xampp_htdocs\kasugaikyudo\production\system\Email\Email.php(1589): CodeIgniter\Email\Email->spoolEmail()
#4 C:\xampp_htdocs\kasugaikyudo\production\app\Libraries\Admin\AdminLibrarie.php(96): CodeIgniter\Email\Email->send()
#5 C:\xampp_htdocs\kasugaikyudo\production\app\Libraries\Admin\AdminNoticeLibrarie.php(392): App\Libraries\Admin\AdminLibrarie->send_mail_proc(Array, '\xE3\x81\x82+ \xE3\x80\x90\xE3\x81\x8A\xE7\x9F\xA5\xE3...', '\xE3\x81\x82\n\n\xE8\xA9\xB3\xE7\xB4\xB0\xE3\x81\xAF\xE3...')
#6 C:\xampp_htdocs\kasugaikyudo\production\app\Libraries\Admin\AdminNoticeLibrarie.php(111): App\Libraries\Admin\AdminNoticeLibrarie->notice_mail_proc(Array, Array, 26)
#7 C:\xampp_htdocs\kasugaikyudo\production\app\Controllers\Admin\AdminNotice.php(252): App\Libraries\Admin\AdminNoticeLibrarie->notice_info_proc(Array, Array, 65, 26)
#8 C:\xampp_htdocs\kasugaikyudo\production\system\CodeIgniter.php(933): App\Controllers\Admin\AdminNotice->ajax_notice_regist_proc()
#9 C:\xampp_htdocs\kasugaikyudo\production\system\CodeIgniter.php(509): CodeIgniter\CodeIgniter->runController(Object(App\Controllers\Admin\AdminNotice))
#10 C:\xampp_htdocs\kasugaikyudo\production\system\CodeIgniter.php(355): CodeIgniter\CodeIgniter->handleRequest(NULL, Object(Config\Cache), false)
#11 C:\xampp_htdocs\kasugaikyudo\production\system\Boot.php(325): CodeIgniter\CodeIgniter->run()
#12 C:\xampp_htdocs\kasugaikyudo\production\system\Boot.php(67): CodeIgniter\Boot::runCodeIgniter(Object(CodeIgniter\CodeIgniter))
#13 C:\xampp_htdocs\kasugaikyudo\production\index.php(56): CodeIgniter\Boot::bootWeb(Object(Config\Paths))
#14 {main}
ERROR - 2026-06-12 23:55:41 --> Email: Unable to send email using PHP mail(). Your server might not be configured to send mail using this method.
ERROR - 2026-06-12 23:55:41 --> 
