CRITICAL - 2026-06-08 23:19:19 --> TypeError: App\Models\NoticeModel::insert_notice_info(): Argument #5 ($relationEventId) must be of type int, string given, called in C:\xampp_htdocs\kasugaikyudo\production\app\Libraries\Admin\AdminNoticeLibrarie.php on line 96
[Method: POST, Route: admin/notice_regist_proc]
in APPPATH\Models\NoticeModel.php on line 249.
 1 APPPATH\Libraries\Admin\AdminNoticeLibrarie.php(96): App\Models\NoticeModel->insert_notice_info(2, '審査合格のお知らせ', '本日6月7日（長良川弓道場）で行われた連合審査で
伊藤恭浩さんが五段に
見事合格されました。
おめでとうございます。
', 1, 'undefined', '', 65, 0)
 2 APPPATH\Controllers\Admin\AdminNotice.php(252): App\Libraries\Admin\AdminNoticeLibrarie->notice_info_proc([...], [], 65, 26)
 3 SYSTEMPATH\CodeIgniter.php(933): App\Controllers\Admin\AdminNotice->ajax_notice_regist_proc()
 4 SYSTEMPATH\CodeIgniter.php(509): CodeIgniter\CodeIgniter->runController(Object(App\Controllers\Admin\AdminNotice))
 5 SYSTEMPATH\CodeIgniter.php(355): CodeIgniter\CodeIgniter->handleRequest(null, Object(Config\Cache), false)
 6 SYSTEMPATH\Boot.php(325): CodeIgniter\CodeIgniter->run()
 7 SYSTEMPATH\Boot.php(67): CodeIgniter\Boot::runCodeIgniter(Object(CodeIgniter\CodeIgniter))
 8 FCPATH\index.php(56): CodeIgniter\Boot::bootWeb(Object(Config\Paths))
CRITICAL - 2026-06-08 23:21:43 --> TypeError: App\Models\NoticeModel::insert_notice_info(): Argument #5 ($relationEventId) must be of type int, string given, called in C:\xampp_htdocs\kasugaikyudo\production\app\Libraries\Admin\AdminNoticeLibrarie.php on line 96
[Method: POST, Route: admin/notice_regist_proc]
in APPPATH\Models\NoticeModel.php on line 249.
 1 APPPATH\Libraries\Admin\AdminNoticeLibrarie.php(96): App\Models\NoticeModel->insert_notice_info(2, '審査合格のお知らせ', '本日6月7日（長良川弓道場）で行われた連合審査で
伊藤恭浩さんが五段に
見事合格されました。
おめでとうございます。
', 1, 'undefined', '', 65, 0)
 2 APPPATH\Controllers\Admin\AdminNotice.php(252): App\Libraries\Admin\AdminNoticeLibrarie->notice_info_proc([...], [], 65, 26)
 3 SYSTEMPATH\CodeIgniter.php(933): App\Controllers\Admin\AdminNotice->ajax_notice_regist_proc()
 4 SYSTEMPATH\CodeIgniter.php(509): CodeIgniter\CodeIgniter->runController(Object(App\Controllers\Admin\AdminNotice))
 5 SYSTEMPATH\CodeIgniter.php(355): CodeIgniter\CodeIgniter->handleRequest(null, Object(Config\Cache), false)
 6 SYSTEMPATH\Boot.php(325): CodeIgniter\CodeIgniter->run()
 7 SYSTEMPATH\Boot.php(67): CodeIgniter\Boot::runCodeIgniter(Object(CodeIgniter\CodeIgniter))
 8 FCPATH\index.php(56): CodeIgniter\Boot::bootWeb(Object(Config\Paths))
CRITICAL - 2026-06-08 23:21:53 --> TypeError: App\Models\NoticeModel::insert_notice_info(): Argument #5 ($relationEventId) must be of type int, string given, called in C:\xampp_htdocs\kasugaikyudo\production\app\Libraries\Admin\AdminNoticeLibrarie.php on line 96
[Method: POST, Route: admin/notice_regist_proc]
in APPPATH\Models\NoticeModel.php on line 249.
 1 APPPATH\Libraries\Admin\AdminNoticeLibrarie.php(96): App\Models\NoticeModel->insert_notice_info(2, '審査合格のお知らせ', '本日6月7日（長良川弓道場）で行われた連合審査で
伊藤恭浩さんが五段に
見事合格されました。
おめでとうございます。
', 1, 'undefined', '', 65, 0)
 2 APPPATH\Controllers\Admin\AdminNotice.php(252): App\Libraries\Admin\AdminNoticeLibrarie->notice_info_proc([...], [], 65, 26)
 3 SYSTEMPATH\CodeIgniter.php(933): App\Controllers\Admin\AdminNotice->ajax_notice_regist_proc()
 4 SYSTEMPATH\CodeIgniter.php(509): CodeIgniter\CodeIgniter->runController(Object(App\Controllers\Admin\AdminNotice))
 5 SYSTEMPATH\CodeIgniter.php(355): CodeIgniter\CodeIgniter->handleRequest(null, Object(Config\Cache), false)
 6 SYSTEMPATH\Boot.php(325): CodeIgniter\CodeIgniter->run()
 7 SYSTEMPATH\Boot.php(67): CodeIgniter\Boot::runCodeIgniter(Object(CodeIgniter\CodeIgniter))
 8 FCPATH\index.php(56): CodeIgniter\Boot::bootWeb(Object(Config\Paths))
CRITICAL - 2026-06-08 23:22:24 --> TypeError: App\Models\NoticeModel::insert_notice_info(): Argument #5 ($relationEventId) must be of type int, string given, called in C:\xampp_htdocs\kasugaikyudo\production\app\Libraries\Admin\AdminNoticeLibrarie.php on line 96
[Method: POST, Route: admin/notice_regist_proc]
in APPPATH\Models\NoticeModel.php on line 249.
 1 APPPATH\Libraries\Admin\AdminNoticeLibrarie.php(96): App\Models\NoticeModel->insert_notice_info(2, '審査合格のお知らせ', '本日6月7日（長良川弓道場）で行われた連合審査で
伊藤恭浩さんが五段に
見事合格されました。
おめでとうございます。
', 1, 'undefined', '', 65, 0)
 2 APPPATH\Controllers\Admin\AdminNotice.php(252): App\Libraries\Admin\AdminNoticeLibrarie->notice_info_proc([...], [], 65, 26)
 3 SYSTEMPATH\CodeIgniter.php(933): App\Controllers\Admin\AdminNotice->ajax_notice_regist_proc()
 4 SYSTEMPATH\CodeIgniter.php(509): CodeIgniter\CodeIgniter->runController(Object(App\Controllers\Admin\AdminNotice))
 5 SYSTEMPATH\CodeIgniter.php(355): CodeIgniter\CodeIgniter->handleRequest(null, Object(Config\Cache), false)
 6 SYSTEMPATH\Boot.php(325): CodeIgniter\CodeIgniter->run()
 7 SYSTEMPATH\Boot.php(67): CodeIgniter\Boot::runCodeIgniter(Object(CodeIgniter\CodeIgniter))
 8 FCPATH\index.php(56): CodeIgniter\Boot::bootWeb(Object(Config\Paths))
CRITICAL - 2026-06-08 23:25:56 --> TypeError: App\Models\NoticeModel::insert_notice_info(): Argument #5 ($relationEventId) must be of type int, string given, called in C:\xampp_htdocs\kasugaikyudo\production\app\Libraries\Admin\AdminNoticeLibrarie.php on line 96
[Method: POST, Route: admin/notice_regist_proc]
in APPPATH\Models\NoticeModel.php on line 249.
 1 APPPATH\Libraries\Admin\AdminNoticeLibrarie.php(96): App\Models\NoticeModel->insert_notice_info(2, '審査合格のお知らせ', '本日6月7日（長良川弓道場）で行われた連合審査で
伊藤恭浩さんが五段に
見事合格されました。
おめでとうございます。
', 1, 'undefined', '', 65, 0)
 2 APPPATH\Controllers\Admin\AdminNotice.php(252): App\Libraries\Admin\AdminNoticeLibrarie->notice_info_proc([...], [], 65, 26)
 3 SYSTEMPATH\CodeIgniter.php(933): App\Controllers\Admin\AdminNotice->ajax_notice_regist_proc()
 4 SYSTEMPATH\CodeIgniter.php(509): CodeIgniter\CodeIgniter->runController(Object(App\Controllers\Admin\AdminNotice))
 5 SYSTEMPATH\CodeIgniter.php(355): CodeIgniter\CodeIgniter->handleRequest(null, Object(Config\Cache), false)
 6 SYSTEMPATH\Boot.php(325): CodeIgniter\CodeIgniter->run()
 7 SYSTEMPATH\Boot.php(67): CodeIgniter\Boot::runCodeIgniter(Object(CodeIgniter\CodeIgniter))
 8 FCPATH\index.php(56): CodeIgniter\Boot::bootWeb(Object(Config\Paths))
CRITICAL - 2026-06-08 23:26:20 --> TypeError: App\Models\NoticeModel::insert_notice_info(): Argument #5 ($relationEventId) must be of type int, string given, called in C:\xampp_htdocs\kasugaikyudo\production\app\Libraries\Admin\AdminNoticeLibrarie.php on line 96
[Method: POST, Route: admin/notice_regist_proc]
in APPPATH\Models\NoticeModel.php on line 249.
 1 APPPATH\Libraries\Admin\AdminNoticeLibrarie.php(96): App\Models\NoticeModel->insert_notice_info(2, '審査合格のお知らせ', '本日6月7日（長良川弓道場）で行われた連合審査で
伊藤恭浩さんが五段に
見事合格されました。
おめでとうございます。
', 1, 'undefined', '', 65, 0)
 2 APPPATH\Controllers\Admin\AdminNotice.php(252): App\Libraries\Admin\AdminNoticeLibrarie->notice_info_proc([...], [], 65, 26)
 3 SYSTEMPATH\CodeIgniter.php(933): App\Controllers\Admin\AdminNotice->ajax_notice_regist_proc()
 4 SYSTEMPATH\CodeIgniter.php(509): CodeIgniter\CodeIgniter->runController(Object(App\Controllers\Admin\AdminNotice))
 5 SYSTEMPATH\CodeIgniter.php(355): CodeIgniter\CodeIgniter->handleRequest(null, Object(Config\Cache), false)
 6 SYSTEMPATH\Boot.php(325): CodeIgniter\CodeIgniter->run()
 7 SYSTEMPATH\Boot.php(67): CodeIgniter\Boot::runCodeIgniter(Object(CodeIgniter\CodeIgniter))
 8 FCPATH\index.php(56): CodeIgniter\Boot::bootWeb(Object(Config\Paths))
CRITICAL - 2026-06-08 23:33:19 --> ErrorException: Undefined variable $relationEventId
[Method: GET, Route: admin/notice_regist_shinsa_promotion/51]
in APPPATH\Views\admin\notice\notice_regist_shinsa_promotion.php on line 23.
 1 APPPATH\Views\admin\notice\notice_regist_shinsa_promotion.php(23): CodeIgniter\Debug\Exceptions->errorHandler(2, 'Undefined variable $relationEventId', 'C:\\xampp_htdocs\\kasugaikyudo\\production\\app\\Views\\admin\\notice\\notice_regist_shinsa_promotion.php', 23)
 2 SYSTEMPATH\View\View.php(234): include('C:\\xampp_htdocs\\kasugaikyudo\\production\\app\\Views\\admin\\notice\\notice_regist_shinsa_promotion.php')
 3 SYSTEMPATH\View\View.php(237): CodeIgniter\View\View->CodeIgniter\View\{closure}()
 4 SYSTEMPATH\Common.php(1171): CodeIgniter\View\View->render('admin/notice/notice_regist_shinsa_promotion', [], true)
 5 APPPATH\Controllers\Admin\AdminShinsa.php(429): view('admin/notice/notice_regist_shinsa_promotion')
 6 SYSTEMPATH\CodeIgniter.php(933): App\Controllers\Admin\AdminShinsa->notice_regist_shinsa_promotion('51')
 7 SYSTEMPATH\CodeIgniter.php(509): CodeIgniter\CodeIgniter->runController(Object(App\Controllers\Admin\AdminShinsa))
 8 SYSTEMPATH\CodeIgniter.php(355): CodeIgniter\CodeIgniter->handleRequest(null, Object(Config\Cache), false)
 9 SYSTEMPATH\Boot.php(325): CodeIgniter\CodeIgniter->run()
10 SYSTEMPATH\Boot.php(67): CodeIgniter\Boot::runCodeIgniter(Object(CodeIgniter\CodeIgniter))
11 FCPATH\index.php(56): CodeIgniter\Boot::bootWeb(Object(Config\Paths))
ERROR - 2026-06-08 23:33:54 --> Email: sendWithMail throwed ErrorException: mail(): Failed to connect to mailserver at &quot;localhost&quot; port 25, verify your &quot;SMTP&quot; and &quot;smtp_port&quot; setting in php.ini or use ini_set() in C:\xampp_htdocs\kasugaikyudo\production\system\Email\Email.php:1762
Stack trace:
#0 [internal function]: CodeIgniter\Debug\Exceptions->errorHandler(2, 'mail(): Failed ...', 'C:\\xampp_htdocs...', 1762)
#1 C:\xampp_htdocs\kasugaikyudo\production\system\Email\Email.php(1762): mail('k.kyudo.xampp@g...', '=?UTF-8?Q?=E5=A...', '\xE6\x9C\xAC\xE6\x97\xA56\xE6\x9C\x887\xE6\x97\xA5\xEF...', 'Date: Mon, 8 Ju...', '-f k.kyudo.xamp...')
#2 C:\xampp_htdocs\kasugaikyudo\production\system\Email\Email.php(1694): CodeIgniter\Email\Email->sendWithMail()
#3 C:\xampp_htdocs\kasugaikyudo\production\system\Email\Email.php(1589): CodeIgniter\Email\Email->spoolEmail()
#4 C:\xampp_htdocs\kasugaikyudo\production\app\Libraries\Admin\AdminLibrarie.php(96): CodeIgniter\Email\Email->send()
#5 C:\xampp_htdocs\kasugaikyudo\production\app\Libraries\Admin\AdminNoticeLibrarie.php(392): App\Libraries\Admin\AdminLibrarie->send_mail_proc(Array, '\xE5\xAF\xA9\xE6\x9F\xBB\xE5\x90\x88\xE6\xA0\xBC\xE3\x81\xAE...', '\xE6\x9C\xAC\xE6\x97\xA56\xE6\x9C\x887\xE6\x97\xA5\xEF...')
#6 C:\xampp_htdocs\kasugaikyudo\production\app\Libraries\Admin\AdminNoticeLibrarie.php(111): App\Libraries\Admin\AdminNoticeLibrarie->notice_mail_proc(Array, Array, 26)
#7 C:\xampp_htdocs\kasugaikyudo\production\app\Controllers\Admin\AdminNotice.php(252): App\Libraries\Admin\AdminNoticeLibrarie->notice_info_proc(Array, Array, 65, 26)
#8 C:\xampp_htdocs\kasugaikyudo\production\system\CodeIgniter.php(933): App\Controllers\Admin\AdminNotice->ajax_notice_regist_proc()
#9 C:\xampp_htdocs\kasugaikyudo\production\system\CodeIgniter.php(509): CodeIgniter\CodeIgniter->runController(Object(App\Controllers\Admin\AdminNotice))
#10 C:\xampp_htdocs\kasugaikyudo\production\system\CodeIgniter.php(355): CodeIgniter\CodeIgniter->handleRequest(NULL, Object(Config\Cache), false)
#11 C:\xampp_htdocs\kasugaikyudo\production\system\Boot.php(325): CodeIgniter\CodeIgniter->run()
#12 C:\xampp_htdocs\kasugaikyudo\production\system\Boot.php(67): CodeIgniter\Boot::runCodeIgniter(Object(CodeIgniter\CodeIgniter))
#13 C:\xampp_htdocs\kasugaikyudo\production\index.php(56): CodeIgniter\Boot::bootWeb(Object(Config\Paths))
#14 {main}
ERROR - 2026-06-08 23:33:54 --> Email: Unable to send email using PHP mail(). Your server might not be configured to send mail using this method.
ERROR - 2026-06-08 23:33:54 --> 
ERROR - 2026-06-08 23:35:27 --> Email: sendWithMail throwed ErrorException: mail(): Failed to connect to mailserver at &quot;localhost&quot; port 25, verify your &quot;SMTP&quot; and &quot;smtp_port&quot; setting in php.ini or use ini_set() in C:\xampp_htdocs\kasugaikyudo\production\system\Email\Email.php:1762
Stack trace:
#0 [internal function]: CodeIgniter\Debug\Exceptions->errorHandler(2, 'mail(): Failed ...', 'C:\\xampp_htdocs...', 1762)
#1 C:\xampp_htdocs\kasugaikyudo\production\system\Email\Email.php(1762): mail('k.kyudo.xampp@g...', '=?UTF-8?Q?=E5=A...', '\xE6\x9C\xAC\xE6\x97\xA56\xE6\x9C\x887\xE6\x97\xA5\xEF...', 'Date: Mon, 8 Ju...', '-f k.kyudo.xamp...')
#2 C:\xampp_htdocs\kasugaikyudo\production\system\Email\Email.php(1694): CodeIgniter\Email\Email->sendWithMail()
#3 C:\xampp_htdocs\kasugaikyudo\production\system\Email\Email.php(1589): CodeIgniter\Email\Email->spoolEmail()
#4 C:\xampp_htdocs\kasugaikyudo\production\app\Libraries\Admin\AdminLibrarie.php(96): CodeIgniter\Email\Email->send()
#5 C:\xampp_htdocs\kasugaikyudo\production\app\Libraries\Admin\AdminNoticeLibrarie.php(392): App\Libraries\Admin\AdminLibrarie->send_mail_proc(Array, '\xE5\xAF\xA9\xE6\x9F\xBB\xE5\x90\x88\xE6\xA0\xBC\xE3\x81\xAE...', '\xE6\x9C\xAC\xE6\x97\xA56\xE6\x9C\x887\xE6\x97\xA5\xEF...')
#6 C:\xampp_htdocs\kasugaikyudo\production\app\Libraries\Admin\AdminNoticeLibrarie.php(111): App\Libraries\Admin\AdminNoticeLibrarie->notice_mail_proc(Array, Array, 26)
#7 C:\xampp_htdocs\kasugaikyudo\production\app\Controllers\Admin\AdminNotice.php(252): App\Libraries\Admin\AdminNoticeLibrarie->notice_info_proc(Array, Array, 65, 26)
#8 C:\xampp_htdocs\kasugaikyudo\production\system\CodeIgniter.php(933): App\Controllers\Admin\AdminNotice->ajax_notice_regist_proc()
#9 C:\xampp_htdocs\kasugaikyudo\production\system\CodeIgniter.php(509): CodeIgniter\CodeIgniter->runController(Object(App\Controllers\Admin\AdminNotice))
#10 C:\xampp_htdocs\kasugaikyudo\production\system\CodeIgniter.php(355): CodeIgniter\CodeIgniter->handleRequest(NULL, Object(Config\Cache), false)
#11 C:\xampp_htdocs\kasugaikyudo\production\system\Boot.php(325): CodeIgniter\CodeIgniter->run()
#12 C:\xampp_htdocs\kasugaikyudo\production\system\Boot.php(67): CodeIgniter\Boot::runCodeIgniter(Object(CodeIgniter\CodeIgniter))
#13 C:\xampp_htdocs\kasugaikyudo\production\index.php(56): CodeIgniter\Boot::bootWeb(Object(Config\Paths))
#14 {main}
ERROR - 2026-06-08 23:35:27 --> Email: Unable to send email using PHP mail(). Your server might not be configured to send mail using this method.
ERROR - 2026-06-08 23:35:27 --> 
ERROR - 2026-06-08 23:35:54 --> Email: sendWithMail throwed ErrorException: mail(): Failed to connect to mailserver at &quot;localhost&quot; port 25, verify your &quot;SMTP&quot; and &quot;smtp_port&quot; setting in php.ini or use ini_set() in C:\xampp_htdocs\kasugaikyudo\production\system\Email\Email.php:1762
Stack trace:
#0 [internal function]: CodeIgniter\Debug\Exceptions->errorHandler(2, 'mail(): Failed ...', 'C:\\xampp_htdocs...', 1762)
#1 C:\xampp_htdocs\kasugaikyudo\production\system\Email\Email.php(1762): mail('k.kyudo.xampp@g...', '=?UTF-8?Q?=E5=A...', '\xE6\x9C\xAC\xE6\x97\xA56\xE6\x9C\x887\xE6\x97\xA5\xEF...', 'Date: Mon, 8 Ju...', '-f k.kyudo.xamp...')
#2 C:\xampp_htdocs\kasugaikyudo\production\system\Email\Email.php(1694): CodeIgniter\Email\Email->sendWithMail()
#3 C:\xampp_htdocs\kasugaikyudo\production\system\Email\Email.php(1589): CodeIgniter\Email\Email->spoolEmail()
#4 C:\xampp_htdocs\kasugaikyudo\production\app\Libraries\Admin\AdminLibrarie.php(96): CodeIgniter\Email\Email->send()
#5 C:\xampp_htdocs\kasugaikyudo\production\app\Libraries\Admin\AdminNoticeLibrarie.php(392): App\Libraries\Admin\AdminLibrarie->send_mail_proc(Array, '\xE5\xAF\xA9\xE6\x9F\xBB\xE5\x90\x88\xE6\xA0\xBC\xE3\x81\xAE...', '\xE6\x9C\xAC\xE6\x97\xA56\xE6\x9C\x887\xE6\x97\xA5\xEF...')
#6 C:\xampp_htdocs\kasugaikyudo\production\app\Libraries\Admin\AdminNoticeLibrarie.php(111): App\Libraries\Admin\AdminNoticeLibrarie->notice_mail_proc(Array, Array, 26)
#7 C:\xampp_htdocs\kasugaikyudo\production\app\Controllers\Admin\AdminNotice.php(252): App\Libraries\Admin\AdminNoticeLibrarie->notice_info_proc(Array, Array, 65, 26)
#8 C:\xampp_htdocs\kasugaikyudo\production\system\CodeIgniter.php(933): App\Controllers\Admin\AdminNotice->ajax_notice_regist_proc()
#9 C:\xampp_htdocs\kasugaikyudo\production\system\CodeIgniter.php(509): CodeIgniter\CodeIgniter->runController(Object(App\Controllers\Admin\AdminNotice))
#10 C:\xampp_htdocs\kasugaikyudo\production\system\CodeIgniter.php(355): CodeIgniter\CodeIgniter->handleRequest(NULL, Object(Config\Cache), false)
#11 C:\xampp_htdocs\kasugaikyudo\production\system\Boot.php(325): CodeIgniter\CodeIgniter->run()
#12 C:\xampp_htdocs\kasugaikyudo\production\system\Boot.php(67): CodeIgniter\Boot::runCodeIgniter(Object(CodeIgniter\CodeIgniter))
#13 C:\xampp_htdocs\kasugaikyudo\production\index.php(56): CodeIgniter\Boot::bootWeb(Object(Config\Paths))
#14 {main}
ERROR - 2026-06-08 23:35:54 --> Email: Unable to send email using PHP mail(). Your server might not be configured to send mail using this method.
ERROR - 2026-06-08 23:35:54 --> 
