CRITICAL - 2026-06-17 00:02:11 --> TypeError: App\Models\NoticeModel::update_notice_info(): Argument #2 ($noticeCategoryId) must be of type int, string given, called in C:\xampp_htdocs\kasugaikyudo\production\app\Libraries\Admin\AdminNoticeLibrarie.php on line 109
[Method: POST, Route: admin/notice_regist_proc]
in APPPATH\Models\NoticeModel.php on line 342.
 1 APPPATH\Libraries\Admin\AdminNoticeLibrarie.php(109): App\Models\NoticeModel->update_notice_info(198, 'undefined', 'あ1234', 'ああ333', 0, 0, '', 65)
 2 APPPATH\Controllers\Admin\AdminNotice.php(263): App\Libraries\Admin\AdminNoticeLibrarie->notice_info_proc([...], [], 65, 26)
 3 SYSTEMPATH\CodeIgniter.php(933): App\Controllers\Admin\AdminNotice->ajax_notice_regist_proc()
 4 SYSTEMPATH\CodeIgniter.php(509): CodeIgniter\CodeIgniter->runController(Object(App\Controllers\Admin\AdminNotice))
 5 SYSTEMPATH\CodeIgniter.php(355): CodeIgniter\CodeIgniter->handleRequest(null, Object(Config\Cache), false)
 6 SYSTEMPATH\Boot.php(325): CodeIgniter\CodeIgniter->run()
 7 SYSTEMPATH\Boot.php(67): CodeIgniter\Boot::runCodeIgniter(Object(CodeIgniter\CodeIgniter))
 8 FCPATH\index.php(56): CodeIgniter\Boot::bootWeb(Object(Config\Paths))
CRITICAL - 2026-06-17 00:08:52 --> ErrorException: Undefined array key "numRows"
[Method: POST, Route: admin/notice_regist_proc]
in APPPATH\Libraries\Admin\AdminNoticeLibrarie.php on line 278.
 1 APPPATH\Libraries\Admin\AdminNoticeLibrarie.php(278): CodeIgniter\Debug\Exceptions->errorHandler(2, 'Undefined array key "numRows"', 'C:\\xampp_htdocs\\kasugaikyudo\\production\\app\\Libraries\\Admin\\AdminNoticeLibrarie.php', 278)
 2 APPPATH\Libraries\Admin\AdminNoticeLibrarie.php(116): App\Libraries\Admin\AdminNoticeLibrarie->notice_files_proc(196, [...], [...])
 3 APPPATH\Controllers\Admin\AdminNotice.php(263): App\Libraries\Admin\AdminNoticeLibrarie->notice_info_proc([...], [...], 65, 26)
 4 SYSTEMPATH\CodeIgniter.php(933): App\Controllers\Admin\AdminNotice->ajax_notice_regist_proc()
 5 SYSTEMPATH\CodeIgniter.php(509): CodeIgniter\CodeIgniter->runController(Object(App\Controllers\Admin\AdminNotice))
 6 SYSTEMPATH\CodeIgniter.php(355): CodeIgniter\CodeIgniter->handleRequest(null, Object(Config\Cache), false)
 7 SYSTEMPATH\Boot.php(325): CodeIgniter\CodeIgniter->run()
 8 SYSTEMPATH\Boot.php(67): CodeIgniter\Boot::runCodeIgniter(Object(CodeIgniter\CodeIgniter))
 9 FCPATH\index.php(56): CodeIgniter\Boot::bootWeb(Object(Config\Paths))
CRITICAL - 2026-06-17 00:10:43 --> ErrorException: Undefined array key "numRows"
[Method: POST, Route: admin/notice_regist_proc]
in APPPATH\Libraries\Admin\AdminNoticeLibrarie.php on line 278.
 1 APPPATH\Libraries\Admin\AdminNoticeLibrarie.php(278): CodeIgniter\Debug\Exceptions->errorHandler(2, 'Undefined array key "numRows"', 'C:\\xampp_htdocs\\kasugaikyudo\\production\\app\\Libraries\\Admin\\AdminNoticeLibrarie.php', 278)
 2 APPPATH\Libraries\Admin\AdminNoticeLibrarie.php(116): App\Libraries\Admin\AdminNoticeLibrarie->notice_files_proc(196, [...], [...])
 3 APPPATH\Controllers\Admin\AdminNotice.php(263): App\Libraries\Admin\AdminNoticeLibrarie->notice_info_proc([...], [...], 65, 26)
 4 SYSTEMPATH\CodeIgniter.php(933): App\Controllers\Admin\AdminNotice->ajax_notice_regist_proc()
 5 SYSTEMPATH\CodeIgniter.php(509): CodeIgniter\CodeIgniter->runController(Object(App\Controllers\Admin\AdminNotice))
 6 SYSTEMPATH\CodeIgniter.php(355): CodeIgniter\CodeIgniter->handleRequest(null, Object(Config\Cache), false)
 7 SYSTEMPATH\Boot.php(325): CodeIgniter\CodeIgniter->run()
 8 SYSTEMPATH\Boot.php(67): CodeIgniter\Boot::runCodeIgniter(Object(CodeIgniter\CodeIgniter))
 9 FCPATH\index.php(56): CodeIgniter\Boot::bootWeb(Object(Config\Paths))
