ERROR - 2026-06-11 23:01:08 --> Error connecting to the database: ErrorException: mysqli::real_connect(): Error while reading greeting packet. PID=19072 in C:\xampp_htdocs\kasugaikyudo\production\system\Database\MySQLi\Connection.php:186
Stack trace:
#0 [internal function]: CodeIgniter\Debug\Exceptions->errorHandler(2, 'mysqli::real_co...', 'C:\\xampp_htdocs...', 186)
#1 C:\xampp_htdocs\kasugaikyudo\production\system\Database\MySQLi\Connection.php(186): mysqli->real_connect('localhost', 'root', Object(SensitiveParameterValue), 'z0e6f_haruyumi', 3306, '', 0)
#2 C:\xampp_htdocs\kasugaikyudo\production\system\Database\BaseConnection.php(421): CodeIgniter\Database\MySQLi\Connection->connect(false)
#3 C:\xampp_htdocs\kasugaikyudo\production\system\Database\BaseConnection.php(616): CodeIgniter\Database\BaseConnection->initialize()
#4 C:\xampp_htdocs\kasugaikyudo\production\app\Models\BaseQueryModel.php(96): CodeIgniter\Database\BaseConnection->query('\n\t\t\tSELECT\n\t\t\t\t...', Array)
#5 C:\xampp_htdocs\kasugaikyudo\production\app\Models\CommonModel.php(32): App\Models\BaseQueryModel->get_first_row('\n\t\t\tSELECT\n\t\t\t\t...', Array)
#6 C:\xampp_htdocs\kasugaikyudo\production\app\Libraries\CommonLibrarie.php(20): App\Models\CommonModel->get_setting_data()
#7 C:\xampp_htdocs\kasugaikyudo\production\app\Controllers\CommonController.php(71): App\Libraries\CommonLibrarie->get_setting_data()
#8 C:\xampp_htdocs\kasugaikyudo\production\app\Controllers\CommonController.php(47): App\Controllers\CommonController->get_setting()
#9 C:\xampp_htdocs\kasugaikyudo\production\app\Controllers\Taikai.php(12): App\Controllers\CommonController->__construct('taikai')
#10 C:\xampp_htdocs\kasugaikyudo\production\system\CodeIgniter.php(903): App\Controllers\Taikai->__construct()
#11 C:\xampp_htdocs\kasugaikyudo\production\system\CodeIgniter.php(500): CodeIgniter\CodeIgniter->createController()
#12 C:\xampp_htdocs\kasugaikyudo\production\system\CodeIgniter.php(355): CodeIgniter\CodeIgniter->handleRequest(NULL, Object(Config\Cache), false)
#13 C:\xampp_htdocs\kasugaikyudo\production\system\Boot.php(325): CodeIgniter\CodeIgniter->run()
#14 C:\xampp_htdocs\kasugaikyudo\production\system\Boot.php(67): CodeIgniter\Boot::runCodeIgniter(Object(CodeIgniter\CodeIgniter))
#15 C:\xampp_htdocs\kasugaikyudo\production\index.php(56): CodeIgniter\Boot::bootWeb(Object(Config\Paths))
#16 {main}

Next mysqli_sql_exception: MySQL server has gone away in C:\xampp_htdocs\kasugaikyudo\production\system\Database\MySQLi\Connection.php:186
Stack trace:
#0 C:\xampp_htdocs\kasugaikyudo\production\system\Database\MySQLi\Connection.php(186): mysqli->real_connect('localhost', 'root', Object(SensitiveParameterValue), 'z0e6f_haruyumi', 3306, '', 0)
#1 C:\xampp_htdocs\kasugaikyudo\production\system\Database\BaseConnection.php(421): CodeIgniter\Database\MySQLi\Connection->connect(false)
#2 C:\xampp_htdocs\kasugaikyudo\production\system\Database\BaseConnection.php(616): CodeIgniter\Database\BaseConnection->initialize()
#3 C:\xampp_htdocs\kasugaikyudo\production\app\Models\BaseQueryModel.php(96): CodeIgniter\Database\BaseConnection->query('\n\t\t\tSELECT\n\t\t\t\t...', Array)
#4 C:\xampp_htdocs\kasugaikyudo\production\app\Models\CommonModel.php(32): App\Models\BaseQueryModel->get_first_row('\n\t\t\tSELECT\n\t\t\t\t...', Array)
#5 C:\xampp_htdocs\kasugaikyudo\production\app\Libraries\CommonLibrarie.php(20): App\Models\CommonModel->get_setting_data()
#6 C:\xampp_htdocs\kasugaikyudo\production\app\Controllers\CommonController.php(71): App\Libraries\CommonLibrarie->get_setting_data()
#7 C:\xampp_htdocs\kasugaikyudo\production\app\Controllers\CommonController.php(47): App\Controllers\CommonController->get_setting()
#8 C:\xampp_htdocs\kasugaikyudo\production\app\Controllers\Taikai.php(12): App\Controllers\CommonController->__construct('taikai')
#9 C:\xampp_htdocs\kasugaikyudo\production\system\CodeIgniter.php(903): App\Controllers\Taikai->__construct()
#10 C:\xampp_htdocs\kasugaikyudo\production\system\CodeIgniter.php(500): CodeIgniter\CodeIgniter->createController()
#11 C:\xampp_htdocs\kasugaikyudo\production\system\CodeIgniter.php(355): CodeIgniter\CodeIgniter->handleRequest(NULL, Object(Config\Cache), false)
#12 C:\xampp_htdocs\kasugaikyudo\production\system\Boot.php(325): CodeIgniter\CodeIgniter->run()
#13 C:\xampp_htdocs\kasugaikyudo\production\system\Boot.php(67): CodeIgniter\Boot::runCodeIgniter(Object(CodeIgniter\CodeIgniter))
#14 C:\xampp_htdocs\kasugaikyudo\production\index.php(56): CodeIgniter\Boot::bootWeb(Object(Config\Paths))
#15 {main}

Next CodeIgniter\Database\Exceptions\DatabaseException: MySQL server has gone away in C:\xampp_htdocs\kasugaikyudo\production\system\Database\MySQLi\Connection.php:231
Stack trace:
#0 C:\xampp_htdocs\kasugaikyudo\production\system\Database\BaseConnection.php(421): CodeIgniter\Database\MySQLi\Connection->connect(false)
#1 C:\xampp_htdocs\kasugaikyudo\production\system\Database\BaseConnection.php(616): CodeIgniter\Database\BaseConnection->initialize()
#2 C:\xampp_htdocs\kasugaikyudo\production\app\Models\BaseQueryModel.php(96): CodeIgniter\Database\BaseConnection->query('\n\t\t\tSELECT\n\t\t\t\t...', Array)
#3 C:\xampp_htdocs\kasugaikyudo\production\app\Models\CommonModel.php(32): App\Models\BaseQueryModel->get_first_row('\n\t\t\tSELECT\n\t\t\t\t...', Array)
#4 C:\xampp_htdocs\kasugaikyudo\production\app\Libraries\CommonLibrarie.php(20): App\Models\CommonModel->get_setting_data()
#5 C:\xampp_htdocs\kasugaikyudo\production\app\Controllers\CommonController.php(71): App\Libraries\CommonLibrarie->get_setting_data()
#6 C:\xampp_htdocs\kasugaikyudo\production\app\Controllers\CommonController.php(47): App\Controllers\CommonController->get_setting()
#7 C:\xampp_htdocs\kasugaikyudo\production\app\Controllers\Taikai.php(12): App\Controllers\CommonController->__construct('taikai')
#8 C:\xampp_htdocs\kasugaikyudo\production\system\CodeIgniter.php(903): App\Controllers\Taikai->__construct()
#9 C:\xampp_htdocs\kasugaikyudo\production\system\CodeIgniter.php(500): CodeIgniter\CodeIgniter->createController()
#10 C:\xampp_htdocs\kasugaikyudo\production\system\CodeIgniter.php(355): CodeIgniter\CodeIgniter->handleRequest(NULL, Object(Config\Cache), false)
#11 C:\xampp_htdocs\kasugaikyudo\production\system\Boot.php(325): CodeIgniter\CodeIgniter->run()
#12 C:\xampp_htdocs\kasugaikyudo\production\system\Boot.php(67): CodeIgniter\Boot::runCodeIgniter(Object(CodeIgniter\CodeIgniter))
#13 C:\xampp_htdocs\kasugaikyudo\production\index.php(56): CodeIgniter\Boot::bootWeb(Object(Config\Paths))
#14 {main}
ERROR - 2026-06-11 23:01:08 --> Error connecting to the database: ErrorException: mysqli::real_connect(): Error while reading greeting packet. PID=19072 in C:\xampp_htdocs\kasugaikyudo\production\system\Database\MySQLi\Connection.php:186
Stack trace:
#0 [internal function]: CodeIgniter\Debug\Exceptions->errorHandler(2, 'mysqli::real_co...', 'C:\\xampp_htdocs...', 186)
#1 C:\xampp_htdocs\kasugaikyudo\production\system\Database\MySQLi\Connection.php(186): mysqli->real_connect('localhost', 'root', Object(SensitiveParameterValue), 'z0e6f_haruyumi', 3306, '', 0)
#2 C:\xampp_htdocs\kasugaikyudo\production\system\Database\BaseConnection.php(421): CodeIgniter\Database\MySQLi\Connection->connect(false)
#3 C:\xampp_htdocs\kasugaikyudo\production\system\Database\BaseConnection.php(616): CodeIgniter\Database\BaseConnection->initialize()
#4 C:\xampp_htdocs\kasugaikyudo\production\app\Models\BaseQueryModel.php(96): CodeIgniter\Database\BaseConnection->query('\n\t\t\tSELECT\n\t\t\t\t...', Array)
#5 C:\xampp_htdocs\kasugaikyudo\production\app\Models\CommonModel.php(32): App\Models\BaseQueryModel->get_first_row('\n\t\t\tSELECT\n\t\t\t\t...', Array)
#6 C:\xampp_htdocs\kasugaikyudo\production\app\Libraries\CommonLibrarie.php(20): App\Models\CommonModel->get_setting_data()
#7 C:\xampp_htdocs\kasugaikyudo\production\app\Controllers\CommonController.php(71): App\Libraries\CommonLibrarie->get_setting_data()
#8 C:\xampp_htdocs\kasugaikyudo\production\app\Controllers\CommonController.php(47): App\Controllers\CommonController->get_setting()
#9 C:\xampp_htdocs\kasugaikyudo\production\app\Controllers\Taikai.php(12): App\Controllers\CommonController->__construct('taikai')
#10 C:\xampp_htdocs\kasugaikyudo\production\system\CodeIgniter.php(903): App\Controllers\Taikai->__construct()
#11 C:\xampp_htdocs\kasugaikyudo\production\system\CodeIgniter.php(500): CodeIgniter\CodeIgniter->createController()
#12 C:\xampp_htdocs\kasugaikyudo\production\system\CodeIgniter.php(355): CodeIgniter\CodeIgniter->handleRequest(NULL, Object(Config\Cache), false)
#13 C:\xampp_htdocs\kasugaikyudo\production\system\Boot.php(325): CodeIgniter\CodeIgniter->run()
#14 C:\xampp_htdocs\kasugaikyudo\production\system\Boot.php(67): CodeIgniter\Boot::runCodeIgniter(Object(CodeIgniter\CodeIgniter))
#15 C:\xampp_htdocs\kasugaikyudo\production\index.php(56): CodeIgniter\Boot::bootWeb(Object(Config\Paths))
#16 {main}

Next mysqli_sql_exception: MySQL server has gone away in C:\xampp_htdocs\kasugaikyudo\production\system\Database\MySQLi\Connection.php:186
Stack trace:
#0 C:\xampp_htdocs\kasugaikyudo\production\system\Database\MySQLi\Connection.php(186): mysqli->real_connect('localhost', 'root', Object(SensitiveParameterValue), 'z0e6f_haruyumi', 3306, '', 0)
#1 C:\xampp_htdocs\kasugaikyudo\production\system\Database\BaseConnection.php(421): CodeIgniter\Database\MySQLi\Connection->connect(false)
#2 C:\xampp_htdocs\kasugaikyudo\production\system\Database\BaseConnection.php(616): CodeIgniter\Database\BaseConnection->initialize()
#3 C:\xampp_htdocs\kasugaikyudo\production\app\Models\BaseQueryModel.php(96): CodeIgniter\Database\BaseConnection->query('\n\t\t\tSELECT\n\t\t\t\t...', Array)
#4 C:\xampp_htdocs\kasugaikyudo\production\app\Models\CommonModel.php(32): App\Models\BaseQueryModel->get_first_row('\n\t\t\tSELECT\n\t\t\t\t...', Array)
#5 C:\xampp_htdocs\kasugaikyudo\production\app\Libraries\CommonLibrarie.php(20): App\Models\CommonModel->get_setting_data()
#6 C:\xampp_htdocs\kasugaikyudo\production\app\Controllers\CommonController.php(71): App\Libraries\CommonLibrarie->get_setting_data()
#7 C:\xampp_htdocs\kasugaikyudo\production\app\Controllers\CommonController.php(47): App\Controllers\CommonController->get_setting()
#8 C:\xampp_htdocs\kasugaikyudo\production\app\Controllers\Taikai.php(12): App\Controllers\CommonController->__construct('taikai')
#9 C:\xampp_htdocs\kasugaikyudo\production\system\CodeIgniter.php(903): App\Controllers\Taikai->__construct()
#10 C:\xampp_htdocs\kasugaikyudo\production\system\CodeIgniter.php(500): CodeIgniter\CodeIgniter->createController()
#11 C:\xampp_htdocs\kasugaikyudo\production\system\CodeIgniter.php(355): CodeIgniter\CodeIgniter->handleRequest(NULL, Object(Config\Cache), false)
#12 C:\xampp_htdocs\kasugaikyudo\production\system\Boot.php(325): CodeIgniter\CodeIgniter->run()
#13 C:\xampp_htdocs\kasugaikyudo\production\system\Boot.php(67): CodeIgniter\Boot::runCodeIgniter(Object(CodeIgniter\CodeIgniter))
#14 C:\xampp_htdocs\kasugaikyudo\production\index.php(56): CodeIgniter\Boot::bootWeb(Object(Config\Paths))
#15 {main}

Next CodeIgniter\Database\Exceptions\DatabaseException: MySQL server has gone away in C:\xampp_htdocs\kasugaikyudo\production\system\Database\MySQLi\Connection.php:231
Stack trace:
#0 C:\xampp_htdocs\kasugaikyudo\production\system\Database\BaseConnection.php(421): CodeIgniter\Database\MySQLi\Connection->connect(false)
#1 C:\xampp_htdocs\kasugaikyudo\production\system\Database\BaseConnection.php(616): CodeIgniter\Database\BaseConnection->initialize()
#2 C:\xampp_htdocs\kasugaikyudo\production\app\Models\BaseQueryModel.php(96): CodeIgniter\Database\BaseConnection->query('\n\t\t\tSELECT\n\t\t\t\t...', Array)
#3 C:\xampp_htdocs\kasugaikyudo\production\app\Models\CommonModel.php(32): App\Models\BaseQueryModel->get_first_row('\n\t\t\tSELECT\n\t\t\t\t...', Array)
#4 C:\xampp_htdocs\kasugaikyudo\production\app\Libraries\CommonLibrarie.php(20): App\Models\CommonModel->get_setting_data()
#5 C:\xampp_htdocs\kasugaikyudo\production\app\Controllers\CommonController.php(71): App\Libraries\CommonLibrarie->get_setting_data()
#6 C:\xampp_htdocs\kasugaikyudo\production\app\Controllers\CommonController.php(47): App\Controllers\CommonController->get_setting()
#7 C:\xampp_htdocs\kasugaikyudo\production\app\Controllers\Taikai.php(12): App\Controllers\CommonController->__construct('taikai')
#8 C:\xampp_htdocs\kasugaikyudo\production\system\CodeIgniter.php(903): App\Controllers\Taikai->__construct()
#9 C:\xampp_htdocs\kasugaikyudo\production\system\CodeIgniter.php(500): CodeIgniter\CodeIgniter->createController()
#10 C:\xampp_htdocs\kasugaikyudo\production\system\CodeIgniter.php(355): CodeIgniter\CodeIgniter->handleRequest(NULL, Object(Config\Cache), false)
#11 C:\xampp_htdocs\kasugaikyudo\production\system\Boot.php(325): CodeIgniter\CodeIgniter->run()
#12 C:\xampp_htdocs\kasugaikyudo\production\system\Boot.php(67): CodeIgniter\Boot::runCodeIgniter(Object(CodeIgniter\CodeIgniter))
#13 C:\xampp_htdocs\kasugaikyudo\production\index.php(56): CodeIgniter\Boot::bootWeb(Object(Config\Paths))
#14 {main}
CRITICAL - 2026-06-11 23:01:08 --> CodeIgniter\Database\Exceptions\DatabaseException: Unable to connect to the database.
Main connection [MySQLi]: MySQL server has gone away
[Method: GET, Route: taikai/detail/36]
in SYSTEMPATH\Database\BaseConnection.php on line 467.
 1 SYSTEMPATH\Database\BaseConnection.php(616): CodeIgniter\Database\BaseConnection->initialize()
 2 APPPATH\Models\BaseQueryModel.php(96): CodeIgniter\Database\BaseConnection->query('
			SELECT
				mse.fiscal_year_id
				,mfy.year
				,mfy.wareki
			FROM m_setting mse
				INNER JOIN m_fiscal_nendo mfy
					ON mfy.fiscal_year_id = mse.fiscal_year_id
		', [])
 3 APPPATH\Models\CommonModel.php(32): App\Models\BaseQueryModel->get_first_row('
			SELECT
				mse.fiscal_year_id
				,mfy.year
				,mfy.wareki
			FROM m_setting mse
				INNER JOIN m_fiscal_nendo mfy
					ON mfy.fiscal_year_id = mse.fiscal_year_id
		', [])
 4 APPPATH\Libraries\CommonLibrarie.php(20): App\Models\CommonModel->get_setting_data()
 5 APPPATH\Controllers\CommonController.php(71): App\Libraries\CommonLibrarie->get_setting_data()
 6 APPPATH\Controllers\CommonController.php(47): App\Controllers\CommonController->get_setting()
 7 APPPATH\Controllers\Taikai.php(12): App\Controllers\CommonController->__construct('taikai')
 8 SYSTEMPATH\CodeIgniter.php(903): App\Controllers\Taikai->__construct()
 9 SYSTEMPATH\CodeIgniter.php(500): CodeIgniter\CodeIgniter->createController()
10 SYSTEMPATH\CodeIgniter.php(355): CodeIgniter\CodeIgniter->handleRequest(null, Object(Config\Cache), false)
11 SYSTEMPATH\Boot.php(325): CodeIgniter\CodeIgniter->run()
12 SYSTEMPATH\Boot.php(67): CodeIgniter\Boot::runCodeIgniter(Object(CodeIgniter\CodeIgniter))
13 FCPATH\index.php(56): CodeIgniter\Boot::bootWeb(Object(Config\Paths))
CRITICAL - 2026-06-11 23:01:08 --> CodeIgniter\Database\Exceptions\DatabaseException: Unable to connect to the database.
Main connection [MySQLi]: MySQL server has gone away
[Method: GET, Route: taikai/detail/36]
in SYSTEMPATH\Database\BaseConnection.php on line 467.
 1 SYSTEMPATH\Database\BaseConnection.php(616): CodeIgniter\Database\BaseConnection->initialize()
 2 APPPATH\Models\BaseQueryModel.php(96): CodeIgniter\Database\BaseConnection->query('
			SELECT
				mse.fiscal_year_id
				,mfy.year
				,mfy.wareki
			FROM m_setting mse
				INNER JOIN m_fiscal_nendo mfy
					ON mfy.fiscal_year_id = mse.fiscal_year_id
		', [])
 3 APPPATH\Models\CommonModel.php(32): App\Models\BaseQueryModel->get_first_row('
			SELECT
				mse.fiscal_year_id
				,mfy.year
				,mfy.wareki
			FROM m_setting mse
				INNER JOIN m_fiscal_nendo mfy
					ON mfy.fiscal_year_id = mse.fiscal_year_id
		', [])
 4 APPPATH\Libraries\CommonLibrarie.php(20): App\Models\CommonModel->get_setting_data()
 5 APPPATH\Controllers\CommonController.php(71): App\Libraries\CommonLibrarie->get_setting_data()
 6 APPPATH\Controllers\CommonController.php(47): App\Controllers\CommonController->get_setting()
 7 APPPATH\Controllers\Taikai.php(12): App\Controllers\CommonController->__construct('taikai')
 8 SYSTEMPATH\CodeIgniter.php(903): App\Controllers\Taikai->__construct()
 9 SYSTEMPATH\CodeIgniter.php(500): CodeIgniter\CodeIgniter->createController()
10 SYSTEMPATH\CodeIgniter.php(355): CodeIgniter\CodeIgniter->handleRequest(null, Object(Config\Cache), false)
11 SYSTEMPATH\Boot.php(325): CodeIgniter\CodeIgniter->run()
12 SYSTEMPATH\Boot.php(67): CodeIgniter\Boot::runCodeIgniter(Object(CodeIgniter\CodeIgniter))
13 FCPATH\index.php(56): CodeIgniter\Boot::bootWeb(Object(Config\Paths))
ERROR - 2026-06-11 23:01:32 --> Error connecting to the database: mysqli_sql_exception: 対象のコンピューターによって拒否されたため、接続できませんでした。 in C:\xampp_htdocs\kasugaikyudo\production\system\Database\MySQLi\Connection.php:186
Stack trace:
#0 C:\xampp_htdocs\kasugaikyudo\production\system\Database\MySQLi\Connection.php(186): mysqli->real_connect('localhost', 'root', Object(SensitiveParameterValue), 'z0e6f_haruyumi', 3306, '', 0)
#1 C:\xampp_htdocs\kasugaikyudo\production\system\Database\BaseConnection.php(421): CodeIgniter\Database\MySQLi\Connection->connect(false)
#2 C:\xampp_htdocs\kasugaikyudo\production\system\Database\BaseConnection.php(616): CodeIgniter\Database\BaseConnection->initialize()
#3 C:\xampp_htdocs\kasugaikyudo\production\app\Models\BaseQueryModel.php(96): CodeIgniter\Database\BaseConnection->query('\n\t\t\tSELECT\n\t\t\t\t...', Array)
#4 C:\xampp_htdocs\kasugaikyudo\production\app\Models\CommonModel.php(32): App\Models\BaseQueryModel->get_first_row('\n\t\t\tSELECT\n\t\t\t\t...', Array)
#5 C:\xampp_htdocs\kasugaikyudo\production\app\Libraries\CommonLibrarie.php(20): App\Models\CommonModel->get_setting_data()
#6 C:\xampp_htdocs\kasugaikyudo\production\app\Controllers\CommonController.php(71): App\Libraries\CommonLibrarie->get_setting_data()
#7 C:\xampp_htdocs\kasugaikyudo\production\app\Controllers\CommonController.php(47): App\Controllers\CommonController->get_setting()
#8 C:\xampp_htdocs\kasugaikyudo\production\app\Controllers\Home.php(12): App\Controllers\CommonController->__construct()
#9 C:\xampp_htdocs\kasugaikyudo\production\system\CodeIgniter.php(903): App\Controllers\Home->__construct()
#10 C:\xampp_htdocs\kasugaikyudo\production\system\CodeIgniter.php(500): CodeIgniter\CodeIgniter->createController()
#11 C:\xampp_htdocs\kasugaikyudo\production\system\CodeIgniter.php(355): CodeIgniter\CodeIgniter->handleRequest(NULL, Object(Config\Cache), false)
#12 C:\xampp_htdocs\kasugaikyudo\production\system\Boot.php(325): CodeIgniter\CodeIgniter->run()
#13 C:\xampp_htdocs\kasugaikyudo\production\system\Boot.php(67): CodeIgniter\Boot::runCodeIgniter(Object(CodeIgniter\CodeIgniter))
#14 C:\xampp_htdocs\kasugaikyudo\production\public\index.php(56): CodeIgniter\Boot::bootWeb(Object(Config\Paths))
#15 {main}

Next CodeIgniter\Database\Exceptions\DatabaseException: 対象のコンピューターによって拒否されたため、接続できませんでした。 in C:\xampp_htdocs\kasugaikyudo\production\system\Database\MySQLi\Connection.php:231
Stack trace:
#0 C:\xampp_htdocs\kasugaikyudo\production\system\Database\BaseConnection.php(421): CodeIgniter\Database\MySQLi\Connection->connect(false)
#1 C:\xampp_htdocs\kasugaikyudo\production\system\Database\BaseConnection.php(616): CodeIgniter\Database\BaseConnection->initialize()
#2 C:\xampp_htdocs\kasugaikyudo\production\app\Models\BaseQueryModel.php(96): CodeIgniter\Database\BaseConnection->query('\n\t\t\tSELECT\n\t\t\t\t...', Array)
#3 C:\xampp_htdocs\kasugaikyudo\production\app\Models\CommonModel.php(32): App\Models\BaseQueryModel->get_first_row('\n\t\t\tSELECT\n\t\t\t\t...', Array)
#4 C:\xampp_htdocs\kasugaikyudo\production\app\Libraries\CommonLibrarie.php(20): App\Models\CommonModel->get_setting_data()
#5 C:\xampp_htdocs\kasugaikyudo\production\app\Controllers\CommonController.php(71): App\Libraries\CommonLibrarie->get_setting_data()
#6 C:\xampp_htdocs\kasugaikyudo\production\app\Controllers\CommonController.php(47): App\Controllers\CommonController->get_setting()
#7 C:\xampp_htdocs\kasugaikyudo\production\app\Controllers\Home.php(12): App\Controllers\CommonController->__construct()
#8 C:\xampp_htdocs\kasugaikyudo\production\system\CodeIgniter.php(903): App\Controllers\Home->__construct()
#9 C:\xampp_htdocs\kasugaikyudo\production\system\CodeIgniter.php(500): CodeIgniter\CodeIgniter->createController()
#10 C:\xampp_htdocs\kasugaikyudo\production\system\CodeIgniter.php(355): CodeIgniter\CodeIgniter->handleRequest(NULL, Object(Config\Cache), false)
#11 C:\xampp_htdocs\kasugaikyudo\production\system\Boot.php(325): CodeIgniter\CodeIgniter->run()
#12 C:\xampp_htdocs\kasugaikyudo\production\system\Boot.php(67): CodeIgniter\Boot::runCodeIgniter(Object(CodeIgniter\CodeIgniter))
#13 C:\xampp_htdocs\kasugaikyudo\production\public\index.php(56): CodeIgniter\Boot::bootWeb(Object(Config\Paths))
#14 {main}
CRITICAL - 2026-06-11 23:01:32 --> CodeIgniter\Database\Exceptions\DatabaseException: Unable to connect to the database.
Main connection [MySQLi]: 対象のコンピューターによって拒否されたため、接続できませんでした。
[Method: GET, Route: /]
in SYSTEMPATH\Database\BaseConnection.php on line 467.
 1 SYSTEMPATH\Database\BaseConnection.php(616): CodeIgniter\Database\BaseConnection->initialize()
 2 APPPATH\Models\BaseQueryModel.php(96): CodeIgniter\Database\BaseConnection->query('
			SELECT
				mse.fiscal_year_id
				,mfy.year
				,mfy.wareki
			FROM m_setting mse
				INNER JOIN m_fiscal_nendo mfy
					ON mfy.fiscal_year_id = mse.fiscal_year_id
		', [])
 3 APPPATH\Models\CommonModel.php(32): App\Models\BaseQueryModel->get_first_row('
			SELECT
				mse.fiscal_year_id
				,mfy.year
				,mfy.wareki
			FROM m_setting mse
				INNER JOIN m_fiscal_nendo mfy
					ON mfy.fiscal_year_id = mse.fiscal_year_id
		', [])
 4 APPPATH\Libraries\CommonLibrarie.php(20): App\Models\CommonModel->get_setting_data()
 5 APPPATH\Controllers\CommonController.php(71): App\Libraries\CommonLibrarie->get_setting_data()
 6 APPPATH\Controllers\CommonController.php(47): App\Controllers\CommonController->get_setting()
 7 APPPATH\Controllers\Home.php(12): App\Controllers\CommonController->__construct()
 8 SYSTEMPATH\CodeIgniter.php(903): App\Controllers\Home->__construct()
 9 SYSTEMPATH\CodeIgniter.php(500): CodeIgniter\CodeIgniter->createController()
10 SYSTEMPATH\CodeIgniter.php(355): CodeIgniter\CodeIgniter->handleRequest(null, Object(Config\Cache), false)
11 SYSTEMPATH\Boot.php(325): CodeIgniter\CodeIgniter->run()
12 SYSTEMPATH\Boot.php(67): CodeIgniter\Boot::runCodeIgniter(Object(CodeIgniter\CodeIgniter))
13 FCPATH\index.php(56): CodeIgniter\Boot::bootWeb(Object(Config\Paths))
ERROR - 2026-06-11 23:01:37 --> Error connecting to the database: mysqli_sql_exception: 対象のコンピューターによって拒否されたため、接続できませんでした。 in C:\xampp_htdocs\kasugaikyudo\production\system\Database\MySQLi\Connection.php:186
Stack trace:
#0 C:\xampp_htdocs\kasugaikyudo\production\system\Database\MySQLi\Connection.php(186): mysqli->real_connect('localhost', 'root', Object(SensitiveParameterValue), 'z0e6f_haruyumi', 3306, '', 0)
#1 C:\xampp_htdocs\kasugaikyudo\production\system\Database\BaseConnection.php(421): CodeIgniter\Database\MySQLi\Connection->connect(false)
#2 C:\xampp_htdocs\kasugaikyudo\production\system\Database\BaseConnection.php(616): CodeIgniter\Database\BaseConnection->initialize()
#3 C:\xampp_htdocs\kasugaikyudo\production\app\Models\BaseQueryModel.php(96): CodeIgniter\Database\BaseConnection->query('\n\t\t\tSELECT\n\t\t\t\t...', Array)
#4 C:\xampp_htdocs\kasugaikyudo\production\app\Models\CommonModel.php(32): App\Models\BaseQueryModel->get_first_row('\n\t\t\tSELECT\n\t\t\t\t...', Array)
#5 C:\xampp_htdocs\kasugaikyudo\production\app\Libraries\CommonLibrarie.php(20): App\Models\CommonModel->get_setting_data()
#6 C:\xampp_htdocs\kasugaikyudo\production\app\Controllers\CommonController.php(71): App\Libraries\CommonLibrarie->get_setting_data()
#7 C:\xampp_htdocs\kasugaikyudo\production\app\Controllers\CommonController.php(47): App\Controllers\CommonController->get_setting()
#8 C:\xampp_htdocs\kasugaikyudo\production\app\Controllers\Home.php(12): App\Controllers\CommonController->__construct()
#9 C:\xampp_htdocs\kasugaikyudo\production\system\CodeIgniter.php(903): App\Controllers\Home->__construct()
#10 C:\xampp_htdocs\kasugaikyudo\production\system\CodeIgniter.php(500): CodeIgniter\CodeIgniter->createController()
#11 C:\xampp_htdocs\kasugaikyudo\production\system\CodeIgniter.php(355): CodeIgniter\CodeIgniter->handleRequest(NULL, Object(Config\Cache), false)
#12 C:\xampp_htdocs\kasugaikyudo\production\system\Boot.php(325): CodeIgniter\CodeIgniter->run()
#13 C:\xampp_htdocs\kasugaikyudo\production\system\Boot.php(67): CodeIgniter\Boot::runCodeIgniter(Object(CodeIgniter\CodeIgniter))
#14 C:\xampp_htdocs\kasugaikyudo\production\public\index.php(56): CodeIgniter\Boot::bootWeb(Object(Config\Paths))
#15 {main}

Next CodeIgniter\Database\Exceptions\DatabaseException: 対象のコンピューターによって拒否されたため、接続できませんでした。 in C:\xampp_htdocs\kasugaikyudo\production\system\Database\MySQLi\Connection.php:231
Stack trace:
#0 C:\xampp_htdocs\kasugaikyudo\production\system\Database\BaseConnection.php(421): CodeIgniter\Database\MySQLi\Connection->connect(false)
#1 C:\xampp_htdocs\kasugaikyudo\production\system\Database\BaseConnection.php(616): CodeIgniter\Database\BaseConnection->initialize()
#2 C:\xampp_htdocs\kasugaikyudo\production\app\Models\BaseQueryModel.php(96): CodeIgniter\Database\BaseConnection->query('\n\t\t\tSELECT\n\t\t\t\t...', Array)
#3 C:\xampp_htdocs\kasugaikyudo\production\app\Models\CommonModel.php(32): App\Models\BaseQueryModel->get_first_row('\n\t\t\tSELECT\n\t\t\t\t...', Array)
#4 C:\xampp_htdocs\kasugaikyudo\production\app\Libraries\CommonLibrarie.php(20): App\Models\CommonModel->get_setting_data()
#5 C:\xampp_htdocs\kasugaikyudo\production\app\Controllers\CommonController.php(71): App\Libraries\CommonLibrarie->get_setting_data()
#6 C:\xampp_htdocs\kasugaikyudo\production\app\Controllers\CommonController.php(47): App\Controllers\CommonController->get_setting()
#7 C:\xampp_htdocs\kasugaikyudo\production\app\Controllers\Home.php(12): App\Controllers\CommonController->__construct()
#8 C:\xampp_htdocs\kasugaikyudo\production\system\CodeIgniter.php(903): App\Controllers\Home->__construct()
#9 C:\xampp_htdocs\kasugaikyudo\production\system\CodeIgniter.php(500): CodeIgniter\CodeIgniter->createController()
#10 C:\xampp_htdocs\kasugaikyudo\production\system\CodeIgniter.php(355): CodeIgniter\CodeIgniter->handleRequest(NULL, Object(Config\Cache), false)
#11 C:\xampp_htdocs\kasugaikyudo\production\system\Boot.php(325): CodeIgniter\CodeIgniter->run()
#12 C:\xampp_htdocs\kasugaikyudo\production\system\Boot.php(67): CodeIgniter\Boot::runCodeIgniter(Object(CodeIgniter\CodeIgniter))
#13 C:\xampp_htdocs\kasugaikyudo\production\public\index.php(56): CodeIgniter\Boot::bootWeb(Object(Config\Paths))
#14 {main}
CRITICAL - 2026-06-11 23:01:37 --> CodeIgniter\Database\Exceptions\DatabaseException: Unable to connect to the database.
Main connection [MySQLi]: 対象のコンピューターによって拒否されたため、接続できませんでした。
[Method: GET, Route: /]
in SYSTEMPATH\Database\BaseConnection.php on line 467.
 1 SYSTEMPATH\Database\BaseConnection.php(616): CodeIgniter\Database\BaseConnection->initialize()
 2 APPPATH\Models\BaseQueryModel.php(96): CodeIgniter\Database\BaseConnection->query('
			SELECT
				mse.fiscal_year_id
				,mfy.year
				,mfy.wareki
			FROM m_setting mse
				INNER JOIN m_fiscal_nendo mfy
					ON mfy.fiscal_year_id = mse.fiscal_year_id
		', [])
 3 APPPATH\Models\CommonModel.php(32): App\Models\BaseQueryModel->get_first_row('
			SELECT
				mse.fiscal_year_id
				,mfy.year
				,mfy.wareki
			FROM m_setting mse
				INNER JOIN m_fiscal_nendo mfy
					ON mfy.fiscal_year_id = mse.fiscal_year_id
		', [])
 4 APPPATH\Libraries\CommonLibrarie.php(20): App\Models\CommonModel->get_setting_data()
 5 APPPATH\Controllers\CommonController.php(71): App\Libraries\CommonLibrarie->get_setting_data()
 6 APPPATH\Controllers\CommonController.php(47): App\Controllers\CommonController->get_setting()
 7 APPPATH\Controllers\Home.php(12): App\Controllers\CommonController->__construct()
 8 SYSTEMPATH\CodeIgniter.php(903): App\Controllers\Home->__construct()
 9 SYSTEMPATH\CodeIgniter.php(500): CodeIgniter\CodeIgniter->createController()
10 SYSTEMPATH\CodeIgniter.php(355): CodeIgniter\CodeIgniter->handleRequest(null, Object(Config\Cache), false)
11 SYSTEMPATH\Boot.php(325): CodeIgniter\CodeIgniter->run()
12 SYSTEMPATH\Boot.php(67): CodeIgniter\Boot::runCodeIgniter(Object(CodeIgniter\CodeIgniter))
13 FCPATH\index.php(56): CodeIgniter\Boot::bootWeb(Object(Config\Paths))
ERROR - 2026-06-11 23:05:20 --> Error connecting to the database: ErrorException: mysqli::real_connect(): Error while reading greeting packet. PID=26828 in C:\xampp_htdocs\kasugaikyudo\production\system\Database\MySQLi\Connection.php:186
Stack trace:
#0 [internal function]: CodeIgniter\Debug\Exceptions->errorHandler(2, 'mysqli::real_co...', 'C:\\xampp_htdocs...', 186)
#1 C:\xampp_htdocs\kasugaikyudo\production\system\Database\MySQLi\Connection.php(186): mysqli->real_connect('localhost', 'root', Object(SensitiveParameterValue), 'z0e6f_haruyumi', 3306, '', 0)
#2 C:\xampp_htdocs\kasugaikyudo\production\system\Database\BaseConnection.php(421): CodeIgniter\Database\MySQLi\Connection->connect(false)
#3 C:\xampp_htdocs\kasugaikyudo\production\system\Database\BaseConnection.php(616): CodeIgniter\Database\BaseConnection->initialize()
#4 C:\xampp_htdocs\kasugaikyudo\production\app\Models\BaseQueryModel.php(96): CodeIgniter\Database\BaseConnection->query('\n\t\t\tSELECT\n\t\t\t\t...', Array)
#5 C:\xampp_htdocs\kasugaikyudo\production\app\Models\CommonModel.php(32): App\Models\BaseQueryModel->get_first_row('\n\t\t\tSELECT\n\t\t\t\t...', Array)
#6 C:\xampp_htdocs\kasugaikyudo\production\app\Libraries\CommonLibrarie.php(20): App\Models\CommonModel->get_setting_data()
#7 C:\xampp_htdocs\kasugaikyudo\production\app\Controllers\CommonController.php(71): App\Libraries\CommonLibrarie->get_setting_data()
#8 C:\xampp_htdocs\kasugaikyudo\production\app\Controllers\CommonController.php(47): App\Controllers\CommonController->get_setting()
#9 C:\xampp_htdocs\kasugaikyudo\production\app\Controllers\Home.php(12): App\Controllers\CommonController->__construct()
#10 C:\xampp_htdocs\kasugaikyudo\production\system\CodeIgniter.php(903): App\Controllers\Home->__construct()
#11 C:\xampp_htdocs\kasugaikyudo\production\system\CodeIgniter.php(500): CodeIgniter\CodeIgniter->createController()
#12 C:\xampp_htdocs\kasugaikyudo\production\system\CodeIgniter.php(355): CodeIgniter\CodeIgniter->handleRequest(NULL, Object(Config\Cache), false)
#13 C:\xampp_htdocs\kasugaikyudo\production\system\Boot.php(325): CodeIgniter\CodeIgniter->run()
#14 C:\xampp_htdocs\kasugaikyudo\production\system\Boot.php(67): CodeIgniter\Boot::runCodeIgniter(Object(CodeIgniter\CodeIgniter))
#15 C:\xampp_htdocs\kasugaikyudo\production\public\index.php(56): CodeIgniter\Boot::bootWeb(Object(Config\Paths))
#16 {main}

Next mysqli_sql_exception: MySQL server has gone away in C:\xampp_htdocs\kasugaikyudo\production\system\Database\MySQLi\Connection.php:186
Stack trace:
#0 C:\xampp_htdocs\kasugaikyudo\production\system\Database\MySQLi\Connection.php(186): mysqli->real_connect('localhost', 'root', Object(SensitiveParameterValue), 'z0e6f_haruyumi', 3306, '', 0)
#1 C:\xampp_htdocs\kasugaikyudo\production\system\Database\BaseConnection.php(421): CodeIgniter\Database\MySQLi\Connection->connect(false)
#2 C:\xampp_htdocs\kasugaikyudo\production\system\Database\BaseConnection.php(616): CodeIgniter\Database\BaseConnection->initialize()
#3 C:\xampp_htdocs\kasugaikyudo\production\app\Models\BaseQueryModel.php(96): CodeIgniter\Database\BaseConnection->query('\n\t\t\tSELECT\n\t\t\t\t...', Array)
#4 C:\xampp_htdocs\kasugaikyudo\production\app\Models\CommonModel.php(32): App\Models\BaseQueryModel->get_first_row('\n\t\t\tSELECT\n\t\t\t\t...', Array)
#5 C:\xampp_htdocs\kasugaikyudo\production\app\Libraries\CommonLibrarie.php(20): App\Models\CommonModel->get_setting_data()
#6 C:\xampp_htdocs\kasugaikyudo\production\app\Controllers\CommonController.php(71): App\Libraries\CommonLibrarie->get_setting_data()
#7 C:\xampp_htdocs\kasugaikyudo\production\app\Controllers\CommonController.php(47): App\Controllers\CommonController->get_setting()
#8 C:\xampp_htdocs\kasugaikyudo\production\app\Controllers\Home.php(12): App\Controllers\CommonController->__construct()
#9 C:\xampp_htdocs\kasugaikyudo\production\system\CodeIgniter.php(903): App\Controllers\Home->__construct()
#10 C:\xampp_htdocs\kasugaikyudo\production\system\CodeIgniter.php(500): CodeIgniter\CodeIgniter->createController()
#11 C:\xampp_htdocs\kasugaikyudo\production\system\CodeIgniter.php(355): CodeIgniter\CodeIgniter->handleRequest(NULL, Object(Config\Cache), false)
#12 C:\xampp_htdocs\kasugaikyudo\production\system\Boot.php(325): CodeIgniter\CodeIgniter->run()
#13 C:\xampp_htdocs\kasugaikyudo\production\system\Boot.php(67): CodeIgniter\Boot::runCodeIgniter(Object(CodeIgniter\CodeIgniter))
#14 C:\xampp_htdocs\kasugaikyudo\production\public\index.php(56): CodeIgniter\Boot::bootWeb(Object(Config\Paths))
#15 {main}

Next CodeIgniter\Database\Exceptions\DatabaseException: MySQL server has gone away in C:\xampp_htdocs\kasugaikyudo\production\system\Database\MySQLi\Connection.php:231
Stack trace:
#0 C:\xampp_htdocs\kasugaikyudo\production\system\Database\BaseConnection.php(421): CodeIgniter\Database\MySQLi\Connection->connect(false)
#1 C:\xampp_htdocs\kasugaikyudo\production\system\Database\BaseConnection.php(616): CodeIgniter\Database\BaseConnection->initialize()
#2 C:\xampp_htdocs\kasugaikyudo\production\app\Models\BaseQueryModel.php(96): CodeIgniter\Database\BaseConnection->query('\n\t\t\tSELECT\n\t\t\t\t...', Array)
#3 C:\xampp_htdocs\kasugaikyudo\production\app\Models\CommonModel.php(32): App\Models\BaseQueryModel->get_first_row('\n\t\t\tSELECT\n\t\t\t\t...', Array)
#4 C:\xampp_htdocs\kasugaikyudo\production\app\Libraries\CommonLibrarie.php(20): App\Models\CommonModel->get_setting_data()
#5 C:\xampp_htdocs\kasugaikyudo\production\app\Controllers\CommonController.php(71): App\Libraries\CommonLibrarie->get_setting_data()
#6 C:\xampp_htdocs\kasugaikyudo\production\app\Controllers\CommonController.php(47): App\Controllers\CommonController->get_setting()
#7 C:\xampp_htdocs\kasugaikyudo\production\app\Controllers\Home.php(12): App\Controllers\CommonController->__construct()
#8 C:\xampp_htdocs\kasugaikyudo\production\system\CodeIgniter.php(903): App\Controllers\Home->__construct()
#9 C:\xampp_htdocs\kasugaikyudo\production\system\CodeIgniter.php(500): CodeIgniter\CodeIgniter->createController()
#10 C:\xampp_htdocs\kasugaikyudo\production\system\CodeIgniter.php(355): CodeIgniter\CodeIgniter->handleRequest(NULL, Object(Config\Cache), false)
#11 C:\xampp_htdocs\kasugaikyudo\production\system\Boot.php(325): CodeIgniter\CodeIgniter->run()
#12 C:\xampp_htdocs\kasugaikyudo\production\system\Boot.php(67): CodeIgniter\Boot::runCodeIgniter(Object(CodeIgniter\CodeIgniter))
#13 C:\xampp_htdocs\kasugaikyudo\production\public\index.php(56): CodeIgniter\Boot::bootWeb(Object(Config\Paths))
#14 {main}
CRITICAL - 2026-06-11 23:05:20 --> CodeIgniter\Database\Exceptions\DatabaseException: Unable to connect to the database.
Main connection [MySQLi]: MySQL server has gone away
[Method: GET, Route: /]
in SYSTEMPATH\Database\BaseConnection.php on line 467.
 1 SYSTEMPATH\Database\BaseConnection.php(616): CodeIgniter\Database\BaseConnection->initialize()
 2 APPPATH\Models\BaseQueryModel.php(96): CodeIgniter\Database\BaseConnection->query('
			SELECT
				mse.fiscal_year_id
				,mfy.year
				,mfy.wareki
			FROM m_setting mse
				INNER JOIN m_fiscal_nendo mfy
					ON mfy.fiscal_year_id = mse.fiscal_year_id
		', [])
 3 APPPATH\Models\CommonModel.php(32): App\Models\BaseQueryModel->get_first_row('
			SELECT
				mse.fiscal_year_id
				,mfy.year
				,mfy.wareki
			FROM m_setting mse
				INNER JOIN m_fiscal_nendo mfy
					ON mfy.fiscal_year_id = mse.fiscal_year_id
		', [])
 4 APPPATH\Libraries\CommonLibrarie.php(20): App\Models\CommonModel->get_setting_data()
 5 APPPATH\Controllers\CommonController.php(71): App\Libraries\CommonLibrarie->get_setting_data()
 6 APPPATH\Controllers\CommonController.php(47): App\Controllers\CommonController->get_setting()
 7 APPPATH\Controllers\Home.php(12): App\Controllers\CommonController->__construct()
 8 SYSTEMPATH\CodeIgniter.php(903): App\Controllers\Home->__construct()
 9 SYSTEMPATH\CodeIgniter.php(500): CodeIgniter\CodeIgniter->createController()
10 SYSTEMPATH\CodeIgniter.php(355): CodeIgniter\CodeIgniter->handleRequest(null, Object(Config\Cache), false)
11 SYSTEMPATH\Boot.php(325): CodeIgniter\CodeIgniter->run()
12 SYSTEMPATH\Boot.php(67): CodeIgniter\Boot::runCodeIgniter(Object(CodeIgniter\CodeIgniter))
13 FCPATH\index.php(56): CodeIgniter\Boot::bootWeb(Object(Config\Paths))
ERROR - 2026-06-11 23:05:24 --> Error connecting to the database: ErrorException: mysqli::real_connect(): Error while reading greeting packet. PID=26828 in C:\xampp_htdocs\kasugaikyudo\production\system\Database\MySQLi\Connection.php:186
Stack trace:
#0 [internal function]: CodeIgniter\Debug\Exceptions->errorHandler(2, 'mysqli::real_co...', 'C:\\xampp_htdocs...', 186)
#1 C:\xampp_htdocs\kasugaikyudo\production\system\Database\MySQLi\Connection.php(186): mysqli->real_connect('localhost', 'root', Object(SensitiveParameterValue), 'z0e6f_haruyumi', 3306, '', 0)
#2 C:\xampp_htdocs\kasugaikyudo\production\system\Database\BaseConnection.php(421): CodeIgniter\Database\MySQLi\Connection->connect(false)
#3 C:\xampp_htdocs\kasugaikyudo\production\system\Database\BaseConnection.php(616): CodeIgniter\Database\BaseConnection->initialize()
#4 C:\xampp_htdocs\kasugaikyudo\production\app\Models\BaseQueryModel.php(96): CodeIgniter\Database\BaseConnection->query('\n\t\t\tSELECT\n\t\t\t\t...', Array)
#5 C:\xampp_htdocs\kasugaikyudo\production\app\Models\CommonModel.php(32): App\Models\BaseQueryModel->get_first_row('\n\t\t\tSELECT\n\t\t\t\t...', Array)
#6 C:\xampp_htdocs\kasugaikyudo\production\app\Libraries\CommonLibrarie.php(20): App\Models\CommonModel->get_setting_data()
#7 C:\xampp_htdocs\kasugaikyudo\production\app\Controllers\CommonController.php(71): App\Libraries\CommonLibrarie->get_setting_data()
#8 C:\xampp_htdocs\kasugaikyudo\production\app\Controllers\CommonController.php(47): App\Controllers\CommonController->get_setting()
#9 C:\xampp_htdocs\kasugaikyudo\production\app\Controllers\Home.php(12): App\Controllers\CommonController->__construct()
#10 C:\xampp_htdocs\kasugaikyudo\production\system\CodeIgniter.php(903): App\Controllers\Home->__construct()
#11 C:\xampp_htdocs\kasugaikyudo\production\system\CodeIgniter.php(500): CodeIgniter\CodeIgniter->createController()
#12 C:\xampp_htdocs\kasugaikyudo\production\system\CodeIgniter.php(355): CodeIgniter\CodeIgniter->handleRequest(NULL, Object(Config\Cache), false)
#13 C:\xampp_htdocs\kasugaikyudo\production\system\Boot.php(325): CodeIgniter\CodeIgniter->run()
#14 C:\xampp_htdocs\kasugaikyudo\production\system\Boot.php(67): CodeIgniter\Boot::runCodeIgniter(Object(CodeIgniter\CodeIgniter))
#15 C:\xampp_htdocs\kasugaikyudo\production\public\index.php(56): CodeIgniter\Boot::bootWeb(Object(Config\Paths))
#16 {main}

Next mysqli_sql_exception: MySQL server has gone away in C:\xampp_htdocs\kasugaikyudo\production\system\Database\MySQLi\Connection.php:186
Stack trace:
#0 C:\xampp_htdocs\kasugaikyudo\production\system\Database\MySQLi\Connection.php(186): mysqli->real_connect('localhost', 'root', Object(SensitiveParameterValue), 'z0e6f_haruyumi', 3306, '', 0)
#1 C:\xampp_htdocs\kasugaikyudo\production\system\Database\BaseConnection.php(421): CodeIgniter\Database\MySQLi\Connection->connect(false)
#2 C:\xampp_htdocs\kasugaikyudo\production\system\Database\BaseConnection.php(616): CodeIgniter\Database\BaseConnection->initialize()
#3 C:\xampp_htdocs\kasugaikyudo\production\app\Models\BaseQueryModel.php(96): CodeIgniter\Database\BaseConnection->query('\n\t\t\tSELECT\n\t\t\t\t...', Array)
#4 C:\xampp_htdocs\kasugaikyudo\production\app\Models\CommonModel.php(32): App\Models\BaseQueryModel->get_first_row('\n\t\t\tSELECT\n\t\t\t\t...', Array)
#5 C:\xampp_htdocs\kasugaikyudo\production\app\Libraries\CommonLibrarie.php(20): App\Models\CommonModel->get_setting_data()
#6 C:\xampp_htdocs\kasugaikyudo\production\app\Controllers\CommonController.php(71): App\Libraries\CommonLibrarie->get_setting_data()
#7 C:\xampp_htdocs\kasugaikyudo\production\app\Controllers\CommonController.php(47): App\Controllers\CommonController->get_setting()
#8 C:\xampp_htdocs\kasugaikyudo\production\app\Controllers\Home.php(12): App\Controllers\CommonController->__construct()
#9 C:\xampp_htdocs\kasugaikyudo\production\system\CodeIgniter.php(903): App\Controllers\Home->__construct()
#10 C:\xampp_htdocs\kasugaikyudo\production\system\CodeIgniter.php(500): CodeIgniter\CodeIgniter->createController()
#11 C:\xampp_htdocs\kasugaikyudo\production\system\CodeIgniter.php(355): CodeIgniter\CodeIgniter->handleRequest(NULL, Object(Config\Cache), false)
#12 C:\xampp_htdocs\kasugaikyudo\production\system\Boot.php(325): CodeIgniter\CodeIgniter->run()
#13 C:\xampp_htdocs\kasugaikyudo\production\system\Boot.php(67): CodeIgniter\Boot::runCodeIgniter(Object(CodeIgniter\CodeIgniter))
#14 C:\xampp_htdocs\kasugaikyudo\production\public\index.php(56): CodeIgniter\Boot::bootWeb(Object(Config\Paths))
#15 {main}

Next CodeIgniter\Database\Exceptions\DatabaseException: MySQL server has gone away in C:\xampp_htdocs\kasugaikyudo\production\system\Database\MySQLi\Connection.php:231
Stack trace:
#0 C:\xampp_htdocs\kasugaikyudo\production\system\Database\BaseConnection.php(421): CodeIgniter\Database\MySQLi\Connection->connect(false)
#1 C:\xampp_htdocs\kasugaikyudo\production\system\Database\BaseConnection.php(616): CodeIgniter\Database\BaseConnection->initialize()
#2 C:\xampp_htdocs\kasugaikyudo\production\app\Models\BaseQueryModel.php(96): CodeIgniter\Database\BaseConnection->query('\n\t\t\tSELECT\n\t\t\t\t...', Array)
#3 C:\xampp_htdocs\kasugaikyudo\production\app\Models\CommonModel.php(32): App\Models\BaseQueryModel->get_first_row('\n\t\t\tSELECT\n\t\t\t\t...', Array)
#4 C:\xampp_htdocs\kasugaikyudo\production\app\Libraries\CommonLibrarie.php(20): App\Models\CommonModel->get_setting_data()
#5 C:\xampp_htdocs\kasugaikyudo\production\app\Controllers\CommonController.php(71): App\Libraries\CommonLibrarie->get_setting_data()
#6 C:\xampp_htdocs\kasugaikyudo\production\app\Controllers\CommonController.php(47): App\Controllers\CommonController->get_setting()
#7 C:\xampp_htdocs\kasugaikyudo\production\app\Controllers\Home.php(12): App\Controllers\CommonController->__construct()
#8 C:\xampp_htdocs\kasugaikyudo\production\system\CodeIgniter.php(903): App\Controllers\Home->__construct()
#9 C:\xampp_htdocs\kasugaikyudo\production\system\CodeIgniter.php(500): CodeIgniter\CodeIgniter->createController()
#10 C:\xampp_htdocs\kasugaikyudo\production\system\CodeIgniter.php(355): CodeIgniter\CodeIgniter->handleRequest(NULL, Object(Config\Cache), false)
#11 C:\xampp_htdocs\kasugaikyudo\production\system\Boot.php(325): CodeIgniter\CodeIgniter->run()
#12 C:\xampp_htdocs\kasugaikyudo\production\system\Boot.php(67): CodeIgniter\Boot::runCodeIgniter(Object(CodeIgniter\CodeIgniter))
#13 C:\xampp_htdocs\kasugaikyudo\production\public\index.php(56): CodeIgniter\Boot::bootWeb(Object(Config\Paths))
#14 {main}
CRITICAL - 2026-06-11 23:05:24 --> CodeIgniter\Database\Exceptions\DatabaseException: Unable to connect to the database.
Main connection [MySQLi]: MySQL server has gone away
[Method: GET, Route: /]
in SYSTEMPATH\Database\BaseConnection.php on line 467.
 1 SYSTEMPATH\Database\BaseConnection.php(616): CodeIgniter\Database\BaseConnection->initialize()
 2 APPPATH\Models\BaseQueryModel.php(96): CodeIgniter\Database\BaseConnection->query('
			SELECT
				mse.fiscal_year_id
				,mfy.year
				,mfy.wareki
			FROM m_setting mse
				INNER JOIN m_fiscal_nendo mfy
					ON mfy.fiscal_year_id = mse.fiscal_year_id
		', [])
 3 APPPATH\Models\CommonModel.php(32): App\Models\BaseQueryModel->get_first_row('
			SELECT
				mse.fiscal_year_id
				,mfy.year
				,mfy.wareki
			FROM m_setting mse
				INNER JOIN m_fiscal_nendo mfy
					ON mfy.fiscal_year_id = mse.fiscal_year_id
		', [])
 4 APPPATH\Libraries\CommonLibrarie.php(20): App\Models\CommonModel->get_setting_data()
 5 APPPATH\Controllers\CommonController.php(71): App\Libraries\CommonLibrarie->get_setting_data()
 6 APPPATH\Controllers\CommonController.php(47): App\Controllers\CommonController->get_setting()
 7 APPPATH\Controllers\Home.php(12): App\Controllers\CommonController->__construct()
 8 SYSTEMPATH\CodeIgniter.php(903): App\Controllers\Home->__construct()
 9 SYSTEMPATH\CodeIgniter.php(500): CodeIgniter\CodeIgniter->createController()
10 SYSTEMPATH\CodeIgniter.php(355): CodeIgniter\CodeIgniter->handleRequest(null, Object(Config\Cache), false)
11 SYSTEMPATH\Boot.php(325): CodeIgniter\CodeIgniter->run()
12 SYSTEMPATH\Boot.php(67): CodeIgniter\Boot::runCodeIgniter(Object(CodeIgniter\CodeIgniter))
13 FCPATH\index.php(56): CodeIgniter\Boot::bootWeb(Object(Config\Paths))
CRITICAL - 2026-06-11 23:56:44 --> ErrorException: Undefined variable $noticeId
[Method: GET, Route: taikai/detail/36]
in APPPATH\Helpers\common_helper.php on line 156.
 1 APPPATH\Helpers\common_helper.php(156): CodeIgniter\Debug\Exceptions->errorHandler(2, 'Undefined variable $noticeId', 'C:\\xampp_htdocs\\kasugaikyudo\\production\\app\\Helpers\\common_helper.php', 156)
 2 APPPATH\Helpers\taikai_helper.php(239): get_relation_notice_html([...], '1')
 3 APPPATH\Views\taikai\detail_kasugai.php(4): get_kasugai_taikai_detail_html([...])
 4 SYSTEMPATH\View\View.php(234): include('C:\\xampp_htdocs\\kasugaikyudo\\production\\app\\Views\\taikai\\detail_kasugai.php')
 5 SYSTEMPATH\View\View.php(237): CodeIgniter\View\View->CodeIgniter\View\{closure}()
 6 SYSTEMPATH\Common.php(1171): CodeIgniter\View\View->render('taikai/detail_kasugai', [], true)
 7 APPPATH\Controllers\Taikai.php(123): view('taikai/detail_kasugai')
 8 SYSTEMPATH\CodeIgniter.php(933): App\Controllers\Taikai->detail('36')
 9 SYSTEMPATH\CodeIgniter.php(509): CodeIgniter\CodeIgniter->runController(Object(App\Controllers\Taikai))
10 SYSTEMPATH\CodeIgniter.php(355): CodeIgniter\CodeIgniter->handleRequest(null, Object(Config\Cache), false)
11 SYSTEMPATH\Boot.php(325): CodeIgniter\CodeIgniter->run()
12 SYSTEMPATH\Boot.php(67): CodeIgniter\Boot::runCodeIgniter(Object(CodeIgniter\CodeIgniter))
13 FCPATH\index.php(56): CodeIgniter\Boot::bootWeb(Object(Config\Paths))
