CRITICAL - 2026-06-14 00:00:40 --> ErrorException: Undefined array key "notice_id"
[Method: POST, Route: admin/notice_regist_proc]
in APPPATH\Libraries\Admin\AdminNoticeLibrarie.php on line 51.
 1 APPPATH\Libraries\Admin\AdminNoticeLibrarie.php(51): CodeIgniter\Debug\Exceptions->errorHandler(2, 'Undefined array key "notice_id"', 'C:\\xampp_htdocs\\kasugaikyudo\\production\\app\\Libraries\\Admin\\AdminNoticeLibrarie.php', 51)
 2 APPPATH\Controllers\Admin\AdminNotice.php(260): App\Libraries\Admin\AdminNoticeLibrarie->notice_info_proc([...], [], 65, 26)
 3 SYSTEMPATH\CodeIgniter.php(933): App\Controllers\Admin\AdminNotice->ajax_notice_regist_proc()
 4 SYSTEMPATH\CodeIgniter.php(509): CodeIgniter\CodeIgniter->runController(Object(App\Controllers\Admin\AdminNotice))
 5 SYSTEMPATH\CodeIgniter.php(355): CodeIgniter\CodeIgniter->handleRequest(null, Object(Config\Cache), false)
 6 SYSTEMPATH\Boot.php(325): CodeIgniter\CodeIgniter->run()
 7 SYSTEMPATH\Boot.php(67): CodeIgniter\Boot::runCodeIgniter(Object(CodeIgniter\CodeIgniter))
 8 FCPATH\index.php(56): CodeIgniter\Boot::bootWeb(Object(Config\Paths))
CRITICAL - 2026-06-14 00:02:33 --> ErrorException: Undefined array key "notice_id"
[Method: POST, Route: admin/notice_regist_proc]
in APPPATH\Libraries\Admin\AdminNoticeLibrarie.php on line 51.
 1 APPPATH\Libraries\Admin\AdminNoticeLibrarie.php(51): CodeIgniter\Debug\Exceptions->errorHandler(2, 'Undefined array key "notice_id"', 'C:\\xampp_htdocs\\kasugaikyudo\\production\\app\\Libraries\\Admin\\AdminNoticeLibrarie.php', 51)
 2 APPPATH\Controllers\Admin\AdminNotice.php(260): App\Libraries\Admin\AdminNoticeLibrarie->notice_info_proc([...], [], 65, 26)
 3 SYSTEMPATH\CodeIgniter.php(933): App\Controllers\Admin\AdminNotice->ajax_notice_regist_proc()
 4 SYSTEMPATH\CodeIgniter.php(509): CodeIgniter\CodeIgniter->runController(Object(App\Controllers\Admin\AdminNotice))
 5 SYSTEMPATH\CodeIgniter.php(355): CodeIgniter\CodeIgniter->handleRequest(null, Object(Config\Cache), false)
 6 SYSTEMPATH\Boot.php(325): CodeIgniter\CodeIgniter->run()
 7 SYSTEMPATH\Boot.php(67): CodeIgniter\Boot::runCodeIgniter(Object(CodeIgniter\CodeIgniter))
 8 FCPATH\index.php(56): CodeIgniter\Boot::bootWeb(Object(Config\Paths))
CRITICAL - 2026-06-14 00:04:43 --> ErrorException: Undefined array key "notice_id"
[Method: POST, Route: admin/notice_regist_proc]
in APPPATH\Libraries\Admin\AdminNoticeLibrarie.php on line 51.
 1 APPPATH\Libraries\Admin\AdminNoticeLibrarie.php(51): CodeIgniter\Debug\Exceptions->errorHandler(2, 'Undefined array key "notice_id"', 'C:\\xampp_htdocs\\kasugaikyudo\\production\\app\\Libraries\\Admin\\AdminNoticeLibrarie.php', 51)
 2 APPPATH\Controllers\Admin\AdminNotice.php(260): App\Libraries\Admin\AdminNoticeLibrarie->notice_info_proc([...], [], 65, 26)
 3 SYSTEMPATH\CodeIgniter.php(933): App\Controllers\Admin\AdminNotice->ajax_notice_regist_proc()
 4 SYSTEMPATH\CodeIgniter.php(509): CodeIgniter\CodeIgniter->runController(Object(App\Controllers\Admin\AdminNotice))
 5 SYSTEMPATH\CodeIgniter.php(355): CodeIgniter\CodeIgniter->handleRequest(null, Object(Config\Cache), false)
 6 SYSTEMPATH\Boot.php(325): CodeIgniter\CodeIgniter->run()
 7 SYSTEMPATH\Boot.php(67): CodeIgniter\Boot::runCodeIgniter(Object(CodeIgniter\CodeIgniter))
 8 FCPATH\index.php(56): CodeIgniter\Boot::bootWeb(Object(Config\Paths))
ERROR - 2026-06-14 00:04:58 --> Email: sendWithMail throwed ErrorException: mail(): Failed to connect to mailserver at &quot;localhost&quot; port 25, verify your &quot;SMTP&quot; and &quot;smtp_port&quot; setting in php.ini or use ini_set() in C:\xampp_htdocs\kasugaikyudo\production\system\Email\Email.php:1762
Stack trace:
#0 [internal function]: CodeIgniter\Debug\Exceptions->errorHandler(2, 'mail(): Failed ...', 'C:\\xampp_htdocs...', 1762)
#1 C:\xampp_htdocs\kasugaikyudo\production\system\Email\Email.php(1762): mail('k.kyudo.xampp@g...', '=?UTF-8?Q?=E3=8...', 'a\r\n\r\n\xE8\xA9\xB3\xE7\xB4\xB0\xE3\x81\xAF\xE3...', 'Date: Sun, 14 J...', '-f k.kyudo.xamp...')
#2 C:\xampp_htdocs\kasugaikyudo\production\system\Email\Email.php(1694): CodeIgniter\Email\Email->sendWithMail()
#3 C:\xampp_htdocs\kasugaikyudo\production\system\Email\Email.php(1589): CodeIgniter\Email\Email->spoolEmail()
#4 C:\xampp_htdocs\kasugaikyudo\production\app\Libraries\Admin\AdminLibrarie.php(96): CodeIgniter\Email\Email->send()
#5 C:\xampp_htdocs\kasugaikyudo\production\app\Libraries\Admin\AdminNoticeLibrarie.php(406): App\Libraries\Admin\AdminLibrarie->send_mail_proc(Array, '\xE3\x81\x82 \xE3\x80\x90\xE3\x81\x8A\xE7\x9F\xA5\xE3\x82...', 'a\n\n\xE8\xA9\xB3\xE7\xB4\xB0\xE3\x81\xAF\xE3\x80\x90...')
#6 C:\xampp_htdocs\kasugaikyudo\production\app\Libraries\Admin\AdminNoticeLibrarie.php(111): App\Libraries\Admin\AdminNoticeLibrarie->notice_mail_proc(Array, Array, 26)
#7 C:\xampp_htdocs\kasugaikyudo\production\app\Controllers\Admin\AdminNotice.php(260): App\Libraries\Admin\AdminNoticeLibrarie->notice_info_proc(Array, Array, 65, 26)
#8 C:\xampp_htdocs\kasugaikyudo\production\system\CodeIgniter.php(933): App\Controllers\Admin\AdminNotice->ajax_notice_regist_proc()
#9 C:\xampp_htdocs\kasugaikyudo\production\system\CodeIgniter.php(509): CodeIgniter\CodeIgniter->runController(Object(App\Controllers\Admin\AdminNotice))
#10 C:\xampp_htdocs\kasugaikyudo\production\system\CodeIgniter.php(355): CodeIgniter\CodeIgniter->handleRequest(NULL, Object(Config\Cache), false)
#11 C:\xampp_htdocs\kasugaikyudo\production\system\Boot.php(325): CodeIgniter\CodeIgniter->run()
#12 C:\xampp_htdocs\kasugaikyudo\production\system\Boot.php(67): CodeIgniter\Boot::runCodeIgniter(Object(CodeIgniter\CodeIgniter))
#13 C:\xampp_htdocs\kasugaikyudo\production\index.php(56): CodeIgniter\Boot::bootWeb(Object(Config\Paths))
#14 {main}
ERROR - 2026-06-14 00:04:58 --> Email: Unable to send email using PHP mail(). Your server might not be configured to send mail using this method.
ERROR - 2026-06-14 00:04:58 --> 
CRITICAL - 2026-06-14 08:57:15 --> ErrorException: Undefined property: App\Libraries\Admin\AdminNoticeLibrarie::$taikaiModel
[Method: GET, Route: admin/notice_regist/3/36]
in APPPATH\Libraries\Admin\AdminNoticeLibrarie.php on line 172.
 1 APPPATH\Libraries\Admin\AdminNoticeLibrarie.php(172): CodeIgniter\Debug\Exceptions->errorHandler(2, 'Undefined property: App\\Libraries\\Admin\\AdminNoticeLibrarie::$taikaiModel', 'C:\\xampp_htdocs\\kasugaikyudo\\production\\app\\Libraries\\Admin\\AdminNoticeLibrarie.php', 172)
 2 APPPATH\Controllers\Admin\AdminNotice.php(47): App\Libraries\Admin\AdminNoticeLibrarie->get_relation_document_list(3, 36)
 3 SYSTEMPATH\CodeIgniter.php(933): App\Controllers\Admin\AdminNotice->notice_regist('3', '36')
 4 SYSTEMPATH\CodeIgniter.php(509): CodeIgniter\CodeIgniter->runController(Object(App\Controllers\Admin\AdminNotice))
 5 SYSTEMPATH\CodeIgniter.php(355): CodeIgniter\CodeIgniter->handleRequest(null, Object(Config\Cache), false)
 6 SYSTEMPATH\Boot.php(325): CodeIgniter\CodeIgniter->run()
 7 SYSTEMPATH\Boot.php(67): CodeIgniter\Boot::runCodeIgniter(Object(CodeIgniter\CodeIgniter))
 8 FCPATH\index.php(56): CodeIgniter\Boot::bootWeb(Object(Config\Paths))
CRITICAL - 2026-06-14 08:58:42 --> CodeIgniter\Database\Exceptions\DatabaseException: You must set the database table to be used with your query.
[Method: GET, Route: admin/notice_regist/3/36]
in SYSTEMPATH\Database\BaseConnection.php on line 927.
 1 SYSTEMPATH\Model.php(716): CodeIgniter\Database\BaseConnection->table(null)
 2 SYSTEMPATH\Model.php(922): CodeIgniter\Model->builder()
 3 APPPATH\Libraries\Admin\AdminNoticeLibrarie.php(181): CodeIgniter\Model->__call('get_event_document_list', [...])
 4 APPPATH\Controllers\Admin\AdminNotice.php(47): App\Libraries\Admin\AdminNoticeLibrarie->get_relation_document_list(3, 36)
 5 SYSTEMPATH\CodeIgniter.php(933): App\Controllers\Admin\AdminNotice->notice_regist('3', '36')
 6 SYSTEMPATH\CodeIgniter.php(509): CodeIgniter\CodeIgniter->runController(Object(App\Controllers\Admin\AdminNotice))
 7 SYSTEMPATH\CodeIgniter.php(355): CodeIgniter\CodeIgniter->handleRequest(null, Object(Config\Cache), false)
 8 SYSTEMPATH\Boot.php(325): CodeIgniter\CodeIgniter->run()
 9 SYSTEMPATH\Boot.php(67): CodeIgniter\Boot::runCodeIgniter(Object(CodeIgniter\CodeIgniter))
10 FCPATH\index.php(56): CodeIgniter\Boot::bootWeb(Object(Config\Paths))
CRITICAL - 2026-06-14 09:12:50 --> ErrorException: Undefined array key "numRows"
[Method: GET, Route: admin/notice_regist/3/36]
in APPPATH\Helpers\admin_helper.php on line 224.
 1 APPPATH\Helpers\admin_helper.php(224): CodeIgniter\Debug\Exceptions->errorHandler(2, 'Undefined array key "numRows"', 'C:\\xampp_htdocs\\kasugaikyudo\\production\\app\\Helpers\\admin_helper.php', 224)
 2 APPPATH\Views\admin\notice\notice_regist.php(36): form_file_document('notice', 'notice-files', [...], 10)
 3 SYSTEMPATH\View\View.php(234): include('C:\\xampp_htdocs\\kasugaikyudo\\production\\app\\Views\\admin\\notice\\notice_regist.php')
 4 SYSTEMPATH\View\View.php(237): CodeIgniter\View\View->CodeIgniter\View\{closure}()
 5 SYSTEMPATH\Common.php(1171): CodeIgniter\View\View->render('admin/notice/notice_regist', [], true)
 6 APPPATH\Controllers\Admin\AdminNotice.php(76): view('admin/notice/notice_regist')
 7 SYSTEMPATH\CodeIgniter.php(933): App\Controllers\Admin\AdminNotice->notice_regist('3', '36')
 8 SYSTEMPATH\CodeIgniter.php(509): CodeIgniter\CodeIgniter->runController(Object(App\Controllers\Admin\AdminNotice))
 9 SYSTEMPATH\CodeIgniter.php(355): CodeIgniter\CodeIgniter->handleRequest(null, Object(Config\Cache), false)
10 SYSTEMPATH\Boot.php(325): CodeIgniter\CodeIgniter->run()
11 SYSTEMPATH\Boot.php(67): CodeIgniter\Boot::runCodeIgniter(Object(CodeIgniter\CodeIgniter))
12 FCPATH\index.php(56): CodeIgniter\Boot::bootWeb(Object(Config\Paths))
CRITICAL - 2026-06-14 09:15:23 --> ErrorException: Undefined array key "ext_file"
[Method: GET, Route: admin/notice_regist/3/36]
in APPPATH\Helpers\admin_helper.php on line 229.
 1 APPPATH\Helpers\admin_helper.php(229): CodeIgniter\Debug\Exceptions->errorHandler(2, 'Undefined array key "ext_file"', 'C:\\xampp_htdocs\\kasugaikyudo\\production\\app\\Helpers\\admin_helper.php', 229)
 2 APPPATH\Views\admin\notice\notice_regist.php(36): form_file_document('notice', 'notice-files', [...], 10)
 3 SYSTEMPATH\View\View.php(234): include('C:\\xampp_htdocs\\kasugaikyudo\\production\\app\\Views\\admin\\notice\\notice_regist.php')
 4 SYSTEMPATH\View\View.php(237): CodeIgniter\View\View->CodeIgniter\View\{closure}()
 5 SYSTEMPATH\Common.php(1171): CodeIgniter\View\View->render('admin/notice/notice_regist', [], true)
 6 APPPATH\Controllers\Admin\AdminNotice.php(76): view('admin/notice/notice_regist')
 7 SYSTEMPATH\CodeIgniter.php(933): App\Controllers\Admin\AdminNotice->notice_regist('3', '36')
 8 SYSTEMPATH\CodeIgniter.php(509): CodeIgniter\CodeIgniter->runController(Object(App\Controllers\Admin\AdminNotice))
 9 SYSTEMPATH\CodeIgniter.php(355): CodeIgniter\CodeIgniter->handleRequest(null, Object(Config\Cache), false)
10 SYSTEMPATH\Boot.php(325): CodeIgniter\CodeIgniter->run()
11 SYSTEMPATH\Boot.php(67): CodeIgniter\Boot::runCodeIgniter(Object(CodeIgniter\CodeIgniter))
12 FCPATH\index.php(56): CodeIgniter\Boot::bootWeb(Object(Config\Paths))
CRITICAL - 2026-06-14 09:16:37 --> ErrorException: Undefined array key "ext_file"
[Method: GET, Route: admin/notice_regist/3/36]
in APPPATH\Helpers\admin_helper.php on line 229.
 1 APPPATH\Helpers\admin_helper.php(229): CodeIgniter\Debug\Exceptions->errorHandler(2, 'Undefined array key "ext_file"', 'C:\\xampp_htdocs\\kasugaikyudo\\production\\app\\Helpers\\admin_helper.php', 229)
 2 APPPATH\Views\admin\notice\notice_regist.php(36): form_file_document('notice', 'notice-files', [...], 10)
 3 SYSTEMPATH\View\View.php(234): include('C:\\xampp_htdocs\\kasugaikyudo\\production\\app\\Views\\admin\\notice\\notice_regist.php')
 4 SYSTEMPATH\View\View.php(237): CodeIgniter\View\View->CodeIgniter\View\{closure}()
 5 SYSTEMPATH\Common.php(1171): CodeIgniter\View\View->render('admin/notice/notice_regist', [], true)
 6 APPPATH\Controllers\Admin\AdminNotice.php(76): view('admin/notice/notice_regist')
 7 SYSTEMPATH\CodeIgniter.php(933): App\Controllers\Admin\AdminNotice->notice_regist('3', '36')
 8 SYSTEMPATH\CodeIgniter.php(509): CodeIgniter\CodeIgniter->runController(Object(App\Controllers\Admin\AdminNotice))
 9 SYSTEMPATH\CodeIgniter.php(355): CodeIgniter\CodeIgniter->handleRequest(null, Object(Config\Cache), false)
10 SYSTEMPATH\Boot.php(325): CodeIgniter\CodeIgniter->run()
11 SYSTEMPATH\Boot.php(67): CodeIgniter\Boot::runCodeIgniter(Object(CodeIgniter\CodeIgniter))
12 FCPATH\index.php(56): CodeIgniter\Boot::bootWeb(Object(Config\Paths))
CRITICAL - 2026-06-14 09:17:35 --> ErrorException: Undefined array key "ext_file"
[Method: GET, Route: admin/notice_regist/3/36]
in APPPATH\Helpers\admin_helper.php on line 229.
 1 APPPATH\Helpers\admin_helper.php(229): CodeIgniter\Debug\Exceptions->errorHandler(2, 'Undefined array key "ext_file"', 'C:\\xampp_htdocs\\kasugaikyudo\\production\\app\\Helpers\\admin_helper.php', 229)
 2 APPPATH\Views\admin\notice\notice_regist.php(36): form_file_document('notice', 'notice-files', [...], 10)
 3 SYSTEMPATH\View\View.php(234): include('C:\\xampp_htdocs\\kasugaikyudo\\production\\app\\Views\\admin\\notice\\notice_regist.php')
 4 SYSTEMPATH\View\View.php(237): CodeIgniter\View\View->CodeIgniter\View\{closure}()
 5 SYSTEMPATH\Common.php(1171): CodeIgniter\View\View->render('admin/notice/notice_regist', [], true)
 6 APPPATH\Controllers\Admin\AdminNotice.php(76): view('admin/notice/notice_regist')
 7 SYSTEMPATH\CodeIgniter.php(933): App\Controllers\Admin\AdminNotice->notice_regist('3', '36')
 8 SYSTEMPATH\CodeIgniter.php(509): CodeIgniter\CodeIgniter->runController(Object(App\Controllers\Admin\AdminNotice))
 9 SYSTEMPATH\CodeIgniter.php(355): CodeIgniter\CodeIgniter->handleRequest(null, Object(Config\Cache), false)
10 SYSTEMPATH\Boot.php(325): CodeIgniter\CodeIgniter->run()
11 SYSTEMPATH\Boot.php(67): CodeIgniter\Boot::runCodeIgniter(Object(CodeIgniter\CodeIgniter))
12 FCPATH\index.php(56): CodeIgniter\Boot::bootWeb(Object(Config\Paths))
CRITICAL - 2026-06-14 09:36:03 --> ErrorException: Undefined variable $postData
[Method: POST, Route: admin/notice_regist_conf]
in APPPATH\Controllers\Admin\AdminNotice.php on line 220.
 1 APPPATH\Controllers\Admin\AdminNotice.php(220): CodeIgniter\Debug\Exceptions->errorHandler(2, 'Undefined variable $postData', 'C:\\xampp_htdocs\\kasugaikyudo\\production\\app\\Controllers\\Admin\\AdminNotice.php', 220)
 2 SYSTEMPATH\CodeIgniter.php(933): App\Controllers\Admin\AdminNotice->ajax_notice_regist_conf()
 3 SYSTEMPATH\CodeIgniter.php(509): CodeIgniter\CodeIgniter->runController(Object(App\Controllers\Admin\AdminNotice))
 4 SYSTEMPATH\CodeIgniter.php(355): CodeIgniter\CodeIgniter->handleRequest(null, Object(Config\Cache), false)
 5 SYSTEMPATH\Boot.php(325): CodeIgniter\CodeIgniter->run()
 6 SYSTEMPATH\Boot.php(67): CodeIgniter\Boot::runCodeIgniter(Object(CodeIgniter\CodeIgniter))
 7 FCPATH\index.php(56): CodeIgniter\Boot::bootWeb(Object(Config\Paths))
CRITICAL - 2026-06-14 19:06:32 --> ErrorException: Undefined variable $existingDocumentList
[Method: POST, Route: admin/notice_regist_conf]
in APPPATH\Controllers\Admin\AdminNotice.php on line 223.
 1 APPPATH\Controllers\Admin\AdminNotice.php(223): CodeIgniter\Debug\Exceptions->errorHandler(2, 'Undefined variable $existingDocumentList', 'C:\\xampp_htdocs\\kasugaikyudo\\production\\app\\Controllers\\Admin\\AdminNotice.php', 223)
 2 SYSTEMPATH\CodeIgniter.php(933): App\Controllers\Admin\AdminNotice->ajax_notice_regist_conf()
 3 SYSTEMPATH\CodeIgniter.php(509): CodeIgniter\CodeIgniter->runController(Object(App\Controllers\Admin\AdminNotice))
 4 SYSTEMPATH\CodeIgniter.php(355): CodeIgniter\CodeIgniter->handleRequest(null, Object(Config\Cache), false)
 5 SYSTEMPATH\Boot.php(325): CodeIgniter\CodeIgniter->run()
 6 SYSTEMPATH\Boot.php(67): CodeIgniter\Boot::runCodeIgniter(Object(CodeIgniter\CodeIgniter))
 7 FCPATH\index.php(56): CodeIgniter\Boot::bootWeb(Object(Config\Paths))
CRITICAL - 2026-06-14 19:46:15 --> ErrorException: Undefined array key "regist_user_mail_flg"
[Method: POST, Route: admin/notice_regist_proc]
in APPPATH\Libraries\Admin\AdminNoticeLibrarie.php on line 442.
 1 APPPATH\Libraries\Admin\AdminNoticeLibrarie.php(442): CodeIgniter\Debug\Exceptions->errorHandler(2, 'Undefined array key "regist_user_mail_flg"', 'C:\\xampp_htdocs\\kasugaikyudo\\production\\app\\Libraries\\Admin\\AdminNoticeLibrarie.php', 442)
 2 APPPATH\Libraries\Admin\AdminNoticeLibrarie.php(120): App\Libraries\Admin\AdminNoticeLibrarie->notice_mail_proc([...], [...], 26)
 3 APPPATH\Controllers\Admin\AdminNotice.php(263): App\Libraries\Admin\AdminNoticeLibrarie->notice_info_proc([...], [...], 65, 26)
 4 SYSTEMPATH\CodeIgniter.php(933): App\Controllers\Admin\AdminNotice->ajax_notice_regist_proc()
 5 SYSTEMPATH\CodeIgniter.php(509): CodeIgniter\CodeIgniter->runController(Object(App\Controllers\Admin\AdminNotice))
 6 SYSTEMPATH\CodeIgniter.php(355): CodeIgniter\CodeIgniter->handleRequest(null, Object(Config\Cache), false)
 7 SYSTEMPATH\Boot.php(325): CodeIgniter\CodeIgniter->run()
 8 SYSTEMPATH\Boot.php(67): CodeIgniter\Boot::runCodeIgniter(Object(CodeIgniter\CodeIgniter))
 9 FCPATH\index.php(56): CodeIgniter\Boot::bootWeb(Object(Config\Paths))
ERROR - 2026-06-14 19:48:22 --> Email: sendWithMail throwed ErrorException: mail(): Failed to connect to mailserver at &quot;localhost&quot; port 25, verify your &quot;SMTP&quot; and &quot;smtp_port&quot; setting in php.ini or use ini_set() in C:\xampp_htdocs\kasugaikyudo\production\system\Email\Email.php:1762
Stack trace:
#0 [internal function]: CodeIgniter\Debug\Exceptions->errorHandler(2, 'mail(): Failed ...', 'C:\\xampp_htdocs...', 1762)
#1 C:\xampp_htdocs\kasugaikyudo\production\system\Email\Email.php(1762): mail('k.kyudo.xampp@g...', '=?UTF-8?Q?aaa=2...', 'ssss\r\n\r\n\xE8\xA9\xB3\xE7\xB4\xB0\xE3...', 'Date: Sun, 14 J...', '-f k.kyudo.xamp...')
#2 C:\xampp_htdocs\kasugaikyudo\production\system\Email\Email.php(1694): CodeIgniter\Email\Email->sendWithMail()
#3 C:\xampp_htdocs\kasugaikyudo\production\system\Email\Email.php(1589): CodeIgniter\Email\Email->spoolEmail()
#4 C:\xampp_htdocs\kasugaikyudo\production\app\Libraries\Admin\AdminLibrarie.php(96): CodeIgniter\Email\Email->send()
#5 C:\xampp_htdocs\kasugaikyudo\production\app\Libraries\Admin\AdminNoticeLibrarie.php(458): App\Libraries\Admin\AdminLibrarie->send_mail_proc(Array, 'aaa \xE3\x80\x90\xE3\x81\x8A\xE7\x9F\xA5\xE3\x82...', 'ssss\n\n\xE8\xA9\xB3\xE7\xB4\xB0\xE3\x81\xAF...')
#6 C:\xampp_htdocs\kasugaikyudo\production\app\Libraries\Admin\AdminNoticeLibrarie.php(120): App\Libraries\Admin\AdminNoticeLibrarie->notice_mail_proc(Array, Array, 26)
#7 C:\xampp_htdocs\kasugaikyudo\production\app\Controllers\Admin\AdminNotice.php(263): App\Libraries\Admin\AdminNoticeLibrarie->notice_info_proc(Array, Array, 65, 26)
#8 C:\xampp_htdocs\kasugaikyudo\production\system\CodeIgniter.php(933): App\Controllers\Admin\AdminNotice->ajax_notice_regist_proc()
#9 C:\xampp_htdocs\kasugaikyudo\production\system\CodeIgniter.php(509): CodeIgniter\CodeIgniter->runController(Object(App\Controllers\Admin\AdminNotice))
#10 C:\xampp_htdocs\kasugaikyudo\production\system\CodeIgniter.php(355): CodeIgniter\CodeIgniter->handleRequest(NULL, Object(Config\Cache), false)
#11 C:\xampp_htdocs\kasugaikyudo\production\system\Boot.php(325): CodeIgniter\CodeIgniter->run()
#12 C:\xampp_htdocs\kasugaikyudo\production\system\Boot.php(67): CodeIgniter\Boot::runCodeIgniter(Object(CodeIgniter\CodeIgniter))
#13 C:\xampp_htdocs\kasugaikyudo\production\index.php(56): CodeIgniter\Boot::bootWeb(Object(Config\Paths))
#14 {main}
ERROR - 2026-06-14 19:48:22 --> Email: Unable to send email using PHP mail(). Your server might not be configured to send mail using this method.
ERROR - 2026-06-14 19:48:22 --> 
CRITICAL - 2026-06-14 20:42:18 --> ErrorException: Undefined array key "mail_address"
[Method: POST, Route: admin/notice_regist_proc]
in APPPATH\Libraries\Admin\AdminNoticeLibrarie.php on line 459.
 1 APPPATH\Libraries\Admin\AdminNoticeLibrarie.php(459): CodeIgniter\Debug\Exceptions->errorHandler(2, 'Undefined array key "mail_address"', 'C:\\xampp_htdocs\\kasugaikyudo\\production\\app\\Libraries\\Admin\\AdminNoticeLibrarie.php', 459)
 2 APPPATH\Libraries\Admin\AdminNoticeLibrarie.php(120): App\Libraries\Admin\AdminNoticeLibrarie->notice_mail_proc([...], [], 26)
 3 APPPATH\Controllers\Admin\AdminNotice.php(263): App\Libraries\Admin\AdminNoticeLibrarie->notice_info_proc([...], [], 65, 26)
 4 SYSTEMPATH\CodeIgniter.php(933): App\Controllers\Admin\AdminNotice->ajax_notice_regist_proc()
 5 SYSTEMPATH\CodeIgniter.php(509): CodeIgniter\CodeIgniter->runController(Object(App\Controllers\Admin\AdminNotice))
 6 SYSTEMPATH\CodeIgniter.php(355): CodeIgniter\CodeIgniter->handleRequest(null, Object(Config\Cache), false)
 7 SYSTEMPATH\Boot.php(325): CodeIgniter\CodeIgniter->run()
 8 SYSTEMPATH\Boot.php(67): CodeIgniter\Boot::runCodeIgniter(Object(CodeIgniter\CodeIgniter))
 9 FCPATH\index.php(56): CodeIgniter\Boot::bootWeb(Object(Config\Paths))
CRITICAL - 2026-06-14 23:18:05 --> ErrorException: Undefined array key "mail_address"
[Method: POST, Route: admin/notice_regist_proc]
in APPPATH\Libraries\Admin\AdminNoticeLibrarie.php on line 459.
 1 APPPATH\Libraries\Admin\AdminNoticeLibrarie.php(459): CodeIgniter\Debug\Exceptions->errorHandler(2, 'Undefined array key "mail_address"', 'C:\\xampp_htdocs\\kasugaikyudo\\production\\app\\Libraries\\Admin\\AdminNoticeLibrarie.php', 459)
 2 APPPATH\Libraries\Admin\AdminNoticeLibrarie.php(120): App\Libraries\Admin\AdminNoticeLibrarie->notice_mail_proc([...], [], 26)
 3 APPPATH\Controllers\Admin\AdminNotice.php(263): App\Libraries\Admin\AdminNoticeLibrarie->notice_info_proc([...], [], 65, 26)
 4 SYSTEMPATH\CodeIgniter.php(933): App\Controllers\Admin\AdminNotice->ajax_notice_regist_proc()
 5 SYSTEMPATH\CodeIgniter.php(509): CodeIgniter\CodeIgniter->runController(Object(App\Controllers\Admin\AdminNotice))
 6 SYSTEMPATH\CodeIgniter.php(355): CodeIgniter\CodeIgniter->handleRequest(null, Object(Config\Cache), false)
 7 SYSTEMPATH\Boot.php(325): CodeIgniter\CodeIgniter->run()
 8 SYSTEMPATH\Boot.php(67): CodeIgniter\Boot::runCodeIgniter(Object(CodeIgniter\CodeIgniter))
 9 FCPATH\index.php(56): CodeIgniter\Boot::bootWeb(Object(Config\Paths))
ERROR - 2026-06-14 23:18:47 --> Email: sendWithMail throwed ErrorException: mail(): Failed to connect to mailserver at &quot;localhost&quot; port 25, verify your &quot;SMTP&quot; and &quot;smtp_port&quot; setting in php.ini or use ini_set() in C:\xampp_htdocs\kasugaikyudo\production\system\Email\Email.php:1762
Stack trace:
#0 [internal function]: CodeIgniter\Debug\Exceptions->errorHandler(2, 'mail(): Failed ...', 'C:\\xampp_htdocs...', 1762)
#1 C:\xampp_htdocs\kasugaikyudo\production\system\Email\Email.php(1762): mail('k.kyudo.xampp@g...', '=?UTF-8?Q?a=20=...', 's\r\n\r\n\xE8\xA9\xB3\xE7\xB4\xB0\xE3\x81\xAF\xE3...', 'Date: Sun, 14 J...', '-f k.kyudo.xamp...')
#2 C:\xampp_htdocs\kasugaikyudo\production\system\Email\Email.php(1694): CodeIgniter\Email\Email->sendWithMail()
#3 C:\xampp_htdocs\kasugaikyudo\production\system\Email\Email.php(1589): CodeIgniter\Email\Email->spoolEmail()
#4 C:\xampp_htdocs\kasugaikyudo\production\app\Libraries\Admin\AdminLibrarie.php(96): CodeIgniter\Email\Email->send()
#5 C:\xampp_htdocs\kasugaikyudo\production\app\Libraries\Admin\AdminNoticeLibrarie.php(485): App\Libraries\Admin\AdminLibrarie->send_mail_proc(Array, 'a \xE3\x80\x90\xE3\x81\x8A\xE7\x9F\xA5\xE3\x82\x89\xE3...', 's\n\n\xE8\xA9\xB3\xE7\xB4\xB0\xE3\x81\xAF\xE3\x80\x90...')
#6 C:\xampp_htdocs\kasugaikyudo\production\app\Libraries\Admin\AdminNoticeLibrarie.php(120): App\Libraries\Admin\AdminNoticeLibrarie->notice_mail_proc(Array, Array, 26)
#7 C:\xampp_htdocs\kasugaikyudo\production\app\Controllers\Admin\AdminNotice.php(263): App\Libraries\Admin\AdminNoticeLibrarie->notice_info_proc(Array, Array, 65, 26)
#8 C:\xampp_htdocs\kasugaikyudo\production\system\CodeIgniter.php(933): App\Controllers\Admin\AdminNotice->ajax_notice_regist_proc()
#9 C:\xampp_htdocs\kasugaikyudo\production\system\CodeIgniter.php(509): CodeIgniter\CodeIgniter->runController(Object(App\Controllers\Admin\AdminNotice))
#10 C:\xampp_htdocs\kasugaikyudo\production\system\CodeIgniter.php(355): CodeIgniter\CodeIgniter->handleRequest(NULL, Object(Config\Cache), false)
#11 C:\xampp_htdocs\kasugaikyudo\production\system\Boot.php(325): CodeIgniter\CodeIgniter->run()
#12 C:\xampp_htdocs\kasugaikyudo\production\system\Boot.php(67): CodeIgniter\Boot::runCodeIgniter(Object(CodeIgniter\CodeIgniter))
#13 C:\xampp_htdocs\kasugaikyudo\production\index.php(56): CodeIgniter\Boot::bootWeb(Object(Config\Paths))
#14 {main}
ERROR - 2026-06-14 23:18:47 --> Email: Unable to send email using PHP mail(). Your server might not be configured to send mail using this method.
ERROR - 2026-06-14 23:18:47 --> 
