ERROR - 2026-06-16 23:20:04 --> Email: sendWithMail throwed ErrorException: mail(): Failed to connect to mailserver at &quot;localhost&quot; port 25, verify your &quot;SMTP&quot; and &quot;smtp_port&quot; setting in php.ini or use ini_set() in C:\xampp_htdocs\kasugaikyudo\production\system\Email\Email.php:1762
Stack trace:
#0 [internal function]: CodeIgniter\Debug\Exceptions->errorHandler(2, 'mail(): Failed ...', 'C:\\xampp_htdocs...', 1762)
#1 C:\xampp_htdocs\kasugaikyudo\production\system\Email\Email.php(1762): mail('k.kyudo.xampp@g...', '=?UTF-8?Q?=E3=8...', '\xE3\x81\x82\xE3\x81\x82\r\n\r\n\xE8\xA9\xB3\xE7\xB4...', 'Date: Tue, 16 J...', '-f k.kyudo.xamp...')
#2 C:\xampp_htdocs\kasugaikyudo\production\system\Email\Email.php(1694): CodeIgniter\Email\Email->sendWithMail()
#3 C:\xampp_htdocs\kasugaikyudo\production\system\Email\Email.php(1589): CodeIgniter\Email\Email->spoolEmail()
#4 C:\xampp_htdocs\kasugaikyudo\production\app\Libraries\Admin\AdminLibrarie.php(96): CodeIgniter\Email\Email->send()
#5 C:\xampp_htdocs\kasugaikyudo\production\app\Libraries\Admin\AdminNoticeLibrarie.php(488): App\Libraries\Admin\AdminLibrarie->send_mail_proc(Array, '\xE3\x81\x82 \xE3\x80\x90\xE3\x81\x8A\xE7\x9F\xA5\xE3\x82...', '\xE3\x81\x82\xE3\x81\x82\n\n\xE8\xA9\xB3\xE7\xB4\xB0\xE3...')
#6 C:\xampp_htdocs\kasugaikyudo\production\app\Libraries\Admin\AdminNoticeLibrarie.php(120): App\Libraries\Admin\AdminNoticeLibrarie->notice_mail_proc(Array, Array, 26)
#7 C:\xampp_htdocs\kasugaikyudo\production\app\Controllers\Admin\AdminNotice.php(263): App\Libraries\Admin\AdminNoticeLibrarie->notice_info_proc(Array, Array, 65, 26)
#8 C:\xampp_htdocs\kasugaikyudo\production\system\CodeIgniter.php(933): App\Controllers\Admin\AdminNotice->ajax_notice_regist_proc()
#9 C:\xampp_htdocs\kasugaikyudo\production\system\CodeIgniter.php(509): CodeIgniter\CodeIgniter->runController(Object(App\Controllers\Admin\AdminNotice))
#10 C:\xampp_htdocs\kasugaikyudo\production\system\CodeIgniter.php(355): CodeIgniter\CodeIgniter->handleRequest(NULL, Object(Config\Cache), false)
#11 C:\xampp_htdocs\kasugaikyudo\production\system\Boot.php(325): CodeIgniter\CodeIgniter->run()
#12 C:\xampp_htdocs\kasugaikyudo\production\system\Boot.php(67): CodeIgniter\Boot::runCodeIgniter(Object(CodeIgniter\CodeIgniter))
#13 C:\xampp_htdocs\kasugaikyudo\production\index.php(56): CodeIgniter\Boot::bootWeb(Object(Config\Paths))
#14 {main}
ERROR - 2026-06-16 23:20:04 --> Email: Unable to send email using PHP mail(). Your server might not be configured to send mail using this method.
ERROR - 2026-06-16 23:20:04 --> 
CRITICAL - 2026-06-16 23:20:11 --> ErrorException: Undefined array key "notice_category_id"
[Method: POST, Route: admin/notice_revision]
in APPPATH\Controllers\Admin\AdminNotice.php on line 118.
 1 APPPATH\Controllers\Admin\AdminNotice.php(118): CodeIgniter\Debug\Exceptions->errorHandler(2, 'Undefined array key "notice_category_id"', 'C:\\xampp_htdocs\\kasugaikyudo\\production\\app\\Controllers\\Admin\\AdminNotice.php', 118)
 2 SYSTEMPATH\CodeIgniter.php(933): App\Controllers\Admin\AdminNotice->notice_revision()
 3 SYSTEMPATH\CodeIgniter.php(509): CodeIgniter\CodeIgniter->runController(Object(App\Controllers\Admin\AdminNotice))
 4 SYSTEMPATH\CodeIgniter.php(355): CodeIgniter\CodeIgniter->handleRequest(null, Object(Config\Cache), false)
 5 SYSTEMPATH\Boot.php(325): CodeIgniter\CodeIgniter->run()
 6 SYSTEMPATH\Boot.php(67): CodeIgniter\Boot::runCodeIgniter(Object(CodeIgniter\CodeIgniter))
 7 FCPATH\index.php(56): CodeIgniter\Boot::bootWeb(Object(Config\Paths))
CRITICAL - 2026-06-16 23:31:07 --> ErrorException: Undefined array key "notice_category_id"
[Method: POST, Route: admin/notice_revision]
in APPPATH\Controllers\Admin\AdminNotice.php on line 118.
 1 APPPATH\Controllers\Admin\AdminNotice.php(118): CodeIgniter\Debug\Exceptions->errorHandler(2, 'Undefined array key "notice_category_id"', 'C:\\xampp_htdocs\\kasugaikyudo\\production\\app\\Controllers\\Admin\\AdminNotice.php', 118)
 2 SYSTEMPATH\CodeIgniter.php(933): App\Controllers\Admin\AdminNotice->notice_revision()
 3 SYSTEMPATH\CodeIgniter.php(509): CodeIgniter\CodeIgniter->runController(Object(App\Controllers\Admin\AdminNotice))
 4 SYSTEMPATH\CodeIgniter.php(355): CodeIgniter\CodeIgniter->handleRequest(null, Object(Config\Cache), false)
 5 SYSTEMPATH\Boot.php(325): CodeIgniter\CodeIgniter->run()
 6 SYSTEMPATH\Boot.php(67): CodeIgniter\Boot::runCodeIgniter(Object(CodeIgniter\CodeIgniter))
 7 FCPATH\index.php(56): CodeIgniter\Boot::bootWeb(Object(Config\Paths))
CRITICAL - 2026-06-16 23:34:09 --> ErrorException: Undefined array key "notice_category_id"
[Method: POST, Route: admin/notice_revision]
in APPPATH\Controllers\Admin\AdminNotice.php on line 118.
 1 APPPATH\Controllers\Admin\AdminNotice.php(118): CodeIgniter\Debug\Exceptions->errorHandler(2, 'Undefined array key "notice_category_id"', 'C:\\xampp_htdocs\\kasugaikyudo\\production\\app\\Controllers\\Admin\\AdminNotice.php', 118)
 2 SYSTEMPATH\CodeIgniter.php(933): App\Controllers\Admin\AdminNotice->notice_revision()
 3 SYSTEMPATH\CodeIgniter.php(509): CodeIgniter\CodeIgniter->runController(Object(App\Controllers\Admin\AdminNotice))
 4 SYSTEMPATH\CodeIgniter.php(355): CodeIgniter\CodeIgniter->handleRequest(null, Object(Config\Cache), false)
 5 SYSTEMPATH\Boot.php(325): CodeIgniter\CodeIgniter->run()
 6 SYSTEMPATH\Boot.php(67): CodeIgniter\Boot::runCodeIgniter(Object(CodeIgniter\CodeIgniter))
 7 FCPATH\index.php(56): CodeIgniter\Boot::bootWeb(Object(Config\Paths))
CRITICAL - 2026-06-16 23:34:44 --> ErrorException: Undefined array key "notice_category_id"
[Method: POST, Route: admin/notice_revision]
in APPPATH\Controllers\Admin\AdminNotice.php on line 118.
 1 APPPATH\Controllers\Admin\AdminNotice.php(118): CodeIgniter\Debug\Exceptions->errorHandler(2, 'Undefined array key "notice_category_id"', 'C:\\xampp_htdocs\\kasugaikyudo\\production\\app\\Controllers\\Admin\\AdminNotice.php', 118)
 2 SYSTEMPATH\CodeIgniter.php(933): App\Controllers\Admin\AdminNotice->notice_revision()
 3 SYSTEMPATH\CodeIgniter.php(509): CodeIgniter\CodeIgniter->runController(Object(App\Controllers\Admin\AdminNotice))
 4 SYSTEMPATH\CodeIgniter.php(355): CodeIgniter\CodeIgniter->handleRequest(null, Object(Config\Cache), false)
 5 SYSTEMPATH\Boot.php(325): CodeIgniter\CodeIgniter->run()
 6 SYSTEMPATH\Boot.php(67): CodeIgniter\Boot::runCodeIgniter(Object(CodeIgniter\CodeIgniter))
 7 FCPATH\index.php(56): CodeIgniter\Boot::bootWeb(Object(Config\Paths))
CRITICAL - 2026-06-16 23:36:56 --> ErrorException: Undefined array key "notice_category_id"
[Method: POST, Route: admin/notice_revision]
in APPPATH\Controllers\Admin\AdminNotice.php on line 118.
 1 APPPATH\Controllers\Admin\AdminNotice.php(118): CodeIgniter\Debug\Exceptions->errorHandler(2, 'Undefined array key "notice_category_id"', 'C:\\xampp_htdocs\\kasugaikyudo\\production\\app\\Controllers\\Admin\\AdminNotice.php', 118)
 2 SYSTEMPATH\CodeIgniter.php(933): App\Controllers\Admin\AdminNotice->notice_revision()
 3 SYSTEMPATH\CodeIgniter.php(509): CodeIgniter\CodeIgniter->runController(Object(App\Controllers\Admin\AdminNotice))
 4 SYSTEMPATH\CodeIgniter.php(355): CodeIgniter\CodeIgniter->handleRequest(null, Object(Config\Cache), false)
 5 SYSTEMPATH\Boot.php(325): CodeIgniter\CodeIgniter->run()
 6 SYSTEMPATH\Boot.php(67): CodeIgniter\Boot::runCodeIgniter(Object(CodeIgniter\CodeIgniter))
 7 FCPATH\index.php(56): CodeIgniter\Boot::bootWeb(Object(Config\Paths))
CRITICAL - 2026-06-16 23:37:20 --> ErrorException: Undefined array key "notice_category_id"
[Method: POST, Route: admin/notice_revision]
in APPPATH\Controllers\Admin\AdminNotice.php on line 118.
 1 APPPATH\Controllers\Admin\AdminNotice.php(118): CodeIgniter\Debug\Exceptions->errorHandler(2, 'Undefined array key "notice_category_id"', 'C:\\xampp_htdocs\\kasugaikyudo\\production\\app\\Controllers\\Admin\\AdminNotice.php', 118)
 2 SYSTEMPATH\CodeIgniter.php(933): App\Controllers\Admin\AdminNotice->notice_revision()
 3 SYSTEMPATH\CodeIgniter.php(509): CodeIgniter\CodeIgniter->runController(Object(App\Controllers\Admin\AdminNotice))
 4 SYSTEMPATH\CodeIgniter.php(355): CodeIgniter\CodeIgniter->handleRequest(null, Object(Config\Cache), false)
 5 SYSTEMPATH\Boot.php(325): CodeIgniter\CodeIgniter->run()
 6 SYSTEMPATH\Boot.php(67): CodeIgniter\Boot::runCodeIgniter(Object(CodeIgniter\CodeIgniter))
 7 FCPATH\index.php(56): CodeIgniter\Boot::bootWeb(Object(Config\Paths))
CRITICAL - 2026-06-16 23:48:21 --> ErrorException: Undefined array key "notice_name"
[Method: GET, Route: home]
in APPPATH\Helpers\notice_helper.php on line 29.
 1 APPPATH\Helpers\notice_helper.php(29): CodeIgniter\Debug\Exceptions->errorHandler(2, 'Undefined array key "notice_name"', 'C:\\xampp_htdocs\\kasugaikyudo\\production\\app\\Helpers\\notice_helper.php', 29)
 2 APPPATH\Views\home\index.php(13): get_notice_list_html([...], [...], [...])
 3 SYSTEMPATH\View\View.php(234): include('C:\\xampp_htdocs\\kasugaikyudo\\production\\app\\Views\\home\\index.php')
 4 SYSTEMPATH\View\View.php(237): CodeIgniter\View\View->CodeIgniter\View\{closure}()
 5 SYSTEMPATH\Common.php(1171): CodeIgniter\View\View->render('home/index', [], true)
 6 APPPATH\Controllers\Home.php(44): view('home/index')
 7 SYSTEMPATH\CodeIgniter.php(933): App\Controllers\Home->index()
 8 SYSTEMPATH\CodeIgniter.php(509): CodeIgniter\CodeIgniter->runController(Object(App\Controllers\Home))
 9 SYSTEMPATH\CodeIgniter.php(355): CodeIgniter\CodeIgniter->handleRequest(null, Object(Config\Cache), false)
10 SYSTEMPATH\Boot.php(325): CodeIgniter\CodeIgniter->run()
11 SYSTEMPATH\Boot.php(67): CodeIgniter\Boot::runCodeIgniter(Object(CodeIgniter\CodeIgniter))
12 FCPATH\index.php(56): CodeIgniter\Boot::bootWeb(Object(Config\Paths))
CRITICAL - 2026-06-16 23:48:24 --> ErrorException: Undefined array key "notice_name"
[Method: GET, Route: home]
in APPPATH\Helpers\notice_helper.php on line 29.
 1 APPPATH\Helpers\notice_helper.php(29): CodeIgniter\Debug\Exceptions->errorHandler(2, 'Undefined array key "notice_name"', 'C:\\xampp_htdocs\\kasugaikyudo\\production\\app\\Helpers\\notice_helper.php', 29)
 2 APPPATH\Views\home\index.php(13): get_notice_list_html([...], [...], [...])
 3 SYSTEMPATH\View\View.php(234): include('C:\\xampp_htdocs\\kasugaikyudo\\production\\app\\Views\\home\\index.php')
 4 SYSTEMPATH\View\View.php(237): CodeIgniter\View\View->CodeIgniter\View\{closure}()
 5 SYSTEMPATH\Common.php(1171): CodeIgniter\View\View->render('home/index', [], true)
 6 APPPATH\Controllers\Home.php(44): view('home/index')
 7 SYSTEMPATH\CodeIgniter.php(933): App\Controllers\Home->index()
 8 SYSTEMPATH\CodeIgniter.php(509): CodeIgniter\CodeIgniter->runController(Object(App\Controllers\Home))
 9 SYSTEMPATH\CodeIgniter.php(355): CodeIgniter\CodeIgniter->handleRequest(null, Object(Config\Cache), false)
10 SYSTEMPATH\Boot.php(325): CodeIgniter\CodeIgniter->run()
11 SYSTEMPATH\Boot.php(67): CodeIgniter\Boot::runCodeIgniter(Object(CodeIgniter\CodeIgniter))
12 FCPATH\index.php(56): CodeIgniter\Boot::bootWeb(Object(Config\Paths))
CRITICAL - 2026-06-16 23:49:42 --> ErrorException: Undefined array key "notice_id"
[Method: POST, Route: admin/notice_revision]
in APPPATH\Helpers\admin_helper.php on line 202.
 1 APPPATH\Helpers\admin_helper.php(202): CodeIgniter\Debug\Exceptions->errorHandler(2, 'Undefined array key "notice_id"', 'C:\\xampp_htdocs\\kasugaikyudo\\production\\app\\Helpers\\admin_helper.php', 202)
 2 APPPATH\Views\admin\notice\notice_regist.php(23): form_dropdown_category_notice('relation-event-id', [...])
 3 SYSTEMPATH\View\View.php(234): include('C:\\xampp_htdocs\\kasugaikyudo\\production\\app\\Views\\admin\\notice\\notice_regist.php')
 4 SYSTEMPATH\View\View.php(237): CodeIgniter\View\View->CodeIgniter\View\{closure}()
 5 SYSTEMPATH\Common.php(1171): CodeIgniter\View\View->render('admin/notice/notice_regist', [], true)
 6 APPPATH\Controllers\Admin\AdminNotice.php(153): view('admin/notice/notice_regist')
 7 SYSTEMPATH\CodeIgniter.php(933): App\Controllers\Admin\AdminNotice->notice_revision()
 8 SYSTEMPATH\CodeIgniter.php(509): CodeIgniter\CodeIgniter->runController(Object(App\Controllers\Admin\AdminNotice))
 9 SYSTEMPATH\CodeIgniter.php(355): CodeIgniter\CodeIgniter->handleRequest(null, Object(Config\Cache), false)
10 SYSTEMPATH\Boot.php(325): CodeIgniter\CodeIgniter->run()
11 SYSTEMPATH\Boot.php(67): CodeIgniter\Boot::runCodeIgniter(Object(CodeIgniter\CodeIgniter))
12 FCPATH\index.php(56): CodeIgniter\Boot::bootWeb(Object(Config\Paths))
CRITICAL - 2026-06-16 23:56:40 --> TypeError: App\Models\NoticeModel::update_notice_info(): Argument #2 ($noticeId) must be of type int, string given, called in C:\xampp_htdocs\kasugaikyudo\production\app\Libraries\Admin\AdminNoticeLibrarie.php on line 109
[Method: POST, Route: admin/notice_regist_proc]
in APPPATH\Models\NoticeModel.php on line 342.
 1 APPPATH\Libraries\Admin\AdminNoticeLibrarie.php(109): App\Models\NoticeModel->update_notice_info(198, 'undefined', 'あ1234', 'ああ333', 0, 0, '', 65)
 2 APPPATH\Controllers\Admin\AdminNotice.php(263): App\Libraries\Admin\AdminNoticeLibrarie->notice_info_proc([...], [], 65, 26)
 3 SYSTEMPATH\CodeIgniter.php(933): App\Controllers\Admin\AdminNotice->ajax_notice_regist_proc()
 4 SYSTEMPATH\CodeIgniter.php(509): CodeIgniter\CodeIgniter->runController(Object(App\Controllers\Admin\AdminNotice))
 5 SYSTEMPATH\CodeIgniter.php(355): CodeIgniter\CodeIgniter->handleRequest(null, Object(Config\Cache), false)
 6 SYSTEMPATH\Boot.php(325): CodeIgniter\CodeIgniter->run()
 7 SYSTEMPATH\Boot.php(67): CodeIgniter\Boot::runCodeIgniter(Object(CodeIgniter\CodeIgniter))
 8 FCPATH\index.php(56): CodeIgniter\Boot::bootWeb(Object(Config\Paths))
CRITICAL - 2026-06-16 23:58:41 --> TypeError: App\Models\NoticeModel::update_notice_info(): Argument #2 ($noticeCategoryId) must be of type int, string given, called in C:\xampp_htdocs\kasugaikyudo\production\app\Libraries\Admin\AdminNoticeLibrarie.php on line 109
[Method: POST, Route: admin/notice_regist_proc]
in APPPATH\Models\NoticeModel.php on line 342.
 1 APPPATH\Libraries\Admin\AdminNoticeLibrarie.php(109): App\Models\NoticeModel->update_notice_info(198, 'undefined', 'あ1234', 'ああ333', 0, 0, '', 65)
 2 APPPATH\Controllers\Admin\AdminNotice.php(263): App\Libraries\Admin\AdminNoticeLibrarie->notice_info_proc([...], [], 65, 26)
 3 SYSTEMPATH\CodeIgniter.php(933): App\Controllers\Admin\AdminNotice->ajax_notice_regist_proc()
 4 SYSTEMPATH\CodeIgniter.php(509): CodeIgniter\CodeIgniter->runController(Object(App\Controllers\Admin\AdminNotice))
 5 SYSTEMPATH\CodeIgniter.php(355): CodeIgniter\CodeIgniter->handleRequest(null, Object(Config\Cache), false)
 6 SYSTEMPATH\Boot.php(325): CodeIgniter\CodeIgniter->run()
 7 SYSTEMPATH\Boot.php(67): CodeIgniter\Boot::runCodeIgniter(Object(CodeIgniter\CodeIgniter))
 8 FCPATH\index.php(56): CodeIgniter\Boot::bootWeb(Object(Config\Paths))
CRITICAL - 2026-06-16 23:59:27 --> TypeError: App\Models\NoticeModel::update_notice_info(): Argument #2 ($noticeCategoryId) must be of type int, string given, called in C:\xampp_htdocs\kasugaikyudo\production\app\Libraries\Admin\AdminNoticeLibrarie.php on line 109
[Method: POST, Route: admin/notice_regist_proc]
in APPPATH\Models\NoticeModel.php on line 342.
 1 APPPATH\Libraries\Admin\AdminNoticeLibrarie.php(109): App\Models\NoticeModel->update_notice_info(198, 'undefined', 'あ1234', 'ああ333', 0, 0, '', 65)
 2 APPPATH\Controllers\Admin\AdminNotice.php(263): App\Libraries\Admin\AdminNoticeLibrarie->notice_info_proc([...], [], 65, 26)
 3 SYSTEMPATH\CodeIgniter.php(933): App\Controllers\Admin\AdminNotice->ajax_notice_regist_proc()
 4 SYSTEMPATH\CodeIgniter.php(509): CodeIgniter\CodeIgniter->runController(Object(App\Controllers\Admin\AdminNotice))
 5 SYSTEMPATH\CodeIgniter.php(355): CodeIgniter\CodeIgniter->handleRequest(null, Object(Config\Cache), false)
 6 SYSTEMPATH\Boot.php(325): CodeIgniter\CodeIgniter->run()
 7 SYSTEMPATH\Boot.php(67): CodeIgniter\Boot::runCodeIgniter(Object(CodeIgniter\CodeIgniter))
 8 FCPATH\index.php(56): CodeIgniter\Boot::bootWeb(Object(Config\Paths))
