CRITICAL - 2026-06-28 12:16:40 --> ErrorException: Undefined variable $categoryId
[Method: GET, Route: calendar/]
in APPPATH/Models/CalendarModel.php on line 38.
 1 APPPATH/Models/CalendarModel.php(38): CodeIgniter\Debug\Exceptions->errorHandler(2, 'Undefined variable $categoryId', '/var/www/ci4/haruyumi.net/app/Models/CalendarModel.php', 38)
 2 APPPATH/Libraries/CalendarLibrarie.php(21): App\Models\CalendarModel->get_document_list()
 3 APPPATH/Controllers/Calendar.php(33): App\Libraries\CalendarLibrarie->get_document_list()
 4 SYSTEMPATH/CodeIgniter.php(933): App\Controllers\Calendar->index()
 5 SYSTEMPATH/CodeIgniter.php(509): CodeIgniter\CodeIgniter->runController(Object(App\Controllers\Calendar))
 6 SYSTEMPATH/CodeIgniter.php(355): CodeIgniter\CodeIgniter->handleRequest(null, Object(Config\Cache), false)
 7 SYSTEMPATH/Boot.php(325): CodeIgniter\CodeIgniter->run()
 8 SYSTEMPATH/Boot.php(67): CodeIgniter\Boot::runCodeIgniter(Object(CodeIgniter\CodeIgniter))
 9 FCPATH/index.php(56): CodeIgniter\Boot::bootWeb(Object(Config\Paths))
CRITICAL - 2026-06-28 23:39:27 --> ErrorException: Undefined variable $officerFlg
[Method: POST, Route: admin/event_revision]
in APPPATH/Views/common/header.php on line 13.
 1 APPPATH/Views/common/header.php(13): CodeIgniter\Debug\Exceptions->errorHandler(2, 'Undefined variable $officerFlg', '/var/www/ci4/haruyumi.net/app/Views/common/header.php', 13)
 2 SYSTEMPATH/View/View.php(234): include('/var/www/ci4/haruyumi.net/app/Views/common/header.php')
 3 SYSTEMPATH/View/View.php(237): CodeIgniter\View\View->CodeIgniter\View\{closure}()
 4 SYSTEMPATH/Common.php(1171): CodeIgniter\View\View->render('common/header', [], true)
 5 APPPATH/Controllers/Admin/AdminEvent.php(71): view('common/header', [...])
 6 SYSTEMPATH/CodeIgniter.php(933): App\Controllers\Admin\AdminEvent->event_revision()
 7 SYSTEMPATH/CodeIgniter.php(509): CodeIgniter\CodeIgniter->runController(Object(App\Controllers\Admin\AdminEvent))
 8 SYSTEMPATH/CodeIgniter.php(355): CodeIgniter\CodeIgniter->handleRequest(null, Object(Config\Cache), false)
 9 SYSTEMPATH/Boot.php(325): CodeIgniter\CodeIgniter->run()
10 SYSTEMPATH/Boot.php(67): CodeIgniter\Boot::runCodeIgniter(Object(CodeIgniter\CodeIgniter))
11 FCPATH/index.php(56): CodeIgniter\Boot::bootWeb(Object(Config\Paths))
