CRITICAL - 2026-06-15 23:38:15 --> ErrorException: Undefined array key "notice_category_id"
[Method: POST, Route: admin/notice_revision]
in APPPATH\Controllers\Admin\AdminNotice.php on line 118.
 1 APPPATH\Controllers\Admin\AdminNotice.php(118): CodeIgniter\Debug\Exceptions->errorHandler(2, 'Undefined array key "notice_category_id"', 'C:\\xampp_htdocs\\kasugaikyudo\\production\\app\\Controllers\\Admin\\AdminNotice.php', 118)
 2 SYSTEMPATH\CodeIgniter.php(933): App\Controllers\Admin\AdminNotice->notice_revision()
 3 SYSTEMPATH\CodeIgniter.php(509): CodeIgniter\CodeIgniter->runController(Object(App\Controllers\Admin\AdminNotice))
 4 SYSTEMPATH\CodeIgniter.php(355): CodeIgniter\CodeIgniter->handleRequest(null, Object(Config\Cache), false)
 5 SYSTEMPATH\Boot.php(325): CodeIgniter\CodeIgniter->run()
 6 SYSTEMPATH\Boot.php(67): CodeIgniter\Boot::runCodeIgniter(Object(CodeIgniter\CodeIgniter))
 7 FCPATH\index.php(56): CodeIgniter\Boot::bootWeb(Object(Config\Paths))
CRITICAL - 2026-06-15 23:40:01 --> ErrorException: Undefined array key "notice_category_id"
[Method: POST, Route: admin/notice_revision]
in APPPATH\Controllers\Admin\AdminNotice.php on line 118.
 1 APPPATH\Controllers\Admin\AdminNotice.php(118): CodeIgniter\Debug\Exceptions->errorHandler(2, 'Undefined array key "notice_category_id"', 'C:\\xampp_htdocs\\kasugaikyudo\\production\\app\\Controllers\\Admin\\AdminNotice.php', 118)
 2 SYSTEMPATH\CodeIgniter.php(933): App\Controllers\Admin\AdminNotice->notice_revision()
 3 SYSTEMPATH\CodeIgniter.php(509): CodeIgniter\CodeIgniter->runController(Object(App\Controllers\Admin\AdminNotice))
 4 SYSTEMPATH\CodeIgniter.php(355): CodeIgniter\CodeIgniter->handleRequest(null, Object(Config\Cache), false)
 5 SYSTEMPATH\Boot.php(325): CodeIgniter\CodeIgniter->run()
 6 SYSTEMPATH\Boot.php(67): CodeIgniter\Boot::runCodeIgniter(Object(CodeIgniter\CodeIgniter))
 7 FCPATH\index.php(56): CodeIgniter\Boot::bootWeb(Object(Config\Paths))
CRITICAL - 2026-06-15 23:43:36 --> ErrorException: Undefined array key "notice_category_id"
[Method: POST, Route: admin/notice_revision]
in APPPATH\Controllers\Admin\AdminNotice.php on line 118.
 1 APPPATH\Controllers\Admin\AdminNotice.php(118): CodeIgniter\Debug\Exceptions->errorHandler(2, 'Undefined array key "notice_category_id"', 'C:\\xampp_htdocs\\kasugaikyudo\\production\\app\\Controllers\\Admin\\AdminNotice.php', 118)
 2 SYSTEMPATH\CodeIgniter.php(933): App\Controllers\Admin\AdminNotice->notice_revision()
 3 SYSTEMPATH\CodeIgniter.php(509): CodeIgniter\CodeIgniter->runController(Object(App\Controllers\Admin\AdminNotice))
 4 SYSTEMPATH\CodeIgniter.php(355): CodeIgniter\CodeIgniter->handleRequest(null, Object(Config\Cache), false)
 5 SYSTEMPATH\Boot.php(325): CodeIgniter\CodeIgniter->run()
 6 SYSTEMPATH\Boot.php(67): CodeIgniter\Boot::runCodeIgniter(Object(CodeIgniter\CodeIgniter))
 7 FCPATH\index.php(56): CodeIgniter\Boot::bootWeb(Object(Config\Paths))
