CRITICAL - 2025-01-18 22:48:49 --> Error: Call to undefined function form_dropdown()
[Method: GET, Route: shinsa/detail/2]
in APPPATH\Helpers\shinsa_helper.php on line 140.
 1 APPPATH\Views\shinsa\detail_chiho.php(4): get_shinsa_chiho_detail_html([...], [...], [...])
 2 SYSTEMPATH\View\View.php(234): include('C:\\xampp\\htdocs\\kasugaikyudo\\production\\app\\Views\\shinsa\\detail_chiho.php')
 3 SYSTEMPATH\View\View.php(237): CodeIgniter\View\View->CodeIgniter\View\{closure}()
 4 SYSTEMPATH\Common.php(1171): CodeIgniter\View\View->render('shinsa/detail_chiho', [], true)
 5 APPPATH\Controllers\Shinsa.php(90): view('shinsa/detail_chiho', [...])
 6 SYSTEMPATH\CodeIgniter.php(933): App\Controllers\Shinsa->detail('2')
 7 SYSTEMPATH\CodeIgniter.php(509): CodeIgniter\CodeIgniter->runController(Object(App\Controllers\Shinsa))
 8 SYSTEMPATH\CodeIgniter.php(355): CodeIgniter\CodeIgniter->handleRequest(null, Object(Config\Cache), false)
 9 SYSTEMPATH\Boot.php(325): CodeIgniter\CodeIgniter->run()
10 SYSTEMPATH\Boot.php(67): CodeIgniter\Boot::runCodeIgniter(Object(CodeIgniter\CodeIgniter))
11 FCPATH\index.php(56): CodeIgniter\Boot::bootWeb(Object(Config\Paths))
CRITICAL - 2025-01-18 22:49:06 --> Error: Call to undefined function form_dropdown()
[Method: GET, Route: shinsa/detail/2]
in APPPATH\Helpers\shinsa_helper.php on line 140.
 1 APPPATH\Views\shinsa\detail_chiho.php(4): get_shinsa_chiho_detail_html([...], [...], [...])
 2 SYSTEMPATH\View\View.php(234): include('C:\\xampp\\htdocs\\kasugaikyudo\\production\\app\\Views\\shinsa\\detail_chiho.php')
 3 SYSTEMPATH\View\View.php(237): CodeIgniter\View\View->CodeIgniter\View\{closure}()
 4 SYSTEMPATH\Common.php(1171): CodeIgniter\View\View->render('shinsa/detail_chiho', [], true)
 5 APPPATH\Controllers\Shinsa.php(90): view('shinsa/detail_chiho', [...])
 6 SYSTEMPATH\CodeIgniter.php(933): App\Controllers\Shinsa->detail('2')
 7 SYSTEMPATH\CodeIgniter.php(509): CodeIgniter\CodeIgniter->runController(Object(App\Controllers\Shinsa))
 8 SYSTEMPATH\CodeIgniter.php(355): CodeIgniter\CodeIgniter->handleRequest(null, Object(Config\Cache), false)
 9 SYSTEMPATH\Boot.php(325): CodeIgniter\CodeIgniter->run()
10 SYSTEMPATH\Boot.php(67): CodeIgniter\Boot::runCodeIgniter(Object(CodeIgniter\CodeIgniter))
11 FCPATH\index.php(56): CodeIgniter\Boot::bootWeb(Object(Config\Paths))
CRITICAL - 2025-01-18 22:50:24 --> Error: Call to undefined function form_dropdown_unshift()
[Method: GET, Route: shinsa/detail/2]
in APPPATH\Helpers\shinsa_helper.php on line 140.
 1 APPPATH\Views\shinsa\detail_chiho.php(4): get_shinsa_chiho_detail_html([...], [...], [...])
 2 SYSTEMPATH\View\View.php(234): include('C:\\xampp\\htdocs\\kasugaikyudo\\production\\app\\Views\\shinsa\\detail_chiho.php')
 3 SYSTEMPATH\View\View.php(237): CodeIgniter\View\View->CodeIgniter\View\{closure}()
 4 SYSTEMPATH\Common.php(1171): CodeIgniter\View\View->render('shinsa/detail_chiho', [], true)
 5 APPPATH\Controllers\Shinsa.php(90): view('shinsa/detail_chiho', [...])
 6 SYSTEMPATH\CodeIgniter.php(933): App\Controllers\Shinsa->detail('2')
 7 SYSTEMPATH\CodeIgniter.php(509): CodeIgniter\CodeIgniter->runController(Object(App\Controllers\Shinsa))
 8 SYSTEMPATH\CodeIgniter.php(355): CodeIgniter\CodeIgniter->handleRequest(null, Object(Config\Cache), false)
 9 SYSTEMPATH\Boot.php(325): CodeIgniter\CodeIgniter->run()
10 SYSTEMPATH\Boot.php(67): CodeIgniter\Boot::runCodeIgniter(Object(CodeIgniter\CodeIgniter))
11 FCPATH\index.php(56): CodeIgniter\Boot::bootWeb(Object(Config\Paths))
CRITICAL - 2025-01-18 22:51:12 --> Error: Call to undefined function form_dropdown_unshift()
[Method: GET, Route: shinsa/detail/2]
in APPPATH\Helpers\shinsa_helper.php on line 140.
 1 APPPATH\Views\shinsa\detail_chiho.php(4): get_shinsa_chiho_detail_html([...], [...], [...])
 2 SYSTEMPATH\View\View.php(234): include('C:\\xampp\\htdocs\\kasugaikyudo\\production\\app\\Views\\shinsa\\detail_chiho.php')
 3 SYSTEMPATH\View\View.php(237): CodeIgniter\View\View->CodeIgniter\View\{closure}()
 4 SYSTEMPATH\Common.php(1171): CodeIgniter\View\View->render('shinsa/detail_chiho', [], true)
 5 APPPATH\Controllers\Shinsa.php(90): view('shinsa/detail_chiho', [...])
 6 SYSTEMPATH\CodeIgniter.php(933): App\Controllers\Shinsa->detail('2')
 7 SYSTEMPATH\CodeIgniter.php(509): CodeIgniter\CodeIgniter->runController(Object(App\Controllers\Shinsa))
 8 SYSTEMPATH\CodeIgniter.php(355): CodeIgniter\CodeIgniter->handleRequest(null, Object(Config\Cache), false)
 9 SYSTEMPATH\Boot.php(325): CodeIgniter\CodeIgniter->run()
10 SYSTEMPATH\Boot.php(67): CodeIgniter\Boot::runCodeIgniter(Object(CodeIgniter\CodeIgniter))
11 FCPATH\index.php(56): CodeIgniter\Boot::bootWeb(Object(Config\Paths))
CRITICAL - 2025-01-18 22:53:04 --> Error: Call to undefined function form_dropdown_unshift()
[Method: GET, Route: shinsa/detail/2]
in APPPATH\Helpers\shinsa_helper.php on line 140.
 1 APPPATH\Views\shinsa\detail_chiho.php(4): get_shinsa_chiho_detail_html([...], [...], [...])
 2 SYSTEMPATH\View\View.php(234): include('C:\\xampp\\htdocs\\kasugaikyudo\\production\\app\\Views\\shinsa\\detail_chiho.php')
 3 SYSTEMPATH\View\View.php(237): CodeIgniter\View\View->CodeIgniter\View\{closure}()
 4 SYSTEMPATH\Common.php(1171): CodeIgniter\View\View->render('shinsa/detail_chiho', [], true)
 5 APPPATH\Controllers\Shinsa.php(90): view('shinsa/detail_chiho', [...])
 6 SYSTEMPATH\CodeIgniter.php(933): App\Controllers\Shinsa->detail('2')
 7 SYSTEMPATH\CodeIgniter.php(509): CodeIgniter\CodeIgniter->runController(Object(App\Controllers\Shinsa))
 8 SYSTEMPATH\CodeIgniter.php(355): CodeIgniter\CodeIgniter->handleRequest(null, Object(Config\Cache), false)
 9 SYSTEMPATH\Boot.php(325): CodeIgniter\CodeIgniter->run()
10 SYSTEMPATH\Boot.php(67): CodeIgniter\Boot::runCodeIgniter(Object(CodeIgniter\CodeIgniter))
11 FCPATH\index.php(56): CodeIgniter\Boot::bootWeb(Object(Config\Paths))
CRITICAL - 2025-01-18 22:53:13 --> Error: Call to undefined function form_dropdown_unshift()
[Method: GET, Route: shinsa/detail/2]
in APPPATH\Helpers\shinsa_helper.php on line 140.
 1 APPPATH\Views\shinsa\detail_chiho.php(4): get_shinsa_chiho_detail_html([...], [...], [...])
 2 SYSTEMPATH\View\View.php(234): include('C:\\xampp\\htdocs\\kasugaikyudo\\production\\app\\Views\\shinsa\\detail_chiho.php')
 3 SYSTEMPATH\View\View.php(237): CodeIgniter\View\View->CodeIgniter\View\{closure}()
 4 SYSTEMPATH\Common.php(1171): CodeIgniter\View\View->render('shinsa/detail_chiho', [], true)
 5 APPPATH\Controllers\Shinsa.php(90): view('shinsa/detail_chiho', [...])
 6 SYSTEMPATH\CodeIgniter.php(933): App\Controllers\Shinsa->detail('2')
 7 SYSTEMPATH\CodeIgniter.php(509): CodeIgniter\CodeIgniter->runController(Object(App\Controllers\Shinsa))
 8 SYSTEMPATH\CodeIgniter.php(355): CodeIgniter\CodeIgniter->handleRequest(null, Object(Config\Cache), false)
 9 SYSTEMPATH\Boot.php(325): CodeIgniter\CodeIgniter->run()
10 SYSTEMPATH\Boot.php(67): CodeIgniter\Boot::runCodeIgniter(Object(CodeIgniter\CodeIgniter))
11 FCPATH\index.php(56): CodeIgniter\Boot::bootWeb(Object(Config\Paths))
CRITICAL - 2025-01-18 22:53:39 --> Error: Call to undefined function form_dropdown()
[Method: GET, Route: shinsa/detail/2]
in APPPATH\Helpers\common_helper.php on line 19.
 1 APPPATH\Helpers\shinsa_helper.php(140): form_dropdown_unshift('shinsa_target', [...])
 2 APPPATH\Views\shinsa\detail_chiho.php(4): get_shinsa_chiho_detail_html([...], [...], [...])
 3 SYSTEMPATH\View\View.php(234): include('C:\\xampp\\htdocs\\kasugaikyudo\\production\\app\\Views\\shinsa\\detail_chiho.php')
 4 SYSTEMPATH\View\View.php(237): CodeIgniter\View\View->CodeIgniter\View\{closure}()
 5 SYSTEMPATH\Common.php(1171): CodeIgniter\View\View->render('shinsa/detail_chiho', [], true)
 6 APPPATH\Controllers\Shinsa.php(90): view('shinsa/detail_chiho', [...])
 7 SYSTEMPATH\CodeIgniter.php(933): App\Controllers\Shinsa->detail('2')
 8 SYSTEMPATH\CodeIgniter.php(509): CodeIgniter\CodeIgniter->runController(Object(App\Controllers\Shinsa))
 9 SYSTEMPATH\CodeIgniter.php(355): CodeIgniter\CodeIgniter->handleRequest(null, Object(Config\Cache), false)
10 SYSTEMPATH\Boot.php(325): CodeIgniter\CodeIgniter->run()
11 SYSTEMPATH\Boot.php(67): CodeIgniter\Boot::runCodeIgniter(Object(CodeIgniter\CodeIgniter))
12 FCPATH\index.php(56): CodeIgniter\Boot::bootWeb(Object(Config\Paths))
CRITICAL - 2025-01-18 22:59:41 --> Error: Call to undefined function form_dropdown()
[Method: GET, Route: shinsa/detail/2]
in APPPATH\Helpers\common_helper.php on line 19.
 1 APPPATH\Helpers\shinsa_helper.php(140): form_dropdown_unshift('shinsa_target', [...])
 2 APPPATH\Views\shinsa\detail_chiho.php(4): get_shinsa_chiho_detail_html([...], [...], [...])
 3 SYSTEMPATH\View\View.php(234): include('C:\\xampp\\htdocs\\kasugaikyudo\\production\\app\\Views\\shinsa\\detail_chiho.php')
 4 SYSTEMPATH\View\View.php(237): CodeIgniter\View\View->CodeIgniter\View\{closure}()
 5 SYSTEMPATH\Common.php(1171): CodeIgniter\View\View->render('shinsa/detail_chiho', [], true)
 6 APPPATH\Controllers\Shinsa.php(90): view('shinsa/detail_chiho', [...])
 7 SYSTEMPATH\CodeIgniter.php(933): App\Controllers\Shinsa->detail('2')
 8 SYSTEMPATH\CodeIgniter.php(509): CodeIgniter\CodeIgniter->runController(Object(App\Controllers\Shinsa))
 9 SYSTEMPATH\CodeIgniter.php(355): CodeIgniter\CodeIgniter->handleRequest(null, Object(Config\Cache), false)
10 SYSTEMPATH\Boot.php(325): CodeIgniter\CodeIgniter->run()
11 SYSTEMPATH\Boot.php(67): CodeIgniter\Boot::runCodeIgniter(Object(CodeIgniter\CodeIgniter))
12 FCPATH\index.php(56): CodeIgniter\Boot::bootWeb(Object(Config\Paths))
CRITICAL - 2025-01-18 22:59:47 --> TypeError: array_push(): Argument #1 ($array) must be of type array, string given
[Method: GET, Route: shinsa/detail/2]
in APPPATH\Helpers\common_helper.php on line 34.
 1 APPPATH\Helpers\common_helper.php(34): array_push('四段の部')
 2 APPPATH\Helpers\shinsa_helper.php(140): form_dropdown_key_unshift('shinsa_target', [...], 'shinsa_target_name')
 3 APPPATH\Views\shinsa\detail_chiho.php(4): get_shinsa_chiho_detail_html([...], [...], [...])
 4 SYSTEMPATH\View\View.php(234): include('C:\\xampp\\htdocs\\kasugaikyudo\\production\\app\\Views\\shinsa\\detail_chiho.php')
 5 SYSTEMPATH\View\View.php(237): CodeIgniter\View\View->CodeIgniter\View\{closure}()
 6 SYSTEMPATH\Common.php(1171): CodeIgniter\View\View->render('shinsa/detail_chiho', [], true)
 7 APPPATH\Controllers\Shinsa.php(90): view('shinsa/detail_chiho', [...])
 8 SYSTEMPATH\CodeIgniter.php(933): App\Controllers\Shinsa->detail('2')
 9 SYSTEMPATH\CodeIgniter.php(509): CodeIgniter\CodeIgniter->runController(Object(App\Controllers\Shinsa))
10 SYSTEMPATH\CodeIgniter.php(355): CodeIgniter\CodeIgniter->handleRequest(null, Object(Config\Cache), false)
11 SYSTEMPATH\Boot.php(325): CodeIgniter\CodeIgniter->run()
12 SYSTEMPATH\Boot.php(67): CodeIgniter\Boot::runCodeIgniter(Object(CodeIgniter\CodeIgniter))
13 FCPATH\index.php(56): CodeIgniter\Boot::bootWeb(Object(Config\Paths))
CRITICAL - 2025-01-18 23:00:20 --> TypeError: array_push(): Argument #1 ($array) must be of type array, string given
[Method: GET, Route: shinsa/detail/2]
in APPPATH\Helpers\common_helper.php on line 34.
 1 APPPATH\Helpers\common_helper.php(34): array_push('四段の部')
 2 APPPATH\Helpers\shinsa_helper.php(140): form_dropdown_key_unshift('shinsa_target', [...], 'shinsa_target_name')
 3 APPPATH\Views\shinsa\detail_chiho.php(4): get_shinsa_chiho_detail_html([...], [...], [...])
 4 SYSTEMPATH\View\View.php(234): include('C:\\xampp\\htdocs\\kasugaikyudo\\production\\app\\Views\\shinsa\\detail_chiho.php')
 5 SYSTEMPATH\View\View.php(237): CodeIgniter\View\View->CodeIgniter\View\{closure}()
 6 SYSTEMPATH\Common.php(1171): CodeIgniter\View\View->render('shinsa/detail_chiho', [], true)
 7 APPPATH\Controllers\Shinsa.php(90): view('shinsa/detail_chiho', [...])
 8 SYSTEMPATH\CodeIgniter.php(933): App\Controllers\Shinsa->detail('2')
 9 SYSTEMPATH\CodeIgniter.php(509): CodeIgniter\CodeIgniter->runController(Object(App\Controllers\Shinsa))
10 SYSTEMPATH\CodeIgniter.php(355): CodeIgniter\CodeIgniter->handleRequest(null, Object(Config\Cache), false)
11 SYSTEMPATH\Boot.php(325): CodeIgniter\CodeIgniter->run()
12 SYSTEMPATH\Boot.php(67): CodeIgniter\Boot::runCodeIgniter(Object(CodeIgniter\CodeIgniter))
13 FCPATH\index.php(56): CodeIgniter\Boot::bootWeb(Object(Config\Paths))
CRITICAL - 2025-01-18 23:01:09 --> TypeError: array_push(): Argument #1 ($array) must be of type array, string given
[Method: GET, Route: shinsa/detail/2]
in APPPATH\Helpers\common_helper.php on line 34.
 1 APPPATH\Helpers\common_helper.php(34): array_push('四段の部')
 2 APPPATH\Helpers\shinsa_helper.php(140): form_dropdown_key_unshift('shinsa_target', [...], 'shinsa_target_name')
 3 APPPATH\Views\shinsa\detail_chiho.php(4): get_shinsa_chiho_detail_html([...], [...], [...])
 4 SYSTEMPATH\View\View.php(234): include('C:\\xampp\\htdocs\\kasugaikyudo\\production\\app\\Views\\shinsa\\detail_chiho.php')
 5 SYSTEMPATH\View\View.php(237): CodeIgniter\View\View->CodeIgniter\View\{closure}()
 6 SYSTEMPATH\Common.php(1171): CodeIgniter\View\View->render('shinsa/detail_chiho', [], true)
 7 APPPATH\Controllers\Shinsa.php(90): view('shinsa/detail_chiho', [...])
 8 SYSTEMPATH\CodeIgniter.php(933): App\Controllers\Shinsa->detail('2')
 9 SYSTEMPATH\CodeIgniter.php(509): CodeIgniter\CodeIgniter->runController(Object(App\Controllers\Shinsa))
10 SYSTEMPATH\CodeIgniter.php(355): CodeIgniter\CodeIgniter->handleRequest(null, Object(Config\Cache), false)
11 SYSTEMPATH\Boot.php(325): CodeIgniter\CodeIgniter->run()
12 SYSTEMPATH\Boot.php(67): CodeIgniter\Boot::runCodeIgniter(Object(CodeIgniter\CodeIgniter))
13 FCPATH\index.php(56): CodeIgniter\Boot::bootWeb(Object(Config\Paths))
CRITICAL - 2025-01-18 23:01:59 --> Error: Call to undefined function form_dropdown()
[Method: GET, Route: shinsa/detail/2]
in APPPATH\Helpers\common_helper.php on line 37.
 1 APPPATH\Helpers\shinsa_helper.php(140): form_dropdown_key_unshift('shinsa_target', [...], 'shinsa_target_name')
 2 APPPATH\Views\shinsa\detail_chiho.php(4): get_shinsa_chiho_detail_html([...], [...], [...])
 3 SYSTEMPATH\View\View.php(234): include('C:\\xampp\\htdocs\\kasugaikyudo\\production\\app\\Views\\shinsa\\detail_chiho.php')
 4 SYSTEMPATH\View\View.php(237): CodeIgniter\View\View->CodeIgniter\View\{closure}()
 5 SYSTEMPATH\Common.php(1171): CodeIgniter\View\View->render('shinsa/detail_chiho', [], true)
 6 APPPATH\Controllers\Shinsa.php(90): view('shinsa/detail_chiho', [...])
 7 SYSTEMPATH\CodeIgniter.php(933): App\Controllers\Shinsa->detail('2')
 8 SYSTEMPATH\CodeIgniter.php(509): CodeIgniter\CodeIgniter->runController(Object(App\Controllers\Shinsa))
 9 SYSTEMPATH\CodeIgniter.php(355): CodeIgniter\CodeIgniter->handleRequest(null, Object(Config\Cache), false)
10 SYSTEMPATH\Boot.php(325): CodeIgniter\CodeIgniter->run()
11 SYSTEMPATH\Boot.php(67): CodeIgniter\Boot::runCodeIgniter(Object(CodeIgniter\CodeIgniter))
12 FCPATH\index.php(56): CodeIgniter\Boot::bootWeb(Object(Config\Paths))
CRITICAL - 2025-01-18 23:03:29 --> Error: Call to undefined function form_dropdown()
[Method: GET, Route: shinsa/detail/2]
in APPPATH\Helpers\common_helper.php on line 37.
 1 APPPATH\Helpers\shinsa_helper.php(140): form_dropdown_key_unshift('shinsa_target', [...], 'shinsa_target_name')
 2 APPPATH\Views\shinsa\detail_chiho.php(4): get_shinsa_chiho_detail_html([...], [...], [...])
 3 SYSTEMPATH\View\View.php(234): include('C:\\xampp\\htdocs\\kasugaikyudo\\production\\app\\Views\\shinsa\\detail_chiho.php')
 4 SYSTEMPATH\View\View.php(237): CodeIgniter\View\View->CodeIgniter\View\{closure}()
 5 SYSTEMPATH\Common.php(1171): CodeIgniter\View\View->render('shinsa/detail_chiho', [], true)
 6 APPPATH\Controllers\Shinsa.php(90): view('shinsa/detail_chiho', [...])
 7 SYSTEMPATH\CodeIgniter.php(933): App\Controllers\Shinsa->detail('2')
 8 SYSTEMPATH\CodeIgniter.php(509): CodeIgniter\CodeIgniter->runController(Object(App\Controllers\Shinsa))
 9 SYSTEMPATH\CodeIgniter.php(355): CodeIgniter\CodeIgniter->handleRequest(null, Object(Config\Cache), false)
10 SYSTEMPATH\Boot.php(325): CodeIgniter\CodeIgniter->run()
11 SYSTEMPATH\Boot.php(67): CodeIgniter\Boot::runCodeIgniter(Object(CodeIgniter\CodeIgniter))
12 FCPATH\index.php(56): CodeIgniter\Boot::bootWeb(Object(Config\Paths))
CRITICAL - 2025-01-18 23:03:58 --> TypeError: Unsupported operand types: array + string
[Method: GET, Route: shinsa/detail/2]
in APPPATH\Helpers\common_helper.php on line 34.
 1 APPPATH\Helpers\shinsa_helper.php(140): form_dropdown_key_unshift('shinsa_target', [...], 'shinsa_target_name')
 2 APPPATH\Views\shinsa\detail_chiho.php(4): get_shinsa_chiho_detail_html([...], [...], [...])
 3 SYSTEMPATH\View\View.php(234): include('C:\\xampp\\htdocs\\kasugaikyudo\\production\\app\\Views\\shinsa\\detail_chiho.php')
 4 SYSTEMPATH\View\View.php(237): CodeIgniter\View\View->CodeIgniter\View\{closure}()
 5 SYSTEMPATH\Common.php(1171): CodeIgniter\View\View->render('shinsa/detail_chiho', [], true)
 6 APPPATH\Controllers\Shinsa.php(90): view('shinsa/detail_chiho', [...])
 7 SYSTEMPATH\CodeIgniter.php(933): App\Controllers\Shinsa->detail('2')
 8 SYSTEMPATH\CodeIgniter.php(509): CodeIgniter\CodeIgniter->runController(Object(App\Controllers\Shinsa))
 9 SYSTEMPATH\CodeIgniter.php(355): CodeIgniter\CodeIgniter->handleRequest(null, Object(Config\Cache), false)
10 SYSTEMPATH\Boot.php(325): CodeIgniter\CodeIgniter->run()
11 SYSTEMPATH\Boot.php(67): CodeIgniter\Boot::runCodeIgniter(Object(CodeIgniter\CodeIgniter))
12 FCPATH\index.php(56): CodeIgniter\Boot::bootWeb(Object(Config\Paths))
CRITICAL - 2025-01-18 23:05:59 --> Error: Call to undefined function form_dropdown()
[Method: GET, Route: shinsa/detail/2]
in APPPATH\Helpers\common_helper.php on line 38.
 1 APPPATH\Helpers\shinsa_helper.php(140): form_dropdown_key_unshift('shinsa_target', [...], 'shinsa_target_name')
 2 APPPATH\Views\shinsa\detail_chiho.php(4): get_shinsa_chiho_detail_html([...], [...], [...])
 3 SYSTEMPATH\View\View.php(234): include('C:\\xampp\\htdocs\\kasugaikyudo\\production\\app\\Views\\shinsa\\detail_chiho.php')
 4 SYSTEMPATH\View\View.php(237): CodeIgniter\View\View->CodeIgniter\View\{closure}()
 5 SYSTEMPATH\Common.php(1171): CodeIgniter\View\View->render('shinsa/detail_chiho', [], true)
 6 APPPATH\Controllers\Shinsa.php(90): view('shinsa/detail_chiho', [...])
 7 SYSTEMPATH\CodeIgniter.php(933): App\Controllers\Shinsa->detail('2')
 8 SYSTEMPATH\CodeIgniter.php(509): CodeIgniter\CodeIgniter->runController(Object(App\Controllers\Shinsa))
 9 SYSTEMPATH\CodeIgniter.php(355): CodeIgniter\CodeIgniter->handleRequest(null, Object(Config\Cache), false)
10 SYSTEMPATH\Boot.php(325): CodeIgniter\CodeIgniter->run()
11 SYSTEMPATH\Boot.php(67): CodeIgniter\Boot::runCodeIgniter(Object(CodeIgniter\CodeIgniter))
12 FCPATH\index.php(56): CodeIgniter\Boot::bootWeb(Object(Config\Paths))
CRITICAL - 2025-01-18 23:06:15 --> Error: Call to undefined function form_dropdown()
[Method: GET, Route: shinsa/detail/2]
in APPPATH\Helpers\common_helper.php on line 38.
 1 APPPATH\Helpers\shinsa_helper.php(140): form_dropdown_key_unshift('shinsa_target', [...], 'shinsa_target_name')
 2 APPPATH\Views\shinsa\detail_chiho.php(4): get_shinsa_chiho_detail_html([...], [...], [...])
 3 SYSTEMPATH\View\View.php(234): include('C:\\xampp\\htdocs\\kasugaikyudo\\production\\app\\Views\\shinsa\\detail_chiho.php')
 4 SYSTEMPATH\View\View.php(237): CodeIgniter\View\View->CodeIgniter\View\{closure}()
 5 SYSTEMPATH\Common.php(1171): CodeIgniter\View\View->render('shinsa/detail_chiho', [], true)
 6 APPPATH\Controllers\Shinsa.php(90): view('shinsa/detail_chiho', [...])
 7 SYSTEMPATH\CodeIgniter.php(933): App\Controllers\Shinsa->detail('2')
 8 SYSTEMPATH\CodeIgniter.php(509): CodeIgniter\CodeIgniter->runController(Object(App\Controllers\Shinsa))
 9 SYSTEMPATH\CodeIgniter.php(355): CodeIgniter\CodeIgniter->handleRequest(null, Object(Config\Cache), false)
10 SYSTEMPATH\Boot.php(325): CodeIgniter\CodeIgniter->run()
11 SYSTEMPATH\Boot.php(67): CodeIgniter\Boot::runCodeIgniter(Object(CodeIgniter\CodeIgniter))
12 FCPATH\index.php(56): CodeIgniter\Boot::bootWeb(Object(Config\Paths))
CRITICAL - 2025-01-18 23:08:27 --> Error: Call to undefined function form_dropdown()
[Method: GET, Route: shinsa/detail/2]
in APPPATH\Helpers\common_helper.php on line 39.
 1 APPPATH\Helpers\shinsa_helper.php(140): form_dropdown_key_unshift('shinsa_target', [...], 'shinsa_target_name')
 2 APPPATH\Views\shinsa\detail_chiho.php(4): get_shinsa_chiho_detail_html([...], [...], [...])
 3 SYSTEMPATH\View\View.php(234): include('C:\\xampp\\htdocs\\kasugaikyudo\\production\\app\\Views\\shinsa\\detail_chiho.php')
 4 SYSTEMPATH\View\View.php(237): CodeIgniter\View\View->CodeIgniter\View\{closure}()
 5 SYSTEMPATH\Common.php(1171): CodeIgniter\View\View->render('shinsa/detail_chiho', [], true)
 6 APPPATH\Controllers\Shinsa.php(90): view('shinsa/detail_chiho', [...])
 7 SYSTEMPATH\CodeIgniter.php(933): App\Controllers\Shinsa->detail('2')
 8 SYSTEMPATH\CodeIgniter.php(509): CodeIgniter\CodeIgniter->runController(Object(App\Controllers\Shinsa))
 9 SYSTEMPATH\CodeIgniter.php(355): CodeIgniter\CodeIgniter->handleRequest(null, Object(Config\Cache), false)
10 SYSTEMPATH\Boot.php(325): CodeIgniter\CodeIgniter->run()
11 SYSTEMPATH\Boot.php(67): CodeIgniter\Boot::runCodeIgniter(Object(CodeIgniter\CodeIgniter))
12 FCPATH\index.php(56): CodeIgniter\Boot::bootWeb(Object(Config\Paths))
CRITICAL - 2025-01-18 23:09:38 --> Error: Call to undefined function form_dropdown()
[Method: GET, Route: shinsa/detail/2]
in APPPATH\Helpers\common_helper.php on line 39.
 1 APPPATH\Helpers\shinsa_helper.php(140): form_dropdown_key_unshift('shinsa_target', [...], 'shinsa_target_name')
 2 APPPATH\Views\shinsa\detail_chiho.php(4): get_shinsa_chiho_detail_html([...], [...], [...])
 3 SYSTEMPATH\View\View.php(234): include('C:\\xampp\\htdocs\\kasugaikyudo\\production\\app\\Views\\shinsa\\detail_chiho.php')
 4 SYSTEMPATH\View\View.php(237): CodeIgniter\View\View->CodeIgniter\View\{closure}()
 5 SYSTEMPATH\Common.php(1171): CodeIgniter\View\View->render('shinsa/detail_chiho', [], true)
 6 APPPATH\Controllers\Shinsa.php(90): view('shinsa/detail_chiho', [...])
 7 SYSTEMPATH\CodeIgniter.php(933): App\Controllers\Shinsa->detail('2')
 8 SYSTEMPATH\CodeIgniter.php(509): CodeIgniter\CodeIgniter->runController(Object(App\Controllers\Shinsa))
 9 SYSTEMPATH\CodeIgniter.php(355): CodeIgniter\CodeIgniter->handleRequest(null, Object(Config\Cache), false)
10 SYSTEMPATH\Boot.php(325): CodeIgniter\CodeIgniter->run()
11 SYSTEMPATH\Boot.php(67): CodeIgniter\Boot::runCodeIgniter(Object(CodeIgniter\CodeIgniter))
12 FCPATH\index.php(56): CodeIgniter\Boot::bootWeb(Object(Config\Paths))
CRITICAL - 2025-01-18 23:09:43 --> Error: Call to undefined function form_dropdown()
[Method: GET, Route: shinsa/detail/2]
in APPPATH\Helpers\common_helper.php on line 42.
 1 APPPATH\Helpers\shinsa_helper.php(140): form_dropdown_key_unshift('shinsa_target', [...], 'shinsa_target_name')
 2 APPPATH\Views\shinsa\detail_chiho.php(4): get_shinsa_chiho_detail_html([...], [...], [...])
 3 SYSTEMPATH\View\View.php(234): include('C:\\xampp\\htdocs\\kasugaikyudo\\production\\app\\Views\\shinsa\\detail_chiho.php')
 4 SYSTEMPATH\View\View.php(237): CodeIgniter\View\View->CodeIgniter\View\{closure}()
 5 SYSTEMPATH\Common.php(1171): CodeIgniter\View\View->render('shinsa/detail_chiho', [], true)
 6 APPPATH\Controllers\Shinsa.php(90): view('shinsa/detail_chiho', [...])
 7 SYSTEMPATH\CodeIgniter.php(933): App\Controllers\Shinsa->detail('2')
 8 SYSTEMPATH\CodeIgniter.php(509): CodeIgniter\CodeIgniter->runController(Object(App\Controllers\Shinsa))
 9 SYSTEMPATH\CodeIgniter.php(355): CodeIgniter\CodeIgniter->handleRequest(null, Object(Config\Cache), false)
10 SYSTEMPATH\Boot.php(325): CodeIgniter\CodeIgniter->run()
11 SYSTEMPATH\Boot.php(67): CodeIgniter\Boot::runCodeIgniter(Object(CodeIgniter\CodeIgniter))
12 FCPATH\index.php(56): CodeIgniter\Boot::bootWeb(Object(Config\Paths))
