CRITICAL - 2024-11-14 12:54:49 --> ErrorException: Undefined variable $db
[Method: GET, Route: calender]
in APPPATH\Models\MemberModel.php on line 18.
 1 APPPATH\Models\MemberModel.php(18): CodeIgniter\Debug\Exceptions->errorHandler(2, 'Undefined variable $db', 'C:\\xampp\\htdocs\\kasugaikyudo\\production\\app\\Models\\MemberModel.php', 18)
 2 SYSTEMPATH\Config\Factories.php(235): App\Models\MemberModel->__construct(null)
 3 SYSTEMPATH\Config\Factories.php(169): CodeIgniter\Config\Factories::createInstance('models', 'App\\Models\\MemberModel', [...])
 4 SYSTEMPATH\Common.php(802): CodeIgniter\Config\Factories::__callStatic('models', [...])
 5 APPPATH\Controllers\Calender.php(13): model('App\\Models\\MemberModel')
 6 SYSTEMPATH\CodeIgniter.php(933): App\Controllers\Calender->index()
 7 SYSTEMPATH\CodeIgniter.php(509): CodeIgniter\CodeIgniter->runController(Object(App\Controllers\Calender))
 8 SYSTEMPATH\CodeIgniter.php(355): CodeIgniter\CodeIgniter->handleRequest(null, Object(Config\Cache), false)
 9 SYSTEMPATH\Boot.php(325): CodeIgniter\CodeIgniter->run()
10 SYSTEMPATH\Boot.php(67): CodeIgniter\Boot::runCodeIgniter(Object(CodeIgniter\CodeIgniter))
11 FCPATH\index.php(56): CodeIgniter\Boot::bootWeb(Object(Config\Paths))
CRITICAL - 2024-11-14 12:55:10 --> ErrorException: Undefined variable $db
[Method: GET, Route: calender]
in APPPATH\Models\MemberModel.php on line 18.
 1 APPPATH\Models\MemberModel.php(18): CodeIgniter\Debug\Exceptions->errorHandler(2, 'Undefined variable $db', 'C:\\xampp\\htdocs\\kasugaikyudo\\production\\app\\Models\\MemberModel.php', 18)
 2 SYSTEMPATH\Config\Factories.php(235): App\Models\MemberModel->__construct(null)
 3 SYSTEMPATH\Config\Factories.php(169): CodeIgniter\Config\Factories::createInstance('models', 'App\\Models\\MemberModel', [...])
 4 SYSTEMPATH\Common.php(802): CodeIgniter\Config\Factories::__callStatic('models', [...])
 5 APPPATH\Controllers\Calender.php(13): model('App\\Models\\MemberModel')
 6 SYSTEMPATH\CodeIgniter.php(933): App\Controllers\Calender->index()
 7 SYSTEMPATH\CodeIgniter.php(509): CodeIgniter\CodeIgniter->runController(Object(App\Controllers\Calender))
 8 SYSTEMPATH\CodeIgniter.php(355): CodeIgniter\CodeIgniter->handleRequest(null, Object(Config\Cache), false)
 9 SYSTEMPATH\Boot.php(325): CodeIgniter\CodeIgniter->run()
10 SYSTEMPATH\Boot.php(67): CodeIgniter\Boot::runCodeIgniter(Object(CodeIgniter\CodeIgniter))
11 FCPATH\index.php(56): CodeIgniter\Boot::bootWeb(Object(Config\Paths))
CRITICAL - 2024-11-14 12:55:17 --> ErrorException: Undefined variable $db
[Method: GET, Route: calender]
in APPPATH\Models\MemberModel.php on line 18.
 1 APPPATH\Models\MemberModel.php(18): CodeIgniter\Debug\Exceptions->errorHandler(2, 'Undefined variable $db', 'C:\\xampp\\htdocs\\kasugaikyudo\\production\\app\\Models\\MemberModel.php', 18)
 2 SYSTEMPATH\Config\Factories.php(235): App\Models\MemberModel->__construct(null)
 3 SYSTEMPATH\Config\Factories.php(169): CodeIgniter\Config\Factories::createInstance('models', 'App\\Models\\MemberModel', [...])
 4 SYSTEMPATH\Common.php(802): CodeIgniter\Config\Factories::__callStatic('models', [...])
 5 APPPATH\Controllers\Calender.php(13): model('App\\Models\\MemberModel')
 6 SYSTEMPATH\CodeIgniter.php(933): App\Controllers\Calender->index()
 7 SYSTEMPATH\CodeIgniter.php(509): CodeIgniter\CodeIgniter->runController(Object(App\Controllers\Calender))
 8 SYSTEMPATH\CodeIgniter.php(355): CodeIgniter\CodeIgniter->handleRequest(null, Object(Config\Cache), false)
 9 SYSTEMPATH\Boot.php(325): CodeIgniter\CodeIgniter->run()
10 SYSTEMPATH\Boot.php(67): CodeIgniter\Boot::runCodeIgniter(Object(CodeIgniter\CodeIgniter))
11 FCPATH\index.php(56): CodeIgniter\Boot::bootWeb(Object(Config\Paths))
CRITICAL - 2024-11-14 12:55:39 --> TypeError: App\Models\MemberModel::__construct(): Argument #1 ($db) must be of type App\Models\ConnectionInterface, null given, called in C:\xampp\htdocs\kasugaikyudo\production\system\Config\Factories.php on line 235
[Method: GET, Route: calender]
in APPPATH\Models\MemberModel.php on line 16.
 1 SYSTEMPATH\Config\Factories.php(235): App\Models\MemberModel->__construct(null)
 2 SYSTEMPATH\Config\Factories.php(169): CodeIgniter\Config\Factories::createInstance('models', 'App\\Models\\MemberModel', [...])
 3 SYSTEMPATH\Common.php(802): CodeIgniter\Config\Factories::__callStatic('models', [...])
 4 APPPATH\Controllers\Calender.php(13): model('App\\Models\\MemberModel')
 5 SYSTEMPATH\CodeIgniter.php(933): App\Controllers\Calender->index()
 6 SYSTEMPATH\CodeIgniter.php(509): CodeIgniter\CodeIgniter->runController(Object(App\Controllers\Calender))
 7 SYSTEMPATH\CodeIgniter.php(355): CodeIgniter\CodeIgniter->handleRequest(null, Object(Config\Cache), false)
 8 SYSTEMPATH\Boot.php(325): CodeIgniter\CodeIgniter->run()
 9 SYSTEMPATH\Boot.php(67): CodeIgniter\Boot::runCodeIgniter(Object(CodeIgniter\CodeIgniter))
10 FCPATH\index.php(56): CodeIgniter\Boot::bootWeb(Object(Config\Paths))
CRITICAL - 2024-11-14 12:55:45 --> TypeError: App\Models\MemberModel::__construct(): Argument #1 ($db) must be of type App\Models\ConnectionInterface, null given, called in C:\xampp\htdocs\kasugaikyudo\production\system\Config\Factories.php on line 235
[Method: GET, Route: calender]
in APPPATH\Models\MemberModel.php on line 16.
 1 SYSTEMPATH\Config\Factories.php(235): App\Models\MemberModel->__construct(null)
 2 SYSTEMPATH\Config\Factories.php(169): CodeIgniter\Config\Factories::createInstance('models', 'App\\Models\\MemberModel', [...])
 3 SYSTEMPATH\Common.php(802): CodeIgniter\Config\Factories::__callStatic('models', [...])
 4 APPPATH\Controllers\Calender.php(13): model('App\\Models\\MemberModel')
 5 SYSTEMPATH\CodeIgniter.php(933): App\Controllers\Calender->index()
 6 SYSTEMPATH\CodeIgniter.php(509): CodeIgniter\CodeIgniter->runController(Object(App\Controllers\Calender))
 7 SYSTEMPATH\CodeIgniter.php(355): CodeIgniter\CodeIgniter->handleRequest(null, Object(Config\Cache), false)
 8 SYSTEMPATH\Boot.php(325): CodeIgniter\CodeIgniter->run()
 9 SYSTEMPATH\Boot.php(67): CodeIgniter\Boot::runCodeIgniter(Object(CodeIgniter\CodeIgniter))
10 FCPATH\index.php(56): CodeIgniter\Boot::bootWeb(Object(Config\Paths))
CRITICAL - 2024-11-14 12:56:04 --> TypeError: App\Models\MemberModel::__construct(): Argument #1 ($db) must be of type App\Models\ConnectionInterface, null given, called in C:\xampp\htdocs\kasugaikyudo\production\system\Config\Factories.php on line 235
[Method: GET, Route: calender]
in APPPATH\Models\MemberModel.php on line 16.
 1 SYSTEMPATH\Config\Factories.php(235): App\Models\MemberModel->__construct(null)
 2 SYSTEMPATH\Config\Factories.php(169): CodeIgniter\Config\Factories::createInstance('models', 'App\\Models\\MemberModel', [...])
 3 SYSTEMPATH\Common.php(802): CodeIgniter\Config\Factories::__callStatic('models', [...])
 4 APPPATH\Controllers\Calender.php(13): model('App\\Models\\MemberModel')
 5 SYSTEMPATH\CodeIgniter.php(933): App\Controllers\Calender->index()
 6 SYSTEMPATH\CodeIgniter.php(509): CodeIgniter\CodeIgniter->runController(Object(App\Controllers\Calender))
 7 SYSTEMPATH\CodeIgniter.php(355): CodeIgniter\CodeIgniter->handleRequest(null, Object(Config\Cache), false)
 8 SYSTEMPATH\Boot.php(325): CodeIgniter\CodeIgniter->run()
 9 SYSTEMPATH\Boot.php(67): CodeIgniter\Boot::runCodeIgniter(Object(CodeIgniter\CodeIgniter))
10 FCPATH\index.php(56): CodeIgniter\Boot::bootWeb(Object(Config\Paths))
CRITICAL - 2024-11-14 12:58:09 --> TypeError: App\Models\MemberModel::__construct(): Argument #1 ($db) must be of type App\Models\ConnectionInterface, null given, called in C:\xampp\htdocs\kasugaikyudo\production\system\Config\Factories.php on line 235
[Method: GET, Route: calender]
in APPPATH\Models\MemberModel.php on line 16.
 1 SYSTEMPATH\Config\Factories.php(235): App\Models\MemberModel->__construct(null)
 2 SYSTEMPATH\Config\Factories.php(169): CodeIgniter\Config\Factories::createInstance('models', 'App\\Models\\MemberModel', [...])
 3 SYSTEMPATH\Common.php(802): CodeIgniter\Config\Factories::__callStatic('models', [...])
 4 APPPATH\Controllers\Calender.php(15): model('App\\Models\\MemberModel')
 5 SYSTEMPATH\CodeIgniter.php(933): App\Controllers\Calender->index()
 6 SYSTEMPATH\CodeIgniter.php(509): CodeIgniter\CodeIgniter->runController(Object(App\Controllers\Calender))
 7 SYSTEMPATH\CodeIgniter.php(355): CodeIgniter\CodeIgniter->handleRequest(null, Object(Config\Cache), false)
 8 SYSTEMPATH\Boot.php(325): CodeIgniter\CodeIgniter->run()
 9 SYSTEMPATH\Boot.php(67): CodeIgniter\Boot::runCodeIgniter(Object(CodeIgniter\CodeIgniter))
10 FCPATH\index.php(56): CodeIgniter\Boot::bootWeb(Object(Config\Paths))
CRITICAL - 2024-11-14 12:58:21 --> ErrorException: Undefined variable $db
[Method: GET, Route: calender]
in APPPATH\Models\MemberModel.php on line 18.
 1 APPPATH\Models\MemberModel.php(18): CodeIgniter\Debug\Exceptions->errorHandler(2, 'Undefined variable $db', 'C:\\xampp\\htdocs\\kasugaikyudo\\production\\app\\Models\\MemberModel.php', 18)
 2 SYSTEMPATH\Config\Factories.php(235): App\Models\MemberModel->__construct(null)
 3 SYSTEMPATH\Config\Factories.php(169): CodeIgniter\Config\Factories::createInstance('models', 'App\\Models\\MemberModel', [...])
 4 SYSTEMPATH\Common.php(802): CodeIgniter\Config\Factories::__callStatic('models', [...])
 5 APPPATH\Controllers\Calender.php(15): model('App\\Models\\MemberModel')
 6 SYSTEMPATH\CodeIgniter.php(933): App\Controllers\Calender->index()
 7 SYSTEMPATH\CodeIgniter.php(509): CodeIgniter\CodeIgniter->runController(Object(App\Controllers\Calender))
 8 SYSTEMPATH\CodeIgniter.php(355): CodeIgniter\CodeIgniter->handleRequest(null, Object(Config\Cache), false)
 9 SYSTEMPATH\Boot.php(325): CodeIgniter\CodeIgniter->run()
10 SYSTEMPATH\Boot.php(67): CodeIgniter\Boot::runCodeIgniter(Object(CodeIgniter\CodeIgniter))
11 FCPATH\index.php(56): CodeIgniter\Boot::bootWeb(Object(Config\Paths))
CRITICAL - 2024-11-14 12:58:38 --> Error: Call to a member function query() on null
[Method: GET, Route: calender]
in APPPATH\Models\MemberModel.php on line 44.
 1 APPPATH\Controllers\Calender.php(16): App\Models\MemberModel->getHolder()
 2 SYSTEMPATH\CodeIgniter.php(933): App\Controllers\Calender->index()
 3 SYSTEMPATH\CodeIgniter.php(509): CodeIgniter\CodeIgniter->runController(Object(App\Controllers\Calender))
 4 SYSTEMPATH\CodeIgniter.php(355): CodeIgniter\CodeIgniter->handleRequest(null, Object(Config\Cache), false)
 5 SYSTEMPATH\Boot.php(325): CodeIgniter\CodeIgniter->run()
 6 SYSTEMPATH\Boot.php(67): CodeIgniter\Boot::runCodeIgniter(Object(CodeIgniter\CodeIgniter))
 7 FCPATH\index.php(56): CodeIgniter\Boot::bootWeb(Object(Config\Paths))
CRITICAL - 2024-11-14 13:05:46 --> Error: Call to a member function query() on null
[Method: GET, Route: calender]
in APPPATH\Models\MemberModel.php on line 44.
 1 APPPATH\Controllers\Calender.php(16): App\Models\MemberModel->getHolder()
 2 SYSTEMPATH\CodeIgniter.php(933): App\Controllers\Calender->index()
 3 SYSTEMPATH\CodeIgniter.php(509): CodeIgniter\CodeIgniter->runController(Object(App\Controllers\Calender))
 4 SYSTEMPATH\CodeIgniter.php(355): CodeIgniter\CodeIgniter->handleRequest(null, Object(Config\Cache), false)
 5 SYSTEMPATH\Boot.php(325): CodeIgniter\CodeIgniter->run()
 6 SYSTEMPATH\Boot.php(67): CodeIgniter\Boot::runCodeIgniter(Object(CodeIgniter\CodeIgniter))
 7 FCPATH\index.php(56): CodeIgniter\Boot::bootWeb(Object(Config\Paths))
CRITICAL - 2024-11-14 13:06:45 --> ErrorException: Undefined variable $db
[Method: GET, Route: calender]
in APPPATH\Models\MemberModel.php on line 44.
 1 APPPATH\Models\MemberModel.php(44): CodeIgniter\Debug\Exceptions->errorHandler(2, 'Undefined variable $db', 'C:\\xampp\\htdocs\\kasugaikyudo\\production\\app\\Models\\MemberModel.php', 44)
 2 APPPATH\Controllers\Calender.php(16): App\Models\MemberModel->getHolder()
 3 SYSTEMPATH\CodeIgniter.php(933): App\Controllers\Calender->index()
 4 SYSTEMPATH\CodeIgniter.php(509): CodeIgniter\CodeIgniter->runController(Object(App\Controllers\Calender))
 5 SYSTEMPATH\CodeIgniter.php(355): CodeIgniter\CodeIgniter->handleRequest(null, Object(Config\Cache), false)
 6 SYSTEMPATH\Boot.php(325): CodeIgniter\CodeIgniter->run()
 7 SYSTEMPATH\Boot.php(67): CodeIgniter\Boot::runCodeIgniter(Object(CodeIgniter\CodeIgniter))
 8 FCPATH\index.php(56): CodeIgniter\Boot::bootWeb(Object(Config\Paths))
CRITICAL - 2024-11-14 13:07:45 --> ErrorException: Undefined variable $db
[Method: GET, Route: calender]
in APPPATH\Models\MemberModel.php on line 40.
 1 APPPATH\Models\MemberModel.php(40): CodeIgniter\Debug\Exceptions->errorHandler(2, 'Undefined variable $db', 'C:\\xampp\\htdocs\\kasugaikyudo\\production\\app\\Models\\MemberModel.php', 40)
 2 APPPATH\Controllers\Calender.php(16): App\Models\MemberModel->getHolder()
 3 SYSTEMPATH\CodeIgniter.php(933): App\Controllers\Calender->index()
 4 SYSTEMPATH\CodeIgniter.php(509): CodeIgniter\CodeIgniter->runController(Object(App\Controllers\Calender))
 5 SYSTEMPATH\CodeIgniter.php(355): CodeIgniter\CodeIgniter->handleRequest(null, Object(Config\Cache), false)
 6 SYSTEMPATH\Boot.php(325): CodeIgniter\CodeIgniter->run()
 7 SYSTEMPATH\Boot.php(67): CodeIgniter\Boot::runCodeIgniter(Object(CodeIgniter\CodeIgniter))
 8 FCPATH\index.php(56): CodeIgniter\Boot::bootWeb(Object(Config\Paths))
CRITICAL - 2024-11-14 13:20:32 --> ErrorException: Undefined variable $db
[Method: GET, Route: calender]
in APPPATH\Models\MemberModel.php on line 40.
 1 APPPATH\Models\MemberModel.php(40): CodeIgniter\Debug\Exceptions->errorHandler(2, 'Undefined variable $db', 'C:\\xampp\\htdocs\\kasugaikyudo\\production\\app\\Models\\MemberModel.php', 40)
 2 APPPATH\Controllers\Calender.php(16): App\Models\MemberModel->getHolder()
 3 SYSTEMPATH\CodeIgniter.php(933): App\Controllers\Calender->index()
 4 SYSTEMPATH\CodeIgniter.php(509): CodeIgniter\CodeIgniter->runController(Object(App\Controllers\Calender))
 5 SYSTEMPATH\CodeIgniter.php(355): CodeIgniter\CodeIgniter->handleRequest(null, Object(Config\Cache), false)
 6 SYSTEMPATH\Boot.php(325): CodeIgniter\CodeIgniter->run()
 7 SYSTEMPATH\Boot.php(67): CodeIgniter\Boot::runCodeIgniter(Object(CodeIgniter\CodeIgniter))
 8 FCPATH\index.php(56): CodeIgniter\Boot::bootWeb(Object(Config\Paths))
CRITICAL - 2024-11-14 13:20:49 --> CodeIgniter\Database\Exceptions\DatabaseException: You must set the database table to be used with your query.
[Method: GET, Route: calender]
in SYSTEMPATH\Database\BaseConnection.php on line 927.
 1 SYSTEMPATH\Model.php(716): CodeIgniter\Database\BaseConnection->table(null)
 2 SYSTEMPATH\Model.php(897): CodeIgniter\Model->builder()
 3 APPPATH\Models\MemberModel.php(40): CodeIgniter\Model->__get('CI')
 4 APPPATH\Controllers\Calender.php(16): App\Models\MemberModel->getHolder()
 5 SYSTEMPATH\CodeIgniter.php(933): App\Controllers\Calender->index()
 6 SYSTEMPATH\CodeIgniter.php(509): CodeIgniter\CodeIgniter->runController(Object(App\Controllers\Calender))
 7 SYSTEMPATH\CodeIgniter.php(355): CodeIgniter\CodeIgniter->handleRequest(null, Object(Config\Cache), false)
 8 SYSTEMPATH\Boot.php(325): CodeIgniter\CodeIgniter->run()
 9 SYSTEMPATH\Boot.php(67): CodeIgniter\Boot::runCodeIgniter(Object(CodeIgniter\CodeIgniter))
10 FCPATH\index.php(56): CodeIgniter\Boot::bootWeb(Object(Config\Paths))
