CRITICAL - 2024-12-11 23:06:25 --> ErrorException: Undefined variable $menuId
[Method: GET, Route: taikai]
in APPPATH\Controllers\CommonController.php on line 56.
 1 APPPATH\Controllers\CommonController.php(56): CodeIgniter\Debug\Exceptions->errorHandler(2, 'Undefined variable $menuId', 'C:\\xampp\\htdocs\\kasugaikyudo\\production\\app\\Controllers\\CommonController.php', 56)
 2 APPPATH\Controllers\CommonController.php(24): App\Controllers\CommonController->get_sub_menu('taikai')
 3 APPPATH\Controllers\Taikai.php(13): App\Controllers\CommonController->__construct('taikai')
 4 SYSTEMPATH\CodeIgniter.php(903): App\Controllers\Taikai->__construct()
 5 SYSTEMPATH\CodeIgniter.php(500): CodeIgniter\CodeIgniter->createController()
 6 SYSTEMPATH\CodeIgniter.php(355): CodeIgniter\CodeIgniter->handleRequest(null, Object(Config\Cache), false)
 7 SYSTEMPATH\Boot.php(325): CodeIgniter\CodeIgniter->run()
 8 SYSTEMPATH\Boot.php(67): CodeIgniter\Boot::runCodeIgniter(Object(CodeIgniter\CodeIgniter))
 9 FCPATH\index.php(56): CodeIgniter\Boot::bootWeb(Object(Config\Paths))
CRITICAL - 2024-12-11 23:11:36 --> ErrorException: Undefined variable $mainMemu
[Method: GET, Route: taikai]
in APPPATH\Views\common\menu.php on line 12.
 1 APPPATH\Views\common\menu.php(12): CodeIgniter\Debug\Exceptions->errorHandler(2, 'Undefined variable $mainMemu', 'C:\\xampp\\htdocs\\kasugaikyudo\\production\\app\\Views\\common\\menu.php', 12)
 2 SYSTEMPATH\View\View.php(234): include('C:\\xampp\\htdocs\\kasugaikyudo\\production\\app\\Views\\common\\menu.php')
 3 SYSTEMPATH\View\View.php(237): CodeIgniter\View\View->CodeIgniter\View\{closure}()
 4 SYSTEMPATH\Common.php(1171): CodeIgniter\View\View->render('common/menu', [], true)
 5 APPPATH\Controllers\Taikai.php(31): view('common/menu', [...])
 6 SYSTEMPATH\CodeIgniter.php(933): App\Controllers\Taikai->index()
 7 SYSTEMPATH\CodeIgniter.php(509): CodeIgniter\CodeIgniter->runController(Object(App\Controllers\Taikai))
 8 SYSTEMPATH\CodeIgniter.php(355): CodeIgniter\CodeIgniter->handleRequest(null, Object(Config\Cache), false)
 9 SYSTEMPATH\Boot.php(325): CodeIgniter\CodeIgniter->run()
10 SYSTEMPATH\Boot.php(67): CodeIgniter\Boot::runCodeIgniter(Object(CodeIgniter\CodeIgniter))
11 FCPATH\index.php(56): CodeIgniter\Boot::bootWeb(Object(Config\Paths))
CRITICAL - 2024-12-11 23:13:17 --> TypeError: App\Controllers\CommonController::get_menu(): Argument #1 ($controllerName) must be of type string, null given, called in C:\xampp\htdocs\kasugaikyudo\production\app\Controllers\CommonController.php on line 23
[Method: GET, Route: member]
in APPPATH\Controllers\CommonController.php on line 41.
 1 APPPATH\Controllers\CommonController.php(23): App\Controllers\CommonController->get_menu(null)
 2 APPPATH\Controllers\Member.php(13): App\Controllers\CommonController->__construct()
 3 SYSTEMPATH\CodeIgniter.php(903): App\Controllers\Member->__construct()
 4 SYSTEMPATH\CodeIgniter.php(500): CodeIgniter\CodeIgniter->createController()
 5 SYSTEMPATH\CodeIgniter.php(355): CodeIgniter\CodeIgniter->handleRequest(null, Object(Config\Cache), false)
 6 SYSTEMPATH\Boot.php(325): CodeIgniter\CodeIgniter->run()
 7 SYSTEMPATH\Boot.php(67): CodeIgniter\Boot::runCodeIgniter(Object(CodeIgniter\CodeIgniter))
 8 FCPATH\index.php(56): CodeIgniter\Boot::bootWeb(Object(Config\Paths))
CRITICAL - 2024-12-11 23:14:31 --> TypeError: App\Controllers\CommonController::get_menu(): Argument #1 ($controllerName) must be of type string, null given, called in C:\xampp\htdocs\kasugaikyudo\production\app\Controllers\CommonController.php on line 23
[Method: GET, Route: member]
in APPPATH\Controllers\CommonController.php on line 41.
 1 APPPATH\Controllers\CommonController.php(23): App\Controllers\CommonController->get_menu(null)
 2 APPPATH\Controllers\Member.php(13): App\Controllers\CommonController->__construct()
 3 SYSTEMPATH\CodeIgniter.php(903): App\Controllers\Member->__construct()
 4 SYSTEMPATH\CodeIgniter.php(500): CodeIgniter\CodeIgniter->createController()
 5 SYSTEMPATH\CodeIgniter.php(355): CodeIgniter\CodeIgniter->handleRequest(null, Object(Config\Cache), false)
 6 SYSTEMPATH\Boot.php(325): CodeIgniter\CodeIgniter->run()
 7 SYSTEMPATH\Boot.php(67): CodeIgniter\Boot::runCodeIgniter(Object(CodeIgniter\CodeIgniter))
 8 FCPATH\index.php(56): CodeIgniter\Boot::bootWeb(Object(Config\Paths))
