CRITICAL - 2025-01-14 23:09:41 --> Error: Call to undefined function get_shinsa_tab_html()
[Method: GET, Route: shinsa]
in APPPATH\Views\shinsa\index.php on line 10.
 1 SYSTEMPATH\View\View.php(234): include()
 2 SYSTEMPATH\View\View.php(237): CodeIgniter\View\View->CodeIgniter\View\{closure}()
 3 SYSTEMPATH\Common.php(1171): CodeIgniter\View\View->render('shinsa/index', [], true)
 4 APPPATH\Controllers\Shinsa.php(39): view('shinsa/index', [...])
 5 SYSTEMPATH\CodeIgniter.php(933): App\Controllers\Shinsa->index()
 6 SYSTEMPATH\CodeIgniter.php(509): CodeIgniter\CodeIgniter->runController(Object(App\Controllers\Shinsa))
 7 SYSTEMPATH\CodeIgniter.php(355): CodeIgniter\CodeIgniter->handleRequest(null, Object(Config\Cache), false)
 8 SYSTEMPATH\Boot.php(325): CodeIgniter\CodeIgniter->run()
 9 SYSTEMPATH\Boot.php(67): CodeIgniter\Boot::runCodeIgniter(Object(CodeIgniter\CodeIgniter))
10 FCPATH\index.php(56): CodeIgniter\Boot::bootWeb(Object(Config\Paths))
CRITICAL - 2025-01-14 23:09:56 --> Error: Call to undefined function get_shinsa_tab_html()
[Method: GET, Route: shinsa]
in APPPATH\Views\shinsa\index.php on line 10.
 1 SYSTEMPATH\View\View.php(234): include()
 2 SYSTEMPATH\View\View.php(237): CodeIgniter\View\View->CodeIgniter\View\{closure}()
 3 SYSTEMPATH\Common.php(1171): CodeIgniter\View\View->render('shinsa/index', [], true)
 4 APPPATH\Controllers\Shinsa.php(39): view('shinsa/index', [...])
 5 SYSTEMPATH\CodeIgniter.php(933): App\Controllers\Shinsa->index()
 6 SYSTEMPATH\CodeIgniter.php(509): CodeIgniter\CodeIgniter->runController(Object(App\Controllers\Shinsa))
 7 SYSTEMPATH\CodeIgniter.php(355): CodeIgniter\CodeIgniter->handleRequest(null, Object(Config\Cache), false)
 8 SYSTEMPATH\Boot.php(325): CodeIgniter\CodeIgniter->run()
 9 SYSTEMPATH\Boot.php(67): CodeIgniter\Boot::runCodeIgniter(Object(CodeIgniter\CodeIgniter))
10 FCPATH\index.php(56): CodeIgniter\Boot::bootWeb(Object(Config\Paths))
CRITICAL - 2025-01-14 23:10:57 --> Error: Call to undefined function get_shinsa_tab_html()
[Method: GET, Route: shinsa]
in APPPATH\Views\shinsa\index.php on line 10.
 1 SYSTEMPATH\View\View.php(234): include()
 2 SYSTEMPATH\View\View.php(237): CodeIgniter\View\View->CodeIgniter\View\{closure}()
 3 SYSTEMPATH\Common.php(1171): CodeIgniter\View\View->render('shinsa/index', [], true)
 4 APPPATH\Controllers\Shinsa.php(39): view('shinsa/index', [...])
 5 SYSTEMPATH\CodeIgniter.php(933): App\Controllers\Shinsa->index()
 6 SYSTEMPATH\CodeIgniter.php(509): CodeIgniter\CodeIgniter->runController(Object(App\Controllers\Shinsa))
 7 SYSTEMPATH\CodeIgniter.php(355): CodeIgniter\CodeIgniter->handleRequest(null, Object(Config\Cache), false)
 8 SYSTEMPATH\Boot.php(325): CodeIgniter\CodeIgniter->run()
 9 SYSTEMPATH\Boot.php(67): CodeIgniter\Boot::runCodeIgniter(Object(CodeIgniter\CodeIgniter))
10 FCPATH\index.php(56): CodeIgniter\Boot::bootWeb(Object(Config\Paths))
ERROR - 2025-01-14 23:16:54 --> mysqli_sql_exception: Unknown column 'tsi.shinsa_name' in 'field list' in C:\xampp\htdocs\kasugaikyudo\production\system\Database\MySQLi\Connection.php:312
Stack trace:
#0 C:\xampp\htdocs\kasugaikyudo\production\system\Database\MySQLi\Connection.php(312): mysqli->query('\n            SE...', 0)
#1 C:\xampp\htdocs\kasugaikyudo\production\system\Database\BaseConnection.php(734): CodeIgniter\Database\MySQLi\Connection->execute('\n            SE...')
#2 C:\xampp\htdocs\kasugaikyudo\production\system\Database\BaseConnection.php(648): CodeIgniter\Database\BaseConnection->simpleQuery('\n            SE...')
#3 C:\xampp\htdocs\kasugaikyudo\production\app\Models\BaseQueryModel.php(48): CodeIgniter\Database\BaseConnection->query('\n            SE...', Array)
#4 C:\xampp\htdocs\kasugaikyudo\production\app\Models\ShinsaModel.php(131): App\Models\BaseQueryModel->get_first_row('\n            SE...', Array, 'array')
#5 C:\xampp\htdocs\kasugaikyudo\production\app\Libraries\ShinsaLibrarie.php(48): App\Models\ShinsaModel->get_shinsa_detail(2, 65)
#6 C:\xampp\htdocs\kasugaikyudo\production\app\Controllers\Shinsa.php(57): App\Libraries\ShinsaLibrarie->get_shinsa_detail(2, 65)
#7 C:\xampp\htdocs\kasugaikyudo\production\system\CodeIgniter.php(933): App\Controllers\Shinsa->detail('2')
#8 C:\xampp\htdocs\kasugaikyudo\production\system\CodeIgniter.php(509): CodeIgniter\CodeIgniter->runController(Object(App\Controllers\Shinsa))
#9 C:\xampp\htdocs\kasugaikyudo\production\system\CodeIgniter.php(355): CodeIgniter\CodeIgniter->handleRequest(NULL, Object(Config\Cache), false)
#10 C:\xampp\htdocs\kasugaikyudo\production\system\Boot.php(325): CodeIgniter\CodeIgniter->run()
#11 C:\xampp\htdocs\kasugaikyudo\production\system\Boot.php(67): CodeIgniter\Boot::runCodeIgniter(Object(CodeIgniter\CodeIgniter))
#12 C:\xampp\htdocs\kasugaikyudo\production\public\index.php(56): CodeIgniter\Boot::bootWeb(Object(Config\Paths))
#13 {main}
CRITICAL - 2025-01-14 23:16:54 --> CodeIgniter\Database\Exceptions\DatabaseException: Unknown column 'tsi.shinsa_name' in 'field list'
[Method: GET, Route: shinsa/detail/2]
in SYSTEMPATH\Database\BaseConnection.php on line 688.
 1 APPPATH\Models\BaseQueryModel.php(48): CodeIgniter\Database\BaseConnection->query('
            SELECT
                tsi.shinsa_id,
                tsi.shinsa_date_st,
                tsi.shinsa_date_ed,
                tsi.uketuke_st,
                tsi.uketuke_ed,
                tsi.uketuke_kasugai_st,
                tsi.uketuke_kasugai_ed,
                tsi.shinsa_name,
                mka.kaijo_name,
                mka.kaijo_name_short,
                mhg.holder_grade_name,
                mhg.holder_grade_name_short,
                tsi.shinsa_class_id,
                tsi.holder_grade_id,
                tsi.gender_cd,
                tsi.shinsa_name_id,
                tsi.area_group_id,
                tsi.kaijo_id,
                tsi.kaijo_other_name,
                tsi.kaijo_other_name_abb,
                tsi.created,
                tsi.modified,
				CASE WHEN sof.modefied IS NOT NULL THEN :flgOn: ELSE :flgOff: END sanka_flg
            FROM t_shinsa_info tsi
            	INNER JOIN m_holder_grade mhg ON
            		mhg.holder_grade_id = tsi.holder_grade_id
                LEFT JOIN m_kaijo mka ON
                    mka.kaijo_id = tsi.kaijo_id
                LEFT JOIN t_shinsa_offer_member sof ON
                    sof.shinsa_id = tsi.shinsa_id
                    AND sof.member_id = :memberId:
            WHERE
            	tsi.shinsa_id = :shinsaId:
		', [...])
 2 APPPATH\Models\ShinsaModel.php(131): App\Models\BaseQueryModel->get_first_row('
            SELECT
                tsi.shinsa_id,
                tsi.shinsa_date_st,
                tsi.shinsa_date_ed,
                tsi.uketuke_st,
                tsi.uketuke_ed,
                tsi.uketuke_kasugai_st,
                tsi.uketuke_kasugai_ed,
                tsi.shinsa_name,
                mka.kaijo_name,
                mka.kaijo_name_short,
                mhg.holder_grade_name,
                mhg.holder_grade_name_short,
                tsi.shinsa_class_id,
                tsi.holder_grade_id,
                tsi.gender_cd,
                tsi.shinsa_name_id,
                tsi.area_group_id,
                tsi.kaijo_id,
                tsi.kaijo_other_name,
                tsi.kaijo_other_name_abb,
                tsi.created,
                tsi.modified,
				CASE WHEN sof.modefied IS NOT NULL THEN :flgOn: ELSE :flgOff: END sanka_flg
            FROM t_shinsa_info tsi
            	INNER JOIN m_holder_grade mhg ON
            		mhg.holder_grade_id = tsi.holder_grade_id
                LEFT JOIN m_kaijo mka ON
                    mka.kaijo_id = tsi.kaijo_id
                LEFT JOIN t_shinsa_offer_member sof ON
                    sof.shinsa_id = tsi.shinsa_id
                    AND sof.member_id = :memberId:
            WHERE
            	tsi.shinsa_id = :shinsaId:
		', [...], 'array')
 3 APPPATH\Libraries\ShinsaLibrarie.php(48): App\Models\ShinsaModel->get_shinsa_detail(2, 65)
 4 APPPATH\Controllers\Shinsa.php(57): App\Libraries\ShinsaLibrarie->get_shinsa_detail(2, 65)
 5 SYSTEMPATH\CodeIgniter.php(933): App\Controllers\Shinsa->detail('2')
 6 SYSTEMPATH\CodeIgniter.php(509): CodeIgniter\CodeIgniter->runController(Object(App\Controllers\Shinsa))
 7 SYSTEMPATH\CodeIgniter.php(355): CodeIgniter\CodeIgniter->handleRequest(null, Object(Config\Cache), false)
 8 SYSTEMPATH\Boot.php(325): CodeIgniter\CodeIgniter->run()
 9 SYSTEMPATH\Boot.php(67): CodeIgniter\Boot::runCodeIgniter(Object(CodeIgniter\CodeIgniter))
10 FCPATH\index.php(56): CodeIgniter\Boot::bootWeb(Object(Config\Paths))
CRITICAL - 2025-01-14 23:16:54 --> [Caused by] CodeIgniter\Database\Exceptions\DatabaseException: Unknown column 'tsi.shinsa_name' in 'field list'
in SYSTEMPATH\Database\MySQLi\Connection.php on line 317.
 1 SYSTEMPATH\Database\BaseConnection.php(734): CodeIgniter\Database\MySQLi\Connection->execute('
            SELECT
                tsi.shinsa_id,
                tsi.shinsa_date_st,
                tsi.shinsa_date_ed,
                tsi.uketuke_st,
                tsi.uketuke_ed,
                tsi.uketuke_kasugai_st,
                tsi.uketuke_kasugai_ed,
                tsi.shinsa_name,
                mka.kaijo_name,
                mka.kaijo_name_short,
                mhg.holder_grade_name,
                mhg.holder_grade_name_short,
                tsi.shinsa_class_id,
                tsi.holder_grade_id,
                tsi.gender_cd,
                tsi.shinsa_name_id,
                tsi.area_group_id,
                tsi.kaijo_id,
                tsi.kaijo_other_name,
                tsi.kaijo_other_name_abb,
                tsi.created,
                tsi.modified,
				CASE WHEN sof.modefied IS NOT NULL THEN \'1\' ELSE \'0\' END sanka_flg
            FROM t_shinsa_info tsi
            	INNER JOIN m_holder_grade mhg ON
            		mhg.holder_grade_id = tsi.holder_grade_id
                LEFT JOIN m_kaijo mka ON
                    mka.kaijo_id = tsi.kaijo_id
                LEFT JOIN t_shinsa_offer_member sof ON
                    sof.shinsa_id = tsi.shinsa_id
                    AND sof.member_id = 65
            WHERE
            	tsi.shinsa_id = 2
		')
 2 SYSTEMPATH\Database\BaseConnection.php(648): CodeIgniter\Database\BaseConnection->simpleQuery('
            SELECT
                tsi.shinsa_id,
                tsi.shinsa_date_st,
                tsi.shinsa_date_ed,
                tsi.uketuke_st,
                tsi.uketuke_ed,
                tsi.uketuke_kasugai_st,
                tsi.uketuke_kasugai_ed,
                tsi.shinsa_name,
                mka.kaijo_name,
                mka.kaijo_name_short,
                mhg.holder_grade_name,
                mhg.holder_grade_name_short,
                tsi.shinsa_class_id,
                tsi.holder_grade_id,
                tsi.gender_cd,
                tsi.shinsa_name_id,
                tsi.area_group_id,
                tsi.kaijo_id,
                tsi.kaijo_other_name,
                tsi.kaijo_other_name_abb,
                tsi.created,
                tsi.modified,
				CASE WHEN sof.modefied IS NOT NULL THEN \'1\' ELSE \'0\' END sanka_flg
            FROM t_shinsa_info tsi
            	INNER JOIN m_holder_grade mhg ON
            		mhg.holder_grade_id = tsi.holder_grade_id
                LEFT JOIN m_kaijo mka ON
                    mka.kaijo_id = tsi.kaijo_id
                LEFT JOIN t_shinsa_offer_member sof ON
                    sof.shinsa_id = tsi.shinsa_id
                    AND sof.member_id = 65
            WHERE
            	tsi.shinsa_id = 2
		')
 3 APPPATH\Models\BaseQueryModel.php(48): CodeIgniter\Database\BaseConnection->query('
            SELECT
                tsi.shinsa_id,
                tsi.shinsa_date_st,
                tsi.shinsa_date_ed,
                tsi.uketuke_st,
                tsi.uketuke_ed,
                tsi.uketuke_kasugai_st,
                tsi.uketuke_kasugai_ed,
                tsi.shinsa_name,
                mka.kaijo_name,
                mka.kaijo_name_short,
                mhg.holder_grade_name,
                mhg.holder_grade_name_short,
                tsi.shinsa_class_id,
                tsi.holder_grade_id,
                tsi.gender_cd,
                tsi.shinsa_name_id,
                tsi.area_group_id,
                tsi.kaijo_id,
                tsi.kaijo_other_name,
                tsi.kaijo_other_name_abb,
                tsi.created,
                tsi.modified,
				CASE WHEN sof.modefied IS NOT NULL THEN :flgOn: ELSE :flgOff: END sanka_flg
            FROM t_shinsa_info tsi
            	INNER JOIN m_holder_grade mhg ON
            		mhg.holder_grade_id = tsi.holder_grade_id
                LEFT JOIN m_kaijo mka ON
                    mka.kaijo_id = tsi.kaijo_id
                LEFT JOIN t_shinsa_offer_member sof ON
                    sof.shinsa_id = tsi.shinsa_id
                    AND sof.member_id = :memberId:
            WHERE
            	tsi.shinsa_id = :shinsaId:
		', [...])
 4 APPPATH\Models\ShinsaModel.php(131): App\Models\BaseQueryModel->get_first_row('
            SELECT
                tsi.shinsa_id,
                tsi.shinsa_date_st,
                tsi.shinsa_date_ed,
                tsi.uketuke_st,
                tsi.uketuke_ed,
                tsi.uketuke_kasugai_st,
                tsi.uketuke_kasugai_ed,
                tsi.shinsa_name,
                mka.kaijo_name,
                mka.kaijo_name_short,
                mhg.holder_grade_name,
                mhg.holder_grade_name_short,
                tsi.shinsa_class_id,
                tsi.holder_grade_id,
                tsi.gender_cd,
                tsi.shinsa_name_id,
                tsi.area_group_id,
                tsi.kaijo_id,
                tsi.kaijo_other_name,
                tsi.kaijo_other_name_abb,
                tsi.created,
                tsi.modified,
				CASE WHEN sof.modefied IS NOT NULL THEN :flgOn: ELSE :flgOff: END sanka_flg
            FROM t_shinsa_info tsi
            	INNER JOIN m_holder_grade mhg ON
            		mhg.holder_grade_id = tsi.holder_grade_id
                LEFT JOIN m_kaijo mka ON
                    mka.kaijo_id = tsi.kaijo_id
                LEFT JOIN t_shinsa_offer_member sof ON
                    sof.shinsa_id = tsi.shinsa_id
                    AND sof.member_id = :memberId:
            WHERE
            	tsi.shinsa_id = :shinsaId:
		', [...], 'array')
 5 APPPATH\Libraries\ShinsaLibrarie.php(48): App\Models\ShinsaModel->get_shinsa_detail(2, 65)
 6 APPPATH\Controllers\Shinsa.php(57): App\Libraries\ShinsaLibrarie->get_shinsa_detail(2, 65)
 7 SYSTEMPATH\CodeIgniter.php(933): App\Controllers\Shinsa->detail('2')
 8 SYSTEMPATH\CodeIgniter.php(509): CodeIgniter\CodeIgniter->runController(Object(App\Controllers\Shinsa))
 9 SYSTEMPATH\CodeIgniter.php(355): CodeIgniter\CodeIgniter->handleRequest(null, Object(Config\Cache), false)
10 SYSTEMPATH\Boot.php(325): CodeIgniter\CodeIgniter->run()
11 SYSTEMPATH\Boot.php(67): CodeIgniter\Boot::runCodeIgniter(Object(CodeIgniter\CodeIgniter))
12 FCPATH\index.php(56): CodeIgniter\Boot::bootWeb(Object(Config\Paths))
CRITICAL - 2025-01-14 23:16:54 --> [Caused by] mysqli_sql_exception: Unknown column 'tsi.shinsa_name' in 'field list'
in SYSTEMPATH\Database\MySQLi\Connection.php on line 312.
 1 SYSTEMPATH\Database\MySQLi\Connection.php(312): mysqli->query('
            SELECT
                tsi.shinsa_id,
                tsi.shinsa_date_st,
                tsi.shinsa_date_ed,
                tsi.uketuke_st,
                tsi.uketuke_ed,
                tsi.uketuke_kasugai_st,
                tsi.uketuke_kasugai_ed,
                tsi.shinsa_name,
                mka.kaijo_name,
                mka.kaijo_name_short,
                mhg.holder_grade_name,
                mhg.holder_grade_name_short,
                tsi.shinsa_class_id,
                tsi.holder_grade_id,
                tsi.gender_cd,
                tsi.shinsa_name_id,
                tsi.area_group_id,
                tsi.kaijo_id,
                tsi.kaijo_other_name,
                tsi.kaijo_other_name_abb,
                tsi.created,
                tsi.modified,
				CASE WHEN sof.modefied IS NOT NULL THEN \'1\' ELSE \'0\' END sanka_flg
            FROM t_shinsa_info tsi
            	INNER JOIN m_holder_grade mhg ON
            		mhg.holder_grade_id = tsi.holder_grade_id
                LEFT JOIN m_kaijo mka ON
                    mka.kaijo_id = tsi.kaijo_id
                LEFT JOIN t_shinsa_offer_member sof ON
                    sof.shinsa_id = tsi.shinsa_id
                    AND sof.member_id = 65
            WHERE
            	tsi.shinsa_id = 2
		', 0)
 2 SYSTEMPATH\Database\BaseConnection.php(734): CodeIgniter\Database\MySQLi\Connection->execute('
            SELECT
                tsi.shinsa_id,
                tsi.shinsa_date_st,
                tsi.shinsa_date_ed,
                tsi.uketuke_st,
                tsi.uketuke_ed,
                tsi.uketuke_kasugai_st,
                tsi.uketuke_kasugai_ed,
                tsi.shinsa_name,
                mka.kaijo_name,
                mka.kaijo_name_short,
                mhg.holder_grade_name,
                mhg.holder_grade_name_short,
                tsi.shinsa_class_id,
                tsi.holder_grade_id,
                tsi.gender_cd,
                tsi.shinsa_name_id,
                tsi.area_group_id,
                tsi.kaijo_id,
                tsi.kaijo_other_name,
                tsi.kaijo_other_name_abb,
                tsi.created,
                tsi.modified,
				CASE WHEN sof.modefied IS NOT NULL THEN \'1\' ELSE \'0\' END sanka_flg
            FROM t_shinsa_info tsi
            	INNER JOIN m_holder_grade mhg ON
            		mhg.holder_grade_id = tsi.holder_grade_id
                LEFT JOIN m_kaijo mka ON
                    mka.kaijo_id = tsi.kaijo_id
                LEFT JOIN t_shinsa_offer_member sof ON
                    sof.shinsa_id = tsi.shinsa_id
                    AND sof.member_id = 65
            WHERE
            	tsi.shinsa_id = 2
		')
 3 SYSTEMPATH\Database\BaseConnection.php(648): CodeIgniter\Database\BaseConnection->simpleQuery('
            SELECT
                tsi.shinsa_id,
                tsi.shinsa_date_st,
                tsi.shinsa_date_ed,
                tsi.uketuke_st,
                tsi.uketuke_ed,
                tsi.uketuke_kasugai_st,
                tsi.uketuke_kasugai_ed,
                tsi.shinsa_name,
                mka.kaijo_name,
                mka.kaijo_name_short,
                mhg.holder_grade_name,
                mhg.holder_grade_name_short,
                tsi.shinsa_class_id,
                tsi.holder_grade_id,
                tsi.gender_cd,
                tsi.shinsa_name_id,
                tsi.area_group_id,
                tsi.kaijo_id,
                tsi.kaijo_other_name,
                tsi.kaijo_other_name_abb,
                tsi.created,
                tsi.modified,
				CASE WHEN sof.modefied IS NOT NULL THEN \'1\' ELSE \'0\' END sanka_flg
            FROM t_shinsa_info tsi
            	INNER JOIN m_holder_grade mhg ON
            		mhg.holder_grade_id = tsi.holder_grade_id
                LEFT JOIN m_kaijo mka ON
                    mka.kaijo_id = tsi.kaijo_id
                LEFT JOIN t_shinsa_offer_member sof ON
                    sof.shinsa_id = tsi.shinsa_id
                    AND sof.member_id = 65
            WHERE
            	tsi.shinsa_id = 2
		')
 4 APPPATH\Models\BaseQueryModel.php(48): CodeIgniter\Database\BaseConnection->query('
            SELECT
                tsi.shinsa_id,
                tsi.shinsa_date_st,
                tsi.shinsa_date_ed,
                tsi.uketuke_st,
                tsi.uketuke_ed,
                tsi.uketuke_kasugai_st,
                tsi.uketuke_kasugai_ed,
                tsi.shinsa_name,
                mka.kaijo_name,
                mka.kaijo_name_short,
                mhg.holder_grade_name,
                mhg.holder_grade_name_short,
                tsi.shinsa_class_id,
                tsi.holder_grade_id,
                tsi.gender_cd,
                tsi.shinsa_name_id,
                tsi.area_group_id,
                tsi.kaijo_id,
                tsi.kaijo_other_name,
                tsi.kaijo_other_name_abb,
                tsi.created,
                tsi.modified,
				CASE WHEN sof.modefied IS NOT NULL THEN :flgOn: ELSE :flgOff: END sanka_flg
            FROM t_shinsa_info tsi
            	INNER JOIN m_holder_grade mhg ON
            		mhg.holder_grade_id = tsi.holder_grade_id
                LEFT JOIN m_kaijo mka ON
                    mka.kaijo_id = tsi.kaijo_id
                LEFT JOIN t_shinsa_offer_member sof ON
                    sof.shinsa_id = tsi.shinsa_id
                    AND sof.member_id = :memberId:
            WHERE
            	tsi.shinsa_id = :shinsaId:
		', [...])
 5 APPPATH\Models\ShinsaModel.php(131): App\Models\BaseQueryModel->get_first_row('
            SELECT
                tsi.shinsa_id,
                tsi.shinsa_date_st,
                tsi.shinsa_date_ed,
                tsi.uketuke_st,
                tsi.uketuke_ed,
                tsi.uketuke_kasugai_st,
                tsi.uketuke_kasugai_ed,
                tsi.shinsa_name,
                mka.kaijo_name,
                mka.kaijo_name_short,
                mhg.holder_grade_name,
                mhg.holder_grade_name_short,
                tsi.shinsa_class_id,
                tsi.holder_grade_id,
                tsi.gender_cd,
                tsi.shinsa_name_id,
                tsi.area_group_id,
                tsi.kaijo_id,
                tsi.kaijo_other_name,
                tsi.kaijo_other_name_abb,
                tsi.created,
                tsi.modified,
				CASE WHEN sof.modefied IS NOT NULL THEN :flgOn: ELSE :flgOff: END sanka_flg
            FROM t_shinsa_info tsi
            	INNER JOIN m_holder_grade mhg ON
            		mhg.holder_grade_id = tsi.holder_grade_id
                LEFT JOIN m_kaijo mka ON
                    mka.kaijo_id = tsi.kaijo_id
                LEFT JOIN t_shinsa_offer_member sof ON
                    sof.shinsa_id = tsi.shinsa_id
                    AND sof.member_id = :memberId:
            WHERE
            	tsi.shinsa_id = :shinsaId:
		', [...], 'array')
 6 APPPATH\Libraries\ShinsaLibrarie.php(48): App\Models\ShinsaModel->get_shinsa_detail(2, 65)
 7 APPPATH\Controllers\Shinsa.php(57): App\Libraries\ShinsaLibrarie->get_shinsa_detail(2, 65)
 8 SYSTEMPATH\CodeIgniter.php(933): App\Controllers\Shinsa->detail('2')
 9 SYSTEMPATH\CodeIgniter.php(509): CodeIgniter\CodeIgniter->runController(Object(App\Controllers\Shinsa))
10 SYSTEMPATH\CodeIgniter.php(355): CodeIgniter\CodeIgniter->handleRequest(null, Object(Config\Cache), false)
11 SYSTEMPATH\Boot.php(325): CodeIgniter\CodeIgniter->run()
12 SYSTEMPATH\Boot.php(67): CodeIgniter\Boot::runCodeIgniter(Object(CodeIgniter\CodeIgniter))
13 FCPATH\index.php(56): CodeIgniter\Boot::bootWeb(Object(Config\Paths))
