CRITICAL - 2024-12-01 23:39:16 --> Error: Call to a member function query() on null
[Method: GET, Route: calender]
in APPPATH\Models\MemberModel.php on line 44.
 1 APPPATH\Controllers\Calender.php(16): App\Models\MemberModel->getHolder()
 2 SYSTEMPATH\CodeIgniter.php(933): App\Controllers\Calender->index()
 3 SYSTEMPATH\CodeIgniter.php(509): CodeIgniter\CodeIgniter->runController(Object(App\Controllers\Calender))
 4 SYSTEMPATH\CodeIgniter.php(355): CodeIgniter\CodeIgniter->handleRequest(null, Object(Config\Cache), false)
 5 SYSTEMPATH\Boot.php(325): CodeIgniter\CodeIgniter->run()
 6 SYSTEMPATH\Boot.php(67): CodeIgniter\Boot::runCodeIgniter(Object(CodeIgniter\CodeIgniter))
 7 FCPATH\index.php(56): CodeIgniter\Boot::bootWeb(Object(Config\Paths))
CRITICAL - 2024-12-01 23:41:45 --> Error: Call to a member function query() on null
[Method: GET, Route: calender]
in APPPATH\Models\MemberModel.php on line 44.
 1 APPPATH\Controllers\Calender.php(16): App\Models\MemberModel->getHolder()
 2 SYSTEMPATH\CodeIgniter.php(933): App\Controllers\Calender->index()
 3 SYSTEMPATH\CodeIgniter.php(509): CodeIgniter\CodeIgniter->runController(Object(App\Controllers\Calender))
 4 SYSTEMPATH\CodeIgniter.php(355): CodeIgniter\CodeIgniter->handleRequest(null, Object(Config\Cache), false)
 5 SYSTEMPATH\Boot.php(325): CodeIgniter\CodeIgniter->run()
 6 SYSTEMPATH\Boot.php(67): CodeIgniter\Boot::runCodeIgniter(Object(CodeIgniter\CodeIgniter))
 7 FCPATH\index.php(56): CodeIgniter\Boot::bootWeb(Object(Config\Paths))
