CRITICAL - 2024-12-04 22:25:33 --> Error: Call to a member function get_member_list() on null
[Method: GET, Route: member]
in APPPATH\Controllers\Member.php on line 22.
 1 SYSTEMPATH\CodeIgniter.php(933): App\Controllers\Member->index()
 2 SYSTEMPATH\CodeIgniter.php(509): CodeIgniter\CodeIgniter->runController(Object(App\Controllers\Member))
 3 SYSTEMPATH\CodeIgniter.php(355): CodeIgniter\CodeIgniter->handleRequest(null, Object(Config\Cache), false)
 4 SYSTEMPATH\Boot.php(325): CodeIgniter\CodeIgniter->run()
 5 SYSTEMPATH\Boot.php(67): CodeIgniter\Boot::runCodeIgniter(Object(CodeIgniter\CodeIgniter))
 6 FCPATH\index.php(56): CodeIgniter\Boot::bootWeb(Object(Config\Paths))
CRITICAL - 2024-12-04 22:26:56 --> Error: Call to a member function get_member_list() on null
[Method: GET, Route: member]
in APPPATH\Controllers\Member.php on line 23.
 1 SYSTEMPATH\CodeIgniter.php(933): App\Controllers\Member->index()
 2 SYSTEMPATH\CodeIgniter.php(509): CodeIgniter\CodeIgniter->runController(Object(App\Controllers\Member))
 3 SYSTEMPATH\CodeIgniter.php(355): CodeIgniter\CodeIgniter->handleRequest(null, Object(Config\Cache), false)
 4 SYSTEMPATH\Boot.php(325): CodeIgniter\CodeIgniter->run()
 5 SYSTEMPATH\Boot.php(67): CodeIgniter\Boot::runCodeIgniter(Object(CodeIgniter\CodeIgniter))
 6 FCPATH\index.php(56): CodeIgniter\Boot::bootWeb(Object(Config\Paths))
CRITICAL - 2024-12-04 22:27:21 --> Error: Call to a member function get_member_list() on null
[Method: GET, Route: member]
in APPPATH\Libraries\MemberLibrarie.php on line 17.
 1 APPPATH\Controllers\Member.php(24): App\Libraries\MemberLibrarie->get_member_list()
 2 SYSTEMPATH\CodeIgniter.php(933): App\Controllers\Member->index()
 3 SYSTEMPATH\CodeIgniter.php(509): CodeIgniter\CodeIgniter->runController(Object(App\Controllers\Member))
 4 SYSTEMPATH\CodeIgniter.php(355): CodeIgniter\CodeIgniter->handleRequest(null, Object(Config\Cache), false)
 5 SYSTEMPATH\Boot.php(325): CodeIgniter\CodeIgniter->run()
 6 SYSTEMPATH\Boot.php(67): CodeIgniter\Boot::runCodeIgniter(Object(CodeIgniter\CodeIgniter))
 7 FCPATH\index.php(56): CodeIgniter\Boot::bootWeb(Object(Config\Paths))
CRITICAL - 2024-12-04 22:28:10 --> Error: Call to a member function get_member_list() on null
[Method: GET, Route: member]
in APPPATH\Libraries\MemberLibrarie.php on line 17.
 1 APPPATH\Controllers\Member.php(24): App\Libraries\MemberLibrarie->get_member_list()
 2 SYSTEMPATH\CodeIgniter.php(933): App\Controllers\Member->index()
 3 SYSTEMPATH\CodeIgniter.php(509): CodeIgniter\CodeIgniter->runController(Object(App\Controllers\Member))
 4 SYSTEMPATH\CodeIgniter.php(355): CodeIgniter\CodeIgniter->handleRequest(null, Object(Config\Cache), false)
 5 SYSTEMPATH\Boot.php(325): CodeIgniter\CodeIgniter->run()
 6 SYSTEMPATH\Boot.php(67): CodeIgniter\Boot::runCodeIgniter(Object(CodeIgniter\CodeIgniter))
 7 FCPATH\index.php(56): CodeIgniter\Boot::bootWeb(Object(Config\Paths))
