CRITICAL - 2025-01-31 23:27:48 --> ErrorException: Undefined variable $subMenu
[Method: GET, Route: shinsa/detail/2]
in APPPATH\Helpers\menu_helper.php on line 49.
 1 APPPATH\Helpers\menu_helper.php(49): CodeIgniter\Debug\Exceptions->errorHandler(2, 'Undefined variable $subMenu', 'C:\\xampp\\htdocs\\kasugaikyudo\\production\\app\\Helpers\\menu_helper.php', 49)
 2 APPPATH\Views\common\menu.php(19): get_breadcrumb_html(Object(stdClass), [...])
 3 SYSTEMPATH\View\View.php(234): include('C:\\xampp\\htdocs\\kasugaikyudo\\production\\app\\Views\\common\\menu.php')
 4 SYSTEMPATH\View\View.php(237): CodeIgniter\View\View->CodeIgniter\View\{closure}()
 5 SYSTEMPATH\Common.php(1171): CodeIgniter\View\View->render('common/menu', [], true)
 6 APPPATH\Controllers\Shinsa.php(102): view('common/menu')
 7 SYSTEMPATH\CodeIgniter.php(933): App\Controllers\Shinsa->detail('2')
 8 SYSTEMPATH\CodeIgniter.php(509): CodeIgniter\CodeIgniter->runController(Object(App\Controllers\Shinsa))
 9 SYSTEMPATH\CodeIgniter.php(355): CodeIgniter\CodeIgniter->handleRequest(null, Object(Config\Cache), false)
10 SYSTEMPATH\Boot.php(325): CodeIgniter\CodeIgniter->run()
11 SYSTEMPATH\Boot.php(67): CodeIgniter\Boot::runCodeIgniter(Object(CodeIgniter\CodeIgniter))
12 FCPATH\index.php(56): CodeIgniter\Boot::bootWeb(Object(Config\Paths))
CRITICAL - 2025-01-31 23:36:44 --> ErrorException: Undefined variable $page
[Method: GET, Route: taikai]
in APPPATH\Views\common\menu.php on line 19.
 1 APPPATH\Views\common\menu.php(19): CodeIgniter\Debug\Exceptions->errorHandler(2, 'Undefined variable $page', 'C:\\xampp\\htdocs\\kasugaikyudo\\production\\app\\Views\\common\\menu.php', 19)
 2 SYSTEMPATH\View\View.php(234): include('C:\\xampp\\htdocs\\kasugaikyudo\\production\\app\\Views\\common\\menu.php')
 3 SYSTEMPATH\View\View.php(237): CodeIgniter\View\View->CodeIgniter\View\{closure}()
 4 SYSTEMPATH\Common.php(1171): CodeIgniter\View\View->render('common/menu', [], true)
 5 APPPATH\Controllers\Taikai.php(41): view('common/menu')
 6 SYSTEMPATH\CodeIgniter.php(933): App\Controllers\Taikai->index()
 7 SYSTEMPATH\CodeIgniter.php(509): CodeIgniter\CodeIgniter->runController(Object(App\Controllers\Taikai))
 8 SYSTEMPATH\CodeIgniter.php(355): CodeIgniter\CodeIgniter->handleRequest(null, Object(Config\Cache), false)
 9 SYSTEMPATH\Boot.php(325): CodeIgniter\CodeIgniter->run()
10 SYSTEMPATH\Boot.php(67): CodeIgniter\Boot::runCodeIgniter(Object(CodeIgniter\CodeIgniter))
11 FCPATH\index.php(56): CodeIgniter\Boot::bootWeb(Object(Config\Paths))
CRITICAL - 2025-01-31 23:37:02 --> ErrorException: Undefined variable $page
[Method: GET, Route: taikai]
in APPPATH\Views\common\menu.php on line 19.
 1 APPPATH\Views\common\menu.php(19): CodeIgniter\Debug\Exceptions->errorHandler(2, 'Undefined variable $page', 'C:\\xampp\\htdocs\\kasugaikyudo\\production\\app\\Views\\common\\menu.php', 19)
 2 SYSTEMPATH\View\View.php(234): include('C:\\xampp\\htdocs\\kasugaikyudo\\production\\app\\Views\\common\\menu.php')
 3 SYSTEMPATH\View\View.php(237): CodeIgniter\View\View->CodeIgniter\View\{closure}()
 4 SYSTEMPATH\Common.php(1171): CodeIgniter\View\View->render('common/menu', [], true)
 5 APPPATH\Controllers\Taikai.php(41): view('common/menu')
 6 SYSTEMPATH\CodeIgniter.php(933): App\Controllers\Taikai->index()
 7 SYSTEMPATH\CodeIgniter.php(509): CodeIgniter\CodeIgniter->runController(Object(App\Controllers\Taikai))
 8 SYSTEMPATH\CodeIgniter.php(355): CodeIgniter\CodeIgniter->handleRequest(null, Object(Config\Cache), false)
 9 SYSTEMPATH\Boot.php(325): CodeIgniter\CodeIgniter->run()
10 SYSTEMPATH\Boot.php(67): CodeIgniter\Boot::runCodeIgniter(Object(CodeIgniter\CodeIgniter))
11 FCPATH\index.php(56): CodeIgniter\Boot::bootWeb(Object(Config\Paths))
CRITICAL - 2025-01-31 23:41:01 --> ErrorException: Undefined variable $page
[Method: GET, Route: taikai/detail/5]
in APPPATH\Controllers\Taikai.php on line 74.
 1 APPPATH\Controllers\Taikai.php(74): CodeIgniter\Debug\Exceptions->errorHandler(2, 'Undefined variable $page', 'C:\\xampp\\htdocs\\kasugaikyudo\\production\\app\\Controllers\\Taikai.php', 74)
 2 SYSTEMPATH\CodeIgniter.php(933): App\Controllers\Taikai->detail('5')
 3 SYSTEMPATH\CodeIgniter.php(509): CodeIgniter\CodeIgniter->runController(Object(App\Controllers\Taikai))
 4 SYSTEMPATH\CodeIgniter.php(355): CodeIgniter\CodeIgniter->handleRequest(null, Object(Config\Cache), false)
 5 SYSTEMPATH\Boot.php(325): CodeIgniter\CodeIgniter->run()
 6 SYSTEMPATH\Boot.php(67): CodeIgniter\Boot::runCodeIgniter(Object(CodeIgniter\CodeIgniter))
 7 FCPATH\index.php(56): CodeIgniter\Boot::bootWeb(Object(Config\Paths))
CRITICAL - 2025-01-31 23:41:51 --> ErrorException: Undefined variable $page
[Method: GET, Route: /]
in APPPATH\Views\common\menu.php on line 19.
 1 APPPATH\Views\common\menu.php(19): CodeIgniter\Debug\Exceptions->errorHandler(2, 'Undefined variable $page', 'C:\\xampp\\htdocs\\kasugaikyudo\\production\\app\\Views\\common\\menu.php', 19)
 2 SYSTEMPATH\View\View.php(234): include('C:\\xampp\\htdocs\\kasugaikyudo\\production\\app\\Views\\common\\menu.php')
 3 SYSTEMPATH\View\View.php(237): CodeIgniter\View\View->CodeIgniter\View\{closure}()
 4 SYSTEMPATH\Common.php(1171): CodeIgniter\View\View->render('common/menu', [], true)
 5 APPPATH\Controllers\Home.php(29): view('common/menu')
 6 SYSTEMPATH\CodeIgniter.php(933): App\Controllers\Home->index()
 7 SYSTEMPATH\CodeIgniter.php(509): CodeIgniter\CodeIgniter->runController(Object(App\Controllers\Home))
 8 SYSTEMPATH\CodeIgniter.php(355): CodeIgniter\CodeIgniter->handleRequest(null, Object(Config\Cache), false)
 9 SYSTEMPATH\Boot.php(325): CodeIgniter\CodeIgniter->run()
10 SYSTEMPATH\Boot.php(67): CodeIgniter\Boot::runCodeIgniter(Object(CodeIgniter\CodeIgniter))
11 FCPATH\index.php(56): CodeIgniter\Boot::bootWeb(Object(Config\Paths))
