CRITICAL - 2025-01-03 11:34:44 --> ErrorException: Undefined variable $config
[Method: GET, Route: /]
in APPPATH\Controllers\CommonController.php on line 24.
 1 APPPATH\Controllers\CommonController.php(24): CodeIgniter\Debug\Exceptions->errorHandler(2, 'Undefined variable $config', 'C:\\xampp\\htdocs\\kasugaikyudo\\production\\app\\Controllers\\CommonController.php', 24)
 2 APPPATH\Controllers\Home.php(9): App\Controllers\CommonController->__construct()
 3 SYSTEMPATH\CodeIgniter.php(903): App\Controllers\Home->__construct()
 4 SYSTEMPATH\CodeIgniter.php(500): CodeIgniter\CodeIgniter->createController()
 5 SYSTEMPATH\CodeIgniter.php(355): CodeIgniter\CodeIgniter->handleRequest(null, Object(Config\Cache), false)
 6 SYSTEMPATH\Boot.php(325): CodeIgniter\CodeIgniter->run()
 7 SYSTEMPATH\Boot.php(67): CodeIgniter\Boot::runCodeIgniter(Object(CodeIgniter\CodeIgniter))
 8 FCPATH\index.php(56): CodeIgniter\Boot::bootWeb(Object(Config\Paths))
CRITICAL - 2025-01-03 11:35:58 --> ErrorException: Undefined variable $config
[Method: GET, Route: login]
in APPPATH\Controllers\CommonController.php on line 24.
 1 APPPATH\Controllers\CommonController.php(24): CodeIgniter\Debug\Exceptions->errorHandler(2, 'Undefined variable $config', 'C:\\xampp\\htdocs\\kasugaikyudo\\production\\app\\Controllers\\CommonController.php', 24)
 2 APPPATH\Controllers\Login.php(10): App\Controllers\CommonController->__construct()
 3 SYSTEMPATH\CodeIgniter.php(903): App\Controllers\Login->__construct()
 4 SYSTEMPATH\CodeIgniter.php(500): CodeIgniter\CodeIgniter->createController()
 5 SYSTEMPATH\CodeIgniter.php(355): CodeIgniter\CodeIgniter->handleRequest(null, Object(Config\Cache), false)
 6 SYSTEMPATH\Boot.php(325): CodeIgniter\CodeIgniter->run()
 7 SYSTEMPATH\Boot.php(67): CodeIgniter\Boot::runCodeIgniter(Object(CodeIgniter\CodeIgniter))
 8 FCPATH\index.php(56): CodeIgniter\Boot::bootWeb(Object(Config\Paths))
CRITICAL - 2025-01-03 15:20:22 --> ErrorException: Undefined variable $msg
[Method: POST, Route: login/check]
in APPPATH\Controllers\Login.php on line 55.
 1 APPPATH\Controllers\Login.php(55): CodeIgniter\Debug\Exceptions->errorHandler(2, 'Undefined variable $msg', 'C:\\xampp\\htdocs\\kasugaikyudo\\production\\app\\Controllers\\Login.php', 55)
 2 SYSTEMPATH\CodeIgniter.php(933): App\Controllers\Login->check()
 3 SYSTEMPATH\CodeIgniter.php(509): CodeIgniter\CodeIgniter->runController(Object(App\Controllers\Login))
 4 SYSTEMPATH\CodeIgniter.php(355): CodeIgniter\CodeIgniter->handleRequest(null, Object(Config\Cache), false)
 5 SYSTEMPATH\Boot.php(325): CodeIgniter\CodeIgniter->run()
 6 SYSTEMPATH\Boot.php(67): CodeIgniter\Boot::runCodeIgniter(Object(CodeIgniter\CodeIgniter))
 7 FCPATH\index.php(56): CodeIgniter\Boot::bootWeb(Object(Config\Paths))
CRITICAL - 2025-01-03 15:51:39 --> ErrorException: Undefined property: App\Controllers\Login::$load
[Method: POST, Route: login/check]
in APPPATH\Controllers\Login.php on line 36.
 1 APPPATH\Controllers\Login.php(36): CodeIgniter\Debug\Exceptions->errorHandler(2, 'Undefined property: App\\Controllers\\Login::$load', 'C:\\xampp\\htdocs\\kasugaikyudo\\production\\app\\Controllers\\Login.php', 36)
 2 SYSTEMPATH\CodeIgniter.php(933): App\Controllers\Login->check()
 3 SYSTEMPATH\CodeIgniter.php(509): CodeIgniter\CodeIgniter->runController(Object(App\Controllers\Login))
 4 SYSTEMPATH\CodeIgniter.php(355): CodeIgniter\CodeIgniter->handleRequest(null, Object(Config\Cache), false)
 5 SYSTEMPATH\Boot.php(325): CodeIgniter\CodeIgniter->run()
 6 SYSTEMPATH\Boot.php(67): CodeIgniter\Boot::runCodeIgniter(Object(CodeIgniter\CodeIgniter))
 7 FCPATH\index.php(56): CodeIgniter\Boot::bootWeb(Object(Config\Paths))
CRITICAL - 2025-01-03 21:17:18 --> ErrorException: Access level to App\Controllers\Member::$memberLibrarie must be protected (as in class App\Controllers\CommonController) or weaker
[Method: GET, Route: member]
in APPPATH\Controllers\Member.php on line 6.
 1 [internal function]: CodeIgniter\Debug\Exceptions->shutdownHandler()
CRITICAL - 2025-01-03 21:17:58 --> TypeError: App\Controllers\Shinsa::index(): Return value must be of type string, CodeIgniter\HTTP\RedirectResponse returned
[Method: GET, Route: shinsa]
in APPPATH\Controllers\Shinsa.php on line 23.
 1 SYSTEMPATH\CodeIgniter.php(933): App\Controllers\Shinsa->index()
 2 SYSTEMPATH\CodeIgniter.php(509): CodeIgniter\CodeIgniter->runController(Object(App\Controllers\Shinsa))
 3 SYSTEMPATH\CodeIgniter.php(355): CodeIgniter\CodeIgniter->handleRequest(null, Object(Config\Cache), false)
 4 SYSTEMPATH\Boot.php(325): CodeIgniter\CodeIgniter->run()
 5 SYSTEMPATH\Boot.php(67): CodeIgniter\Boot::runCodeIgniter(Object(CodeIgniter\CodeIgniter))
 6 FCPATH\index.php(56): CodeIgniter\Boot::bootWeb(Object(Config\Paths))
CRITICAL - 2025-01-03 21:22:05 --> TypeError: App\Controllers\Taikai::index(): Return value must be of type ?string, CodeIgniter\HTTP\RedirectResponse returned
[Method: GET, Route: taikai]
in APPPATH\Controllers\Taikai.php on line 22.
 1 SYSTEMPATH\CodeIgniter.php(933): App\Controllers\Taikai->index()
 2 SYSTEMPATH\CodeIgniter.php(509): CodeIgniter\CodeIgniter->runController(Object(App\Controllers\Taikai))
 3 SYSTEMPATH\CodeIgniter.php(355): CodeIgniter\CodeIgniter->handleRequest(null, Object(Config\Cache), false)
 4 SYSTEMPATH\Boot.php(325): CodeIgniter\CodeIgniter->run()
 5 SYSTEMPATH\Boot.php(67): CodeIgniter\Boot::runCodeIgniter(Object(CodeIgniter\CodeIgniter))
 6 FCPATH\index.php(56): CodeIgniter\Boot::bootWeb(Object(Config\Paths))
