CRITICAL - 2024-12-18 23:21:36 --> CodeIgniter\Database\Exceptions\DatabaseException: You must set the database table to be used with your query.
[Method: GET, Route: taikai]
in SYSTEMPATH\Database\BaseConnection.php on line 927.
 1 SYSTEMPATH\Model.php(716): CodeIgniter\Database\BaseConnection->table(null)
 2 SYSTEMPATH\Model.php(922): CodeIgniter\Model->builder()
 3 APPPATH\Models\TaikaiModel.php(62): CodeIgniter\Model->__call('get_result_array', [...])
 4 APPPATH\Libraries\TaikaiLibrarie.php(28): App\Models\TaikaiModel->get_taikai_list(24, 1)
 5 APPPATH\Controllers\Taikai.php(27): App\Libraries\TaikaiLibrarie->get_taikai_list(24, [...])
 6 SYSTEMPATH\CodeIgniter.php(933): App\Controllers\Taikai->index()
 7 SYSTEMPATH\CodeIgniter.php(509): CodeIgniter\CodeIgniter->runController(Object(App\Controllers\Taikai))
 8 SYSTEMPATH\CodeIgniter.php(355): CodeIgniter\CodeIgniter->handleRequest(null, Object(Config\Cache), false)
 9 SYSTEMPATH\Boot.php(325): CodeIgniter\CodeIgniter->run()
10 SYSTEMPATH\Boot.php(67): CodeIgniter\Boot::runCodeIgniter(Object(CodeIgniter\CodeIgniter))
11 FCPATH\index.php(56): CodeIgniter\Boot::bootWeb(Object(Config\Paths))
CRITICAL - 2024-12-18 23:23:18 --> CodeIgniter\Database\Exceptions\DatabaseException: You must set the database table to be used with your query.
[Method: GET, Route: taikai]
in SYSTEMPATH\Database\BaseConnection.php on line 927.
 1 SYSTEMPATH\Model.php(716): CodeIgniter\Database\BaseConnection->table(null)
 2 SYSTEMPATH\Model.php(922): CodeIgniter\Model->builder()
 3 APPPATH\Models\TaikaiModel.php(62): CodeIgniter\Model->__call('get_result_array', [...])
 4 APPPATH\Libraries\TaikaiLibrarie.php(28): App\Models\TaikaiModel->get_taikai_list(24, 1)
 5 APPPATH\Controllers\Taikai.php(27): App\Libraries\TaikaiLibrarie->get_taikai_list(24, [...])
 6 SYSTEMPATH\CodeIgniter.php(933): App\Controllers\Taikai->index()
 7 SYSTEMPATH\CodeIgniter.php(509): CodeIgniter\CodeIgniter->runController(Object(App\Controllers\Taikai))
 8 SYSTEMPATH\CodeIgniter.php(355): CodeIgniter\CodeIgniter->handleRequest(null, Object(Config\Cache), false)
 9 SYSTEMPATH\Boot.php(325): CodeIgniter\CodeIgniter->run()
10 SYSTEMPATH\Boot.php(67): CodeIgniter\Boot::runCodeIgniter(Object(CodeIgniter\CodeIgniter))
11 FCPATH\index.php(56): CodeIgniter\Boot::bootWeb(Object(Config\Paths))
CRITICAL - 2024-12-18 23:25:01 --> CodeIgniter\Database\Exceptions\DatabaseException: You must set the database table to be used with your query.
[Method: GET, Route: taikai]
in SYSTEMPATH\Database\BaseConnection.php on line 927.
 1 SYSTEMPATH\Model.php(716): CodeIgniter\Database\BaseConnection->table(null)
 2 SYSTEMPATH\Model.php(922): CodeIgniter\Model->builder()
 3 APPPATH\Models\TaikaiModel.php(62): CodeIgniter\Model->__call('get_result_array', [...])
 4 APPPATH\Libraries\TaikaiLibrarie.php(28): App\Models\TaikaiModel->get_taikai_list(24, 1)
 5 APPPATH\Controllers\Taikai.php(27): App\Libraries\TaikaiLibrarie->get_taikai_list(24, [...])
 6 SYSTEMPATH\CodeIgniter.php(933): App\Controllers\Taikai->index()
 7 SYSTEMPATH\CodeIgniter.php(509): CodeIgniter\CodeIgniter->runController(Object(App\Controllers\Taikai))
 8 SYSTEMPATH\CodeIgniter.php(355): CodeIgniter\CodeIgniter->handleRequest(null, Object(Config\Cache), false)
 9 SYSTEMPATH\Boot.php(325): CodeIgniter\CodeIgniter->run()
10 SYSTEMPATH\Boot.php(67): CodeIgniter\Boot::runCodeIgniter(Object(CodeIgniter\CodeIgniter))
11 FCPATH\index.php(56): CodeIgniter\Boot::bootWeb(Object(Config\Paths))
CRITICAL - 2024-12-18 23:25:28 --> CodeIgniter\Database\Exceptions\DatabaseException: You must set the database table to be used with your query.
[Method: GET, Route: taikai]
in SYSTEMPATH\Database\BaseConnection.php on line 927.
 1 SYSTEMPATH\Model.php(716): CodeIgniter\Database\BaseConnection->table(null)
 2 SYSTEMPATH\Model.php(922): CodeIgniter\Model->builder()
 3 APPPATH\Models\TaikaiModel.php(62): CodeIgniter\Model->__call('get_result_array', [...])
 4 APPPATH\Libraries\TaikaiLibrarie.php(28): App\Models\TaikaiModel->get_taikai_list(24, 1)
 5 APPPATH\Controllers\Taikai.php(27): App\Libraries\TaikaiLibrarie->get_taikai_list(24, [...])
 6 SYSTEMPATH\CodeIgniter.php(933): App\Controllers\Taikai->index()
 7 SYSTEMPATH\CodeIgniter.php(509): CodeIgniter\CodeIgniter->runController(Object(App\Controllers\Taikai))
 8 SYSTEMPATH\CodeIgniter.php(355): CodeIgniter\CodeIgniter->handleRequest(null, Object(Config\Cache), false)
 9 SYSTEMPATH\Boot.php(325): CodeIgniter\CodeIgniter->run()
10 SYSTEMPATH\Boot.php(67): CodeIgniter\Boot::runCodeIgniter(Object(CodeIgniter\CodeIgniter))
11 FCPATH\index.php(56): CodeIgniter\Boot::bootWeb(Object(Config\Paths))
CRITICAL - 2024-12-18 23:26:03 --> CodeIgniter\Database\Exceptions\DatabaseException: You must set the database table to be used with your query.
[Method: GET, Route: taikai]
in SYSTEMPATH\Database\BaseConnection.php on line 927.
 1 SYSTEMPATH\Model.php(716): CodeIgniter\Database\BaseConnection->table(null)
 2 SYSTEMPATH\Model.php(922): CodeIgniter\Model->builder()
 3 APPPATH\Models\TaikaiModel.php(62): CodeIgniter\Model->__call('get_result_array', [...])
 4 APPPATH\Libraries\TaikaiLibrarie.php(28): App\Models\TaikaiModel->get_taikai_list(24, 1)
 5 APPPATH\Controllers\Taikai.php(27): App\Libraries\TaikaiLibrarie->get_taikai_list(24, [...])
 6 SYSTEMPATH\CodeIgniter.php(933): App\Controllers\Taikai->index()
 7 SYSTEMPATH\CodeIgniter.php(509): CodeIgniter\CodeIgniter->runController(Object(App\Controllers\Taikai))
 8 SYSTEMPATH\CodeIgniter.php(355): CodeIgniter\CodeIgniter->handleRequest(null, Object(Config\Cache), false)
 9 SYSTEMPATH\Boot.php(325): CodeIgniter\CodeIgniter->run()
10 SYSTEMPATH\Boot.php(67): CodeIgniter\Boot::runCodeIgniter(Object(CodeIgniter\CodeIgniter))
11 FCPATH\index.php(56): CodeIgniter\Boot::bootWeb(Object(Config\Paths))
CRITICAL - 2024-12-18 23:29:22 --> TypeError: App\Models\TaikaiModel::get_taikai_list(): Return value must be of type bool, array returned
[Method: GET, Route: taikai]
in APPPATH\Models\TaikaiModel.php on line 62.
 1 APPPATH\Libraries\TaikaiLibrarie.php(28): App\Models\TaikaiModel->get_taikai_list(24, 1)
 2 APPPATH\Controllers\Taikai.php(27): App\Libraries\TaikaiLibrarie->get_taikai_list(24, [...])
 3 SYSTEMPATH\CodeIgniter.php(933): App\Controllers\Taikai->index()
 4 SYSTEMPATH\CodeIgniter.php(509): CodeIgniter\CodeIgniter->runController(Object(App\Controllers\Taikai))
 5 SYSTEMPATH\CodeIgniter.php(355): CodeIgniter\CodeIgniter->handleRequest(null, Object(Config\Cache), false)
 6 SYSTEMPATH\Boot.php(325): CodeIgniter\CodeIgniter->run()
 7 SYSTEMPATH\Boot.php(67): CodeIgniter\Boot::runCodeIgniter(Object(CodeIgniter\CodeIgniter))
 8 FCPATH\index.php(56): CodeIgniter\Boot::bootWeb(Object(Config\Paths))
CRITICAL - 2024-12-18 23:56:47 --> ParseError: Unclosed '{' on line 12
[Method: GET, Route: taikai]
in APPPATH\Helpers\TaikaiHelper.php on line 22.
 1 SYSTEMPATH\Autoloader\Autoloader.php(296): CodeIgniter\Autoloader\Autoloader->includeFile('C:\\xampp\\htdocs\\kasugaikyudo\\production\\app\\Helpers\\TaikaiHelper.php')
 2 SYSTEMPATH\Autoloader\Autoloader.php(272): CodeIgniter\Autoloader\Autoloader->loadInNamespace('App\\Helpers\\TaikaiHelper')
 3 [internal function]: CodeIgniter\Autoloader\Autoloader->loadClass('App\\Helpers\\TaikaiHelper')
 4 SYSTEMPATH\Config\Factories.php(297): class_exists('App\\Helpers\\TaikaiHelper')
 5 SYSTEMPATH\Config\Factories.php(216): CodeIgniter\Config\Factories::locateClass([...], 'App\\Helpers\\TaikaiHelper')
 6 SYSTEMPATH\Config\Factories.php(159): CodeIgniter\Config\Factories::getDefinedInstance([...], 'App\\Helpers\\TaikaiHelper', [...])
 7 SYSTEMPATH\Common.php(802): CodeIgniter\Config\Factories::__callStatic('models', [...])
 8 APPPATH\Controllers\Taikai.php(15): model('App\\Helpers\\TaikaiHelper')
 9 SYSTEMPATH\CodeIgniter.php(903): App\Controllers\Taikai->__construct()
10 SYSTEMPATH\CodeIgniter.php(500): CodeIgniter\CodeIgniter->createController()
11 SYSTEMPATH\CodeIgniter.php(355): CodeIgniter\CodeIgniter->handleRequest(null, Object(Config\Cache), false)
12 SYSTEMPATH\Boot.php(325): CodeIgniter\CodeIgniter->run()
13 SYSTEMPATH\Boot.php(67): CodeIgniter\Boot::runCodeIgniter(Object(CodeIgniter\CodeIgniter))
14 FCPATH\index.php(56): CodeIgniter\Boot::bootWeb(Object(Config\Paths))
CRITICAL - 2024-12-18 23:57:25 --> ErrorException: Undefined array key "numRows"
[Method: GET, Route: taikai]
in APPPATH\Helpers\TaikaiHelper.php on line 11.
 1 APPPATH\Helpers\TaikaiHelper.php(11): CodeIgniter\Debug\Exceptions->errorHandler(2, 'Undefined array key "numRows"', 'C:\\xampp\\htdocs\\kasugaikyudo\\production\\app\\Helpers\\TaikaiHelper.php', 11)
 2 APPPATH\Views\taikai\index.php(7): get_taikai_tab_html([...])
 3 SYSTEMPATH\View\View.php(234): include('C:\\xampp\\htdocs\\kasugaikyudo\\production\\app\\Views\\taikai\\index.php')
 4 SYSTEMPATH\View\View.php(237): CodeIgniter\View\View->CodeIgniter\View\{closure}()
 5 SYSTEMPATH\Common.php(1171): CodeIgniter\View\View->render('taikai/index', [], true)
 6 APPPATH\Controllers\Taikai.php(34): view('taikai/index', [...])
 7 SYSTEMPATH\CodeIgniter.php(933): App\Controllers\Taikai->index()
 8 SYSTEMPATH\CodeIgniter.php(509): CodeIgniter\CodeIgniter->runController(Object(App\Controllers\Taikai))
 9 SYSTEMPATH\CodeIgniter.php(355): CodeIgniter\CodeIgniter->handleRequest(null, Object(Config\Cache), false)
10 SYSTEMPATH\Boot.php(325): CodeIgniter\CodeIgniter->run()
11 SYSTEMPATH\Boot.php(67): CodeIgniter\Boot::runCodeIgniter(Object(CodeIgniter\CodeIgniter))
12 FCPATH\index.php(56): CodeIgniter\Boot::bootWeb(Object(Config\Paths))
