CRITICAL - 2025-01-16 22:42:42 --> Error: Call to undefined function get_shinsa_chiho_detail_html()
[Method: GET, Route: shinsa/detail/2]
in APPPATH\Views\shinsa\detail_chiho.php on line 4.
 1 SYSTEMPATH\View\View.php(234): include()
 2 SYSTEMPATH\View\View.php(237): CodeIgniter\View\View->CodeIgniter\View\{closure}()
 3 SYSTEMPATH\Common.php(1171): CodeIgniter\View\View->render('shinsa/detail_chiho', [], true)
 4 APPPATH\Controllers\Shinsa.php(85): view('shinsa/detail_chiho', [...])
 5 SYSTEMPATH\CodeIgniter.php(933): App\Controllers\Shinsa->detail('2')
 6 SYSTEMPATH\CodeIgniter.php(509): CodeIgniter\CodeIgniter->runController(Object(App\Controllers\Shinsa))
 7 SYSTEMPATH\CodeIgniter.php(355): CodeIgniter\CodeIgniter->handleRequest(null, Object(Config\Cache), false)
 8 SYSTEMPATH\Boot.php(325): CodeIgniter\CodeIgniter->run()
 9 SYSTEMPATH\Boot.php(67): CodeIgniter\Boot::runCodeIgniter(Object(CodeIgniter\CodeIgniter))
10 FCPATH\index.php(56): CodeIgniter\Boot::bootWeb(Object(Config\Paths))
CRITICAL - 2025-01-16 22:47:51 --> TypeError: App\Libraries\TaikaiLibrarie::get_taikai_list(): Argument #1 ($fiscalYearId) must be of type int, null given, called in C:\xampp\htdocs\kasugaikyudo\production\app\Controllers\Taikai.php on line 33
[Method: GET, Route: taikai]
in APPPATH\Libraries\TaikaiLibrarie.php on line 20.
 1 APPPATH\Controllers\Taikai.php(33): App\Libraries\TaikaiLibrarie->get_taikai_list(null, [...])
 2 SYSTEMPATH\CodeIgniter.php(933): App\Controllers\Taikai->index()
 3 SYSTEMPATH\CodeIgniter.php(509): CodeIgniter\CodeIgniter->runController(Object(App\Controllers\Taikai))
 4 SYSTEMPATH\CodeIgniter.php(355): CodeIgniter\CodeIgniter->handleRequest(null, Object(Config\Cache), false)
 5 SYSTEMPATH\Boot.php(325): CodeIgniter\CodeIgniter->run()
 6 SYSTEMPATH\Boot.php(67): CodeIgniter\Boot::runCodeIgniter(Object(CodeIgniter\CodeIgniter))
 7 FCPATH\index.php(56): CodeIgniter\Boot::bootWeb(Object(Config\Paths))
CRITICAL - 2025-01-16 22:48:30 --> TypeError: App\Libraries\TaikaiLibrarie::get_taikai_list(): Argument #1 ($fiscalYearId) must be of type int, null given, called in C:\xampp\htdocs\kasugaikyudo\production\app\Controllers\Taikai.php on line 33
[Method: GET, Route: taikai]
in APPPATH\Libraries\TaikaiLibrarie.php on line 20.
 1 APPPATH\Controllers\Taikai.php(33): App\Libraries\TaikaiLibrarie->get_taikai_list(null, [...])
 2 SYSTEMPATH\CodeIgniter.php(933): App\Controllers\Taikai->index()
 3 SYSTEMPATH\CodeIgniter.php(509): CodeIgniter\CodeIgniter->runController(Object(App\Controllers\Taikai))
 4 SYSTEMPATH\CodeIgniter.php(355): CodeIgniter\CodeIgniter->handleRequest(null, Object(Config\Cache), false)
 5 SYSTEMPATH\Boot.php(325): CodeIgniter\CodeIgniter->run()
 6 SYSTEMPATH\Boot.php(67): CodeIgniter\Boot::runCodeIgniter(Object(CodeIgniter\CodeIgniter))
 7 FCPATH\index.php(56): CodeIgniter\Boot::bootWeb(Object(Config\Paths))
CRITICAL - 2025-01-16 22:49:24 --> TypeError: App\Libraries\MemberLibrarie::get_member_list(): Argument #1 ($fiscalYearId) must be of type int, null given, called in C:\xampp\htdocs\kasugaikyudo\production\app\Controllers\Member.php on line 27
[Method: GET, Route: member]
in APPPATH\Libraries\MemberLibrarie.php on line 19.
 1 APPPATH\Controllers\Member.php(27): App\Libraries\MemberLibrarie->get_member_list(null)
 2 SYSTEMPATH\CodeIgniter.php(933): App\Controllers\Member->index()
 3 SYSTEMPATH\CodeIgniter.php(509): CodeIgniter\CodeIgniter->runController(Object(App\Controllers\Member))
 4 SYSTEMPATH\CodeIgniter.php(355): CodeIgniter\CodeIgniter->handleRequest(null, Object(Config\Cache), false)
 5 SYSTEMPATH\Boot.php(325): CodeIgniter\CodeIgniter->run()
 6 SYSTEMPATH\Boot.php(67): CodeIgniter\Boot::runCodeIgniter(Object(CodeIgniter\CodeIgniter))
 7 FCPATH\index.php(56): CodeIgniter\Boot::bootWeb(Object(Config\Paths))
