CRITICAL - 2024-12-13 23:25:30 --> TypeError: App\Libraries\MenuLibrarie::get_menu_info(): Return value must be of type object, array returned
[Method: GET, Route: /]
in APPPATH\Libraries\MenuLibrarie.php on line 49.
 1 APPPATH\Controllers\CommonController.php(45): App\Libraries\MenuLibrarie->get_menu_info('')
 2 APPPATH\Controllers\CommonController.php(24): App\Controllers\CommonController->get_menu_info('')
 3 APPPATH\Controllers\Home.php(9): App\Controllers\CommonController->__construct()
 4 SYSTEMPATH\CodeIgniter.php(903): App\Controllers\Home->__construct()
 5 SYSTEMPATH\CodeIgniter.php(500): CodeIgniter\CodeIgniter->createController()
 6 SYSTEMPATH\CodeIgniter.php(355): CodeIgniter\CodeIgniter->handleRequest(null, Object(Config\Cache), false)
 7 SYSTEMPATH\Boot.php(325): CodeIgniter\CodeIgniter->run()
 8 SYSTEMPATH\Boot.php(67): CodeIgniter\Boot::runCodeIgniter(Object(CodeIgniter\CodeIgniter))
 9 FCPATH\index.php(56): CodeIgniter\Boot::bootWeb(Object(Config\Paths))
CRITICAL - 2024-12-13 23:28:12 --> ErrorException: Undefined property: App\Controllers\Home::$memuData
[Method: GET, Route: /]
in APPPATH\Controllers\Home.php on line 18.
 1 APPPATH\Controllers\Home.php(18): CodeIgniter\Debug\Exceptions->errorHandler(2, 'Undefined property: App\\Controllers\\Home::$memuData', 'C:\\xampp\\htdocs\\kasugaikyudo\\production\\app\\Controllers\\Home.php', 18)
 2 SYSTEMPATH\CodeIgniter.php(933): App\Controllers\Home->index()
 3 SYSTEMPATH\CodeIgniter.php(509): CodeIgniter\CodeIgniter->runController(Object(App\Controllers\Home))
 4 SYSTEMPATH\CodeIgniter.php(355): CodeIgniter\CodeIgniter->handleRequest(null, Object(Config\Cache), false)
 5 SYSTEMPATH\Boot.php(325): CodeIgniter\CodeIgniter->run()
 6 SYSTEMPATH\Boot.php(67): CodeIgniter\Boot::runCodeIgniter(Object(CodeIgniter\CodeIgniter))
 7 FCPATH\index.php(56): CodeIgniter\Boot::bootWeb(Object(Config\Paths))
CRITICAL - 2024-12-13 23:33:07 --> ErrorException: Undefined property: App\Controllers\Home::$memuData
[Method: GET, Route: /]
in APPPATH\Controllers\Home.php on line 19.
 1 APPPATH\Controllers\Home.php(19): CodeIgniter\Debug\Exceptions->errorHandler(2, 'Undefined property: App\\Controllers\\Home::$memuData', 'C:\\xampp\\htdocs\\kasugaikyudo\\production\\app\\Controllers\\Home.php', 19)
 2 SYSTEMPATH\CodeIgniter.php(933): App\Controllers\Home->index()
 3 SYSTEMPATH\CodeIgniter.php(509): CodeIgniter\CodeIgniter->runController(Object(App\Controllers\Home))
 4 SYSTEMPATH\CodeIgniter.php(355): CodeIgniter\CodeIgniter->handleRequest(null, Object(Config\Cache), false)
 5 SYSTEMPATH\Boot.php(325): CodeIgniter\CodeIgniter->run()
 6 SYSTEMPATH\Boot.php(67): CodeIgniter\Boot::runCodeIgniter(Object(CodeIgniter\CodeIgniter))
 7 FCPATH\index.php(56): CodeIgniter\Boot::bootWeb(Object(Config\Paths))
CRITICAL - 2024-12-13 23:35:21 --> ErrorException: Undefined property: App\Controllers\Workshop::$_mainMenuName
[Method: GET, Route: workshop]
in APPPATH\Controllers\Workshop.php on line 26.
 1 APPPATH\Controllers\Workshop.php(26): CodeIgniter\Debug\Exceptions->errorHandler(2, 'Undefined property: App\\Controllers\\Workshop::$_mainMenuName', 'C:\\xampp\\htdocs\\kasugaikyudo\\production\\app\\Controllers\\Workshop.php', 26)
 2 SYSTEMPATH\CodeIgniter.php(933): App\Controllers\Workshop->index()
 3 SYSTEMPATH\CodeIgniter.php(509): CodeIgniter\CodeIgniter->runController(Object(App\Controllers\Workshop))
 4 SYSTEMPATH\CodeIgniter.php(355): CodeIgniter\CodeIgniter->handleRequest(null, Object(Config\Cache), false)
 5 SYSTEMPATH\Boot.php(325): CodeIgniter\CodeIgniter->run()
 6 SYSTEMPATH\Boot.php(67): CodeIgniter\Boot::runCodeIgniter(Object(CodeIgniter\CodeIgniter))
 7 FCPATH\index.php(56): CodeIgniter\Boot::bootWeb(Object(Config\Paths))
CRITICAL - 2024-12-13 23:46:37 --> ErrorException: Undefined variable $memuInfo
[Method: GET, Route: calender]
in APPPATH\Views\calender\index.php on line 5.
 1 APPPATH\Views\calender\index.php(5): CodeIgniter\Debug\Exceptions->errorHandler(2, 'Undefined variable $memuInfo', 'C:\\xampp\\htdocs\\kasugaikyudo\\production\\app\\Views\\calender\\index.php', 5)
 2 SYSTEMPATH\View\View.php(234): include('C:\\xampp\\htdocs\\kasugaikyudo\\production\\app\\Views\\calender\\index.php')
 3 SYSTEMPATH\View\View.php(237): CodeIgniter\View\View->CodeIgniter\View\{closure}()
 4 SYSTEMPATH\Common.php(1171): CodeIgniter\View\View->render('calender/index', [], true)
 5 APPPATH\Controllers\Calender.php(29): view('calender/index', [])
 6 SYSTEMPATH\CodeIgniter.php(933): App\Controllers\Calender->index()
 7 SYSTEMPATH\CodeIgniter.php(509): CodeIgniter\CodeIgniter->runController(Object(App\Controllers\Calender))
 8 SYSTEMPATH\CodeIgniter.php(355): CodeIgniter\CodeIgniter->handleRequest(null, Object(Config\Cache), false)
 9 SYSTEMPATH\Boot.php(325): CodeIgniter\CodeIgniter->run()
10 SYSTEMPATH\Boot.php(67): CodeIgniter\Boot::runCodeIgniter(Object(CodeIgniter\CodeIgniter))
11 FCPATH\index.php(56): CodeIgniter\Boot::bootWeb(Object(Config\Paths))
CRITICAL - 2024-12-13 23:47:10 --> ErrorException: Undefined property: stdClass::$menu_name
[Method: GET, Route: calender]
in APPPATH\Helpers\MenuHelper.php on line 30.
 1 APPPATH\Helpers\MenuHelper.php(30): CodeIgniter\Debug\Exceptions->errorHandler(2, 'Undefined property: stdClass::$menu_name', 'C:\\xampp\\htdocs\\kasugaikyudo\\production\\app\\Helpers\\MenuHelper.php', 30)
 2 APPPATH\Views\calender\index.php(5): get_breadcrumb_html(Object(stdClass))
 3 SYSTEMPATH\View\View.php(234): include('C:\\xampp\\htdocs\\kasugaikyudo\\production\\app\\Views\\calender\\index.php')
 4 SYSTEMPATH\View\View.php(237): CodeIgniter\View\View->CodeIgniter\View\{closure}()
 5 SYSTEMPATH\Common.php(1171): CodeIgniter\View\View->render('calender/index', [], true)
 6 APPPATH\Controllers\Calender.php(30): view('calender/index', [...])
 7 SYSTEMPATH\CodeIgniter.php(933): App\Controllers\Calender->index()
 8 SYSTEMPATH\CodeIgniter.php(509): CodeIgniter\CodeIgniter->runController(Object(App\Controllers\Calender))
 9 SYSTEMPATH\CodeIgniter.php(355): CodeIgniter\CodeIgniter->handleRequest(null, Object(Config\Cache), false)
10 SYSTEMPATH\Boot.php(325): CodeIgniter\CodeIgniter->run()
11 SYSTEMPATH\Boot.php(67): CodeIgniter\Boot::runCodeIgniter(Object(CodeIgniter\CodeIgniter))
12 FCPATH\index.php(56): CodeIgniter\Boot::bootWeb(Object(Config\Paths))
