CRITICAL - 2024-12-23 23:01:36 --> ErrorException: Undefined variable $day
[Method: GET, Route: taikai/detail/24/5]
in APPPATH\Helpers\datetime_helper.php on line 26.
 1 APPPATH\Helpers\datetime_helper.php(26): CodeIgniter\Debug\Exceptions->errorHandler(2, 'Undefined variable $day', 'C:\\xampp\\htdocs\\kasugaikyudo\\production\\app\\Helpers\\datetime_helper.php', 26)
 2 APPPATH\Views\taikai\detail.php(6): date_format_jp('2024-12-22')
 3 SYSTEMPATH\View\View.php(234): include('C:\\xampp\\htdocs\\kasugaikyudo\\production\\app\\Views\\taikai\\detail.php')
 4 SYSTEMPATH\View\View.php(237): CodeIgniter\View\View->CodeIgniter\View\{closure}()
 5 SYSTEMPATH\Common.php(1171): CodeIgniter\View\View->render('taikai/detail', [], true)
 6 APPPATH\Controllers\Taikai.php(51): view('taikai/detail', [...])
 7 SYSTEMPATH\CodeIgniter.php(933): App\Controllers\Taikai->detail('24', '5')
 8 SYSTEMPATH\CodeIgniter.php(509): CodeIgniter\CodeIgniter->runController(Object(App\Controllers\Taikai))
 9 SYSTEMPATH\CodeIgniter.php(355): CodeIgniter\CodeIgniter->handleRequest(null, Object(Config\Cache), false)
10 SYSTEMPATH\Boot.php(325): CodeIgniter\CodeIgniter->run()
11 SYSTEMPATH\Boot.php(67): CodeIgniter\Boot::runCodeIgniter(Object(CodeIgniter\CodeIgniter))
12 FCPATH\index.php(56): CodeIgniter\Boot::bootWeb(Object(Config\Paths))
CRITICAL - 2024-12-23 23:03:33 --> ErrorException: Undefined variable $day
[Method: GET, Route: taikai/detail/24/5]
in APPPATH\Helpers\datetime_helper.php on line 26.
 1 APPPATH\Helpers\datetime_helper.php(26): CodeIgniter\Debug\Exceptions->errorHandler(2, 'Undefined variable $day', 'C:\\xampp\\htdocs\\kasugaikyudo\\production\\app\\Helpers\\datetime_helper.php', 26)
 2 APPPATH\Views\taikai\detail.php(6): date_format_jp('2024-12-22')
 3 SYSTEMPATH\View\View.php(234): include('C:\\xampp\\htdocs\\kasugaikyudo\\production\\app\\Views\\taikai\\detail.php')
 4 SYSTEMPATH\View\View.php(237): CodeIgniter\View\View->CodeIgniter\View\{closure}()
 5 SYSTEMPATH\Common.php(1171): CodeIgniter\View\View->render('taikai/detail', [], true)
 6 APPPATH\Controllers\Taikai.php(51): view('taikai/detail', [...])
 7 SYSTEMPATH\CodeIgniter.php(933): App\Controllers\Taikai->detail('24', '5')
 8 SYSTEMPATH\CodeIgniter.php(509): CodeIgniter\CodeIgniter->runController(Object(App\Controllers\Taikai))
 9 SYSTEMPATH\CodeIgniter.php(355): CodeIgniter\CodeIgniter->handleRequest(null, Object(Config\Cache), false)
10 SYSTEMPATH\Boot.php(325): CodeIgniter\CodeIgniter->run()
11 SYSTEMPATH\Boot.php(67): CodeIgniter\Boot::runCodeIgniter(Object(CodeIgniter\CodeIgniter))
12 FCPATH\index.php(56): CodeIgniter\Boot::bootWeb(Object(Config\Paths))
CRITICAL - 2024-12-23 23:10:01 --> Error: Array callback must have exactly two elements
[Method: GET, Route: taikai/detail/24/5]
in APPPATH\Helpers\datetime_helper.php on line 26.
 1 APPPATH\Views\taikai\detail.php(6): date_format_jp('2025-01-19', true)
 2 SYSTEMPATH\View\View.php(234): include('C:\\xampp\\htdocs\\kasugaikyudo\\production\\app\\Views\\taikai\\detail.php')
 3 SYSTEMPATH\View\View.php(237): CodeIgniter\View\View->CodeIgniter\View\{closure}()
 4 SYSTEMPATH\Common.php(1171): CodeIgniter\View\View->render('taikai/detail', [], true)
 5 APPPATH\Controllers\Taikai.php(51): view('taikai/detail', [...])
 6 SYSTEMPATH\CodeIgniter.php(933): App\Controllers\Taikai->detail('24', '5')
 7 SYSTEMPATH\CodeIgniter.php(509): CodeIgniter\CodeIgniter->runController(Object(App\Controllers\Taikai))
 8 SYSTEMPATH\CodeIgniter.php(355): CodeIgniter\CodeIgniter->handleRequest(null, Object(Config\Cache), false)
 9 SYSTEMPATH\Boot.php(325): CodeIgniter\CodeIgniter->run()
10 SYSTEMPATH\Boot.php(67): CodeIgniter\Boot::runCodeIgniter(Object(CodeIgniter\CodeIgniter))
11 FCPATH\index.php(56): CodeIgniter\Boot::bootWeb(Object(Config\Paths))
CRITICAL - 2024-12-23 23:10:35 --> Error: Array callback must have exactly two elements
[Method: GET, Route: taikai/detail/24/5]
in APPPATH\Helpers\datetime_helper.php on line 26.
 1 APPPATH\Views\taikai\detail.php(6): date_format_jp('2025-01-19', true)
 2 SYSTEMPATH\View\View.php(234): include('C:\\xampp\\htdocs\\kasugaikyudo\\production\\app\\Views\\taikai\\detail.php')
 3 SYSTEMPATH\View\View.php(237): CodeIgniter\View\View->CodeIgniter\View\{closure}()
 4 SYSTEMPATH\Common.php(1171): CodeIgniter\View\View->render('taikai/detail', [], true)
 5 APPPATH\Controllers\Taikai.php(51): view('taikai/detail', [...])
 6 SYSTEMPATH\CodeIgniter.php(933): App\Controllers\Taikai->detail('24', '5')
 7 SYSTEMPATH\CodeIgniter.php(509): CodeIgniter\CodeIgniter->runController(Object(App\Controllers\Taikai))
 8 SYSTEMPATH\CodeIgniter.php(355): CodeIgniter\CodeIgniter->handleRequest(null, Object(Config\Cache), false)
 9 SYSTEMPATH\Boot.php(325): CodeIgniter\CodeIgniter->run()
10 SYSTEMPATH\Boot.php(67): CodeIgniter\Boot::runCodeIgniter(Object(CodeIgniter\CodeIgniter))
11 FCPATH\index.php(56): CodeIgniter\Boot::bootWeb(Object(Config\Paths))
CRITICAL - 2024-12-23 23:11:55 --> Error: Array callback must have exactly two elements
[Method: GET, Route: taikai/detail/24/5]
in APPPATH\Helpers\datetime_helper.php on line 26.
 1 APPPATH\Views\taikai\detail.php(6): date_format_jp('2025-01-19', true)
 2 SYSTEMPATH\View\View.php(234): include('C:\\xampp\\htdocs\\kasugaikyudo\\production\\app\\Views\\taikai\\detail.php')
 3 SYSTEMPATH\View\View.php(237): CodeIgniter\View\View->CodeIgniter\View\{closure}()
 4 SYSTEMPATH\Common.php(1171): CodeIgniter\View\View->render('taikai/detail', [], true)
 5 APPPATH\Controllers\Taikai.php(51): view('taikai/detail', [...])
 6 SYSTEMPATH\CodeIgniter.php(933): App\Controllers\Taikai->detail('24', '5')
 7 SYSTEMPATH\CodeIgniter.php(509): CodeIgniter\CodeIgniter->runController(Object(App\Controllers\Taikai))
 8 SYSTEMPATH\CodeIgniter.php(355): CodeIgniter\CodeIgniter->handleRequest(null, Object(Config\Cache), false)
 9 SYSTEMPATH\Boot.php(325): CodeIgniter\CodeIgniter->run()
10 SYSTEMPATH\Boot.php(67): CodeIgniter\Boot::runCodeIgniter(Object(CodeIgniter\CodeIgniter))
11 FCPATH\index.php(56): CodeIgniter\Boot::bootWeb(Object(Config\Paths))
