CRITICAL - 2024-11-18 22:05:03 --> TypeError: App\Models\MemberModel::__construct(): Argument #1 ($db) must be of type CodeIgniter\Database\ConnectionInterface, null given, called in C:\xampp\htdocs\kasugaikyudo\production\system\Config\Factories.php on line 235
[Method: GET, Route: calender]
in APPPATH\Models\MemberModel.php on line 17.
 1 SYSTEMPATH\Config\Factories.php(235): App\Models\MemberModel->__construct(null)
 2 SYSTEMPATH\Config\Factories.php(169): CodeIgniter\Config\Factories::createInstance('models', 'App\\Models\\MemberModel', [...])
 3 SYSTEMPATH\Common.php(802): CodeIgniter\Config\Factories::__callStatic('models', [...])
 4 APPPATH\Controllers\Calender.php(15): model('App\\Models\\MemberModel')
 5 SYSTEMPATH\CodeIgniter.php(933): App\Controllers\Calender->index()
 6 SYSTEMPATH\CodeIgniter.php(509): CodeIgniter\CodeIgniter->runController(Object(App\Controllers\Calender))
 7 SYSTEMPATH\CodeIgniter.php(355): CodeIgniter\CodeIgniter->handleRequest(null, Object(Config\Cache), false)
 8 SYSTEMPATH\Boot.php(325): CodeIgniter\CodeIgniter->run()
 9 SYSTEMPATH\Boot.php(67): CodeIgniter\Boot::runCodeIgniter(Object(CodeIgniter\CodeIgniter))
10 FCPATH\index.php(56): CodeIgniter\Boot::bootWeb(Object(Config\Paths))
CRITICAL - 2024-11-18 22:07:24 --> TypeError: App\Models\MemberModel::__construct(): Argument #1 ($db) must be of type CodeIgniter\Database\ConnectionInterface, null given, called in C:\xampp\htdocs\kasugaikyudo\production\system\Config\Factories.php on line 235
[Method: GET, Route: calender]
in APPPATH\Models\MemberModel.php on line 17.
 1 SYSTEMPATH\Config\Factories.php(235): App\Models\MemberModel->__construct(null)
 2 SYSTEMPATH\Config\Factories.php(169): CodeIgniter\Config\Factories::createInstance('models', 'App\\Models\\MemberModel', [...])
 3 SYSTEMPATH\Common.php(802): CodeIgniter\Config\Factories::__callStatic('models', [...])
 4 APPPATH\Controllers\Calender.php(15): model('App\\Models\\MemberModel')
 5 SYSTEMPATH\CodeIgniter.php(933): App\Controllers\Calender->index()
 6 SYSTEMPATH\CodeIgniter.php(509): CodeIgniter\CodeIgniter->runController(Object(App\Controllers\Calender))
 7 SYSTEMPATH\CodeIgniter.php(355): CodeIgniter\CodeIgniter->handleRequest(null, Object(Config\Cache), false)
 8 SYSTEMPATH\Boot.php(325): CodeIgniter\CodeIgniter->run()
 9 SYSTEMPATH\Boot.php(67): CodeIgniter\Boot::runCodeIgniter(Object(CodeIgniter\CodeIgniter))
10 FCPATH\index.php(56): CodeIgniter\Boot::bootWeb(Object(Config\Paths))
CRITICAL - 2024-11-18 22:07:30 --> Error: Class "App\Models\Model" not found
[Method: GET, Route: calender]
in APPPATH\Models\MemberModel.php on line 13.
 1 SYSTEMPATH\Autoloader\Autoloader.php(317): include_once()
 2 SYSTEMPATH\Autoloader\Autoloader.php(296): CodeIgniter\Autoloader\Autoloader->includeFile('C:\\xampp\\htdocs\\kasugaikyudo\\production\\app\\Models\\MemberModel.php')
 3 SYSTEMPATH\Autoloader\Autoloader.php(272): CodeIgniter\Autoloader\Autoloader->loadInNamespace('App\\Models\\MemberModel')
 4 [internal function]: CodeIgniter\Autoloader\Autoloader->loadClass('App\\Models\\MemberModel')
 5 SYSTEMPATH\Config\Factories.php(297): class_exists('App\\Models\\MemberModel')
 6 SYSTEMPATH\Config\Factories.php(216): CodeIgniter\Config\Factories::locateClass([...], 'App\\Models\\MemberModel')
 7 SYSTEMPATH\Config\Factories.php(159): CodeIgniter\Config\Factories::getDefinedInstance([...], 'App\\Models\\MemberModel', [...])
 8 SYSTEMPATH\Common.php(802): CodeIgniter\Config\Factories::__callStatic('models', [...])
 9 APPPATH\Controllers\Calender.php(15): model('App\\Models\\MemberModel')
10 SYSTEMPATH\CodeIgniter.php(933): App\Controllers\Calender->index()
11 SYSTEMPATH\CodeIgniter.php(509): CodeIgniter\CodeIgniter->runController(Object(App\Controllers\Calender))
12 SYSTEMPATH\CodeIgniter.php(355): CodeIgniter\CodeIgniter->handleRequest(null, Object(Config\Cache), false)
13 SYSTEMPATH\Boot.php(325): CodeIgniter\CodeIgniter->run()
14 SYSTEMPATH\Boot.php(67): CodeIgniter\Boot::runCodeIgniter(Object(CodeIgniter\CodeIgniter))
15 FCPATH\index.php(56): CodeIgniter\Boot::bootWeb(Object(Config\Paths))
CRITICAL - 2024-11-18 22:12:04 --> ErrorException: Undefined variable $db
[Method: GET, Route: calender]
in APPPATH\Models\MemberModel.php on line 44.
 1 APPPATH\Models\MemberModel.php(44): CodeIgniter\Debug\Exceptions->errorHandler(2, 'Undefined variable $db', 'C:\\xampp\\htdocs\\kasugaikyudo\\production\\app\\Models\\MemberModel.php', 44)
 2 APPPATH\Controllers\Calender.php(16): App\Models\MemberModel->getHolder()
 3 SYSTEMPATH\CodeIgniter.php(933): App\Controllers\Calender->index()
 4 SYSTEMPATH\CodeIgniter.php(509): CodeIgniter\CodeIgniter->runController(Object(App\Controllers\Calender))
 5 SYSTEMPATH\CodeIgniter.php(355): CodeIgniter\CodeIgniter->handleRequest(null, Object(Config\Cache), false)
 6 SYSTEMPATH\Boot.php(325): CodeIgniter\CodeIgniter->run()
 7 SYSTEMPATH\Boot.php(67): CodeIgniter\Boot::runCodeIgniter(Object(CodeIgniter\CodeIgniter))
 8 FCPATH\index.php(56): CodeIgniter\Boot::bootWeb(Object(Config\Paths))
CRITICAL - 2024-11-18 22:12:35 --> Error: Call to a member function query() on null
[Method: GET, Route: calender]
in APPPATH\Models\MemberModel.php on line 44.
 1 APPPATH\Controllers\Calender.php(16): App\Models\MemberModel->getHolder()
 2 SYSTEMPATH\CodeIgniter.php(933): App\Controllers\Calender->index()
 3 SYSTEMPATH\CodeIgniter.php(509): CodeIgniter\CodeIgniter->runController(Object(App\Controllers\Calender))
 4 SYSTEMPATH\CodeIgniter.php(355): CodeIgniter\CodeIgniter->handleRequest(null, Object(Config\Cache), false)
 5 SYSTEMPATH\Boot.php(325): CodeIgniter\CodeIgniter->run()
 6 SYSTEMPATH\Boot.php(67): CodeIgniter\Boot::runCodeIgniter(Object(CodeIgniter\CodeIgniter))
 7 FCPATH\index.php(56): CodeIgniter\Boot::bootWeb(Object(Config\Paths))
CRITICAL - 2024-11-18 22:13:04 --> ErrorException: Undefined variable $db
[Method: GET, Route: calender]
in APPPATH\Models\MemberModel.php on line 40.
 1 APPPATH\Models\MemberModel.php(40): CodeIgniter\Debug\Exceptions->errorHandler(2, 'Undefined variable $db', 'C:\\xampp\\htdocs\\kasugaikyudo\\production\\app\\Models\\MemberModel.php', 40)
 2 APPPATH\Controllers\Calender.php(16): App\Models\MemberModel->getHolder()
 3 SYSTEMPATH\CodeIgniter.php(933): App\Controllers\Calender->index()
 4 SYSTEMPATH\CodeIgniter.php(509): CodeIgniter\CodeIgniter->runController(Object(App\Controllers\Calender))
 5 SYSTEMPATH\CodeIgniter.php(355): CodeIgniter\CodeIgniter->handleRequest(null, Object(Config\Cache), false)
 6 SYSTEMPATH\Boot.php(325): CodeIgniter\CodeIgniter->run()
 7 SYSTEMPATH\Boot.php(67): CodeIgniter\Boot::runCodeIgniter(Object(CodeIgniter\CodeIgniter))
 8 FCPATH\index.php(56): CodeIgniter\Boot::bootWeb(Object(Config\Paths))
CRITICAL - 2024-11-18 22:13:05 --> ErrorException: Undefined variable $db
[Method: GET, Route: calender]
in APPPATH\Models\MemberModel.php on line 40.
 1 APPPATH\Models\MemberModel.php(40): CodeIgniter\Debug\Exceptions->errorHandler(2, 'Undefined variable $db', 'C:\\xampp\\htdocs\\kasugaikyudo\\production\\app\\Models\\MemberModel.php', 40)
 2 APPPATH\Controllers\Calender.php(16): App\Models\MemberModel->getHolder()
 3 SYSTEMPATH\CodeIgniter.php(933): App\Controllers\Calender->index()
 4 SYSTEMPATH\CodeIgniter.php(509): CodeIgniter\CodeIgniter->runController(Object(App\Controllers\Calender))
 5 SYSTEMPATH\CodeIgniter.php(355): CodeIgniter\CodeIgniter->handleRequest(null, Object(Config\Cache), false)
 6 SYSTEMPATH\Boot.php(325): CodeIgniter\CodeIgniter->run()
 7 SYSTEMPATH\Boot.php(67): CodeIgniter\Boot::runCodeIgniter(Object(CodeIgniter\CodeIgniter))
 8 FCPATH\index.php(56): CodeIgniter\Boot::bootWeb(Object(Config\Paths))
CRITICAL - 2024-11-18 22:13:34 --> ErrorException: Access level to App\Models\MemberModel::$db must be protected (as in class CodeIgniter\BaseModel) or weaker
[Method: GET, Route: calender]
in APPPATH\Models\MemberModel.php on line 12.
 1 [internal function]: CodeIgniter\Debug\Exceptions->shutdownHandler()
CRITICAL - 2024-11-18 22:13:59 --> ErrorException: Undefined variable $db
[Method: GET, Route: calender]
in APPPATH\Models\MemberModel.php on line 40.
 1 APPPATH\Models\MemberModel.php(40): CodeIgniter\Debug\Exceptions->errorHandler(2, 'Undefined variable $db', 'C:\\xampp\\htdocs\\kasugaikyudo\\production\\app\\Models\\MemberModel.php', 40)
 2 APPPATH\Controllers\Calender.php(16): App\Models\MemberModel->getHolder()
 3 SYSTEMPATH\CodeIgniter.php(933): App\Controllers\Calender->index()
 4 SYSTEMPATH\CodeIgniter.php(509): CodeIgniter\CodeIgniter->runController(Object(App\Controllers\Calender))
 5 SYSTEMPATH\CodeIgniter.php(355): CodeIgniter\CodeIgniter->handleRequest(null, Object(Config\Cache), false)
 6 SYSTEMPATH\Boot.php(325): CodeIgniter\CodeIgniter->run()
 7 SYSTEMPATH\Boot.php(67): CodeIgniter\Boot::runCodeIgniter(Object(CodeIgniter\CodeIgniter))
 8 FCPATH\index.php(56): CodeIgniter\Boot::bootWeb(Object(Config\Paths))
CRITICAL - 2024-11-18 22:14:20 --> ErrorException: Access level to App\Models\MemberModel::$db must be protected (as in class CodeIgniter\BaseModel) or weaker
[Method: GET, Route: calender]
in APPPATH\Models\MemberModel.php on line 12.
 1 [internal function]: CodeIgniter\Debug\Exceptions->shutdownHandler()
CRITICAL - 2024-11-18 22:15:06 --> ErrorException: Undefined variable $db
[Method: GET, Route: calender]
in APPPATH\Models\MemberModel.php on line 40.
 1 APPPATH\Models\MemberModel.php(40): CodeIgniter\Debug\Exceptions->errorHandler(2, 'Undefined variable $db', 'C:\\xampp\\htdocs\\kasugaikyudo\\production\\app\\Models\\MemberModel.php', 40)
 2 APPPATH\Controllers\Calender.php(16): App\Models\MemberModel->getHolder()
 3 SYSTEMPATH\CodeIgniter.php(933): App\Controllers\Calender->index()
 4 SYSTEMPATH\CodeIgniter.php(509): CodeIgniter\CodeIgniter->runController(Object(App\Controllers\Calender))
 5 SYSTEMPATH\CodeIgniter.php(355): CodeIgniter\CodeIgniter->handleRequest(null, Object(Config\Cache), false)
 6 SYSTEMPATH\Boot.php(325): CodeIgniter\CodeIgniter->run()
 7 SYSTEMPATH\Boot.php(67): CodeIgniter\Boot::runCodeIgniter(Object(CodeIgniter\CodeIgniter))
 8 FCPATH\index.php(56): CodeIgniter\Boot::bootWeb(Object(Config\Paths))
CRITICAL - 2024-11-18 22:15:25 --> Error: Call to a member function query() on null
[Method: GET, Route: calender]
in APPPATH\Models\MemberModel.php on line 44.
 1 APPPATH\Controllers\Calender.php(16): App\Models\MemberModel->getHolder()
 2 SYSTEMPATH\CodeIgniter.php(933): App\Controllers\Calender->index()
 3 SYSTEMPATH\CodeIgniter.php(509): CodeIgniter\CodeIgniter->runController(Object(App\Controllers\Calender))
 4 SYSTEMPATH\CodeIgniter.php(355): CodeIgniter\CodeIgniter->handleRequest(null, Object(Config\Cache), false)
 5 SYSTEMPATH\Boot.php(325): CodeIgniter\CodeIgniter->run()
 6 SYSTEMPATH\Boot.php(67): CodeIgniter\Boot::runCodeIgniter(Object(CodeIgniter\CodeIgniter))
 7 FCPATH\index.php(56): CodeIgniter\Boot::bootWeb(Object(Config\Paths))
CRITICAL - 2024-11-18 22:19:38 --> Error: Call to a member function query() on null
[Method: GET, Route: calender]
in APPPATH\Models\MemberModel.php on line 44.
 1 APPPATH\Controllers\Calender.php(16): App\Models\MemberModel->getHolder()
 2 SYSTEMPATH\CodeIgniter.php(933): App\Controllers\Calender->index()
 3 SYSTEMPATH\CodeIgniter.php(509): CodeIgniter\CodeIgniter->runController(Object(App\Controllers\Calender))
 4 SYSTEMPATH\CodeIgniter.php(355): CodeIgniter\CodeIgniter->handleRequest(null, Object(Config\Cache), false)
 5 SYSTEMPATH\Boot.php(325): CodeIgniter\CodeIgniter->run()
 6 SYSTEMPATH\Boot.php(67): CodeIgniter\Boot::runCodeIgniter(Object(CodeIgniter\CodeIgniter))
 7 FCPATH\index.php(56): CodeIgniter\Boot::bootWeb(Object(Config\Paths))
