CRITICAL - 2024-12-22 16:36:44 --> TypeError: App\Models\BaseQueryModel::get_first_row(): Return value must be of type ?object, array returned
[Method: GET, Route: taikai/detail/24/4]
in APPPATH\Models\BaseQueryModel.php on line 59.
 1 APPPATH\Models\TaikaiModel.php(113): App\Models\BaseQueryModel->get_first_row('
			SELECT
				mta.taikai_name,
				mta.taikai_name_short,
				tti.taikai_id,
				tti.category_id,
				tti.fiscal_year_id,
				tti.taikai_id,
				tti.taikai_no,
				tti.taikai_sub_name,
				tti.taikai_date_st,
				tti.taikai_date_ed,
				tti.taikai_time_st,
				tti.taikai_time_ed,
				tti.uketuke_st,
				tti.uketuke_ed,
				tti.indi_apply_flg,
				tti.kaijo_id,
				tti.kaijo_other,
				tti.eligibility,
				tti.competition_rules,
				tti.awards,
				tti.entry_fee,
				tti.contact_info,
				tti.created,
				tti.modefied
			FROM
				t_taikai_info tti
			INNER JOIN m_taikai mta ON
				mta.taikai_m_id = tti.taikai_m_id
			WHERE
				tti.taikai_id = :taikaiId: 
		', [...], 'array')
 2 APPPATH\Libraries\TaikaiLibrarie.php(46): App\Models\TaikaiModel->get_taikai_detail(4)
 3 APPPATH\Controllers\Taikai.php(45): App\Libraries\TaikaiLibrarie->get_taikai_detail(4)
 4 SYSTEMPATH\CodeIgniter.php(933): App\Controllers\Taikai->detail('24', '4')
 5 SYSTEMPATH\CodeIgniter.php(509): CodeIgniter\CodeIgniter->runController(Object(App\Controllers\Taikai))
 6 SYSTEMPATH\CodeIgniter.php(355): CodeIgniter\CodeIgniter->handleRequest(null, Object(Config\Cache), false)
 7 SYSTEMPATH\Boot.php(325): CodeIgniter\CodeIgniter->run()
 8 SYSTEMPATH\Boot.php(67): CodeIgniter\Boot::runCodeIgniter(Object(CodeIgniter\CodeIgniter))
 9 FCPATH\index.php(56): CodeIgniter\Boot::bootWeb(Object(Config\Paths))
CRITICAL - 2024-12-22 16:37:40 --> TypeError: App\Models\BaseQueryModel::get_first_row(): Return value must be of type ?array, stdClass returned
[Method: GET, Route: taikai/detail/24/4]
in APPPATH\Models\BaseQueryModel.php on line 59.
 1 APPPATH\Models\CommonModel.php(28): App\Models\BaseQueryModel->get_first_row('
			SELECT
				fiscal_year_id
			FROM m_setting 
		', [])
 2 APPPATH\Libraries\CommonLibrarie.php(20): App\Models\CommonModel->get_setting_data()
 3 APPPATH\Controllers\CommonController.php(34): App\Libraries\CommonLibrarie->get_setting_data()
 4 APPPATH\Controllers\CommonController.php(23): App\Controllers\CommonController->get_setting()
 5 APPPATH\Controllers\Taikai.php(13): App\Controllers\CommonController->__construct('taikai')
 6 SYSTEMPATH\CodeIgniter.php(903): App\Controllers\Taikai->__construct()
 7 SYSTEMPATH\CodeIgniter.php(500): CodeIgniter\CodeIgniter->createController()
 8 SYSTEMPATH\CodeIgniter.php(355): CodeIgniter\CodeIgniter->handleRequest(null, Object(Config\Cache), false)
 9 SYSTEMPATH\Boot.php(325): CodeIgniter\CodeIgniter->run()
10 SYSTEMPATH\Boot.php(67): CodeIgniter\Boot::runCodeIgniter(Object(CodeIgniter\CodeIgniter))
11 FCPATH\index.php(56): CodeIgniter\Boot::bootWeb(Object(Config\Paths))
CRITICAL - 2024-12-22 16:42:10 --> Error: Call to undefined function get_taikai_detail_html()
[Method: GET, Route: taikai/detail/24/4]
in APPPATH\Views\taikai\detail.php on line 7.
 1 SYSTEMPATH\View\View.php(234): include()
 2 SYSTEMPATH\View\View.php(237): CodeIgniter\View\View->CodeIgniter\View\{closure}()
 3 SYSTEMPATH\Common.php(1171): CodeIgniter\View\View->render('taikai/detail', [], true)
 4 APPPATH\Controllers\Taikai.php(52): view('taikai/detail', [...])
 5 SYSTEMPATH\CodeIgniter.php(933): App\Controllers\Taikai->detail('24', '4')
 6 SYSTEMPATH\CodeIgniter.php(509): CodeIgniter\CodeIgniter->runController(Object(App\Controllers\Taikai))
 7 SYSTEMPATH\CodeIgniter.php(355): CodeIgniter\CodeIgniter->handleRequest(null, Object(Config\Cache), false)
 8 SYSTEMPATH\Boot.php(325): CodeIgniter\CodeIgniter->run()
 9 SYSTEMPATH\Boot.php(67): CodeIgniter\Boot::runCodeIgniter(Object(CodeIgniter\CodeIgniter))
10 FCPATH\index.php(56): CodeIgniter\Boot::bootWeb(Object(Config\Paths))
CRITICAL - 2024-12-22 16:42:39 --> Error: Call to undefined function get_taikai_detail_html()
[Method: GET, Route: taikai/detail/24/4]
in APPPATH\Views\taikai\detail.php on line 7.
 1 SYSTEMPATH\View\View.php(234): include()
 2 SYSTEMPATH\View\View.php(237): CodeIgniter\View\View->CodeIgniter\View\{closure}()
 3 SYSTEMPATH\Common.php(1171): CodeIgniter\View\View->render('taikai/detail', [], true)
 4 APPPATH\Controllers\Taikai.php(52): view('taikai/detail', [...])
 5 SYSTEMPATH\CodeIgniter.php(933): App\Controllers\Taikai->detail('24', '4')
 6 SYSTEMPATH\CodeIgniter.php(509): CodeIgniter\CodeIgniter->runController(Object(App\Controllers\Taikai))
 7 SYSTEMPATH\CodeIgniter.php(355): CodeIgniter\CodeIgniter->handleRequest(null, Object(Config\Cache), false)
 8 SYSTEMPATH\Boot.php(325): CodeIgniter\CodeIgniter->run()
 9 SYSTEMPATH\Boot.php(67): CodeIgniter\Boot::runCodeIgniter(Object(CodeIgniter\CodeIgniter))
10 FCPATH\index.php(56): CodeIgniter\Boot::bootWeb(Object(Config\Paths))
CRITICAL - 2024-12-22 17:16:34 --> ErrorException: Undefined variable $memuInfo
[Method: GET, Route: taikai/detail/24/4]
in APPPATH\Views\taikai\detail.php on line 2.
 1 APPPATH\Views\taikai\detail.php(2): CodeIgniter\Debug\Exceptions->errorHandler(2, 'Undefined variable $memuInfo', 'C:\\xampp\\htdocs\\kasugaikyudo\\production\\app\\Views\\taikai\\detail.php', 2)
 2 SYSTEMPATH\View\View.php(234): include('C:\\xampp\\htdocs\\kasugaikyudo\\production\\app\\Views\\taikai\\detail.php')
 3 SYSTEMPATH\View\View.php(237): CodeIgniter\View\View->CodeIgniter\View\{closure}()
 4 SYSTEMPATH\Common.php(1171): CodeIgniter\View\View->render('taikai/detail', [], true)
 5 APPPATH\Controllers\Taikai.php(52): view('taikai/detail', [...])
 6 SYSTEMPATH\CodeIgniter.php(933): App\Controllers\Taikai->detail('24', '4')
 7 SYSTEMPATH\CodeIgniter.php(509): CodeIgniter\CodeIgniter->runController(Object(App\Controllers\Taikai))
 8 SYSTEMPATH\CodeIgniter.php(355): CodeIgniter\CodeIgniter->handleRequest(null, Object(Config\Cache), false)
 9 SYSTEMPATH\Boot.php(325): CodeIgniter\CodeIgniter->run()
10 SYSTEMPATH\Boot.php(67): CodeIgniter\Boot::runCodeIgniter(Object(CodeIgniter\CodeIgniter))
11 FCPATH\index.php(56): CodeIgniter\Boot::bootWeb(Object(Config\Paths))
