CRITICAL - 2024-12-05 23:10:53 --> ArgumentCountError: Too few arguments to function App\Models\MemberModel::get_member_list(), 0 passed in C:\xampp\htdocs\kasugaikyudo\production\app\Libraries\MemberLibrarie.php on line 17 and exactly 1 expected
[Method: GET, Route: member]
in APPPATH\Models\MemberModel.php on line 55.
 1 APPPATH\Libraries\MemberLibrarie.php(17): App\Models\MemberModel->get_member_list()
 2 APPPATH\Controllers\Member.php(26): App\Libraries\MemberLibrarie->get_member_list(23)
 3 SYSTEMPATH\CodeIgniter.php(933): App\Controllers\Member->index()
 4 SYSTEMPATH\CodeIgniter.php(509): CodeIgniter\CodeIgniter->runController(Object(App\Controllers\Member))
 5 SYSTEMPATH\CodeIgniter.php(355): CodeIgniter\CodeIgniter->handleRequest(null, Object(Config\Cache), false)
 6 SYSTEMPATH\Boot.php(325): CodeIgniter\CodeIgniter->run()
 7 SYSTEMPATH\Boot.php(67): CodeIgniter\Boot::runCodeIgniter(Object(CodeIgniter\CodeIgniter))
 8 FCPATH\index.php(56): CodeIgniter\Boot::bootWeb(Object(Config\Paths))
CRITICAL - 2024-12-05 23:19:35 --> ErrorException: Undefined variable $mainMemu
[Method: GET, Route: member]
in APPPATH\Views\common\menu.php on line 12.
 1 APPPATH\Views\common\menu.php(12): CodeIgniter\Debug\Exceptions->errorHandler(2, 'Undefined variable $mainMemu', 'C:\\xampp\\htdocs\\kasugaikyudo\\production\\app\\Views\\common\\menu.php', 12)
 2 SYSTEMPATH\View\View.php(234): include('C:\\xampp\\htdocs\\kasugaikyudo\\production\\app\\Views\\common\\menu.php')
 3 SYSTEMPATH\View\View.php(237): CodeIgniter\View\View->CodeIgniter\View\{closure}()
 4 SYSTEMPATH\Common.php(1171): CodeIgniter\View\View->render('common/menu', [], true)
 5 APPPATH\Controllers\Member.php(31): view('common/menu', [...])
 6 SYSTEMPATH\CodeIgniter.php(933): App\Controllers\Member->index()
 7 SYSTEMPATH\CodeIgniter.php(509): CodeIgniter\CodeIgniter->runController(Object(App\Controllers\Member))
 8 SYSTEMPATH\CodeIgniter.php(355): CodeIgniter\CodeIgniter->handleRequest(null, Object(Config\Cache), false)
 9 SYSTEMPATH\Boot.php(325): CodeIgniter\CodeIgniter->run()
10 SYSTEMPATH\Boot.php(67): CodeIgniter\Boot::runCodeIgniter(Object(CodeIgniter\CodeIgniter))
11 FCPATH\index.php(56): CodeIgniter\Boot::bootWeb(Object(Config\Paths))
CRITICAL - 2024-12-05 23:53:52 --> Error: Call to undefined function get_kaiin_list_html()
[Method: GET, Route: member]
in APPPATH\Views\member\index.php on line 20.
 1 SYSTEMPATH\View\View.php(234): include()
 2 SYSTEMPATH\View\View.php(237): CodeIgniter\View\View->CodeIgniter\View\{closure}()
 3 SYSTEMPATH\Common.php(1171): CodeIgniter\View\View->render('member/index', [], true)
 4 APPPATH\Controllers\Member.php(32): view('member/index', [...])
 5 SYSTEMPATH\CodeIgniter.php(933): App\Controllers\Member->index()
 6 SYSTEMPATH\CodeIgniter.php(509): CodeIgniter\CodeIgniter->runController(Object(App\Controllers\Member))
 7 SYSTEMPATH\CodeIgniter.php(355): CodeIgniter\CodeIgniter->handleRequest(null, Object(Config\Cache), false)
 8 SYSTEMPATH\Boot.php(325): CodeIgniter\CodeIgniter->run()
 9 SYSTEMPATH\Boot.php(67): CodeIgniter\Boot::runCodeIgniter(Object(CodeIgniter\CodeIgniter))
10 FCPATH\index.php(56): CodeIgniter\Boot::bootWeb(Object(Config\Paths))
CRITICAL - 2024-12-05 23:54:38 --> Error: Call to undefined function get_kaiin_list_html()
[Method: GET, Route: member]
in APPPATH\Views\member\index.php on line 20.
 1 SYSTEMPATH\View\View.php(234): include()
 2 SYSTEMPATH\View\View.php(237): CodeIgniter\View\View->CodeIgniter\View\{closure}()
 3 SYSTEMPATH\Common.php(1171): CodeIgniter\View\View->render('member/index', [], true)
 4 APPPATH\Controllers\Member.php(32): view('member/index', [...])
 5 SYSTEMPATH\CodeIgniter.php(933): App\Controllers\Member->index()
 6 SYSTEMPATH\CodeIgniter.php(509): CodeIgniter\CodeIgniter->runController(Object(App\Controllers\Member))
 7 SYSTEMPATH\CodeIgniter.php(355): CodeIgniter\CodeIgniter->handleRequest(null, Object(Config\Cache), false)
 8 SYSTEMPATH\Boot.php(325): CodeIgniter\CodeIgniter->run()
 9 SYSTEMPATH\Boot.php(67): CodeIgniter\Boot::runCodeIgniter(Object(CodeIgniter\CodeIgniter))
10 FCPATH\index.php(56): CodeIgniter\Boot::bootWeb(Object(Config\Paths))
CRITICAL - 2024-12-05 23:55:19 --> Error: Call to undefined function get_kaiin_list_html()
[Method: GET, Route: member]
in APPPATH\Views\member\index.php on line 20.
 1 SYSTEMPATH\View\View.php(234): include()
 2 SYSTEMPATH\View\View.php(237): CodeIgniter\View\View->CodeIgniter\View\{closure}()
 3 SYSTEMPATH\Common.php(1171): CodeIgniter\View\View->render('member/index', [], true)
 4 APPPATH\Controllers\Member.php(33): view('member/index', [...])
 5 SYSTEMPATH\CodeIgniter.php(933): App\Controllers\Member->index()
 6 SYSTEMPATH\CodeIgniter.php(509): CodeIgniter\CodeIgniter->runController(Object(App\Controllers\Member))
 7 SYSTEMPATH\CodeIgniter.php(355): CodeIgniter\CodeIgniter->handleRequest(null, Object(Config\Cache), false)
 8 SYSTEMPATH\Boot.php(325): CodeIgniter\CodeIgniter->run()
 9 SYSTEMPATH\Boot.php(67): CodeIgniter\Boot::runCodeIgniter(Object(CodeIgniter\CodeIgniter))
10 FCPATH\index.php(56): CodeIgniter\Boot::bootWeb(Object(Config\Paths))
