ERROR - 2025-01-06 22:49:54 --> Error connecting to the database: mysqli_sql_exception: 対象のコンピューターによって拒否されたため、接続できませんでした。 in C:\xampp\htdocs\kasugaikyudo\production\system\Database\MySQLi\Connection.php:186
Stack trace:
#0 C:\xampp\htdocs\kasugaikyudo\production\system\Database\MySQLi\Connection.php(186): mysqli->real_connect('localhost', 'root', Object(SensitiveParameterValue), 'kasugai_kyudo', 3306, '', 0)
#1 C:\xampp\htdocs\kasugaikyudo\production\system\Database\BaseConnection.php(421): CodeIgniter\Database\MySQLi\Connection->connect(false)
#2 C:\xampp\htdocs\kasugaikyudo\production\system\Database\BaseConnection.php(616): CodeIgniter\Database\BaseConnection->initialize()
#3 C:\xampp\htdocs\kasugaikyudo\production\app\Models\BaseQueryModel.php(48): CodeIgniter\Database\BaseConnection->query('\n\t\t\tSELECT\n\t\t\t\t...', Array)
#4 C:\xampp\htdocs\kasugaikyudo\production\app\Models\CommonModel.php(28): App\Models\BaseQueryModel->get_first_row('\n\t\t\tSELECT\n\t\t\t\t...', Array)
#5 C:\xampp\htdocs\kasugaikyudo\production\app\Libraries\CommonLibrarie.php(20): App\Models\CommonModel->get_setting_data()
#6 C:\xampp\htdocs\kasugaikyudo\production\app\Controllers\CommonController.php(41): App\Libraries\CommonLibrarie->get_setting_data()
#7 C:\xampp\htdocs\kasugaikyudo\production\app\Controllers\CommonController.php(29): App\Controllers\CommonController->get_setting()
#8 C:\xampp\htdocs\kasugaikyudo\production\app\Controllers\Taikai.php(12): App\Controllers\CommonController->__construct('taikai')
#9 C:\xampp\htdocs\kasugaikyudo\production\system\CodeIgniter.php(903): App\Controllers\Taikai->__construct()
#10 C:\xampp\htdocs\kasugaikyudo\production\system\CodeIgniter.php(500): CodeIgniter\CodeIgniter->createController()
#11 C:\xampp\htdocs\kasugaikyudo\production\system\CodeIgniter.php(355): CodeIgniter\CodeIgniter->handleRequest(NULL, Object(Config\Cache), false)
#12 C:\xampp\htdocs\kasugaikyudo\production\system\Boot.php(325): CodeIgniter\CodeIgniter->run()
#13 C:\xampp\htdocs\kasugaikyudo\production\system\Boot.php(67): CodeIgniter\Boot::runCodeIgniter(Object(CodeIgniter\CodeIgniter))
#14 C:\xampp\htdocs\kasugaikyudo\production\public\index.php(56): CodeIgniter\Boot::bootWeb(Object(Config\Paths))
#15 {main}

Next CodeIgniter\Database\Exceptions\DatabaseException: 対象のコンピューターによって拒否されたため、接続できませんでした。 in C:\xampp\htdocs\kasugaikyudo\production\system\Database\MySQLi\Connection.php:231
Stack trace:
#0 C:\xampp\htdocs\kasugaikyudo\production\system\Database\BaseConnection.php(421): CodeIgniter\Database\MySQLi\Connection->connect(false)
#1 C:\xampp\htdocs\kasugaikyudo\production\system\Database\BaseConnection.php(616): CodeIgniter\Database\BaseConnection->initialize()
#2 C:\xampp\htdocs\kasugaikyudo\production\app\Models\BaseQueryModel.php(48): CodeIgniter\Database\BaseConnection->query('\n\t\t\tSELECT\n\t\t\t\t...', Array)
#3 C:\xampp\htdocs\kasugaikyudo\production\app\Models\CommonModel.php(28): App\Models\BaseQueryModel->get_first_row('\n\t\t\tSELECT\n\t\t\t\t...', Array)
#4 C:\xampp\htdocs\kasugaikyudo\production\app\Libraries\CommonLibrarie.php(20): App\Models\CommonModel->get_setting_data()
#5 C:\xampp\htdocs\kasugaikyudo\production\app\Controllers\CommonController.php(41): App\Libraries\CommonLibrarie->get_setting_data()
#6 C:\xampp\htdocs\kasugaikyudo\production\app\Controllers\CommonController.php(29): App\Controllers\CommonController->get_setting()
#7 C:\xampp\htdocs\kasugaikyudo\production\app\Controllers\Taikai.php(12): App\Controllers\CommonController->__construct('taikai')
#8 C:\xampp\htdocs\kasugaikyudo\production\system\CodeIgniter.php(903): App\Controllers\Taikai->__construct()
#9 C:\xampp\htdocs\kasugaikyudo\production\system\CodeIgniter.php(500): CodeIgniter\CodeIgniter->createController()
#10 C:\xampp\htdocs\kasugaikyudo\production\system\CodeIgniter.php(355): CodeIgniter\CodeIgniter->handleRequest(NULL, Object(Config\Cache), false)
#11 C:\xampp\htdocs\kasugaikyudo\production\system\Boot.php(325): CodeIgniter\CodeIgniter->run()
#12 C:\xampp\htdocs\kasugaikyudo\production\system\Boot.php(67): CodeIgniter\Boot::runCodeIgniter(Object(CodeIgniter\CodeIgniter))
#13 C:\xampp\htdocs\kasugaikyudo\production\public\index.php(56): CodeIgniter\Boot::bootWeb(Object(Config\Paths))
#14 {main}
CRITICAL - 2025-01-06 22:49:55 --> CodeIgniter\Database\Exceptions\DatabaseException: Unable to connect to the database.
Main connection [MySQLi]: 対象のコンピューターによって拒否されたため、接続できませんでした。
[Method: GET, Route: taikai/detail/24/5]
in SYSTEMPATH\Database\BaseConnection.php on line 467.
 1 SYSTEMPATH\Database\BaseConnection.php(616): CodeIgniter\Database\BaseConnection->initialize()
 2 APPPATH\Models\BaseQueryModel.php(48): CodeIgniter\Database\BaseConnection->query('
			SELECT
				fiscal_year_id
			FROM m_setting 
		', [])
 3 APPPATH\Models\CommonModel.php(28): App\Models\BaseQueryModel->get_first_row('
			SELECT
				fiscal_year_id
			FROM m_setting 
		', [])
 4 APPPATH\Libraries\CommonLibrarie.php(20): App\Models\CommonModel->get_setting_data()
 5 APPPATH\Controllers\CommonController.php(41): App\Libraries\CommonLibrarie->get_setting_data()
 6 APPPATH\Controllers\CommonController.php(29): App\Controllers\CommonController->get_setting()
 7 APPPATH\Controllers\Taikai.php(12): App\Controllers\CommonController->__construct('taikai')
 8 SYSTEMPATH\CodeIgniter.php(903): App\Controllers\Taikai->__construct()
 9 SYSTEMPATH\CodeIgniter.php(500): CodeIgniter\CodeIgniter->createController()
10 SYSTEMPATH\CodeIgniter.php(355): CodeIgniter\CodeIgniter->handleRequest(null, Object(Config\Cache), false)
11 SYSTEMPATH\Boot.php(325): CodeIgniter\CodeIgniter->run()
12 SYSTEMPATH\Boot.php(67): CodeIgniter\Boot::runCodeIgniter(Object(CodeIgniter\CodeIgniter))
13 FCPATH\index.php(56): CodeIgniter\Boot::bootWeb(Object(Config\Paths))
CRITICAL - 2025-01-06 23:21:32 --> CodeIgniter\View\Exceptions\ViewException: Invalid file: ".php"
[Method: GET, Route: taikai/detail/24/5]
in SYSTEMPATH\Exceptions\FrameworkException.php on line 41.
 1 SYSTEMPATH\View\View.php(222): CodeIgniter\Exceptions\FrameworkException::forInvalidFile('.php')
 2 SYSTEMPATH\Common.php(1171): CodeIgniter\View\View->render('', [], true)
 3 APPPATH\Controllers\Taikai.php(71): view('', [...])
 4 SYSTEMPATH\CodeIgniter.php(933): App\Controllers\Taikai->detail('24', '5')
 5 SYSTEMPATH\CodeIgniter.php(509): CodeIgniter\CodeIgniter->runController(Object(App\Controllers\Taikai))
 6 SYSTEMPATH\CodeIgniter.php(355): CodeIgniter\CodeIgniter->handleRequest(null, Object(Config\Cache), false)
 7 SYSTEMPATH\Boot.php(325): CodeIgniter\CodeIgniter->run()
 8 SYSTEMPATH\Boot.php(67): CodeIgniter\Boot::runCodeIgniter(Object(CodeIgniter\CodeIgniter))
 9 FCPATH\index.php(56): CodeIgniter\Boot::bootWeb(Object(Config\Paths))
CRITICAL - 2025-01-06 23:21:57 --> CodeIgniter\View\Exceptions\ViewException: Invalid file: ".php"
[Method: GET, Route: taikai/detail/24/5]
in SYSTEMPATH\Exceptions\FrameworkException.php on line 41.
 1 SYSTEMPATH\View\View.php(222): CodeIgniter\Exceptions\FrameworkException::forInvalidFile('.php')
 2 SYSTEMPATH\Common.php(1171): CodeIgniter\View\View->render('', [], true)
 3 APPPATH\Controllers\Taikai.php(71): view('', [...])
 4 SYSTEMPATH\CodeIgniter.php(933): App\Controllers\Taikai->detail('24', '5')
 5 SYSTEMPATH\CodeIgniter.php(509): CodeIgniter\CodeIgniter->runController(Object(App\Controllers\Taikai))
 6 SYSTEMPATH\CodeIgniter.php(355): CodeIgniter\CodeIgniter->handleRequest(null, Object(Config\Cache), false)
 7 SYSTEMPATH\Boot.php(325): CodeIgniter\CodeIgniter->run()
 8 SYSTEMPATH\Boot.php(67): CodeIgniter\Boot::runCodeIgniter(Object(CodeIgniter\CodeIgniter))
 9 FCPATH\index.php(56): CodeIgniter\Boot::bootWeb(Object(Config\Paths))
