ERROR - 2025-05-28 21:33:08 --> Email: sendWithMail throwed ErrorException: mail(): Failed to connect to mailserver at &quot;localhost&quot; port 25, verify your &quot;SMTP&quot; and &quot;smtp_port&quot; setting in php.ini or use ini_set() in C:\xampp_htdocs\kasugaikyudo\production\system\Email\Email.php:1762
Stack trace:
#0 [internal function]: CodeIgniter\Debug\Exceptions->errorHandler(2, 'mail(): Failed ...', 'C:\\xampp_htdocs...', 1762)
#1 C:\xampp_htdocs\kasugaikyudo\production\system\Email\Email.php(1762): mail('', '=?UTF-8?Q?=E3=8...', '\xE5\xAF\xA9\xE6\x9F\xBB\xE7\x94\xB3\xE8\xBE\xBC\xE3\x82\xAD...', 'Date: Wed, 28 M...', '-f k.kyudo.xamp...')
#2 C:\xampp_htdocs\kasugaikyudo\production\system\Email\Email.php(1694): CodeIgniter\Email\Email->sendWithMail()
#3 C:\xampp_htdocs\kasugaikyudo\production\system\Email\Email.php(1589): CodeIgniter\Email\Email->spoolEmail()
#4 C:\xampp_htdocs\kasugaikyudo\production\app\Libraries\CommonLibrarie.php(49): CodeIgniter\Email\Email->send()
#5 C:\xampp_htdocs\kasugaikyudo\production\app\Libraries\ShinsaLibrarie.php(199): App\Libraries\CommonLibrarie->send_mail_proc(Array, Array, Array, '\xE3\x80\x90\xE5\xAF\xA9\xE6\x9F\xBB \xEF\xBC\x9A \xE3...', '\xE5\xAF\xA9\xE6\x9F\xBB\xE7\x94\xB3\xE8\xBE\xBC\xE3\x82\xAD...')
#6 C:\xampp_htdocs\kasugaikyudo\production\app\Controllers\Shinsa.php(134): App\Libraries\ShinsaLibrarie->shinsa_request_member(3, 7, Array, 'cancel')
#7 C:\xampp_htdocs\kasugaikyudo\production\system\CodeIgniter.php(933): App\Controllers\Shinsa->ajax_shinsa_request()
#8 C:\xampp_htdocs\kasugaikyudo\production\system\CodeIgniter.php(509): CodeIgniter\CodeIgniter->runController(Object(App\Controllers\Shinsa))
#9 C:\xampp_htdocs\kasugaikyudo\production\system\CodeIgniter.php(355): CodeIgniter\CodeIgniter->handleRequest(NULL, Object(Config\Cache), false)
#10 C:\xampp_htdocs\kasugaikyudo\production\system\Boot.php(325): CodeIgniter\CodeIgniter->run()
#11 C:\xampp_htdocs\kasugaikyudo\production\system\Boot.php(67): CodeIgniter\Boot::runCodeIgniter(Object(CodeIgniter\CodeIgniter))
#12 C:\xampp_htdocs\kasugaikyudo\production\index.php(56): CodeIgniter\Boot::bootWeb(Object(Config\Paths))
#13 {main}
ERROR - 2025-05-28 21:33:08 --> Email: Unable to send email using PHP mail(). Your server might not be configured to send mail using this method.
ERROR - 2025-05-28 21:33:08 --> 
ERROR - 2025-05-28 21:35:22 --> Email: Unable to send email using PHP mail(). Your server might not be configured to send mail using this method.
ERROR - 2025-05-28 21:35:22 --> 
ERROR - 2025-05-28 21:41:29 --> Email: Unable to send email using PHP mail(). Your server might not be configured to send mail using this method.
ERROR - 2025-05-28 21:41:29 --> 
ERROR - 2025-05-28 21:43:25 --> Email: Unable to send email using PHP mail(). Your server might not be configured to send mail using this method.
ERROR - 2025-05-28 21:43:25 --> 
