CRITICAL - 2025-06-25 22:28:36 --> TypeError: Cannot access offset of type string on string
[Method: POST, Route: kyokai/event_request]
in APPPATH\Libraries\KyokaiLibrarie.php on line 98.
 1 APPPATH\Controllers\Kyokai.php(117): App\Libraries\KyokaiLibrarie->event_request_member(29, [...], 'join')
 2 SYSTEMPATH\CodeIgniter.php(933): App\Controllers\Kyokai->ajax_event_request()
 3 SYSTEMPATH\CodeIgniter.php(509): CodeIgniter\CodeIgniter->runController(Object(App\Controllers\Kyokai))
 4 SYSTEMPATH\CodeIgniter.php(355): CodeIgniter\CodeIgniter->handleRequest(null, Object(Config\Cache), false)
 5 SYSTEMPATH\Boot.php(325): CodeIgniter\CodeIgniter->run()
 6 SYSTEMPATH\Boot.php(67): CodeIgniter\Boot::runCodeIgniter(Object(CodeIgniter\CodeIgniter))
 7 FCPATH\index.php(56): CodeIgniter\Boot::bootWeb(Object(Config\Paths))
CRITICAL - 2025-06-25 22:30:41 --> ErrorException: Trying to access array offset on value of type int
[Method: POST, Route: kyokai/event_request]
in APPPATH\Libraries\KyokaiLibrarie.php on line 98.
 1 APPPATH\Libraries\KyokaiLibrarie.php(98): CodeIgniter\Debug\Exceptions->errorHandler(2, 'Trying to access array offset on value of type int', 'C:\\xampp_htdocs\\kasugaikyudo\\production\\app\\Libraries\\KyokaiLibrarie.php', 98)
 2 APPPATH\Controllers\Kyokai.php(117): App\Libraries\KyokaiLibrarie->event_request_member(29, [...], 'join')
 3 SYSTEMPATH\CodeIgniter.php(933): App\Controllers\Kyokai->ajax_event_request()
 4 SYSTEMPATH\CodeIgniter.php(509): CodeIgniter\CodeIgniter->runController(Object(App\Controllers\Kyokai))
 5 SYSTEMPATH\CodeIgniter.php(355): CodeIgniter\CodeIgniter->handleRequest(null, Object(Config\Cache), false)
 6 SYSTEMPATH\Boot.php(325): CodeIgniter\CodeIgniter->run()
 7 SYSTEMPATH\Boot.php(67): CodeIgniter\Boot::runCodeIgniter(Object(CodeIgniter\CodeIgniter))
 8 FCPATH\index.php(56): CodeIgniter\Boot::bootWeb(Object(Config\Paths))
CRITICAL - 2025-06-25 22:32:17 --> ErrorException: Undefined variable $shinsaDetail
[Method: POST, Route: kyokai/event_request]
in APPPATH\Libraries\KyokaiLibrarie.php on line 113.
 1 APPPATH\Libraries\KyokaiLibrarie.php(113): CodeIgniter\Debug\Exceptions->errorHandler(2, 'Undefined variable $shinsaDetail', 'C:\\xampp_htdocs\\kasugaikyudo\\production\\app\\Libraries\\KyokaiLibrarie.php', 113)
 2 APPPATH\Controllers\Kyokai.php(117): App\Libraries\KyokaiLibrarie->event_request_member(29, [...], 'join')
 3 SYSTEMPATH\CodeIgniter.php(933): App\Controllers\Kyokai->ajax_event_request()
 4 SYSTEMPATH\CodeIgniter.php(509): CodeIgniter\CodeIgniter->runController(Object(App\Controllers\Kyokai))
 5 SYSTEMPATH\CodeIgniter.php(355): CodeIgniter\CodeIgniter->handleRequest(null, Object(Config\Cache), false)
 6 SYSTEMPATH\Boot.php(325): CodeIgniter\CodeIgniter->run()
 7 SYSTEMPATH\Boot.php(67): CodeIgniter\Boot::runCodeIgniter(Object(CodeIgniter\CodeIgniter))
 8 FCPATH\index.php(56): CodeIgniter\Boot::bootWeb(Object(Config\Paths))
CRITICAL - 2025-06-25 22:33:13 --> ErrorException: Undefined variable $shinsaDetail
[Method: POST, Route: kyokai/event_request]
in APPPATH\Libraries\KyokaiLibrarie.php on line 113.
 1 APPPATH\Libraries\KyokaiLibrarie.php(113): CodeIgniter\Debug\Exceptions->errorHandler(2, 'Undefined variable $shinsaDetail', 'C:\\xampp_htdocs\\kasugaikyudo\\production\\app\\Libraries\\KyokaiLibrarie.php', 113)
 2 APPPATH\Controllers\Kyokai.php(117): App\Libraries\KyokaiLibrarie->event_request_member(29, [...], 'join')
 3 SYSTEMPATH\CodeIgniter.php(933): App\Controllers\Kyokai->ajax_event_request()
 4 SYSTEMPATH\CodeIgniter.php(509): CodeIgniter\CodeIgniter->runController(Object(App\Controllers\Kyokai))
 5 SYSTEMPATH\CodeIgniter.php(355): CodeIgniter\CodeIgniter->handleRequest(null, Object(Config\Cache), false)
 6 SYSTEMPATH\Boot.php(325): CodeIgniter\CodeIgniter->run()
 7 SYSTEMPATH\Boot.php(67): CodeIgniter\Boot::runCodeIgniter(Object(CodeIgniter\CodeIgniter))
 8 FCPATH\index.php(56): CodeIgniter\Boot::bootWeb(Object(Config\Paths))
CRITICAL - 2025-06-25 22:33:42 --> ErrorException: Undefined property: App\Libraries\KyokaiLibrarie::$commonLibrarie
[Method: POST, Route: kyokai/event_request]
in APPPATH\Libraries\KyokaiLibrarie.php on line 121.
 1 APPPATH\Libraries\KyokaiLibrarie.php(121): CodeIgniter\Debug\Exceptions->errorHandler(2, 'Undefined property: App\\Libraries\\KyokaiLibrarie::$commonLibrarie', 'C:\\xampp_htdocs\\kasugaikyudo\\production\\app\\Libraries\\KyokaiLibrarie.php', 121)
 2 APPPATH\Controllers\Kyokai.php(117): App\Libraries\KyokaiLibrarie->event_request_member(29, [...], 'join')
 3 SYSTEMPATH\CodeIgniter.php(933): App\Controllers\Kyokai->ajax_event_request()
 4 SYSTEMPATH\CodeIgniter.php(509): CodeIgniter\CodeIgniter->runController(Object(App\Controllers\Kyokai))
 5 SYSTEMPATH\CodeIgniter.php(355): CodeIgniter\CodeIgniter->handleRequest(null, Object(Config\Cache), false)
 6 SYSTEMPATH\Boot.php(325): CodeIgniter\CodeIgniter->run()
 7 SYSTEMPATH\Boot.php(67): CodeIgniter\Boot::runCodeIgniter(Object(CodeIgniter\CodeIgniter))
 8 FCPATH\index.php(56): CodeIgniter\Boot::bootWeb(Object(Config\Paths))
ERROR - 2025-06-25 22:34:38 --> Email: Unable to send email using PHP mail(). Your server might not be configured to send mail using this method.
ERROR - 2025-06-25 22:34:38 --> 
ERROR - 2025-06-25 22:35:00 --> Email: Unable to send email using PHP mail(). Your server might not be configured to send mail using this method.
ERROR - 2025-06-25 22:35:00 --> 
CRITICAL - 2025-06-25 22:56:22 --> ErrorException: Undefined property: App\Controllers\Kyokai::$kyokaiModel
[Method: GET, Route: kyokai/detail/29]
in APPPATH\Controllers\Kyokai.php on line 71.
 1 APPPATH\Controllers\Kyokai.php(71): CodeIgniter\Debug\Exceptions->errorHandler(2, 'Undefined property: App\\Controllers\\Kyokai::$kyokaiModel', 'C:\\xampp_htdocs\\kasugaikyudo\\production\\app\\Controllers\\Kyokai.php', 71)
 2 SYSTEMPATH\CodeIgniter.php(933): App\Controllers\Kyokai->detail('29')
 3 SYSTEMPATH\CodeIgniter.php(509): CodeIgniter\CodeIgniter->runController(Object(App\Controllers\Kyokai))
 4 SYSTEMPATH\CodeIgniter.php(355): CodeIgniter\CodeIgniter->handleRequest(null, Object(Config\Cache), false)
 5 SYSTEMPATH\Boot.php(325): CodeIgniter\CodeIgniter->run()
 6 SYSTEMPATH\Boot.php(67): CodeIgniter\Boot::runCodeIgniter(Object(CodeIgniter\CodeIgniter))
 7 FCPATH\index.php(56): CodeIgniter\Boot::bootWeb(Object(Config\Paths))
CRITICAL - 2025-06-25 22:57:32 --> ErrorException: Undefined variable $eventDetail
[Method: GET, Route: kyokai/detail/29]
in APPPATH\Controllers\Kyokai.php on line 81.
 1 APPPATH\Controllers\Kyokai.php(81): CodeIgniter\Debug\Exceptions->errorHandler(2, 'Undefined variable $eventDetail', 'C:\\xampp_htdocs\\kasugaikyudo\\production\\app\\Controllers\\Kyokai.php', 81)
 2 SYSTEMPATH\CodeIgniter.php(933): App\Controllers\Kyokai->detail('29')
 3 SYSTEMPATH\CodeIgniter.php(509): CodeIgniter\CodeIgniter->runController(Object(App\Controllers\Kyokai))
 4 SYSTEMPATH\CodeIgniter.php(355): CodeIgniter\CodeIgniter->handleRequest(null, Object(Config\Cache), false)
 5 SYSTEMPATH\Boot.php(325): CodeIgniter\CodeIgniter->run()
 6 SYSTEMPATH\Boot.php(67): CodeIgniter\Boot::runCodeIgniter(Object(CodeIgniter\CodeIgniter))
 7 FCPATH\index.php(56): CodeIgniter\Boot::bootWeb(Object(Config\Paths))
ERROR - 2025-06-25 23:15:34 --> mysqli_sql_exception: You have an error in your SQL syntax; check the manual that corresponds to your MariaDB server version for the right syntax to use near 'FROM t_event_offer_member eof
                INNER JOIN m_member mem ON
    ...' at line 6 in C:\xampp_htdocs\kasugaikyudo\production\system\Database\MySQLi\Connection.php:312
Stack trace:
#0 C:\xampp_htdocs\kasugaikyudo\production\system\Database\MySQLi\Connection.php(312): mysqli->query('\n           \tSE...', 0)
#1 C:\xampp_htdocs\kasugaikyudo\production\system\Database\BaseConnection.php(734): CodeIgniter\Database\MySQLi\Connection->execute('\n           \tSE...')
#2 C:\xampp_htdocs\kasugaikyudo\production\system\Database\BaseConnection.php(648): CodeIgniter\Database\BaseConnection->simpleQuery('\n           \tSE...')
#3 C:\xampp_htdocs\kasugaikyudo\production\app\Models\BaseQueryModel.php(27): CodeIgniter\Database\BaseConnection->query('\n           \tSE...', Array)
#4 C:\xampp_htdocs\kasugaikyudo\production\app\Models\KyokaiModel.php(175): App\Models\BaseQueryModel->get_result_array('\n           \tSE...', Array)
#5 C:\xampp_htdocs\kasugaikyudo\production\app\Libraries\KyokaiLibrarie.php(153): App\Models\KyokaiModel->get_event_offer_member_list(29)
#6 C:\xampp_htdocs\kasugaikyudo\production\app\Controllers\Kyokai.php(71): App\Libraries\KyokaiLibrarie->get_event_offer_member_list(29)
#7 C:\xampp_htdocs\kasugaikyudo\production\system\CodeIgniter.php(933): App\Controllers\Kyokai->detail('29')
#8 C:\xampp_htdocs\kasugaikyudo\production\system\CodeIgniter.php(509): CodeIgniter\CodeIgniter->runController(Object(App\Controllers\Kyokai))
#9 C:\xampp_htdocs\kasugaikyudo\production\system\CodeIgniter.php(355): CodeIgniter\CodeIgniter->handleRequest(NULL, Object(Config\Cache), false)
#10 C:\xampp_htdocs\kasugaikyudo\production\system\Boot.php(325): CodeIgniter\CodeIgniter->run()
#11 C:\xampp_htdocs\kasugaikyudo\production\system\Boot.php(67): CodeIgniter\Boot::runCodeIgniter(Object(CodeIgniter\CodeIgniter))
#12 C:\xampp_htdocs\kasugaikyudo\production\index.php(56): CodeIgniter\Boot::bootWeb(Object(Config\Paths))
#13 {main}
CRITICAL - 2025-06-25 23:15:34 --> CodeIgniter\Database\Exceptions\DatabaseException: You have an error in your SQL syntax; check the manual that corresponds to your MariaDB server version for the right syntax to use near 'FROM t_event_offer_member eof
                INNER JOIN m_member mem ON
    ...' at line 6
[Method: GET, Route: kyokai/detail/29]
in SYSTEMPATH\Database\BaseConnection.php on line 688.
 1 APPPATH\Models\BaseQueryModel.php(27): CodeIgniter\Database\BaseConnection->query('
           	SELECT
		   		eof.modefied,
                mem.member_id,
                mem.name_f,
                mem.name_s,
            FROM t_event_offer_member eof
                INNER JOIN m_member mem ON
                    mem.member_id = eof.member_id
            WHERE
                eof.event_id = :eventId:
		', [...])
 2 APPPATH\Models\KyokaiModel.php(175): App\Models\BaseQueryModel->get_result_array('
           	SELECT
		   		eof.modefied,
                mem.member_id,
                mem.name_f,
                mem.name_s,
            FROM t_event_offer_member eof
                INNER JOIN m_member mem ON
                    mem.member_id = eof.member_id
            WHERE
                eof.event_id = :eventId:
		', [...])
 3 APPPATH\Libraries\KyokaiLibrarie.php(153): App\Models\KyokaiModel->get_event_offer_member_list(29)
 4 APPPATH\Controllers\Kyokai.php(71): App\Libraries\KyokaiLibrarie->get_event_offer_member_list(29)
 5 SYSTEMPATH\CodeIgniter.php(933): App\Controllers\Kyokai->detail('29')
 6 SYSTEMPATH\CodeIgniter.php(509): CodeIgniter\CodeIgniter->runController(Object(App\Controllers\Kyokai))
 7 SYSTEMPATH\CodeIgniter.php(355): CodeIgniter\CodeIgniter->handleRequest(null, Object(Config\Cache), false)
 8 SYSTEMPATH\Boot.php(325): CodeIgniter\CodeIgniter->run()
 9 SYSTEMPATH\Boot.php(67): CodeIgniter\Boot::runCodeIgniter(Object(CodeIgniter\CodeIgniter))
10 FCPATH\index.php(56): CodeIgniter\Boot::bootWeb(Object(Config\Paths))
CRITICAL - 2025-06-25 23:15:34 --> [Caused by] CodeIgniter\Database\Exceptions\DatabaseException: You have an error in your SQL syntax; check the manual that corresponds to your MariaDB server version for the right syntax to use near 'FROM t_event_offer_member eof
                INNER JOIN m_member mem ON
    ...' at line 6
in SYSTEMPATH\Database\MySQLi\Connection.php on line 317.
 1 SYSTEMPATH\Database\BaseConnection.php(734): CodeIgniter\Database\MySQLi\Connection->execute('
           	SELECT
		   		eof.modefied,
                mem.member_id,
                mem.name_f,
                mem.name_s,
            FROM t_event_offer_member eof
                INNER JOIN m_member mem ON
                    mem.member_id = eof.member_id
            WHERE
                eof.event_id = 29
		')
 2 SYSTEMPATH\Database\BaseConnection.php(648): CodeIgniter\Database\BaseConnection->simpleQuery('
           	SELECT
		   		eof.modefied,
                mem.member_id,
                mem.name_f,
                mem.name_s,
            FROM t_event_offer_member eof
                INNER JOIN m_member mem ON
                    mem.member_id = eof.member_id
            WHERE
                eof.event_id = 29
		')
 3 APPPATH\Models\BaseQueryModel.php(27): CodeIgniter\Database\BaseConnection->query('
           	SELECT
		   		eof.modefied,
                mem.member_id,
                mem.name_f,
                mem.name_s,
            FROM t_event_offer_member eof
                INNER JOIN m_member mem ON
                    mem.member_id = eof.member_id
            WHERE
                eof.event_id = :eventId:
		', [...])
 4 APPPATH\Models\KyokaiModel.php(175): App\Models\BaseQueryModel->get_result_array('
           	SELECT
		   		eof.modefied,
                mem.member_id,
                mem.name_f,
                mem.name_s,
            FROM t_event_offer_member eof
                INNER JOIN m_member mem ON
                    mem.member_id = eof.member_id
            WHERE
                eof.event_id = :eventId:
		', [...])
 5 APPPATH\Libraries\KyokaiLibrarie.php(153): App\Models\KyokaiModel->get_event_offer_member_list(29)
 6 APPPATH\Controllers\Kyokai.php(71): App\Libraries\KyokaiLibrarie->get_event_offer_member_list(29)
 7 SYSTEMPATH\CodeIgniter.php(933): App\Controllers\Kyokai->detail('29')
 8 SYSTEMPATH\CodeIgniter.php(509): CodeIgniter\CodeIgniter->runController(Object(App\Controllers\Kyokai))
 9 SYSTEMPATH\CodeIgniter.php(355): CodeIgniter\CodeIgniter->handleRequest(null, Object(Config\Cache), false)
10 SYSTEMPATH\Boot.php(325): CodeIgniter\CodeIgniter->run()
11 SYSTEMPATH\Boot.php(67): CodeIgniter\Boot::runCodeIgniter(Object(CodeIgniter\CodeIgniter))
12 FCPATH\index.php(56): CodeIgniter\Boot::bootWeb(Object(Config\Paths))
CRITICAL - 2025-06-25 23:15:34 --> [Caused by] mysqli_sql_exception: You have an error in your SQL syntax; check the manual that corresponds to your MariaDB server version for the right syntax to use near 'FROM t_event_offer_member eof
                INNER JOIN m_member mem ON
    ...' at line 6
in SYSTEMPATH\Database\MySQLi\Connection.php on line 312.
 1 SYSTEMPATH\Database\MySQLi\Connection.php(312): mysqli->query('
           	SELECT
		   		eof.modefied,
                mem.member_id,
                mem.name_f,
                mem.name_s,
            FROM t_event_offer_member eof
                INNER JOIN m_member mem ON
                    mem.member_id = eof.member_id
            WHERE
                eof.event_id = 29
		', 0)
 2 SYSTEMPATH\Database\BaseConnection.php(734): CodeIgniter\Database\MySQLi\Connection->execute('
           	SELECT
		   		eof.modefied,
                mem.member_id,
                mem.name_f,
                mem.name_s,
            FROM t_event_offer_member eof
                INNER JOIN m_member mem ON
                    mem.member_id = eof.member_id
            WHERE
                eof.event_id = 29
		')
 3 SYSTEMPATH\Database\BaseConnection.php(648): CodeIgniter\Database\BaseConnection->simpleQuery('
           	SELECT
		   		eof.modefied,
                mem.member_id,
                mem.name_f,
                mem.name_s,
            FROM t_event_offer_member eof
                INNER JOIN m_member mem ON
                    mem.member_id = eof.member_id
            WHERE
                eof.event_id = 29
		')
 4 APPPATH\Models\BaseQueryModel.php(27): CodeIgniter\Database\BaseConnection->query('
           	SELECT
		   		eof.modefied,
                mem.member_id,
                mem.name_f,
                mem.name_s,
            FROM t_event_offer_member eof
                INNER JOIN m_member mem ON
                    mem.member_id = eof.member_id
            WHERE
                eof.event_id = :eventId:
		', [...])
 5 APPPATH\Models\KyokaiModel.php(175): App\Models\BaseQueryModel->get_result_array('
           	SELECT
		   		eof.modefied,
                mem.member_id,
                mem.name_f,
                mem.name_s,
            FROM t_event_offer_member eof
                INNER JOIN m_member mem ON
                    mem.member_id = eof.member_id
            WHERE
                eof.event_id = :eventId:
		', [...])
 6 APPPATH\Libraries\KyokaiLibrarie.php(153): App\Models\KyokaiModel->get_event_offer_member_list(29)
 7 APPPATH\Controllers\Kyokai.php(71): App\Libraries\KyokaiLibrarie->get_event_offer_member_list(29)
 8 SYSTEMPATH\CodeIgniter.php(933): App\Controllers\Kyokai->detail('29')
 9 SYSTEMPATH\CodeIgniter.php(509): CodeIgniter\CodeIgniter->runController(Object(App\Controllers\Kyokai))
10 SYSTEMPATH\CodeIgniter.php(355): CodeIgniter\CodeIgniter->handleRequest(null, Object(Config\Cache), false)
11 SYSTEMPATH\Boot.php(325): CodeIgniter\CodeIgniter->run()
12 SYSTEMPATH\Boot.php(67): CodeIgniter\Boot::runCodeIgniter(Object(CodeIgniter\CodeIgniter))
13 FCPATH\index.php(56): CodeIgniter\Boot::bootWeb(Object(Config\Paths))
ERROR - 2025-06-25 23:16:30 --> mysqli_sql_exception: You have an error in your SQL syntax; check the manual that corresponds to your MariaDB server version for the right syntax to use near 'FROM t_event_offer_member eof
                INNER JOIN m_member mem ON
    ...' at line 6 in C:\xampp_htdocs\kasugaikyudo\production\system\Database\MySQLi\Connection.php:312
Stack trace:
#0 C:\xampp_htdocs\kasugaikyudo\production\system\Database\MySQLi\Connection.php(312): mysqli->query('\n           \tSE...', 0)
#1 C:\xampp_htdocs\kasugaikyudo\production\system\Database\BaseConnection.php(734): CodeIgniter\Database\MySQLi\Connection->execute('\n           \tSE...')
#2 C:\xampp_htdocs\kasugaikyudo\production\system\Database\BaseConnection.php(648): CodeIgniter\Database\BaseConnection->simpleQuery('\n           \tSE...')
#3 C:\xampp_htdocs\kasugaikyudo\production\app\Models\BaseQueryModel.php(27): CodeIgniter\Database\BaseConnection->query('\n           \tSE...', Array)
#4 C:\xampp_htdocs\kasugaikyudo\production\app\Models\KyokaiModel.php(175): App\Models\BaseQueryModel->get_result_array('\n           \tSE...', Array)
#5 C:\xampp_htdocs\kasugaikyudo\production\app\Libraries\KyokaiLibrarie.php(153): App\Models\KyokaiModel->get_event_offer_member_list(29)
#6 C:\xampp_htdocs\kasugaikyudo\production\app\Controllers\Kyokai.php(71): App\Libraries\KyokaiLibrarie->get_event_offer_member_list(29)
#7 C:\xampp_htdocs\kasugaikyudo\production\system\CodeIgniter.php(933): App\Controllers\Kyokai->detail('29')
#8 C:\xampp_htdocs\kasugaikyudo\production\system\CodeIgniter.php(509): CodeIgniter\CodeIgniter->runController(Object(App\Controllers\Kyokai))
#9 C:\xampp_htdocs\kasugaikyudo\production\system\CodeIgniter.php(355): CodeIgniter\CodeIgniter->handleRequest(NULL, Object(Config\Cache), false)
#10 C:\xampp_htdocs\kasugaikyudo\production\system\Boot.php(325): CodeIgniter\CodeIgniter->run()
#11 C:\xampp_htdocs\kasugaikyudo\production\system\Boot.php(67): CodeIgniter\Boot::runCodeIgniter(Object(CodeIgniter\CodeIgniter))
#12 C:\xampp_htdocs\kasugaikyudo\production\index.php(56): CodeIgniter\Boot::bootWeb(Object(Config\Paths))
#13 {main}
CRITICAL - 2025-06-25 23:16:30 --> CodeIgniter\Database\Exceptions\DatabaseException: You have an error in your SQL syntax; check the manual that corresponds to your MariaDB server version for the right syntax to use near 'FROM t_event_offer_member eof
                INNER JOIN m_member mem ON
    ...' at line 6
[Method: GET, Route: kyokai/detail/29]
in SYSTEMPATH\Database\BaseConnection.php on line 688.
 1 APPPATH\Models\BaseQueryModel.php(27): CodeIgniter\Database\BaseConnection->query('
           	SELECT
		   		eof.modefied,
                mem.member_id,
                mem.name_f,
                mem.name_s,
            FROM t_event_offer_member eof
                INNER JOIN m_member mem ON
                    mem.member_id = eof.member_id
            WHERE
                eof.event_id = :eventId:
		', [...])
 2 APPPATH\Models\KyokaiModel.php(175): App\Models\BaseQueryModel->get_result_array('
           	SELECT
		   		eof.modefied,
                mem.member_id,
                mem.name_f,
                mem.name_s,
            FROM t_event_offer_member eof
                INNER JOIN m_member mem ON
                    mem.member_id = eof.member_id
            WHERE
                eof.event_id = :eventId:
		', [...])
 3 APPPATH\Libraries\KyokaiLibrarie.php(153): App\Models\KyokaiModel->get_event_offer_member_list(29)
 4 APPPATH\Controllers\Kyokai.php(71): App\Libraries\KyokaiLibrarie->get_event_offer_member_list(29)
 5 SYSTEMPATH\CodeIgniter.php(933): App\Controllers\Kyokai->detail('29')
 6 SYSTEMPATH\CodeIgniter.php(509): CodeIgniter\CodeIgniter->runController(Object(App\Controllers\Kyokai))
 7 SYSTEMPATH\CodeIgniter.php(355): CodeIgniter\CodeIgniter->handleRequest(null, Object(Config\Cache), false)
 8 SYSTEMPATH\Boot.php(325): CodeIgniter\CodeIgniter->run()
 9 SYSTEMPATH\Boot.php(67): CodeIgniter\Boot::runCodeIgniter(Object(CodeIgniter\CodeIgniter))
10 FCPATH\index.php(56): CodeIgniter\Boot::bootWeb(Object(Config\Paths))
CRITICAL - 2025-06-25 23:16:30 --> [Caused by] CodeIgniter\Database\Exceptions\DatabaseException: You have an error in your SQL syntax; check the manual that corresponds to your MariaDB server version for the right syntax to use near 'FROM t_event_offer_member eof
                INNER JOIN m_member mem ON
    ...' at line 6
in SYSTEMPATH\Database\MySQLi\Connection.php on line 317.
 1 SYSTEMPATH\Database\BaseConnection.php(734): CodeIgniter\Database\MySQLi\Connection->execute('
           	SELECT
		   		eof.modefied,
                mem.member_id,
                mem.name_f,
                mem.name_s,
            FROM t_event_offer_member eof
                INNER JOIN m_member mem ON
                    mem.member_id = eof.member_id
            WHERE
                eof.event_id = 29
		')
 2 SYSTEMPATH\Database\BaseConnection.php(648): CodeIgniter\Database\BaseConnection->simpleQuery('
           	SELECT
		   		eof.modefied,
                mem.member_id,
                mem.name_f,
                mem.name_s,
            FROM t_event_offer_member eof
                INNER JOIN m_member mem ON
                    mem.member_id = eof.member_id
            WHERE
                eof.event_id = 29
		')
 3 APPPATH\Models\BaseQueryModel.php(27): CodeIgniter\Database\BaseConnection->query('
           	SELECT
		   		eof.modefied,
                mem.member_id,
                mem.name_f,
                mem.name_s,
            FROM t_event_offer_member eof
                INNER JOIN m_member mem ON
                    mem.member_id = eof.member_id
            WHERE
                eof.event_id = :eventId:
		', [...])
 4 APPPATH\Models\KyokaiModel.php(175): App\Models\BaseQueryModel->get_result_array('
           	SELECT
		   		eof.modefied,
                mem.member_id,
                mem.name_f,
                mem.name_s,
            FROM t_event_offer_member eof
                INNER JOIN m_member mem ON
                    mem.member_id = eof.member_id
            WHERE
                eof.event_id = :eventId:
		', [...])
 5 APPPATH\Libraries\KyokaiLibrarie.php(153): App\Models\KyokaiModel->get_event_offer_member_list(29)
 6 APPPATH\Controllers\Kyokai.php(71): App\Libraries\KyokaiLibrarie->get_event_offer_member_list(29)
 7 SYSTEMPATH\CodeIgniter.php(933): App\Controllers\Kyokai->detail('29')
 8 SYSTEMPATH\CodeIgniter.php(509): CodeIgniter\CodeIgniter->runController(Object(App\Controllers\Kyokai))
 9 SYSTEMPATH\CodeIgniter.php(355): CodeIgniter\CodeIgniter->handleRequest(null, Object(Config\Cache), false)
10 SYSTEMPATH\Boot.php(325): CodeIgniter\CodeIgniter->run()
11 SYSTEMPATH\Boot.php(67): CodeIgniter\Boot::runCodeIgniter(Object(CodeIgniter\CodeIgniter))
12 FCPATH\index.php(56): CodeIgniter\Boot::bootWeb(Object(Config\Paths))
CRITICAL - 2025-06-25 23:16:30 --> [Caused by] mysqli_sql_exception: You have an error in your SQL syntax; check the manual that corresponds to your MariaDB server version for the right syntax to use near 'FROM t_event_offer_member eof
                INNER JOIN m_member mem ON
    ...' at line 6
in SYSTEMPATH\Database\MySQLi\Connection.php on line 312.
 1 SYSTEMPATH\Database\MySQLi\Connection.php(312): mysqli->query('
           	SELECT
		   		eof.modefied,
                mem.member_id,
                mem.name_f,
                mem.name_s,
            FROM t_event_offer_member eof
                INNER JOIN m_member mem ON
                    mem.member_id = eof.member_id
            WHERE
                eof.event_id = 29
		', 0)
 2 SYSTEMPATH\Database\BaseConnection.php(734): CodeIgniter\Database\MySQLi\Connection->execute('
           	SELECT
		   		eof.modefied,
                mem.member_id,
                mem.name_f,
                mem.name_s,
            FROM t_event_offer_member eof
                INNER JOIN m_member mem ON
                    mem.member_id = eof.member_id
            WHERE
                eof.event_id = 29
		')
 3 SYSTEMPATH\Database\BaseConnection.php(648): CodeIgniter\Database\BaseConnection->simpleQuery('
           	SELECT
		   		eof.modefied,
                mem.member_id,
                mem.name_f,
                mem.name_s,
            FROM t_event_offer_member eof
                INNER JOIN m_member mem ON
                    mem.member_id = eof.member_id
            WHERE
                eof.event_id = 29
		')
 4 APPPATH\Models\BaseQueryModel.php(27): CodeIgniter\Database\BaseConnection->query('
           	SELECT
		   		eof.modefied,
                mem.member_id,
                mem.name_f,
                mem.name_s,
            FROM t_event_offer_member eof
                INNER JOIN m_member mem ON
                    mem.member_id = eof.member_id
            WHERE
                eof.event_id = :eventId:
		', [...])
 5 APPPATH\Models\KyokaiModel.php(175): App\Models\BaseQueryModel->get_result_array('
           	SELECT
		   		eof.modefied,
                mem.member_id,
                mem.name_f,
                mem.name_s,
            FROM t_event_offer_member eof
                INNER JOIN m_member mem ON
                    mem.member_id = eof.member_id
            WHERE
                eof.event_id = :eventId:
		', [...])
 6 APPPATH\Libraries\KyokaiLibrarie.php(153): App\Models\KyokaiModel->get_event_offer_member_list(29)
 7 APPPATH\Controllers\Kyokai.php(71): App\Libraries\KyokaiLibrarie->get_event_offer_member_list(29)
 8 SYSTEMPATH\CodeIgniter.php(933): App\Controllers\Kyokai->detail('29')
 9 SYSTEMPATH\CodeIgniter.php(509): CodeIgniter\CodeIgniter->runController(Object(App\Controllers\Kyokai))
10 SYSTEMPATH\CodeIgniter.php(355): CodeIgniter\CodeIgniter->handleRequest(null, Object(Config\Cache), false)
11 SYSTEMPATH\Boot.php(325): CodeIgniter\CodeIgniter->run()
12 SYSTEMPATH\Boot.php(67): CodeIgniter\Boot::runCodeIgniter(Object(CodeIgniter\CodeIgniter))
13 FCPATH\index.php(56): CodeIgniter\Boot::bootWeb(Object(Config\Paths))
ERROR - 2025-06-25 23:22:36 --> Email: Unable to send email using PHP mail(). Your server might not be configured to send mail using this method.
ERROR - 2025-06-25 23:22:36 --> 
