CRITICAL - 2025-05-30 22:05:30 --> TypeError: App\Libraries\ShinsaLibrarie::shinsa_request_member(): Argument #3 ($memberData) must be of type array, null given, called in C:\xampp_htdocs\kasugaikyudo\production\app\Controllers\Shinsa.php on line 134
[Method: POST, Route: shinsa/shinsa_request]
in APPPATH\Libraries\ShinsaLibrarie.php on line 117.
 1 APPPATH\Controllers\Shinsa.php(134): App\Libraries\ShinsaLibrarie->shinsa_request_member(3, 7, null, 'cancel')
 2 SYSTEMPATH\CodeIgniter.php(933): App\Controllers\Shinsa->ajax_shinsa_request()
 3 SYSTEMPATH\CodeIgniter.php(509): CodeIgniter\CodeIgniter->runController(Object(App\Controllers\Shinsa))
 4 SYSTEMPATH\CodeIgniter.php(355): CodeIgniter\CodeIgniter->handleRequest(null, Object(Config\Cache), false)
 5 SYSTEMPATH\Boot.php(325): CodeIgniter\CodeIgniter->run()
 6 SYSTEMPATH\Boot.php(67): CodeIgniter\Boot::runCodeIgniter(Object(CodeIgniter\CodeIgniter))
 7 FCPATH\index.php(56): CodeIgniter\Boot::bootWeb(Object(Config\Paths))
CRITICAL - 2025-05-30 22:07:21 --> TypeError: App\Libraries\ShinsaLibrarie::shinsa_request_member(): Argument #3 ($memberData) must be of type array, null given, called in C:\xampp_htdocs\kasugaikyudo\production\app\Controllers\Shinsa.php on line 134
[Method: POST, Route: shinsa/shinsa_request]
in APPPATH\Libraries\ShinsaLibrarie.php on line 117.
 1 APPPATH\Controllers\Shinsa.php(134): App\Libraries\ShinsaLibrarie->shinsa_request_member(3, 7, null, 'cancel')
 2 SYSTEMPATH\CodeIgniter.php(933): App\Controllers\Shinsa->ajax_shinsa_request()
 3 SYSTEMPATH\CodeIgniter.php(509): CodeIgniter\CodeIgniter->runController(Object(App\Controllers\Shinsa))
 4 SYSTEMPATH\CodeIgniter.php(355): CodeIgniter\CodeIgniter->handleRequest(null, Object(Config\Cache), false)
 5 SYSTEMPATH\Boot.php(325): CodeIgniter\CodeIgniter->run()
 6 SYSTEMPATH\Boot.php(67): CodeIgniter\Boot::runCodeIgniter(Object(CodeIgniter\CodeIgniter))
 7 FCPATH\index.php(56): CodeIgniter\Boot::bootWeb(Object(Config\Paths))
ERROR - 2025-05-30 22:11:55 --> Email: Unable to send email using PHP mail(). Your server might not be configured to send mail using this method.
ERROR - 2025-05-30 22:11:55 --> 
ERROR - 2025-05-30 22:12:13 --> Email: Unable to send email using PHP mail(). Your server might not be configured to send mail using this method.
ERROR - 2025-05-30 22:12:13 --> 
ERROR - 2025-05-30 22:34:48 --> Email: Unable to send email using PHP mail(). Your server might not be configured to send mail using this method.
ERROR - 2025-05-30 22:34:48 --> 
ERROR - 2025-05-30 22:36:03 --> Email: Unable to send email using PHP mail(). Your server might not be configured to send mail using this method.
ERROR - 2025-05-30 22:36:03 --> 
ERROR - 2025-05-30 22:39:53 --> Email: Unable to send email using PHP mail(). Your server might not be configured to send mail using this method.
ERROR - 2025-05-30 22:39:53 --> 
