ERROR - 2025-04-15 00:06:27 --> Error connecting to the database: mysqli_sql_exception: 対象のコンピューターによって拒否されたため、接続できませんでした。 in C:\xampp_htdocs\kasugaikyudo\production\system\Database\MySQLi\Connection.php:186
Stack trace:
#0 C:\xampp_htdocs\kasugaikyudo\production\system\Database\MySQLi\Connection.php(186): mysqli->real_connect('localhost', 'root', Object(SensitiveParameterValue), 'z0e6f_haruyumi', 3306, '', 0)
#1 C:\xampp_htdocs\kasugaikyudo\production\system\Database\BaseConnection.php(421): CodeIgniter\Database\MySQLi\Connection->connect(false)
#2 C:\xampp_htdocs\kasugaikyudo\production\system\Database\BaseConnection.php(616): CodeIgniter\Database\BaseConnection->initialize()
#3 C:\xampp_htdocs\kasugaikyudo\production\app\Models\BaseQueryModel.php(48): CodeIgniter\Database\BaseConnection->query('\n\t\t\tSELECT\n\t\t\t\t...', Array)
#4 C:\xampp_htdocs\kasugaikyudo\production\app\Models\CommonModel.php(32): App\Models\BaseQueryModel->get_first_row('\n\t\t\tSELECT\n\t\t\t\t...', Array)
#5 C:\xampp_htdocs\kasugaikyudo\production\app\Libraries\CommonLibrarie.php(20): App\Models\CommonModel->get_setting_data()
#6 C:\xampp_htdocs\kasugaikyudo\production\app\Controllers\CommonController.php(58): App\Libraries\CommonLibrarie->get_setting_data()
#7 C:\xampp_htdocs\kasugaikyudo\production\app\Controllers\CommonController.php(34): App\Controllers\CommonController->get_setting()
#8 C:\xampp_htdocs\kasugaikyudo\production\app\Controllers\Home.php(12): App\Controllers\CommonController->__construct()
#9 C:\xampp_htdocs\kasugaikyudo\production\system\CodeIgniter.php(903): App\Controllers\Home->__construct()
#10 C:\xampp_htdocs\kasugaikyudo\production\system\CodeIgniter.php(500): CodeIgniter\CodeIgniter->createController()
#11 C:\xampp_htdocs\kasugaikyudo\production\system\CodeIgniter.php(355): CodeIgniter\CodeIgniter->handleRequest(NULL, Object(Config\Cache), false)
#12 C:\xampp_htdocs\kasugaikyudo\production\system\Boot.php(325): CodeIgniter\CodeIgniter->run()
#13 C:\xampp_htdocs\kasugaikyudo\production\system\Boot.php(67): CodeIgniter\Boot::runCodeIgniter(Object(CodeIgniter\CodeIgniter))
#14 C:\xampp_htdocs\kasugaikyudo\production\public\index.php(56): CodeIgniter\Boot::bootWeb(Object(Config\Paths))
#15 {main}

Next CodeIgniter\Database\Exceptions\DatabaseException: 対象のコンピューターによって拒否されたため、接続できませんでした。 in C:\xampp_htdocs\kasugaikyudo\production\system\Database\MySQLi\Connection.php:231
Stack trace:
#0 C:\xampp_htdocs\kasugaikyudo\production\system\Database\BaseConnection.php(421): CodeIgniter\Database\MySQLi\Connection->connect(false)
#1 C:\xampp_htdocs\kasugaikyudo\production\system\Database\BaseConnection.php(616): CodeIgniter\Database\BaseConnection->initialize()
#2 C:\xampp_htdocs\kasugaikyudo\production\app\Models\BaseQueryModel.php(48): CodeIgniter\Database\BaseConnection->query('\n\t\t\tSELECT\n\t\t\t\t...', Array)
#3 C:\xampp_htdocs\kasugaikyudo\production\app\Models\CommonModel.php(32): App\Models\BaseQueryModel->get_first_row('\n\t\t\tSELECT\n\t\t\t\t...', Array)
#4 C:\xampp_htdocs\kasugaikyudo\production\app\Libraries\CommonLibrarie.php(20): App\Models\CommonModel->get_setting_data()
#5 C:\xampp_htdocs\kasugaikyudo\production\app\Controllers\CommonController.php(58): App\Libraries\CommonLibrarie->get_setting_data()
#6 C:\xampp_htdocs\kasugaikyudo\production\app\Controllers\CommonController.php(34): App\Controllers\CommonController->get_setting()
#7 C:\xampp_htdocs\kasugaikyudo\production\app\Controllers\Home.php(12): App\Controllers\CommonController->__construct()
#8 C:\xampp_htdocs\kasugaikyudo\production\system\CodeIgniter.php(903): App\Controllers\Home->__construct()
#9 C:\xampp_htdocs\kasugaikyudo\production\system\CodeIgniter.php(500): CodeIgniter\CodeIgniter->createController()
#10 C:\xampp_htdocs\kasugaikyudo\production\system\CodeIgniter.php(355): CodeIgniter\CodeIgniter->handleRequest(NULL, Object(Config\Cache), false)
#11 C:\xampp_htdocs\kasugaikyudo\production\system\Boot.php(325): CodeIgniter\CodeIgniter->run()
#12 C:\xampp_htdocs\kasugaikyudo\production\system\Boot.php(67): CodeIgniter\Boot::runCodeIgniter(Object(CodeIgniter\CodeIgniter))
#13 C:\xampp_htdocs\kasugaikyudo\production\public\index.php(56): CodeIgniter\Boot::bootWeb(Object(Config\Paths))
#14 {main}
CRITICAL - 2025-04-15 00:06:27 --> CodeIgniter\Database\Exceptions\DatabaseException: Unable to connect to the database.
Main connection [MySQLi]: 対象のコンピューターによって拒否されたため、接続できませんでした。
[Method: GET, Route: /]
in SYSTEMPATH\Database\BaseConnection.php on line 467.
 1 SYSTEMPATH\Database\BaseConnection.php(616): CodeIgniter\Database\BaseConnection->initialize()
 2 APPPATH\Models\BaseQueryModel.php(48): CodeIgniter\Database\BaseConnection->query('
			SELECT
				mse.fiscal_year_id
				,mfy.year
				,mfy.wareki
			FROM m_setting mse
				INNER JOIN m_fiscal_year mfy
					ON mfy.fiscal_year_id = mse.fiscal_year_id
		', [])
 3 APPPATH\Models\CommonModel.php(32): App\Models\BaseQueryModel->get_first_row('
			SELECT
				mse.fiscal_year_id
				,mfy.year
				,mfy.wareki
			FROM m_setting mse
				INNER JOIN m_fiscal_year mfy
					ON mfy.fiscal_year_id = mse.fiscal_year_id
		', [])
 4 APPPATH\Libraries\CommonLibrarie.php(20): App\Models\CommonModel->get_setting_data()
 5 APPPATH\Controllers\CommonController.php(58): App\Libraries\CommonLibrarie->get_setting_data()
 6 APPPATH\Controllers\CommonController.php(34): App\Controllers\CommonController->get_setting()
 7 APPPATH\Controllers\Home.php(12): App\Controllers\CommonController->__construct()
 8 SYSTEMPATH\CodeIgniter.php(903): App\Controllers\Home->__construct()
 9 SYSTEMPATH\CodeIgniter.php(500): CodeIgniter\CodeIgniter->createController()
10 SYSTEMPATH\CodeIgniter.php(355): CodeIgniter\CodeIgniter->handleRequest(null, Object(Config\Cache), false)
11 SYSTEMPATH\Boot.php(325): CodeIgniter\CodeIgniter->run()
12 SYSTEMPATH\Boot.php(67): CodeIgniter\Boot::runCodeIgniter(Object(CodeIgniter\CodeIgniter))
13 FCPATH\index.php(56): CodeIgniter\Boot::bootWeb(Object(Config\Paths))
ERROR - 2025-04-15 00:06:52 --> Error connecting to the database: mysqli_sql_exception: 対象のコンピューターによって拒否されたため、接続できませんでした。 in C:\xampp_htdocs\kasugaikyudo\production\system\Database\MySQLi\Connection.php:186
Stack trace:
#0 C:\xampp_htdocs\kasugaikyudo\production\system\Database\MySQLi\Connection.php(186): mysqli->real_connect('localhost', 'root', Object(SensitiveParameterValue), 'z0e6f_haruyumi', 3306, '', 0)
#1 C:\xampp_htdocs\kasugaikyudo\production\system\Database\BaseConnection.php(421): CodeIgniter\Database\MySQLi\Connection->connect(false)
#2 C:\xampp_htdocs\kasugaikyudo\production\system\Database\BaseConnection.php(616): CodeIgniter\Database\BaseConnection->initialize()
#3 C:\xampp_htdocs\kasugaikyudo\production\app\Models\BaseQueryModel.php(48): CodeIgniter\Database\BaseConnection->query('\n\t\t\tSELECT\n\t\t\t\t...', Array)
#4 C:\xampp_htdocs\kasugaikyudo\production\app\Models\CommonModel.php(32): App\Models\BaseQueryModel->get_first_row('\n\t\t\tSELECT\n\t\t\t\t...', Array)
#5 C:\xampp_htdocs\kasugaikyudo\production\app\Libraries\CommonLibrarie.php(20): App\Models\CommonModel->get_setting_data()
#6 C:\xampp_htdocs\kasugaikyudo\production\app\Controllers\CommonController.php(58): App\Libraries\CommonLibrarie->get_setting_data()
#7 C:\xampp_htdocs\kasugaikyudo\production\app\Controllers\CommonController.php(34): App\Controllers\CommonController->get_setting()
#8 C:\xampp_htdocs\kasugaikyudo\production\app\Controllers\Home.php(12): App\Controllers\CommonController->__construct()
#9 C:\xampp_htdocs\kasugaikyudo\production\system\CodeIgniter.php(903): App\Controllers\Home->__construct()
#10 C:\xampp_htdocs\kasugaikyudo\production\system\CodeIgniter.php(500): CodeIgniter\CodeIgniter->createController()
#11 C:\xampp_htdocs\kasugaikyudo\production\system\CodeIgniter.php(355): CodeIgniter\CodeIgniter->handleRequest(NULL, Object(Config\Cache), false)
#12 C:\xampp_htdocs\kasugaikyudo\production\system\Boot.php(325): CodeIgniter\CodeIgniter->run()
#13 C:\xampp_htdocs\kasugaikyudo\production\system\Boot.php(67): CodeIgniter\Boot::runCodeIgniter(Object(CodeIgniter\CodeIgniter))
#14 C:\xampp_htdocs\kasugaikyudo\production\public\index.php(56): CodeIgniter\Boot::bootWeb(Object(Config\Paths))
#15 {main}

Next CodeIgniter\Database\Exceptions\DatabaseException: 対象のコンピューターによって拒否されたため、接続できませんでした。 in C:\xampp_htdocs\kasugaikyudo\production\system\Database\MySQLi\Connection.php:231
Stack trace:
#0 C:\xampp_htdocs\kasugaikyudo\production\system\Database\BaseConnection.php(421): CodeIgniter\Database\MySQLi\Connection->connect(false)
#1 C:\xampp_htdocs\kasugaikyudo\production\system\Database\BaseConnection.php(616): CodeIgniter\Database\BaseConnection->initialize()
#2 C:\xampp_htdocs\kasugaikyudo\production\app\Models\BaseQueryModel.php(48): CodeIgniter\Database\BaseConnection->query('\n\t\t\tSELECT\n\t\t\t\t...', Array)
#3 C:\xampp_htdocs\kasugaikyudo\production\app\Models\CommonModel.php(32): App\Models\BaseQueryModel->get_first_row('\n\t\t\tSELECT\n\t\t\t\t...', Array)
#4 C:\xampp_htdocs\kasugaikyudo\production\app\Libraries\CommonLibrarie.php(20): App\Models\CommonModel->get_setting_data()
#5 C:\xampp_htdocs\kasugaikyudo\production\app\Controllers\CommonController.php(58): App\Libraries\CommonLibrarie->get_setting_data()
#6 C:\xampp_htdocs\kasugaikyudo\production\app\Controllers\CommonController.php(34): App\Controllers\CommonController->get_setting()
#7 C:\xampp_htdocs\kasugaikyudo\production\app\Controllers\Home.php(12): App\Controllers\CommonController->__construct()
#8 C:\xampp_htdocs\kasugaikyudo\production\system\CodeIgniter.php(903): App\Controllers\Home->__construct()
#9 C:\xampp_htdocs\kasugaikyudo\production\system\CodeIgniter.php(500): CodeIgniter\CodeIgniter->createController()
#10 C:\xampp_htdocs\kasugaikyudo\production\system\CodeIgniter.php(355): CodeIgniter\CodeIgniter->handleRequest(NULL, Object(Config\Cache), false)
#11 C:\xampp_htdocs\kasugaikyudo\production\system\Boot.php(325): CodeIgniter\CodeIgniter->run()
#12 C:\xampp_htdocs\kasugaikyudo\production\system\Boot.php(67): CodeIgniter\Boot::runCodeIgniter(Object(CodeIgniter\CodeIgniter))
#13 C:\xampp_htdocs\kasugaikyudo\production\public\index.php(56): CodeIgniter\Boot::bootWeb(Object(Config\Paths))
#14 {main}
CRITICAL - 2025-04-15 00:06:53 --> CodeIgniter\Database\Exceptions\DatabaseException: Unable to connect to the database.
Main connection [MySQLi]: 対象のコンピューターによって拒否されたため、接続できませんでした。
[Method: GET, Route: /]
in SYSTEMPATH\Database\BaseConnection.php on line 467.
 1 SYSTEMPATH\Database\BaseConnection.php(616): CodeIgniter\Database\BaseConnection->initialize()
 2 APPPATH\Models\BaseQueryModel.php(48): CodeIgniter\Database\BaseConnection->query('
			SELECT
				mse.fiscal_year_id
				,mfy.year
				,mfy.wareki
			FROM m_setting mse
				INNER JOIN m_fiscal_year mfy
					ON mfy.fiscal_year_id = mse.fiscal_year_id
		', [])
 3 APPPATH\Models\CommonModel.php(32): App\Models\BaseQueryModel->get_first_row('
			SELECT
				mse.fiscal_year_id
				,mfy.year
				,mfy.wareki
			FROM m_setting mse
				INNER JOIN m_fiscal_year mfy
					ON mfy.fiscal_year_id = mse.fiscal_year_id
		', [])
 4 APPPATH\Libraries\CommonLibrarie.php(20): App\Models\CommonModel->get_setting_data()
 5 APPPATH\Controllers\CommonController.php(58): App\Libraries\CommonLibrarie->get_setting_data()
 6 APPPATH\Controllers\CommonController.php(34): App\Controllers\CommonController->get_setting()
 7 APPPATH\Controllers\Home.php(12): App\Controllers\CommonController->__construct()
 8 SYSTEMPATH\CodeIgniter.php(903): App\Controllers\Home->__construct()
 9 SYSTEMPATH\CodeIgniter.php(500): CodeIgniter\CodeIgniter->createController()
10 SYSTEMPATH\CodeIgniter.php(355): CodeIgniter\CodeIgniter->handleRequest(null, Object(Config\Cache), false)
11 SYSTEMPATH\Boot.php(325): CodeIgniter\CodeIgniter->run()
12 SYSTEMPATH\Boot.php(67): CodeIgniter\Boot::runCodeIgniter(Object(CodeIgniter\CodeIgniter))
13 FCPATH\index.php(56): CodeIgniter\Boot::bootWeb(Object(Config\Paths))
CRITICAL - 2025-04-15 21:39:42 --> ParseError: syntax error, unexpected token "}"
[Method: GET, Route: home]
in APPPATH\Controllers\Home.php on line 14.
 1 SYSTEMPATH\Autoloader\Autoloader.php(296): CodeIgniter\Autoloader\Autoloader->includeFile('C:\\xampp_htdocs\\kasugaikyudo\\production\\app\\Controllers\\Home.php')
 2 SYSTEMPATH\Autoloader\Autoloader.php(272): CodeIgniter\Autoloader\Autoloader->loadInNamespace('App\\Controllers\\Home')
 3 [internal function]: CodeIgniter\Autoloader\Autoloader->loadClass('App\\Controllers\\Home')
 4 SYSTEMPATH\CodeIgniter.php(887): class_exists('\\App\\Controllers\\Home', true)
 5 SYSTEMPATH\CodeIgniter.php(496): CodeIgniter\CodeIgniter->startController()
 6 SYSTEMPATH\CodeIgniter.php(355): CodeIgniter\CodeIgniter->handleRequest(null, Object(Config\Cache), false)
 7 SYSTEMPATH\Boot.php(325): CodeIgniter\CodeIgniter->run()
 8 SYSTEMPATH\Boot.php(67): CodeIgniter\Boot::runCodeIgniter(Object(CodeIgniter\CodeIgniter))
 9 FCPATH\index.php(56): CodeIgniter\Boot::bootWeb(Object(Config\Paths))
CRITICAL - 2025-04-15 22:39:00 --> ErrorException: Undefined variable $useNoticeIdList
[Method: GET, Route: home]
in APPPATH\Controllers\Home.php on line 33.
 1 APPPATH\Controllers\Home.php(33): CodeIgniter\Debug\Exceptions->errorHandler(2, 'Undefined variable $useNoticeIdList', 'C:\\xampp_htdocs\\kasugaikyudo\\production\\app\\Controllers\\Home.php', 33)
 2 SYSTEMPATH\CodeIgniter.php(933): App\Controllers\Home->index()
 3 SYSTEMPATH\CodeIgniter.php(509): CodeIgniter\CodeIgniter->runController(Object(App\Controllers\Home))
 4 SYSTEMPATH\CodeIgniter.php(355): CodeIgniter\CodeIgniter->handleRequest(null, Object(Config\Cache), false)
 5 SYSTEMPATH\Boot.php(325): CodeIgniter\CodeIgniter->run()
 6 SYSTEMPATH\Boot.php(67): CodeIgniter\Boot::runCodeIgniter(Object(CodeIgniter\CodeIgniter))
 7 FCPATH\index.php(56): CodeIgniter\Boot::bootWeb(Object(Config\Paths))
CRITICAL - 2025-04-15 22:48:22 --> TypeError: App\Controllers\CommonController::get_menu_info(): Argument #1 ($controllerName) must be of type string, array given, called in C:\xampp_htdocs\kasugaikyudo\production\app\Controllers\CommonController.php on line 36
[Method: GET, Route: home]
in APPPATH\Controllers\CommonController.php on line 91.
 1 APPPATH\Controllers\CommonController.php(36): App\Controllers\CommonController->get_menu_info([...])
 2 APPPATH\Controllers\Home.php(12): App\Controllers\CommonController->__construct([...])
 3 SYSTEMPATH\CodeIgniter.php(903): App\Controllers\Home->__construct()
 4 SYSTEMPATH\CodeIgniter.php(500): CodeIgniter\CodeIgniter->createController()
 5 SYSTEMPATH\CodeIgniter.php(355): CodeIgniter\CodeIgniter->handleRequest(null, Object(Config\Cache), false)
 6 SYSTEMPATH\Boot.php(325): CodeIgniter\CodeIgniter->run()
 7 SYSTEMPATH\Boot.php(67): CodeIgniter\Boot::runCodeIgniter(Object(CodeIgniter\CodeIgniter))
 8 FCPATH\index.php(56): CodeIgniter\Boot::bootWeb(Object(Config\Paths))
CRITICAL - 2025-04-15 22:54:32 --> ErrorException: Undefined property: App\Controllers\Home::$memberData
[Method: GET, Route: home]
in APPPATH\Controllers\Home.php on line 35.
 1 APPPATH\Controllers\Home.php(35): CodeIgniter\Debug\Exceptions->errorHandler(2, 'Undefined property: App\\Controllers\\Home::$memberData', 'C:\\xampp_htdocs\\kasugaikyudo\\production\\app\\Controllers\\Home.php', 35)
 2 SYSTEMPATH\CodeIgniter.php(933): App\Controllers\Home->index()
 3 SYSTEMPATH\CodeIgniter.php(509): CodeIgniter\CodeIgniter->runController(Object(App\Controllers\Home))
 4 SYSTEMPATH\CodeIgniter.php(355): CodeIgniter\CodeIgniter->handleRequest(null, Object(Config\Cache), false)
 5 SYSTEMPATH\Boot.php(325): CodeIgniter\CodeIgniter->run()
 6 SYSTEMPATH\Boot.php(67): CodeIgniter\Boot::runCodeIgniter(Object(CodeIgniter\CodeIgniter))
 7 FCPATH\index.php(56): CodeIgniter\Boot::bootWeb(Object(Config\Paths))
CRITICAL - 2025-04-15 22:54:54 --> ErrorException: Undefined property: App\Controllers\Home::$memberData
[Method: GET, Route: home]
in APPPATH\Controllers\Home.php on line 34.
 1 APPPATH\Controllers\Home.php(34): CodeIgniter\Debug\Exceptions->errorHandler(2, 'Undefined property: App\\Controllers\\Home::$memberData', 'C:\\xampp_htdocs\\kasugaikyudo\\production\\app\\Controllers\\Home.php', 34)
 2 SYSTEMPATH\CodeIgniter.php(933): App\Controllers\Home->index()
 3 SYSTEMPATH\CodeIgniter.php(509): CodeIgniter\CodeIgniter->runController(Object(App\Controllers\Home))
 4 SYSTEMPATH\CodeIgniter.php(355): CodeIgniter\CodeIgniter->handleRequest(null, Object(Config\Cache), false)
 5 SYSTEMPATH\Boot.php(325): CodeIgniter\CodeIgniter->run()
 6 SYSTEMPATH\Boot.php(67): CodeIgniter\Boot::runCodeIgniter(Object(CodeIgniter\CodeIgniter))
 7 FCPATH\index.php(56): CodeIgniter\Boot::bootWeb(Object(Config\Paths))
CRITICAL - 2025-04-15 22:55:08 --> ErrorException: Undefined property: App\Controllers\Home::$memberData
[Method: GET, Route: home]
in APPPATH\Controllers\Home.php on line 34.
 1 APPPATH\Controllers\Home.php(34): CodeIgniter\Debug\Exceptions->errorHandler(2, 'Undefined property: App\\Controllers\\Home::$memberData', 'C:\\xampp_htdocs\\kasugaikyudo\\production\\app\\Controllers\\Home.php', 34)
 2 SYSTEMPATH\CodeIgniter.php(933): App\Controllers\Home->index()
 3 SYSTEMPATH\CodeIgniter.php(509): CodeIgniter\CodeIgniter->runController(Object(App\Controllers\Home))
 4 SYSTEMPATH\CodeIgniter.php(355): CodeIgniter\CodeIgniter->handleRequest(null, Object(Config\Cache), false)
 5 SYSTEMPATH\Boot.php(325): CodeIgniter\CodeIgniter->run()
 6 SYSTEMPATH\Boot.php(67): CodeIgniter\Boot::runCodeIgniter(Object(CodeIgniter\CodeIgniter))
 7 FCPATH\index.php(56): CodeIgniter\Boot::bootWeb(Object(Config\Paths))
CRITICAL - 2025-04-15 22:55:21 --> ErrorException: Undefined property: App\Controllers\Home::$memberData
[Method: GET, Route: home]
in APPPATH\Controllers\Home.php on line 34.
 1 APPPATH\Controllers\Home.php(34): CodeIgniter\Debug\Exceptions->errorHandler(2, 'Undefined property: App\\Controllers\\Home::$memberData', 'C:\\xampp_htdocs\\kasugaikyudo\\production\\app\\Controllers\\Home.php', 34)
 2 SYSTEMPATH\CodeIgniter.php(933): App\Controllers\Home->index()
 3 SYSTEMPATH\CodeIgniter.php(509): CodeIgniter\CodeIgniter->runController(Object(App\Controllers\Home))
 4 SYSTEMPATH\CodeIgniter.php(355): CodeIgniter\CodeIgniter->handleRequest(null, Object(Config\Cache), false)
 5 SYSTEMPATH\Boot.php(325): CodeIgniter\CodeIgniter->run()
 6 SYSTEMPATH\Boot.php(67): CodeIgniter\Boot::runCodeIgniter(Object(CodeIgniter\CodeIgniter))
 7 FCPATH\index.php(56): CodeIgniter\Boot::bootWeb(Object(Config\Paths))
CRITICAL - 2025-04-15 22:57:07 --> ErrorException: Undefined property: App\Controllers\Home::$memberData
[Method: GET, Route: home]
in APPPATH\Controllers\Home.php on line 35.
 1 APPPATH\Controllers\Home.php(35): CodeIgniter\Debug\Exceptions->errorHandler(2, 'Undefined property: App\\Controllers\\Home::$memberData', 'C:\\xampp_htdocs\\kasugaikyudo\\production\\app\\Controllers\\Home.php', 35)
 2 SYSTEMPATH\CodeIgniter.php(933): App\Controllers\Home->index()
 3 SYSTEMPATH\CodeIgniter.php(509): CodeIgniter\CodeIgniter->runController(Object(App\Controllers\Home))
 4 SYSTEMPATH\CodeIgniter.php(355): CodeIgniter\CodeIgniter->handleRequest(null, Object(Config\Cache), false)
 5 SYSTEMPATH\Boot.php(325): CodeIgniter\CodeIgniter->run()
 6 SYSTEMPATH\Boot.php(67): CodeIgniter\Boot::runCodeIgniter(Object(CodeIgniter\CodeIgniter))
 7 FCPATH\index.php(56): CodeIgniter\Boot::bootWeb(Object(Config\Paths))
CRITICAL - 2025-04-15 22:57:24 --> ErrorException: Undefined property: App\Controllers\Home::$memberData
[Method: GET, Route: home]
in APPPATH\Controllers\Home.php on line 35.
 1 APPPATH\Controllers\Home.php(35): CodeIgniter\Debug\Exceptions->errorHandler(2, 'Undefined property: App\\Controllers\\Home::$memberData', 'C:\\xampp_htdocs\\kasugaikyudo\\production\\app\\Controllers\\Home.php', 35)
 2 SYSTEMPATH\CodeIgniter.php(933): App\Controllers\Home->index()
 3 SYSTEMPATH\CodeIgniter.php(509): CodeIgniter\CodeIgniter->runController(Object(App\Controllers\Home))
 4 SYSTEMPATH\CodeIgniter.php(355): CodeIgniter\CodeIgniter->handleRequest(null, Object(Config\Cache), false)
 5 SYSTEMPATH\Boot.php(325): CodeIgniter\CodeIgniter->run()
 6 SYSTEMPATH\Boot.php(67): CodeIgniter\Boot::runCodeIgniter(Object(CodeIgniter\CodeIgniter))
 7 FCPATH\index.php(56): CodeIgniter\Boot::bootWeb(Object(Config\Paths))
CRITICAL - 2025-04-15 22:58:00 --> ErrorException: Undefined property: App\Controllers\Home::$memberData
[Method: GET, Route: home]
in APPPATH\Controllers\Home.php on line 35.
 1 APPPATH\Controllers\Home.php(35): CodeIgniter\Debug\Exceptions->errorHandler(2, 'Undefined property: App\\Controllers\\Home::$memberData', 'C:\\xampp_htdocs\\kasugaikyudo\\production\\app\\Controllers\\Home.php', 35)
 2 SYSTEMPATH\CodeIgniter.php(933): App\Controllers\Home->index()
 3 SYSTEMPATH\CodeIgniter.php(509): CodeIgniter\CodeIgniter->runController(Object(App\Controllers\Home))
 4 SYSTEMPATH\CodeIgniter.php(355): CodeIgniter\CodeIgniter->handleRequest(null, Object(Config\Cache), false)
 5 SYSTEMPATH\Boot.php(325): CodeIgniter\CodeIgniter->run()
 6 SYSTEMPATH\Boot.php(67): CodeIgniter\Boot::runCodeIgniter(Object(CodeIgniter\CodeIgniter))
 7 FCPATH\index.php(56): CodeIgniter\Boot::bootWeb(Object(Config\Paths))
CRITICAL - 2025-04-15 22:58:34 --> ErrorException: Undefined property: App\Controllers\Home::$memberData
[Method: GET, Route: home]
in APPPATH\Controllers\Home.php on line 35.
 1 APPPATH\Controllers\Home.php(35): CodeIgniter\Debug\Exceptions->errorHandler(2, 'Undefined property: App\\Controllers\\Home::$memberData', 'C:\\xampp_htdocs\\kasugaikyudo\\production\\app\\Controllers\\Home.php', 35)
 2 SYSTEMPATH\CodeIgniter.php(933): App\Controllers\Home->index()
 3 SYSTEMPATH\CodeIgniter.php(509): CodeIgniter\CodeIgniter->runController(Object(App\Controllers\Home))
 4 SYSTEMPATH\CodeIgniter.php(355): CodeIgniter\CodeIgniter->handleRequest(null, Object(Config\Cache), false)
 5 SYSTEMPATH\Boot.php(325): CodeIgniter\CodeIgniter->run()
 6 SYSTEMPATH\Boot.php(67): CodeIgniter\Boot::runCodeIgniter(Object(CodeIgniter\CodeIgniter))
 7 FCPATH\index.php(56): CodeIgniter\Boot::bootWeb(Object(Config\Paths))
CRITICAL - 2025-04-15 23:00:01 --> ErrorException: Undefined property: App\Controllers\Home::$memberData
[Method: GET, Route: home]
in APPPATH\Controllers\Home.php on line 34.
 1 APPPATH\Controllers\Home.php(34): CodeIgniter\Debug\Exceptions->errorHandler(2, 'Undefined property: App\\Controllers\\Home::$memberData', 'C:\\xampp_htdocs\\kasugaikyudo\\production\\app\\Controllers\\Home.php', 34)
 2 SYSTEMPATH\CodeIgniter.php(933): App\Controllers\Home->index()
 3 SYSTEMPATH\CodeIgniter.php(509): CodeIgniter\CodeIgniter->runController(Object(App\Controllers\Home))
 4 SYSTEMPATH\CodeIgniter.php(355): CodeIgniter\CodeIgniter->handleRequest(null, Object(Config\Cache), false)
 5 SYSTEMPATH\Boot.php(325): CodeIgniter\CodeIgniter->run()
 6 SYSTEMPATH\Boot.php(67): CodeIgniter\Boot::runCodeIgniter(Object(CodeIgniter\CodeIgniter))
 7 FCPATH\index.php(56): CodeIgniter\Boot::bootWeb(Object(Config\Paths))
CRITICAL - 2025-04-15 23:00:27 --> ErrorException: Undefined property: App\Controllers\Home::$memberData
[Method: GET, Route: home]
in APPPATH\Controllers\Home.php on line 34.
 1 APPPATH\Controllers\Home.php(34): CodeIgniter\Debug\Exceptions->errorHandler(2, 'Undefined property: App\\Controllers\\Home::$memberData', 'C:\\xampp_htdocs\\kasugaikyudo\\production\\app\\Controllers\\Home.php', 34)
 2 SYSTEMPATH\CodeIgniter.php(933): App\Controllers\Home->index()
 3 SYSTEMPATH\CodeIgniter.php(509): CodeIgniter\CodeIgniter->runController(Object(App\Controllers\Home))
 4 SYSTEMPATH\CodeIgniter.php(355): CodeIgniter\CodeIgniter->handleRequest(null, Object(Config\Cache), false)
 5 SYSTEMPATH\Boot.php(325): CodeIgniter\CodeIgniter->run()
 6 SYSTEMPATH\Boot.php(67): CodeIgniter\Boot::runCodeIgniter(Object(CodeIgniter\CodeIgniter))
 7 FCPATH\index.php(56): CodeIgniter\Boot::bootWeb(Object(Config\Paths))
CRITICAL - 2025-04-15 23:00:40 --> ErrorException: Undefined property: App\Controllers\Home::$memberData
[Method: GET, Route: home]
in APPPATH\Controllers\Home.php on line 34.
 1 APPPATH\Controllers\Home.php(34): CodeIgniter\Debug\Exceptions->errorHandler(2, 'Undefined property: App\\Controllers\\Home::$memberData', 'C:\\xampp_htdocs\\kasugaikyudo\\production\\app\\Controllers\\Home.php', 34)
 2 SYSTEMPATH\CodeIgniter.php(933): App\Controllers\Home->index()
 3 SYSTEMPATH\CodeIgniter.php(509): CodeIgniter\CodeIgniter->runController(Object(App\Controllers\Home))
 4 SYSTEMPATH\CodeIgniter.php(355): CodeIgniter\CodeIgniter->handleRequest(null, Object(Config\Cache), false)
 5 SYSTEMPATH\Boot.php(325): CodeIgniter\CodeIgniter->run()
 6 SYSTEMPATH\Boot.php(67): CodeIgniter\Boot::runCodeIgniter(Object(CodeIgniter\CodeIgniter))
 7 FCPATH\index.php(56): CodeIgniter\Boot::bootWeb(Object(Config\Paths))
CRITICAL - 2025-04-15 23:00:50 --> ErrorException: Undefined property: App\Controllers\Home::$memberData
[Method: GET, Route: home]
in APPPATH\Controllers\Home.php on line 34.
 1 APPPATH\Controllers\Home.php(34): CodeIgniter\Debug\Exceptions->errorHandler(2, 'Undefined property: App\\Controllers\\Home::$memberData', 'C:\\xampp_htdocs\\kasugaikyudo\\production\\app\\Controllers\\Home.php', 34)
 2 SYSTEMPATH\CodeIgniter.php(933): App\Controllers\Home->index()
 3 SYSTEMPATH\CodeIgniter.php(509): CodeIgniter\CodeIgniter->runController(Object(App\Controllers\Home))
 4 SYSTEMPATH\CodeIgniter.php(355): CodeIgniter\CodeIgniter->handleRequest(null, Object(Config\Cache), false)
 5 SYSTEMPATH\Boot.php(325): CodeIgniter\CodeIgniter->run()
 6 SYSTEMPATH\Boot.php(67): CodeIgniter\Boot::runCodeIgniter(Object(CodeIgniter\CodeIgniter))
 7 FCPATH\index.php(56): CodeIgniter\Boot::bootWeb(Object(Config\Paths))
CRITICAL - 2025-04-15 23:01:12 --> ErrorException: Undefined variable $result
[Method: GET, Route: home]
in APPPATH\Controllers\Home.php on line 40.
 1 APPPATH\Controllers\Home.php(40): CodeIgniter\Debug\Exceptions->errorHandler(2, 'Undefined variable $result', 'C:\\xampp_htdocs\\kasugaikyudo\\production\\app\\Controllers\\Home.php', 40)
 2 SYSTEMPATH\CodeIgniter.php(933): App\Controllers\Home->index()
 3 SYSTEMPATH\CodeIgniter.php(509): CodeIgniter\CodeIgniter->runController(Object(App\Controllers\Home))
 4 SYSTEMPATH\CodeIgniter.php(355): CodeIgniter\CodeIgniter->handleRequest(null, Object(Config\Cache), false)
 5 SYSTEMPATH\Boot.php(325): CodeIgniter\CodeIgniter->run()
 6 SYSTEMPATH\Boot.php(67): CodeIgniter\Boot::runCodeIgniter(Object(CodeIgniter\CodeIgniter))
 7 FCPATH\index.php(56): CodeIgniter\Boot::bootWeb(Object(Config\Paths))
CRITICAL - 2025-04-15 23:01:16 --> ErrorException: Undefined variable $result
[Method: GET, Route: home]
in APPPATH\Controllers\Home.php on line 40.
 1 APPPATH\Controllers\Home.php(40): CodeIgniter\Debug\Exceptions->errorHandler(2, 'Undefined variable $result', 'C:\\xampp_htdocs\\kasugaikyudo\\production\\app\\Controllers\\Home.php', 40)
 2 SYSTEMPATH\CodeIgniter.php(933): App\Controllers\Home->index()
 3 SYSTEMPATH\CodeIgniter.php(509): CodeIgniter\CodeIgniter->runController(Object(App\Controllers\Home))
 4 SYSTEMPATH\CodeIgniter.php(355): CodeIgniter\CodeIgniter->handleRequest(null, Object(Config\Cache), false)
 5 SYSTEMPATH\Boot.php(325): CodeIgniter\CodeIgniter->run()
 6 SYSTEMPATH\Boot.php(67): CodeIgniter\Boot::runCodeIgniter(Object(CodeIgniter\CodeIgniter))
 7 FCPATH\index.php(56): CodeIgniter\Boot::bootWeb(Object(Config\Paths))
CRITICAL - 2025-04-15 23:01:35 --> ErrorException: Undefined variable $result
[Method: GET, Route: home]
in APPPATH\Controllers\Home.php on line 40.
 1 APPPATH\Controllers\Home.php(40): CodeIgniter\Debug\Exceptions->errorHandler(2, 'Undefined variable $result', 'C:\\xampp_htdocs\\kasugaikyudo\\production\\app\\Controllers\\Home.php', 40)
 2 SYSTEMPATH\CodeIgniter.php(933): App\Controllers\Home->index()
 3 SYSTEMPATH\CodeIgniter.php(509): CodeIgniter\CodeIgniter->runController(Object(App\Controllers\Home))
 4 SYSTEMPATH\CodeIgniter.php(355): CodeIgniter\CodeIgniter->handleRequest(null, Object(Config\Cache), false)
 5 SYSTEMPATH\Boot.php(325): CodeIgniter\CodeIgniter->run()
 6 SYSTEMPATH\Boot.php(67): CodeIgniter\Boot::runCodeIgniter(Object(CodeIgniter\CodeIgniter))
 7 FCPATH\index.php(56): CodeIgniter\Boot::bootWeb(Object(Config\Paths))
CRITICAL - 2025-04-15 23:02:06 --> ErrorException: Array to string conversion
[Method: GET, Route: home]
in APPPATH\Controllers\Home.php on line 39.
 1 [internal function]: CodeIgniter\Debug\Exceptions->errorHandler(2, 'Array to string conversion', 'C:\\xampp_htdocs\\kasugaikyudo\\production\\app\\Controllers\\Home.php', 39)
 2 APPPATH\Controllers\Home.php(39): array_intersect([...], [...])
 3 SYSTEMPATH\CodeIgniter.php(933): App\Controllers\Home->index()
 4 SYSTEMPATH\CodeIgniter.php(509): CodeIgniter\CodeIgniter->runController(Object(App\Controllers\Home))
 5 SYSTEMPATH\CodeIgniter.php(355): CodeIgniter\CodeIgniter->handleRequest(null, Object(Config\Cache), false)
 6 SYSTEMPATH\Boot.php(325): CodeIgniter\CodeIgniter->run()
 7 SYSTEMPATH\Boot.php(67): CodeIgniter\Boot::runCodeIgniter(Object(CodeIgniter\CodeIgniter))
 8 FCPATH\index.php(56): CodeIgniter\Boot::bootWeb(Object(Config\Paths))
CRITICAL - 2025-04-15 23:05:02 --> Error: Using $this when not in object context
[Method: GET, Route: home]
in APPPATH\Helpers\notice_helper.php on line 9.
 1 APPPATH\Views\home\index.php(13): get_notice_list_html([...], [...], [...])
 2 SYSTEMPATH\View\View.php(234): include('C:\\xampp_htdocs\\kasugaikyudo\\production\\app\\Views\\home\\index.php')
 3 SYSTEMPATH\View\View.php(237): CodeIgniter\View\View->CodeIgniter\View\{closure}()
 4 SYSTEMPATH\Common.php(1171): CodeIgniter\View\View->render('home/index', [], true)
 5 APPPATH\Controllers\Home.php(44): view('home/index')
 6 SYSTEMPATH\CodeIgniter.php(933): App\Controllers\Home->index()
 7 SYSTEMPATH\CodeIgniter.php(509): CodeIgniter\CodeIgniter->runController(Object(App\Controllers\Home))
 8 SYSTEMPATH\CodeIgniter.php(355): CodeIgniter\CodeIgniter->handleRequest(null, Object(Config\Cache), false)
 9 SYSTEMPATH\Boot.php(325): CodeIgniter\CodeIgniter->run()
10 SYSTEMPATH\Boot.php(67): CodeIgniter\Boot::runCodeIgniter(Object(CodeIgniter\CodeIgniter))
11 FCPATH\index.php(56): CodeIgniter\Boot::bootWeb(Object(Config\Paths))
CRITICAL - 2025-04-15 23:09:10 --> TypeError: array_intersect(): Argument #1 ($array) must be of type array, string given
[Method: GET, Route: taikai]
in APPPATH\Helpers\notice_helper.php on line 9.
 1 APPPATH\Helpers\notice_helper.php(9): array_intersect('1', '3')
 2 APPPATH\Views\taikai\index.php(7): get_notice_list_html([...], '1', '3')
 3 SYSTEMPATH\View\View.php(234): include('C:\\xampp_htdocs\\kasugaikyudo\\production\\app\\Views\\taikai\\index.php')
 4 SYSTEMPATH\View\View.php(237): CodeIgniter\View\View->CodeIgniter\View\{closure}()
 5 SYSTEMPATH\Common.php(1171): CodeIgniter\View\View->render('taikai/index', [], true)
 6 APPPATH\Controllers\Taikai.php(45): view('taikai/index')
 7 SYSTEMPATH\CodeIgniter.php(933): App\Controllers\Taikai->index()
 8 SYSTEMPATH\CodeIgniter.php(509): CodeIgniter\CodeIgniter->runController(Object(App\Controllers\Taikai))
 9 SYSTEMPATH\CodeIgniter.php(355): CodeIgniter\CodeIgniter->handleRequest(null, Object(Config\Cache), false)
10 SYSTEMPATH\Boot.php(325): CodeIgniter\CodeIgniter->run()
11 SYSTEMPATH\Boot.php(67): CodeIgniter\Boot::runCodeIgniter(Object(CodeIgniter\CodeIgniter))
12 FCPATH\index.php(56): CodeIgniter\Boot::bootWeb(Object(Config\Paths))
CRITICAL - 2025-04-15 23:10:44 --> ErrorException: Undefined variable $useNoticeIdList
[Method: GET, Route: taikai]
in APPPATH\Views\taikai\index.php on line 7.
 1 APPPATH\Views\taikai\index.php(7): CodeIgniter\Debug\Exceptions->errorHandler(2, 'Undefined variable $useNoticeIdList', 'C:\\xampp_htdocs\\kasugaikyudo\\production\\app\\Views\\taikai\\index.php', 7)
 2 SYSTEMPATH\View\View.php(234): include('C:\\xampp_htdocs\\kasugaikyudo\\production\\app\\Views\\taikai\\index.php')
 3 SYSTEMPATH\View\View.php(237): CodeIgniter\View\View->CodeIgniter\View\{closure}()
 4 SYSTEMPATH\Common.php(1171): CodeIgniter\View\View->render('taikai/index', [], true)
 5 APPPATH\Controllers\Taikai.php(46): view('taikai/index')
 6 SYSTEMPATH\CodeIgniter.php(933): App\Controllers\Taikai->index()
 7 SYSTEMPATH\CodeIgniter.php(509): CodeIgniter\CodeIgniter->runController(Object(App\Controllers\Taikai))
 8 SYSTEMPATH\CodeIgniter.php(355): CodeIgniter\CodeIgniter->handleRequest(null, Object(Config\Cache), false)
 9 SYSTEMPATH\Boot.php(325): CodeIgniter\CodeIgniter->run()
10 SYSTEMPATH\Boot.php(67): CodeIgniter\Boot::runCodeIgniter(Object(CodeIgniter\CodeIgniter))
11 FCPATH\index.php(56): CodeIgniter\Boot::bootWeb(Object(Config\Paths))
CRITICAL - 2025-04-15 23:11:30 --> TypeError: array_intersect(): Argument #1 ($array) must be of type array, string given
[Method: GET, Route: shinsa]
in APPPATH\Helpers\notice_helper.php on line 9.
 1 APPPATH\Helpers\notice_helper.php(9): array_intersect('1', '2')
 2 APPPATH\Views\shinsa\index.php(7): get_notice_list_html([...], '1', '2')
 3 SYSTEMPATH\View\View.php(234): include('C:\\xampp_htdocs\\kasugaikyudo\\production\\app\\Views\\shinsa\\index.php')
 4 SYSTEMPATH\View\View.php(237): CodeIgniter\View\View->CodeIgniter\View\{closure}()
 5 SYSTEMPATH\Common.php(1171): CodeIgniter\View\View->render('shinsa/index', [], true)
 6 APPPATH\Controllers\Shinsa.php(47): view('shinsa/index')
 7 SYSTEMPATH\CodeIgniter.php(933): App\Controllers\Shinsa->index()
 8 SYSTEMPATH\CodeIgniter.php(509): CodeIgniter\CodeIgniter->runController(Object(App\Controllers\Shinsa))
 9 SYSTEMPATH\CodeIgniter.php(355): CodeIgniter\CodeIgniter->handleRequest(null, Object(Config\Cache), false)
10 SYSTEMPATH\Boot.php(325): CodeIgniter\CodeIgniter->run()
11 SYSTEMPATH\Boot.php(67): CodeIgniter\Boot::runCodeIgniter(Object(CodeIgniter\CodeIgniter))
12 FCPATH\index.php(56): CodeIgniter\Boot::bootWeb(Object(Config\Paths))
CRITICAL - 2025-04-15 23:14:19 --> TypeError: array_intersect(): Argument #1 ($array) must be of type array, string given
[Method: GET, Route: workshop]
in APPPATH\Helpers\notice_helper.php on line 11.
 1 APPPATH\Helpers\notice_helper.php(11): array_intersect('1', '5')
 2 APPPATH\Views\workshop\index.php(7): get_notice_list_html([...], '1', '5')
 3 SYSTEMPATH\View\View.php(234): include('C:\\xampp_htdocs\\kasugaikyudo\\production\\app\\Views\\workshop\\index.php')
 4 SYSTEMPATH\View\View.php(237): CodeIgniter\View\View->CodeIgniter\View\{closure}()
 5 SYSTEMPATH\Common.php(1171): CodeIgniter\View\View->render('workshop/index', [], true)
 6 APPPATH\Controllers\Workshop.php(45): view('workshop/index')
 7 SYSTEMPATH\CodeIgniter.php(933): App\Controllers\Workshop->index()
 8 SYSTEMPATH\CodeIgniter.php(509): CodeIgniter\CodeIgniter->runController(Object(App\Controllers\Workshop))
 9 SYSTEMPATH\CodeIgniter.php(355): CodeIgniter\CodeIgniter->handleRequest(null, Object(Config\Cache), false)
10 SYSTEMPATH\Boot.php(325): CodeIgniter\CodeIgniter->run()
11 SYSTEMPATH\Boot.php(67): CodeIgniter\Boot::runCodeIgniter(Object(CodeIgniter\CodeIgniter))
12 FCPATH\index.php(56): CodeIgniter\Boot::bootWeb(Object(Config\Paths))
