ERROR - 2025-04-16 22:43:37 --> mysqli_sql_exception: Illegal parameter data types int and row for operation '=' in C:\xampp_htdocs\kasugaikyudo\production\system\Database\MySQLi\Connection.php:312
Stack trace:
#0 C:\xampp_htdocs\kasugaikyudo\production\system\Database\MySQLi\Connection.php(312): mysqli->query('\n\t\t\tSELECT\n\t\t\t\t...', 0)
#1 C:\xampp_htdocs\kasugaikyudo\production\system\Database\BaseConnection.php(734): CodeIgniter\Database\MySQLi\Connection->execute('\n\t\t\tSELECT\n\t\t\t\t...')
#2 C:\xampp_htdocs\kasugaikyudo\production\system\Database\BaseConnection.php(648): CodeIgniter\Database\BaseConnection->simpleQuery('\n\t\t\tSELECT\n\t\t\t\t...')
#3 C:\xampp_htdocs\kasugaikyudo\production\app\Models\BaseQueryModel.php(27): CodeIgniter\Database\BaseConnection->query('\n\t\t\tSELECT\n\t\t\t\t...', Array)
#4 C:\xampp_htdocs\kasugaikyudo\production\app\Models\NoticeModel.php(46): App\Models\BaseQueryModel->get_result_array('\n\t\t\tSELECT\n\t\t\t\t...', Array)
#5 C:\xampp_htdocs\kasugaikyudo\production\app\Libraries\NoticeLibrarie.php(22): App\Models\NoticeModel->get_category_notice_list(Array, 1)
#6 C:\xampp_htdocs\kasugaikyudo\production\app\Controllers\Admin.php(45): App\Libraries\NoticeLibrarie->get_category_notice_list(Array, 1)
#7 C:\xampp_htdocs\kasugaikyudo\production\system\CodeIgniter.php(933): App\Controllers\Admin->notice_regist()
#8 C:\xampp_htdocs\kasugaikyudo\production\system\CodeIgniter.php(509): CodeIgniter\CodeIgniter->runController(Object(App\Controllers\Admin))
#9 C:\xampp_htdocs\kasugaikyudo\production\system\CodeIgniter.php(355): CodeIgniter\CodeIgniter->handleRequest(NULL, Object(Config\Cache), false)
#10 C:\xampp_htdocs\kasugaikyudo\production\system\Boot.php(325): CodeIgniter\CodeIgniter->run()
#11 C:\xampp_htdocs\kasugaikyudo\production\system\Boot.php(67): CodeIgniter\Boot::runCodeIgniter(Object(CodeIgniter\CodeIgniter))
#12 C:\xampp_htdocs\kasugaikyudo\production\index.php(56): CodeIgniter\Boot::bootWeb(Object(Config\Paths))
#13 {main}
CRITICAL - 2025-04-16 22:43:37 --> CodeIgniter\Database\Exceptions\DatabaseException: Illegal parameter data types int and row for operation '='
[Method: GET, Route: admin/notice_regist]
in SYSTEMPATH\Database\BaseConnection.php on line 688.
 1 APPPATH\Models\BaseQueryModel.php(27): CodeIgniter\Database\BaseConnection->query('
			SELECT
				notice_id
				,notice_name
				,theme_coller
                ,file_directory
			FROM 
            	m_notice
			WHERE 1 = 1
				AND notice_id IN (:noticeAdminIdList:)
				
			ORDER BY
				order_no
		', [...])
 2 APPPATH\Models\NoticeModel.php(46): App\Models\BaseQueryModel->get_result_array('
			SELECT
				notice_id
				,notice_name
				,theme_coller
                ,file_directory
			FROM 
            	m_notice
			WHERE 1 = 1
				AND notice_id IN (:noticeAdminIdList:)
				
			ORDER BY
				order_no
		', [...])
 3 APPPATH\Libraries\NoticeLibrarie.php(22): App\Models\NoticeModel->get_category_notice_list([...], 1)
 4 APPPATH\Controllers\Admin.php(45): App\Libraries\NoticeLibrarie->get_category_notice_list([...], 1)
 5 SYSTEMPATH\CodeIgniter.php(933): App\Controllers\Admin->notice_regist()
 6 SYSTEMPATH\CodeIgniter.php(509): CodeIgniter\CodeIgniter->runController(Object(App\Controllers\Admin))
 7 SYSTEMPATH\CodeIgniter.php(355): CodeIgniter\CodeIgniter->handleRequest(null, Object(Config\Cache), false)
 8 SYSTEMPATH\Boot.php(325): CodeIgniter\CodeIgniter->run()
 9 SYSTEMPATH\Boot.php(67): CodeIgniter\Boot::runCodeIgniter(Object(CodeIgniter\CodeIgniter))
10 FCPATH\index.php(56): CodeIgniter\Boot::bootWeb(Object(Config\Paths))
CRITICAL - 2025-04-16 22:43:37 --> [Caused by] CodeIgniter\Database\Exceptions\DatabaseException: Illegal parameter data types int and row for operation '='
in SYSTEMPATH\Database\MySQLi\Connection.php on line 317.
 1 SYSTEMPATH\Database\BaseConnection.php(734): CodeIgniter\Database\MySQLi\Connection->execute('
			SELECT
				notice_id
				,notice_name
				,theme_coller
                ,file_directory
			FROM 
            	m_notice
			WHERE 1 = 1
				AND notice_id IN ((\'1\',\'3\',\'6\'))
				
			ORDER BY
				order_no
		')
 2 SYSTEMPATH\Database\BaseConnection.php(648): CodeIgniter\Database\BaseConnection->simpleQuery('
			SELECT
				notice_id
				,notice_name
				,theme_coller
                ,file_directory
			FROM 
            	m_notice
			WHERE 1 = 1
				AND notice_id IN ((\'1\',\'3\',\'6\'))
				
			ORDER BY
				order_no
		')
 3 APPPATH\Models\BaseQueryModel.php(27): CodeIgniter\Database\BaseConnection->query('
			SELECT
				notice_id
				,notice_name
				,theme_coller
                ,file_directory
			FROM 
            	m_notice
			WHERE 1 = 1
				AND notice_id IN (:noticeAdminIdList:)
				
			ORDER BY
				order_no
		', [...])
 4 APPPATH\Models\NoticeModel.php(46): App\Models\BaseQueryModel->get_result_array('
			SELECT
				notice_id
				,notice_name
				,theme_coller
                ,file_directory
			FROM 
            	m_notice
			WHERE 1 = 1
				AND notice_id IN (:noticeAdminIdList:)
				
			ORDER BY
				order_no
		', [...])
 5 APPPATH\Libraries\NoticeLibrarie.php(22): App\Models\NoticeModel->get_category_notice_list([...], 1)
 6 APPPATH\Controllers\Admin.php(45): App\Libraries\NoticeLibrarie->get_category_notice_list([...], 1)
 7 SYSTEMPATH\CodeIgniter.php(933): App\Controllers\Admin->notice_regist()
 8 SYSTEMPATH\CodeIgniter.php(509): CodeIgniter\CodeIgniter->runController(Object(App\Controllers\Admin))
 9 SYSTEMPATH\CodeIgniter.php(355): CodeIgniter\CodeIgniter->handleRequest(null, Object(Config\Cache), false)
10 SYSTEMPATH\Boot.php(325): CodeIgniter\CodeIgniter->run()
11 SYSTEMPATH\Boot.php(67): CodeIgniter\Boot::runCodeIgniter(Object(CodeIgniter\CodeIgniter))
12 FCPATH\index.php(56): CodeIgniter\Boot::bootWeb(Object(Config\Paths))
CRITICAL - 2025-04-16 22:43:37 --> [Caused by] mysqli_sql_exception: Illegal parameter data types int and row for operation '='
in SYSTEMPATH\Database\MySQLi\Connection.php on line 312.
 1 SYSTEMPATH\Database\MySQLi\Connection.php(312): mysqli->query('
			SELECT
				notice_id
				,notice_name
				,theme_coller
                ,file_directory
			FROM 
            	m_notice
			WHERE 1 = 1
				AND notice_id IN ((\'1\',\'3\',\'6\'))
				
			ORDER BY
				order_no
		', 0)
 2 SYSTEMPATH\Database\BaseConnection.php(734): CodeIgniter\Database\MySQLi\Connection->execute('
			SELECT
				notice_id
				,notice_name
				,theme_coller
                ,file_directory
			FROM 
            	m_notice
			WHERE 1 = 1
				AND notice_id IN ((\'1\',\'3\',\'6\'))
				
			ORDER BY
				order_no
		')
 3 SYSTEMPATH\Database\BaseConnection.php(648): CodeIgniter\Database\BaseConnection->simpleQuery('
			SELECT
				notice_id
				,notice_name
				,theme_coller
                ,file_directory
			FROM 
            	m_notice
			WHERE 1 = 1
				AND notice_id IN ((\'1\',\'3\',\'6\'))
				
			ORDER BY
				order_no
		')
 4 APPPATH\Models\BaseQueryModel.php(27): CodeIgniter\Database\BaseConnection->query('
			SELECT
				notice_id
				,notice_name
				,theme_coller
                ,file_directory
			FROM 
            	m_notice
			WHERE 1 = 1
				AND notice_id IN (:noticeAdminIdList:)
				
			ORDER BY
				order_no
		', [...])
 5 APPPATH\Models\NoticeModel.php(46): App\Models\BaseQueryModel->get_result_array('
			SELECT
				notice_id
				,notice_name
				,theme_coller
                ,file_directory
			FROM 
            	m_notice
			WHERE 1 = 1
				AND notice_id IN (:noticeAdminIdList:)
				
			ORDER BY
				order_no
		', [...])
 6 APPPATH\Libraries\NoticeLibrarie.php(22): App\Models\NoticeModel->get_category_notice_list([...], 1)
 7 APPPATH\Controllers\Admin.php(45): App\Libraries\NoticeLibrarie->get_category_notice_list([...], 1)
 8 SYSTEMPATH\CodeIgniter.php(933): App\Controllers\Admin->notice_regist()
 9 SYSTEMPATH\CodeIgniter.php(509): CodeIgniter\CodeIgniter->runController(Object(App\Controllers\Admin))
10 SYSTEMPATH\CodeIgniter.php(355): CodeIgniter\CodeIgniter->handleRequest(null, Object(Config\Cache), false)
11 SYSTEMPATH\Boot.php(325): CodeIgniter\CodeIgniter->run()
12 SYSTEMPATH\Boot.php(67): CodeIgniter\Boot::runCodeIgniter(Object(CodeIgniter\CodeIgniter))
13 FCPATH\index.php(56): CodeIgniter\Boot::bootWeb(Object(Config\Paths))
ERROR - 2025-04-16 22:44:18 --> mysqli_sql_exception: Illegal parameter data types int and row for operation '=' in C:\xampp_htdocs\kasugaikyudo\production\system\Database\MySQLi\Connection.php:312
Stack trace:
#0 C:\xampp_htdocs\kasugaikyudo\production\system\Database\MySQLi\Connection.php(312): mysqli->query('\n\t\t\tSELECT\n\t\t\t\t...', 0)
#1 C:\xampp_htdocs\kasugaikyudo\production\system\Database\BaseConnection.php(734): CodeIgniter\Database\MySQLi\Connection->execute('\n\t\t\tSELECT\n\t\t\t\t...')
#2 C:\xampp_htdocs\kasugaikyudo\production\system\Database\BaseConnection.php(648): CodeIgniter\Database\BaseConnection->simpleQuery('\n\t\t\tSELECT\n\t\t\t\t...')
#3 C:\xampp_htdocs\kasugaikyudo\production\app\Models\BaseQueryModel.php(27): CodeIgniter\Database\BaseConnection->query('\n\t\t\tSELECT\n\t\t\t\t...', Array)
#4 C:\xampp_htdocs\kasugaikyudo\production\app\Models\NoticeModel.php(46): App\Models\BaseQueryModel->get_result_array('\n\t\t\tSELECT\n\t\t\t\t...', Array)
#5 C:\xampp_htdocs\kasugaikyudo\production\app\Libraries\NoticeLibrarie.php(22): App\Models\NoticeModel->get_category_notice_list(Array, 1)
#6 C:\xampp_htdocs\kasugaikyudo\production\app\Controllers\Admin.php(46): App\Libraries\NoticeLibrarie->get_category_notice_list(Array, 1)
#7 C:\xampp_htdocs\kasugaikyudo\production\system\CodeIgniter.php(933): App\Controllers\Admin->notice_regist()
#8 C:\xampp_htdocs\kasugaikyudo\production\system\CodeIgniter.php(509): CodeIgniter\CodeIgniter->runController(Object(App\Controllers\Admin))
#9 C:\xampp_htdocs\kasugaikyudo\production\system\CodeIgniter.php(355): CodeIgniter\CodeIgniter->handleRequest(NULL, Object(Config\Cache), false)
#10 C:\xampp_htdocs\kasugaikyudo\production\system\Boot.php(325): CodeIgniter\CodeIgniter->run()
#11 C:\xampp_htdocs\kasugaikyudo\production\system\Boot.php(67): CodeIgniter\Boot::runCodeIgniter(Object(CodeIgniter\CodeIgniter))
#12 C:\xampp_htdocs\kasugaikyudo\production\index.php(56): CodeIgniter\Boot::bootWeb(Object(Config\Paths))
#13 {main}
CRITICAL - 2025-04-16 22:44:18 --> CodeIgniter\Database\Exceptions\DatabaseException: Illegal parameter data types int and row for operation '='
[Method: GET, Route: admin/notice_regist]
in SYSTEMPATH\Database\BaseConnection.php on line 688.
 1 APPPATH\Models\BaseQueryModel.php(27): CodeIgniter\Database\BaseConnection->query('
			SELECT
				notice_id
				,notice_name
				,theme_coller
                ,file_directory
			FROM 
            	m_notice
			WHERE 1 = 1
				AND notice_id IN (:noticeAdminIdList:)
				
			ORDER BY
				order_no
		', [...])
 2 APPPATH\Models\NoticeModel.php(46): App\Models\BaseQueryModel->get_result_array('
			SELECT
				notice_id
				,notice_name
				,theme_coller
                ,file_directory
			FROM 
            	m_notice
			WHERE 1 = 1
				AND notice_id IN (:noticeAdminIdList:)
				
			ORDER BY
				order_no
		', [...])
 3 APPPATH\Libraries\NoticeLibrarie.php(22): App\Models\NoticeModel->get_category_notice_list([...], 1)
 4 APPPATH\Controllers\Admin.php(46): App\Libraries\NoticeLibrarie->get_category_notice_list([...], 1)
 5 SYSTEMPATH\CodeIgniter.php(933): App\Controllers\Admin->notice_regist()
 6 SYSTEMPATH\CodeIgniter.php(509): CodeIgniter\CodeIgniter->runController(Object(App\Controllers\Admin))
 7 SYSTEMPATH\CodeIgniter.php(355): CodeIgniter\CodeIgniter->handleRequest(null, Object(Config\Cache), false)
 8 SYSTEMPATH\Boot.php(325): CodeIgniter\CodeIgniter->run()
 9 SYSTEMPATH\Boot.php(67): CodeIgniter\Boot::runCodeIgniter(Object(CodeIgniter\CodeIgniter))
10 FCPATH\index.php(56): CodeIgniter\Boot::bootWeb(Object(Config\Paths))
CRITICAL - 2025-04-16 22:44:18 --> [Caused by] CodeIgniter\Database\Exceptions\DatabaseException: Illegal parameter data types int and row for operation '='
in SYSTEMPATH\Database\MySQLi\Connection.php on line 317.
 1 SYSTEMPATH\Database\BaseConnection.php(734): CodeIgniter\Database\MySQLi\Connection->execute('
			SELECT
				notice_id
				,notice_name
				,theme_coller
                ,file_directory
			FROM 
            	m_notice
			WHERE 1 = 1
				AND notice_id IN ((1,2))
				
			ORDER BY
				order_no
		')
 2 SYSTEMPATH\Database\BaseConnection.php(648): CodeIgniter\Database\BaseConnection->simpleQuery('
			SELECT
				notice_id
				,notice_name
				,theme_coller
                ,file_directory
			FROM 
            	m_notice
			WHERE 1 = 1
				AND notice_id IN ((1,2))
				
			ORDER BY
				order_no
		')
 3 APPPATH\Models\BaseQueryModel.php(27): CodeIgniter\Database\BaseConnection->query('
			SELECT
				notice_id
				,notice_name
				,theme_coller
                ,file_directory
			FROM 
            	m_notice
			WHERE 1 = 1
				AND notice_id IN (:noticeAdminIdList:)
				
			ORDER BY
				order_no
		', [...])
 4 APPPATH\Models\NoticeModel.php(46): App\Models\BaseQueryModel->get_result_array('
			SELECT
				notice_id
				,notice_name
				,theme_coller
                ,file_directory
			FROM 
            	m_notice
			WHERE 1 = 1
				AND notice_id IN (:noticeAdminIdList:)
				
			ORDER BY
				order_no
		', [...])
 5 APPPATH\Libraries\NoticeLibrarie.php(22): App\Models\NoticeModel->get_category_notice_list([...], 1)
 6 APPPATH\Controllers\Admin.php(46): App\Libraries\NoticeLibrarie->get_category_notice_list([...], 1)
 7 SYSTEMPATH\CodeIgniter.php(933): App\Controllers\Admin->notice_regist()
 8 SYSTEMPATH\CodeIgniter.php(509): CodeIgniter\CodeIgniter->runController(Object(App\Controllers\Admin))
 9 SYSTEMPATH\CodeIgniter.php(355): CodeIgniter\CodeIgniter->handleRequest(null, Object(Config\Cache), false)
10 SYSTEMPATH\Boot.php(325): CodeIgniter\CodeIgniter->run()
11 SYSTEMPATH\Boot.php(67): CodeIgniter\Boot::runCodeIgniter(Object(CodeIgniter\CodeIgniter))
12 FCPATH\index.php(56): CodeIgniter\Boot::bootWeb(Object(Config\Paths))
CRITICAL - 2025-04-16 22:44:18 --> [Caused by] mysqli_sql_exception: Illegal parameter data types int and row for operation '='
in SYSTEMPATH\Database\MySQLi\Connection.php on line 312.
 1 SYSTEMPATH\Database\MySQLi\Connection.php(312): mysqli->query('
			SELECT
				notice_id
				,notice_name
				,theme_coller
                ,file_directory
			FROM 
            	m_notice
			WHERE 1 = 1
				AND notice_id IN ((1,2))
				
			ORDER BY
				order_no
		', 0)
 2 SYSTEMPATH\Database\BaseConnection.php(734): CodeIgniter\Database\MySQLi\Connection->execute('
			SELECT
				notice_id
				,notice_name
				,theme_coller
                ,file_directory
			FROM 
            	m_notice
			WHERE 1 = 1
				AND notice_id IN ((1,2))
				
			ORDER BY
				order_no
		')
 3 SYSTEMPATH\Database\BaseConnection.php(648): CodeIgniter\Database\BaseConnection->simpleQuery('
			SELECT
				notice_id
				,notice_name
				,theme_coller
                ,file_directory
			FROM 
            	m_notice
			WHERE 1 = 1
				AND notice_id IN ((1,2))
				
			ORDER BY
				order_no
		')
 4 APPPATH\Models\BaseQueryModel.php(27): CodeIgniter\Database\BaseConnection->query('
			SELECT
				notice_id
				,notice_name
				,theme_coller
                ,file_directory
			FROM 
            	m_notice
			WHERE 1 = 1
				AND notice_id IN (:noticeAdminIdList:)
				
			ORDER BY
				order_no
		', [...])
 5 APPPATH\Models\NoticeModel.php(46): App\Models\BaseQueryModel->get_result_array('
			SELECT
				notice_id
				,notice_name
				,theme_coller
                ,file_directory
			FROM 
            	m_notice
			WHERE 1 = 1
				AND notice_id IN (:noticeAdminIdList:)
				
			ORDER BY
				order_no
		', [...])
 6 APPPATH\Libraries\NoticeLibrarie.php(22): App\Models\NoticeModel->get_category_notice_list([...], 1)
 7 APPPATH\Controllers\Admin.php(46): App\Libraries\NoticeLibrarie->get_category_notice_list([...], 1)
 8 SYSTEMPATH\CodeIgniter.php(933): App\Controllers\Admin->notice_regist()
 9 SYSTEMPATH\CodeIgniter.php(509): CodeIgniter\CodeIgniter->runController(Object(App\Controllers\Admin))
10 SYSTEMPATH\CodeIgniter.php(355): CodeIgniter\CodeIgniter->handleRequest(null, Object(Config\Cache), false)
11 SYSTEMPATH\Boot.php(325): CodeIgniter\CodeIgniter->run()
12 SYSTEMPATH\Boot.php(67): CodeIgniter\Boot::runCodeIgniter(Object(CodeIgniter\CodeIgniter))
13 FCPATH\index.php(56): CodeIgniter\Boot::bootWeb(Object(Config\Paths))
ERROR - 2025-04-16 22:44:45 --> mysqli_sql_exception: Illegal parameter data types int and row for operation '=' in C:\xampp_htdocs\kasugaikyudo\production\system\Database\MySQLi\Connection.php:312
Stack trace:
#0 C:\xampp_htdocs\kasugaikyudo\production\system\Database\MySQLi\Connection.php(312): mysqli->query('\n\t\t\tSELECT\n\t\t\t\t...', 0)
#1 C:\xampp_htdocs\kasugaikyudo\production\system\Database\BaseConnection.php(734): CodeIgniter\Database\MySQLi\Connection->execute('\n\t\t\tSELECT\n\t\t\t\t...')
#2 C:\xampp_htdocs\kasugaikyudo\production\system\Database\BaseConnection.php(648): CodeIgniter\Database\BaseConnection->simpleQuery('\n\t\t\tSELECT\n\t\t\t\t...')
#3 C:\xampp_htdocs\kasugaikyudo\production\app\Models\BaseQueryModel.php(27): CodeIgniter\Database\BaseConnection->query('\n\t\t\tSELECT\n\t\t\t\t...', Array)
#4 C:\xampp_htdocs\kasugaikyudo\production\app\Models\NoticeModel.php(46): App\Models\BaseQueryModel->get_result_array('\n\t\t\tSELECT\n\t\t\t\t...', Array)
#5 C:\xampp_htdocs\kasugaikyudo\production\app\Libraries\NoticeLibrarie.php(22): App\Models\NoticeModel->get_category_notice_list(Array, 1)
#6 C:\xampp_htdocs\kasugaikyudo\production\app\Controllers\Admin.php(46): App\Libraries\NoticeLibrarie->get_category_notice_list(Array, 1)
#7 C:\xampp_htdocs\kasugaikyudo\production\system\CodeIgniter.php(933): App\Controllers\Admin->notice_regist()
#8 C:\xampp_htdocs\kasugaikyudo\production\system\CodeIgniter.php(509): CodeIgniter\CodeIgniter->runController(Object(App\Controllers\Admin))
#9 C:\xampp_htdocs\kasugaikyudo\production\system\CodeIgniter.php(355): CodeIgniter\CodeIgniter->handleRequest(NULL, Object(Config\Cache), false)
#10 C:\xampp_htdocs\kasugaikyudo\production\system\Boot.php(325): CodeIgniter\CodeIgniter->run()
#11 C:\xampp_htdocs\kasugaikyudo\production\system\Boot.php(67): CodeIgniter\Boot::runCodeIgniter(Object(CodeIgniter\CodeIgniter))
#12 C:\xampp_htdocs\kasugaikyudo\production\index.php(56): CodeIgniter\Boot::bootWeb(Object(Config\Paths))
#13 {main}
CRITICAL - 2025-04-16 22:44:45 --> CodeIgniter\Database\Exceptions\DatabaseException: Illegal parameter data types int and row for operation '='
[Method: GET, Route: admin/notice_regist]
in SYSTEMPATH\Database\BaseConnection.php on line 688.
 1 APPPATH\Models\BaseQueryModel.php(27): CodeIgniter\Database\BaseConnection->query('
			SELECT
				notice_id
				,notice_name
				,theme_coller
                ,file_directory
			FROM 
            	m_notice
			WHERE 1 = 1
				AND notice_id IN (:noticeAdminIdList:)
				
			ORDER BY
				order_no
		', [...])
 2 APPPATH\Models\NoticeModel.php(46): App\Models\BaseQueryModel->get_result_array('
			SELECT
				notice_id
				,notice_name
				,theme_coller
                ,file_directory
			FROM 
            	m_notice
			WHERE 1 = 1
				AND notice_id IN (:noticeAdminIdList:)
				
			ORDER BY
				order_no
		', [...])
 3 APPPATH\Libraries\NoticeLibrarie.php(22): App\Models\NoticeModel->get_category_notice_list([...], 1)
 4 APPPATH\Controllers\Admin.php(46): App\Libraries\NoticeLibrarie->get_category_notice_list([...], 1)
 5 SYSTEMPATH\CodeIgniter.php(933): App\Controllers\Admin->notice_regist()
 6 SYSTEMPATH\CodeIgniter.php(509): CodeIgniter\CodeIgniter->runController(Object(App\Controllers\Admin))
 7 SYSTEMPATH\CodeIgniter.php(355): CodeIgniter\CodeIgniter->handleRequest(null, Object(Config\Cache), false)
 8 SYSTEMPATH\Boot.php(325): CodeIgniter\CodeIgniter->run()
 9 SYSTEMPATH\Boot.php(67): CodeIgniter\Boot::runCodeIgniter(Object(CodeIgniter\CodeIgniter))
10 FCPATH\index.php(56): CodeIgniter\Boot::bootWeb(Object(Config\Paths))
CRITICAL - 2025-04-16 22:44:45 --> [Caused by] CodeIgniter\Database\Exceptions\DatabaseException: Illegal parameter data types int and row for operation '='
in SYSTEMPATH\Database\MySQLi\Connection.php on line 317.
 1 SYSTEMPATH\Database\BaseConnection.php(734): CodeIgniter\Database\MySQLi\Connection->execute('
			SELECT
				notice_id
				,notice_name
				,theme_coller
                ,file_directory
			FROM 
            	m_notice
			WHERE 1 = 1
				AND notice_id IN ((1,2))
				
			ORDER BY
				order_no
		')
 2 SYSTEMPATH\Database\BaseConnection.php(648): CodeIgniter\Database\BaseConnection->simpleQuery('
			SELECT
				notice_id
				,notice_name
				,theme_coller
                ,file_directory
			FROM 
            	m_notice
			WHERE 1 = 1
				AND notice_id IN ((1,2))
				
			ORDER BY
				order_no
		')
 3 APPPATH\Models\BaseQueryModel.php(27): CodeIgniter\Database\BaseConnection->query('
			SELECT
				notice_id
				,notice_name
				,theme_coller
                ,file_directory
			FROM 
            	m_notice
			WHERE 1 = 1
				AND notice_id IN (:noticeAdminIdList:)
				
			ORDER BY
				order_no
		', [...])
 4 APPPATH\Models\NoticeModel.php(46): App\Models\BaseQueryModel->get_result_array('
			SELECT
				notice_id
				,notice_name
				,theme_coller
                ,file_directory
			FROM 
            	m_notice
			WHERE 1 = 1
				AND notice_id IN (:noticeAdminIdList:)
				
			ORDER BY
				order_no
		', [...])
 5 APPPATH\Libraries\NoticeLibrarie.php(22): App\Models\NoticeModel->get_category_notice_list([...], 1)
 6 APPPATH\Controllers\Admin.php(46): App\Libraries\NoticeLibrarie->get_category_notice_list([...], 1)
 7 SYSTEMPATH\CodeIgniter.php(933): App\Controllers\Admin->notice_regist()
 8 SYSTEMPATH\CodeIgniter.php(509): CodeIgniter\CodeIgniter->runController(Object(App\Controllers\Admin))
 9 SYSTEMPATH\CodeIgniter.php(355): CodeIgniter\CodeIgniter->handleRequest(null, Object(Config\Cache), false)
10 SYSTEMPATH\Boot.php(325): CodeIgniter\CodeIgniter->run()
11 SYSTEMPATH\Boot.php(67): CodeIgniter\Boot::runCodeIgniter(Object(CodeIgniter\CodeIgniter))
12 FCPATH\index.php(56): CodeIgniter\Boot::bootWeb(Object(Config\Paths))
CRITICAL - 2025-04-16 22:44:45 --> [Caused by] mysqli_sql_exception: Illegal parameter data types int and row for operation '='
in SYSTEMPATH\Database\MySQLi\Connection.php on line 312.
 1 SYSTEMPATH\Database\MySQLi\Connection.php(312): mysqli->query('
			SELECT
				notice_id
				,notice_name
				,theme_coller
                ,file_directory
			FROM 
            	m_notice
			WHERE 1 = 1
				AND notice_id IN ((1,2))
				
			ORDER BY
				order_no
		', 0)
 2 SYSTEMPATH\Database\BaseConnection.php(734): CodeIgniter\Database\MySQLi\Connection->execute('
			SELECT
				notice_id
				,notice_name
				,theme_coller
                ,file_directory
			FROM 
            	m_notice
			WHERE 1 = 1
				AND notice_id IN ((1,2))
				
			ORDER BY
				order_no
		')
 3 SYSTEMPATH\Database\BaseConnection.php(648): CodeIgniter\Database\BaseConnection->simpleQuery('
			SELECT
				notice_id
				,notice_name
				,theme_coller
                ,file_directory
			FROM 
            	m_notice
			WHERE 1 = 1
				AND notice_id IN ((1,2))
				
			ORDER BY
				order_no
		')
 4 APPPATH\Models\BaseQueryModel.php(27): CodeIgniter\Database\BaseConnection->query('
			SELECT
				notice_id
				,notice_name
				,theme_coller
                ,file_directory
			FROM 
            	m_notice
			WHERE 1 = 1
				AND notice_id IN (:noticeAdminIdList:)
				
			ORDER BY
				order_no
		', [...])
 5 APPPATH\Models\NoticeModel.php(46): App\Models\BaseQueryModel->get_result_array('
			SELECT
				notice_id
				,notice_name
				,theme_coller
                ,file_directory
			FROM 
            	m_notice
			WHERE 1 = 1
				AND notice_id IN (:noticeAdminIdList:)
				
			ORDER BY
				order_no
		', [...])
 6 APPPATH\Libraries\NoticeLibrarie.php(22): App\Models\NoticeModel->get_category_notice_list([...], 1)
 7 APPPATH\Controllers\Admin.php(46): App\Libraries\NoticeLibrarie->get_category_notice_list([...], 1)
 8 SYSTEMPATH\CodeIgniter.php(933): App\Controllers\Admin->notice_regist()
 9 SYSTEMPATH\CodeIgniter.php(509): CodeIgniter\CodeIgniter->runController(Object(App\Controllers\Admin))
10 SYSTEMPATH\CodeIgniter.php(355): CodeIgniter\CodeIgniter->handleRequest(null, Object(Config\Cache), false)
11 SYSTEMPATH\Boot.php(325): CodeIgniter\CodeIgniter->run()
12 SYSTEMPATH\Boot.php(67): CodeIgniter\Boot::runCodeIgniter(Object(CodeIgniter\CodeIgniter))
13 FCPATH\index.php(56): CodeIgniter\Boot::bootWeb(Object(Config\Paths))
ERROR - 2025-04-16 22:58:46 --> mysqli_sql_exception: Illegal parameter data types int and row for operation '=' in C:\xampp_htdocs\kasugaikyudo\production\system\Database\MySQLi\Connection.php:312
Stack trace:
#0 C:\xampp_htdocs\kasugaikyudo\production\system\Database\MySQLi\Connection.php(312): mysqli->query('\n\t\t\tSELECT\n\t\t\t\t...', 0)
#1 C:\xampp_htdocs\kasugaikyudo\production\system\Database\BaseConnection.php(734): CodeIgniter\Database\MySQLi\Connection->execute('\n\t\t\tSELECT\n\t\t\t\t...')
#2 C:\xampp_htdocs\kasugaikyudo\production\system\Database\BaseConnection.php(648): CodeIgniter\Database\BaseConnection->simpleQuery('\n\t\t\tSELECT\n\t\t\t\t...')
#3 C:\xampp_htdocs\kasugaikyudo\production\app\Models\BaseQueryModel.php(27): CodeIgniter\Database\BaseConnection->query('\n\t\t\tSELECT\n\t\t\t\t...', Array)
#4 C:\xampp_htdocs\kasugaikyudo\production\app\Models\NoticeModel.php(46): App\Models\BaseQueryModel->get_result_array('\n\t\t\tSELECT\n\t\t\t\t...', Array)
#5 C:\xampp_htdocs\kasugaikyudo\production\app\Libraries\NoticeLibrarie.php(22): App\Models\NoticeModel->get_category_notice_list(Array, 1)
#6 C:\xampp_htdocs\kasugaikyudo\production\app\Controllers\Admin.php(46): App\Libraries\NoticeLibrarie->get_category_notice_list(Array, 1)
#7 C:\xampp_htdocs\kasugaikyudo\production\system\CodeIgniter.php(933): App\Controllers\Admin->notice_regist()
#8 C:\xampp_htdocs\kasugaikyudo\production\system\CodeIgniter.php(509): CodeIgniter\CodeIgniter->runController(Object(App\Controllers\Admin))
#9 C:\xampp_htdocs\kasugaikyudo\production\system\CodeIgniter.php(355): CodeIgniter\CodeIgniter->handleRequest(NULL, Object(Config\Cache), false)
#10 C:\xampp_htdocs\kasugaikyudo\production\system\Boot.php(325): CodeIgniter\CodeIgniter->run()
#11 C:\xampp_htdocs\kasugaikyudo\production\system\Boot.php(67): CodeIgniter\Boot::runCodeIgniter(Object(CodeIgniter\CodeIgniter))
#12 C:\xampp_htdocs\kasugaikyudo\production\index.php(56): CodeIgniter\Boot::bootWeb(Object(Config\Paths))
#13 {main}
CRITICAL - 2025-04-16 22:58:46 --> CodeIgniter\Database\Exceptions\DatabaseException: Illegal parameter data types int and row for operation '='
[Method: GET, Route: admin/notice_regist]
in SYSTEMPATH\Database\BaseConnection.php on line 688.
 1 APPPATH\Models\BaseQueryModel.php(27): CodeIgniter\Database\BaseConnection->query('
			SELECT
				notice_id
				,notice_name
				,theme_coller
                ,file_directory
			FROM 
            	m_notice
			WHERE 1 = 1
				AND notice_id IN (:noticeAdminIdList:)
				
			ORDER BY
				order_no
		', [...])
 2 APPPATH\Models\NoticeModel.php(46): App\Models\BaseQueryModel->get_result_array('
			SELECT
				notice_id
				,notice_name
				,theme_coller
                ,file_directory
			FROM 
            	m_notice
			WHERE 1 = 1
				AND notice_id IN (:noticeAdminIdList:)
				
			ORDER BY
				order_no
		', [...])
 3 APPPATH\Libraries\NoticeLibrarie.php(22): App\Models\NoticeModel->get_category_notice_list([...], 1)
 4 APPPATH\Controllers\Admin.php(46): App\Libraries\NoticeLibrarie->get_category_notice_list([...], 1)
 5 SYSTEMPATH\CodeIgniter.php(933): App\Controllers\Admin->notice_regist()
 6 SYSTEMPATH\CodeIgniter.php(509): CodeIgniter\CodeIgniter->runController(Object(App\Controllers\Admin))
 7 SYSTEMPATH\CodeIgniter.php(355): CodeIgniter\CodeIgniter->handleRequest(null, Object(Config\Cache), false)
 8 SYSTEMPATH\Boot.php(325): CodeIgniter\CodeIgniter->run()
 9 SYSTEMPATH\Boot.php(67): CodeIgniter\Boot::runCodeIgniter(Object(CodeIgniter\CodeIgniter))
10 FCPATH\index.php(56): CodeIgniter\Boot::bootWeb(Object(Config\Paths))
CRITICAL - 2025-04-16 22:58:46 --> [Caused by] CodeIgniter\Database\Exceptions\DatabaseException: Illegal parameter data types int and row for operation '='
in SYSTEMPATH\Database\MySQLi\Connection.php on line 317.
 1 SYSTEMPATH\Database\BaseConnection.php(734): CodeIgniter\Database\MySQLi\Connection->execute('
			SELECT
				notice_id
				,notice_name
				,theme_coller
                ,file_directory
			FROM 
            	m_notice
			WHERE 1 = 1
				AND notice_id IN ((1,2))
				
			ORDER BY
				order_no
		')
 2 SYSTEMPATH\Database\BaseConnection.php(648): CodeIgniter\Database\BaseConnection->simpleQuery('
			SELECT
				notice_id
				,notice_name
				,theme_coller
                ,file_directory
			FROM 
            	m_notice
			WHERE 1 = 1
				AND notice_id IN ((1,2))
				
			ORDER BY
				order_no
		')
 3 APPPATH\Models\BaseQueryModel.php(27): CodeIgniter\Database\BaseConnection->query('
			SELECT
				notice_id
				,notice_name
				,theme_coller
                ,file_directory
			FROM 
            	m_notice
			WHERE 1 = 1
				AND notice_id IN (:noticeAdminIdList:)
				
			ORDER BY
				order_no
		', [...])
 4 APPPATH\Models\NoticeModel.php(46): App\Models\BaseQueryModel->get_result_array('
			SELECT
				notice_id
				,notice_name
				,theme_coller
                ,file_directory
			FROM 
            	m_notice
			WHERE 1 = 1
				AND notice_id IN (:noticeAdminIdList:)
				
			ORDER BY
				order_no
		', [...])
 5 APPPATH\Libraries\NoticeLibrarie.php(22): App\Models\NoticeModel->get_category_notice_list([...], 1)
 6 APPPATH\Controllers\Admin.php(46): App\Libraries\NoticeLibrarie->get_category_notice_list([...], 1)
 7 SYSTEMPATH\CodeIgniter.php(933): App\Controllers\Admin->notice_regist()
 8 SYSTEMPATH\CodeIgniter.php(509): CodeIgniter\CodeIgniter->runController(Object(App\Controllers\Admin))
 9 SYSTEMPATH\CodeIgniter.php(355): CodeIgniter\CodeIgniter->handleRequest(null, Object(Config\Cache), false)
10 SYSTEMPATH\Boot.php(325): CodeIgniter\CodeIgniter->run()
11 SYSTEMPATH\Boot.php(67): CodeIgniter\Boot::runCodeIgniter(Object(CodeIgniter\CodeIgniter))
12 FCPATH\index.php(56): CodeIgniter\Boot::bootWeb(Object(Config\Paths))
CRITICAL - 2025-04-16 22:58:46 --> [Caused by] mysqli_sql_exception: Illegal parameter data types int and row for operation '='
in SYSTEMPATH\Database\MySQLi\Connection.php on line 312.
 1 SYSTEMPATH\Database\MySQLi\Connection.php(312): mysqli->query('
			SELECT
				notice_id
				,notice_name
				,theme_coller
                ,file_directory
			FROM 
            	m_notice
			WHERE 1 = 1
				AND notice_id IN ((1,2))
				
			ORDER BY
				order_no
		', 0)
 2 SYSTEMPATH\Database\BaseConnection.php(734): CodeIgniter\Database\MySQLi\Connection->execute('
			SELECT
				notice_id
				,notice_name
				,theme_coller
                ,file_directory
			FROM 
            	m_notice
			WHERE 1 = 1
				AND notice_id IN ((1,2))
				
			ORDER BY
				order_no
		')
 3 SYSTEMPATH\Database\BaseConnection.php(648): CodeIgniter\Database\BaseConnection->simpleQuery('
			SELECT
				notice_id
				,notice_name
				,theme_coller
                ,file_directory
			FROM 
            	m_notice
			WHERE 1 = 1
				AND notice_id IN ((1,2))
				
			ORDER BY
				order_no
		')
 4 APPPATH\Models\BaseQueryModel.php(27): CodeIgniter\Database\BaseConnection->query('
			SELECT
				notice_id
				,notice_name
				,theme_coller
                ,file_directory
			FROM 
            	m_notice
			WHERE 1 = 1
				AND notice_id IN (:noticeAdminIdList:)
				
			ORDER BY
				order_no
		', [...])
 5 APPPATH\Models\NoticeModel.php(46): App\Models\BaseQueryModel->get_result_array('
			SELECT
				notice_id
				,notice_name
				,theme_coller
                ,file_directory
			FROM 
            	m_notice
			WHERE 1 = 1
				AND notice_id IN (:noticeAdminIdList:)
				
			ORDER BY
				order_no
		', [...])
 6 APPPATH\Libraries\NoticeLibrarie.php(22): App\Models\NoticeModel->get_category_notice_list([...], 1)
 7 APPPATH\Controllers\Admin.php(46): App\Libraries\NoticeLibrarie->get_category_notice_list([...], 1)
 8 SYSTEMPATH\CodeIgniter.php(933): App\Controllers\Admin->notice_regist()
 9 SYSTEMPATH\CodeIgniter.php(509): CodeIgniter\CodeIgniter->runController(Object(App\Controllers\Admin))
10 SYSTEMPATH\CodeIgniter.php(355): CodeIgniter\CodeIgniter->handleRequest(null, Object(Config\Cache), false)
11 SYSTEMPATH\Boot.php(325): CodeIgniter\CodeIgniter->run()
12 SYSTEMPATH\Boot.php(67): CodeIgniter\Boot::runCodeIgniter(Object(CodeIgniter\CodeIgniter))
13 FCPATH\index.php(56): CodeIgniter\Boot::bootWeb(Object(Config\Paths))
ERROR - 2025-04-16 22:59:08 --> mysqli_sql_exception: Illegal parameter data types int and row for operation '=' in C:\xampp_htdocs\kasugaikyudo\production\system\Database\MySQLi\Connection.php:312
Stack trace:
#0 C:\xampp_htdocs\kasugaikyudo\production\system\Database\MySQLi\Connection.php(312): mysqli->query('\n\t\t\tSELECT\n\t\t\t\t...', 0)
#1 C:\xampp_htdocs\kasugaikyudo\production\system\Database\BaseConnection.php(734): CodeIgniter\Database\MySQLi\Connection->execute('\n\t\t\tSELECT\n\t\t\t\t...')
#2 C:\xampp_htdocs\kasugaikyudo\production\system\Database\BaseConnection.php(648): CodeIgniter\Database\BaseConnection->simpleQuery('\n\t\t\tSELECT\n\t\t\t\t...')
#3 C:\xampp_htdocs\kasugaikyudo\production\app\Models\BaseQueryModel.php(27): CodeIgniter\Database\BaseConnection->query('\n\t\t\tSELECT\n\t\t\t\t...', Array)
#4 C:\xampp_htdocs\kasugaikyudo\production\app\Models\NoticeModel.php(47): App\Models\BaseQueryModel->get_result_array('\n\t\t\tSELECT\n\t\t\t\t...', Array)
#5 C:\xampp_htdocs\kasugaikyudo\production\app\Libraries\NoticeLibrarie.php(22): App\Models\NoticeModel->get_category_notice_list(Array, 1)
#6 C:\xampp_htdocs\kasugaikyudo\production\app\Controllers\Admin.php(46): App\Libraries\NoticeLibrarie->get_category_notice_list(Array, 1)
#7 C:\xampp_htdocs\kasugaikyudo\production\system\CodeIgniter.php(933): App\Controllers\Admin->notice_regist()
#8 C:\xampp_htdocs\kasugaikyudo\production\system\CodeIgniter.php(509): CodeIgniter\CodeIgniter->runController(Object(App\Controllers\Admin))
#9 C:\xampp_htdocs\kasugaikyudo\production\system\CodeIgniter.php(355): CodeIgniter\CodeIgniter->handleRequest(NULL, Object(Config\Cache), false)
#10 C:\xampp_htdocs\kasugaikyudo\production\system\Boot.php(325): CodeIgniter\CodeIgniter->run()
#11 C:\xampp_htdocs\kasugaikyudo\production\system\Boot.php(67): CodeIgniter\Boot::runCodeIgniter(Object(CodeIgniter\CodeIgniter))
#12 C:\xampp_htdocs\kasugaikyudo\production\index.php(56): CodeIgniter\Boot::bootWeb(Object(Config\Paths))
#13 {main}
CRITICAL - 2025-04-16 22:59:08 --> CodeIgniter\Database\Exceptions\DatabaseException: Illegal parameter data types int and row for operation '='
[Method: GET, Route: admin/notice_regist]
in SYSTEMPATH\Database\BaseConnection.php on line 688.
 1 APPPATH\Models\BaseQueryModel.php(27): CodeIgniter\Database\BaseConnection->query('
			SELECT
				notice_id
				,notice_name
				,theme_coller
                ,file_directory
			FROM 
            	m_notice
			WHERE 1 = 1
				AND notice_id IN (:noticeAdminIdList:)
				
			ORDER BY
				order_no
		', [...])
 2 APPPATH\Models\NoticeModel.php(47): App\Models\BaseQueryModel->get_result_array('
			SELECT
				notice_id
				,notice_name
				,theme_coller
                ,file_directory
			FROM 
            	m_notice
			WHERE 1 = 1
				AND notice_id IN (:noticeAdminIdList:)
				
			ORDER BY
				order_no
		', [...])
 3 APPPATH\Libraries\NoticeLibrarie.php(22): App\Models\NoticeModel->get_category_notice_list([...], 1)
 4 APPPATH\Controllers\Admin.php(46): App\Libraries\NoticeLibrarie->get_category_notice_list([...], 1)
 5 SYSTEMPATH\CodeIgniter.php(933): App\Controllers\Admin->notice_regist()
 6 SYSTEMPATH\CodeIgniter.php(509): CodeIgniter\CodeIgniter->runController(Object(App\Controllers\Admin))
 7 SYSTEMPATH\CodeIgniter.php(355): CodeIgniter\CodeIgniter->handleRequest(null, Object(Config\Cache), false)
 8 SYSTEMPATH\Boot.php(325): CodeIgniter\CodeIgniter->run()
 9 SYSTEMPATH\Boot.php(67): CodeIgniter\Boot::runCodeIgniter(Object(CodeIgniter\CodeIgniter))
10 FCPATH\index.php(56): CodeIgniter\Boot::bootWeb(Object(Config\Paths))
CRITICAL - 2025-04-16 22:59:08 --> [Caused by] CodeIgniter\Database\Exceptions\DatabaseException: Illegal parameter data types int and row for operation '='
in SYSTEMPATH\Database\MySQLi\Connection.php on line 317.
 1 SYSTEMPATH\Database\BaseConnection.php(734): CodeIgniter\Database\MySQLi\Connection->execute('
			SELECT
				notice_id
				,notice_name
				,theme_coller
                ,file_directory
			FROM 
            	m_notice
			WHERE 1 = 1
				AND notice_id IN ((1,2,3,4))
				
			ORDER BY
				order_no
		')
 2 SYSTEMPATH\Database\BaseConnection.php(648): CodeIgniter\Database\BaseConnection->simpleQuery('
			SELECT
				notice_id
				,notice_name
				,theme_coller
                ,file_directory
			FROM 
            	m_notice
			WHERE 1 = 1
				AND notice_id IN ((1,2,3,4))
				
			ORDER BY
				order_no
		')
 3 APPPATH\Models\BaseQueryModel.php(27): CodeIgniter\Database\BaseConnection->query('
			SELECT
				notice_id
				,notice_name
				,theme_coller
                ,file_directory
			FROM 
            	m_notice
			WHERE 1 = 1
				AND notice_id IN (:noticeAdminIdList:)
				
			ORDER BY
				order_no
		', [...])
 4 APPPATH\Models\NoticeModel.php(47): App\Models\BaseQueryModel->get_result_array('
			SELECT
				notice_id
				,notice_name
				,theme_coller
                ,file_directory
			FROM 
            	m_notice
			WHERE 1 = 1
				AND notice_id IN (:noticeAdminIdList:)
				
			ORDER BY
				order_no
		', [...])
 5 APPPATH\Libraries\NoticeLibrarie.php(22): App\Models\NoticeModel->get_category_notice_list([...], 1)
 6 APPPATH\Controllers\Admin.php(46): App\Libraries\NoticeLibrarie->get_category_notice_list([...], 1)
 7 SYSTEMPATH\CodeIgniter.php(933): App\Controllers\Admin->notice_regist()
 8 SYSTEMPATH\CodeIgniter.php(509): CodeIgniter\CodeIgniter->runController(Object(App\Controllers\Admin))
 9 SYSTEMPATH\CodeIgniter.php(355): CodeIgniter\CodeIgniter->handleRequest(null, Object(Config\Cache), false)
10 SYSTEMPATH\Boot.php(325): CodeIgniter\CodeIgniter->run()
11 SYSTEMPATH\Boot.php(67): CodeIgniter\Boot::runCodeIgniter(Object(CodeIgniter\CodeIgniter))
12 FCPATH\index.php(56): CodeIgniter\Boot::bootWeb(Object(Config\Paths))
CRITICAL - 2025-04-16 22:59:08 --> [Caused by] mysqli_sql_exception: Illegal parameter data types int and row for operation '='
in SYSTEMPATH\Database\MySQLi\Connection.php on line 312.
 1 SYSTEMPATH\Database\MySQLi\Connection.php(312): mysqli->query('
			SELECT
				notice_id
				,notice_name
				,theme_coller
                ,file_directory
			FROM 
            	m_notice
			WHERE 1 = 1
				AND notice_id IN ((1,2,3,4))
				
			ORDER BY
				order_no
		', 0)
 2 SYSTEMPATH\Database\BaseConnection.php(734): CodeIgniter\Database\MySQLi\Connection->execute('
			SELECT
				notice_id
				,notice_name
				,theme_coller
                ,file_directory
			FROM 
            	m_notice
			WHERE 1 = 1
				AND notice_id IN ((1,2,3,4))
				
			ORDER BY
				order_no
		')
 3 SYSTEMPATH\Database\BaseConnection.php(648): CodeIgniter\Database\BaseConnection->simpleQuery('
			SELECT
				notice_id
				,notice_name
				,theme_coller
                ,file_directory
			FROM 
            	m_notice
			WHERE 1 = 1
				AND notice_id IN ((1,2,3,4))
				
			ORDER BY
				order_no
		')
 4 APPPATH\Models\BaseQueryModel.php(27): CodeIgniter\Database\BaseConnection->query('
			SELECT
				notice_id
				,notice_name
				,theme_coller
                ,file_directory
			FROM 
            	m_notice
			WHERE 1 = 1
				AND notice_id IN (:noticeAdminIdList:)
				
			ORDER BY
				order_no
		', [...])
 5 APPPATH\Models\NoticeModel.php(47): App\Models\BaseQueryModel->get_result_array('
			SELECT
				notice_id
				,notice_name
				,theme_coller
                ,file_directory
			FROM 
            	m_notice
			WHERE 1 = 1
				AND notice_id IN (:noticeAdminIdList:)
				
			ORDER BY
				order_no
		', [...])
 6 APPPATH\Libraries\NoticeLibrarie.php(22): App\Models\NoticeModel->get_category_notice_list([...], 1)
 7 APPPATH\Controllers\Admin.php(46): App\Libraries\NoticeLibrarie->get_category_notice_list([...], 1)
 8 SYSTEMPATH\CodeIgniter.php(933): App\Controllers\Admin->notice_regist()
 9 SYSTEMPATH\CodeIgniter.php(509): CodeIgniter\CodeIgniter->runController(Object(App\Controllers\Admin))
10 SYSTEMPATH\CodeIgniter.php(355): CodeIgniter\CodeIgniter->handleRequest(null, Object(Config\Cache), false)
11 SYSTEMPATH\Boot.php(325): CodeIgniter\CodeIgniter->run()
12 SYSTEMPATH\Boot.php(67): CodeIgniter\Boot::runCodeIgniter(Object(CodeIgniter\CodeIgniter))
13 FCPATH\index.php(56): CodeIgniter\Boot::bootWeb(Object(Config\Paths))
ERROR - 2025-04-16 23:04:50 --> mysqli_sql_exception: Illegal parameter data types int and row for operation '=' in C:\xampp_htdocs\kasugaikyudo\production\system\Database\MySQLi\Connection.php:312
Stack trace:
#0 C:\xampp_htdocs\kasugaikyudo\production\system\Database\MySQLi\Connection.php(312): mysqli->query('\n\t\t\tSELECT\n\t\t\t\t...', 0)
#1 C:\xampp_htdocs\kasugaikyudo\production\system\Database\BaseConnection.php(734): CodeIgniter\Database\MySQLi\Connection->execute('\n\t\t\tSELECT\n\t\t\t\t...')
#2 C:\xampp_htdocs\kasugaikyudo\production\system\Database\BaseConnection.php(648): CodeIgniter\Database\BaseConnection->simpleQuery('\n\t\t\tSELECT\n\t\t\t\t...')
#3 C:\xampp_htdocs\kasugaikyudo\production\app\Models\BaseQueryModel.php(27): CodeIgniter\Database\BaseConnection->query('\n\t\t\tSELECT\n\t\t\t\t...', Array)
#4 C:\xampp_htdocs\kasugaikyudo\production\app\Models\NoticeModel.php(47): App\Models\BaseQueryModel->get_result_array('\n\t\t\tSELECT\n\t\t\t\t...', Array)
#5 C:\xampp_htdocs\kasugaikyudo\production\app\Libraries\NoticeLibrarie.php(22): App\Models\NoticeModel->get_category_notice_list(Array, 1)
#6 C:\xampp_htdocs\kasugaikyudo\production\app\Controllers\Admin.php(46): App\Libraries\NoticeLibrarie->get_category_notice_list(Array, 1)
#7 C:\xampp_htdocs\kasugaikyudo\production\system\CodeIgniter.php(933): App\Controllers\Admin->notice_regist()
#8 C:\xampp_htdocs\kasugaikyudo\production\system\CodeIgniter.php(509): CodeIgniter\CodeIgniter->runController(Object(App\Controllers\Admin))
#9 C:\xampp_htdocs\kasugaikyudo\production\system\CodeIgniter.php(355): CodeIgniter\CodeIgniter->handleRequest(NULL, Object(Config\Cache), false)
#10 C:\xampp_htdocs\kasugaikyudo\production\system\Boot.php(325): CodeIgniter\CodeIgniter->run()
#11 C:\xampp_htdocs\kasugaikyudo\production\system\Boot.php(67): CodeIgniter\Boot::runCodeIgniter(Object(CodeIgniter\CodeIgniter))
#12 C:\xampp_htdocs\kasugaikyudo\production\index.php(56): CodeIgniter\Boot::bootWeb(Object(Config\Paths))
#13 {main}
CRITICAL - 2025-04-16 23:04:50 --> CodeIgniter\Database\Exceptions\DatabaseException: Illegal parameter data types int and row for operation '='
[Method: GET, Route: admin/notice_regist]
in SYSTEMPATH\Database\BaseConnection.php on line 688.
 1 APPPATH\Models\BaseQueryModel.php(27): CodeIgniter\Database\BaseConnection->query('
			SELECT
				notice_id
				,notice_name
				,theme_coller
                ,file_directory
			FROM 
            	m_notice
			WHERE 1 = 1
				AND notice_id IN (:noticeAdminIdList:)
				
			ORDER BY
				order_no
		', [...])
 2 APPPATH\Models\NoticeModel.php(47): App\Models\BaseQueryModel->get_result_array('
			SELECT
				notice_id
				,notice_name
				,theme_coller
                ,file_directory
			FROM 
            	m_notice
			WHERE 1 = 1
				AND notice_id IN (:noticeAdminIdList:)
				
			ORDER BY
				order_no
		', [...])
 3 APPPATH\Libraries\NoticeLibrarie.php(22): App\Models\NoticeModel->get_category_notice_list([...], 1)
 4 APPPATH\Controllers\Admin.php(46): App\Libraries\NoticeLibrarie->get_category_notice_list([...], 1)
 5 SYSTEMPATH\CodeIgniter.php(933): App\Controllers\Admin->notice_regist()
 6 SYSTEMPATH\CodeIgniter.php(509): CodeIgniter\CodeIgniter->runController(Object(App\Controllers\Admin))
 7 SYSTEMPATH\CodeIgniter.php(355): CodeIgniter\CodeIgniter->handleRequest(null, Object(Config\Cache), false)
 8 SYSTEMPATH\Boot.php(325): CodeIgniter\CodeIgniter->run()
 9 SYSTEMPATH\Boot.php(67): CodeIgniter\Boot::runCodeIgniter(Object(CodeIgniter\CodeIgniter))
10 FCPATH\index.php(56): CodeIgniter\Boot::bootWeb(Object(Config\Paths))
CRITICAL - 2025-04-16 23:04:50 --> [Caused by] CodeIgniter\Database\Exceptions\DatabaseException: Illegal parameter data types int and row for operation '='
in SYSTEMPATH\Database\MySQLi\Connection.php on line 317.
 1 SYSTEMPATH\Database\BaseConnection.php(734): CodeIgniter\Database\MySQLi\Connection->execute('
			SELECT
				notice_id
				,notice_name
				,theme_coller
                ,file_directory
			FROM 
            	m_notice
			WHERE 1 = 1
				AND notice_id IN ((1,2,3,4))
				
			ORDER BY
				order_no
		')
 2 SYSTEMPATH\Database\BaseConnection.php(648): CodeIgniter\Database\BaseConnection->simpleQuery('
			SELECT
				notice_id
				,notice_name
				,theme_coller
                ,file_directory
			FROM 
            	m_notice
			WHERE 1 = 1
				AND notice_id IN ((1,2,3,4))
				
			ORDER BY
				order_no
		')
 3 APPPATH\Models\BaseQueryModel.php(27): CodeIgniter\Database\BaseConnection->query('
			SELECT
				notice_id
				,notice_name
				,theme_coller
                ,file_directory
			FROM 
            	m_notice
			WHERE 1 = 1
				AND notice_id IN (:noticeAdminIdList:)
				
			ORDER BY
				order_no
		', [...])
 4 APPPATH\Models\NoticeModel.php(47): App\Models\BaseQueryModel->get_result_array('
			SELECT
				notice_id
				,notice_name
				,theme_coller
                ,file_directory
			FROM 
            	m_notice
			WHERE 1 = 1
				AND notice_id IN (:noticeAdminIdList:)
				
			ORDER BY
				order_no
		', [...])
 5 APPPATH\Libraries\NoticeLibrarie.php(22): App\Models\NoticeModel->get_category_notice_list([...], 1)
 6 APPPATH\Controllers\Admin.php(46): App\Libraries\NoticeLibrarie->get_category_notice_list([...], 1)
 7 SYSTEMPATH\CodeIgniter.php(933): App\Controllers\Admin->notice_regist()
 8 SYSTEMPATH\CodeIgniter.php(509): CodeIgniter\CodeIgniter->runController(Object(App\Controllers\Admin))
 9 SYSTEMPATH\CodeIgniter.php(355): CodeIgniter\CodeIgniter->handleRequest(null, Object(Config\Cache), false)
10 SYSTEMPATH\Boot.php(325): CodeIgniter\CodeIgniter->run()
11 SYSTEMPATH\Boot.php(67): CodeIgniter\Boot::runCodeIgniter(Object(CodeIgniter\CodeIgniter))
12 FCPATH\index.php(56): CodeIgniter\Boot::bootWeb(Object(Config\Paths))
CRITICAL - 2025-04-16 23:04:50 --> [Caused by] mysqli_sql_exception: Illegal parameter data types int and row for operation '='
in SYSTEMPATH\Database\MySQLi\Connection.php on line 312.
 1 SYSTEMPATH\Database\MySQLi\Connection.php(312): mysqli->query('
			SELECT
				notice_id
				,notice_name
				,theme_coller
                ,file_directory
			FROM 
            	m_notice
			WHERE 1 = 1
				AND notice_id IN ((1,2,3,4))
				
			ORDER BY
				order_no
		', 0)
 2 SYSTEMPATH\Database\BaseConnection.php(734): CodeIgniter\Database\MySQLi\Connection->execute('
			SELECT
				notice_id
				,notice_name
				,theme_coller
                ,file_directory
			FROM 
            	m_notice
			WHERE 1 = 1
				AND notice_id IN ((1,2,3,4))
				
			ORDER BY
				order_no
		')
 3 SYSTEMPATH\Database\BaseConnection.php(648): CodeIgniter\Database\BaseConnection->simpleQuery('
			SELECT
				notice_id
				,notice_name
				,theme_coller
                ,file_directory
			FROM 
            	m_notice
			WHERE 1 = 1
				AND notice_id IN ((1,2,3,4))
				
			ORDER BY
				order_no
		')
 4 APPPATH\Models\BaseQueryModel.php(27): CodeIgniter\Database\BaseConnection->query('
			SELECT
				notice_id
				,notice_name
				,theme_coller
                ,file_directory
			FROM 
            	m_notice
			WHERE 1 = 1
				AND notice_id IN (:noticeAdminIdList:)
				
			ORDER BY
				order_no
		', [...])
 5 APPPATH\Models\NoticeModel.php(47): App\Models\BaseQueryModel->get_result_array('
			SELECT
				notice_id
				,notice_name
				,theme_coller
                ,file_directory
			FROM 
            	m_notice
			WHERE 1 = 1
				AND notice_id IN (:noticeAdminIdList:)
				
			ORDER BY
				order_no
		', [...])
 6 APPPATH\Libraries\NoticeLibrarie.php(22): App\Models\NoticeModel->get_category_notice_list([...], 1)
 7 APPPATH\Controllers\Admin.php(46): App\Libraries\NoticeLibrarie->get_category_notice_list([...], 1)
 8 SYSTEMPATH\CodeIgniter.php(933): App\Controllers\Admin->notice_regist()
 9 SYSTEMPATH\CodeIgniter.php(509): CodeIgniter\CodeIgniter->runController(Object(App\Controllers\Admin))
10 SYSTEMPATH\CodeIgniter.php(355): CodeIgniter\CodeIgniter->handleRequest(null, Object(Config\Cache), false)
11 SYSTEMPATH\Boot.php(325): CodeIgniter\CodeIgniter->run()
12 SYSTEMPATH\Boot.php(67): CodeIgniter\Boot::runCodeIgniter(Object(CodeIgniter\CodeIgniter))
13 FCPATH\index.php(56): CodeIgniter\Boot::bootWeb(Object(Config\Paths))
CRITICAL - 2025-04-16 23:05:24 --> ErrorException: Undefined variable $flug
[Method: GET, Route: admin/notice_regist]
in APPPATH\Models\NoticeModel.php on line 40.
 1 APPPATH\Models\NoticeModel.php(40): CodeIgniter\Debug\Exceptions->errorHandler(2, 'Undefined variable $flug', 'C:\\xampp_htdocs\\kasugaikyudo\\production\\app\\Models\\NoticeModel.php', 40)
 2 APPPATH\Libraries\NoticeLibrarie.php(22): App\Models\NoticeModel->get_category_notice_list([...], 1)
 3 APPPATH\Controllers\Admin.php(46): App\Libraries\NoticeLibrarie->get_category_notice_list([...], 1)
 4 SYSTEMPATH\CodeIgniter.php(933): App\Controllers\Admin->notice_regist()
 5 SYSTEMPATH\CodeIgniter.php(509): CodeIgniter\CodeIgniter->runController(Object(App\Controllers\Admin))
 6 SYSTEMPATH\CodeIgniter.php(355): CodeIgniter\CodeIgniter->handleRequest(null, Object(Config\Cache), false)
 7 SYSTEMPATH\Boot.php(325): CodeIgniter\CodeIgniter->run()
 8 SYSTEMPATH\Boot.php(67): CodeIgniter\Boot::runCodeIgniter(Object(CodeIgniter\CodeIgniter))
 9 FCPATH\index.php(56): CodeIgniter\Boot::bootWeb(Object(Config\Paths))
ERROR - 2025-04-16 23:08:26 --> mysqli_sql_exception: You have an error in your SQL syntax; check the manual that corresponds to your MariaDB server version for the right syntax to use near ')
				
			ORDER BY
				order_no' at line 9 in C:\xampp_htdocs\kasugaikyudo\production\system\Database\MySQLi\Connection.php:312
Stack trace:
#0 C:\xampp_htdocs\kasugaikyudo\production\system\Database\MySQLi\Connection.php(312): mysqli->query('\n\t\t\tSELECT\n\t\t\t\t...', 0)
#1 C:\xampp_htdocs\kasugaikyudo\production\system\Database\BaseConnection.php(734): CodeIgniter\Database\MySQLi\Connection->execute('\n\t\t\tSELECT\n\t\t\t\t...')
#2 C:\xampp_htdocs\kasugaikyudo\production\system\Database\BaseConnection.php(648): CodeIgniter\Database\BaseConnection->simpleQuery('\n\t\t\tSELECT\n\t\t\t\t...')
#3 C:\xampp_htdocs\kasugaikyudo\production\app\Models\BaseQueryModel.php(27): CodeIgniter\Database\BaseConnection->query('\n\t\t\tSELECT\n\t\t\t\t...', Array)
#4 C:\xampp_htdocs\kasugaikyudo\production\app\Models\NoticeModel.php(46): App\Models\BaseQueryModel->get_result_array('\n\t\t\tSELECT\n\t\t\t\t...', Array)
#5 C:\xampp_htdocs\kasugaikyudo\production\app\Libraries\NoticeLibrarie.php(22): App\Models\NoticeModel->get_category_notice_list(Array, 1)
#6 C:\xampp_htdocs\kasugaikyudo\production\app\Controllers\Admin.php(45): App\Libraries\NoticeLibrarie->get_category_notice_list(Array, 1)
#7 C:\xampp_htdocs\kasugaikyudo\production\system\CodeIgniter.php(933): App\Controllers\Admin->notice_regist()
#8 C:\xampp_htdocs\kasugaikyudo\production\system\CodeIgniter.php(509): CodeIgniter\CodeIgniter->runController(Object(App\Controllers\Admin))
#9 C:\xampp_htdocs\kasugaikyudo\production\system\CodeIgniter.php(355): CodeIgniter\CodeIgniter->handleRequest(NULL, Object(Config\Cache), false)
#10 C:\xampp_htdocs\kasugaikyudo\production\system\Boot.php(325): CodeIgniter\CodeIgniter->run()
#11 C:\xampp_htdocs\kasugaikyudo\production\system\Boot.php(67): CodeIgniter\Boot::runCodeIgniter(Object(CodeIgniter\CodeIgniter))
#12 C:\xampp_htdocs\kasugaikyudo\production\index.php(56): CodeIgniter\Boot::bootWeb(Object(Config\Paths))
#13 {main}
CRITICAL - 2025-04-16 23:08:26 --> CodeIgniter\Database\Exceptions\DatabaseException: You have an error in your SQL syntax; check the manual that corresponds to your MariaDB server version for the right syntax to use near ')
				
			ORDER BY
				order_no' at line 9
[Method: GET, Route: admin/notice_regist]
in SYSTEMPATH\Database\BaseConnection.php on line 688.
 1 APPPATH\Models\BaseQueryModel.php(27): CodeIgniter\Database\BaseConnection->query('
			SELECT
				notice_id
				,notice_name
				,theme_coller
                ,file_directory
			FROM 
            	m_notice
			WHERE 1 = 1
				AND notice_id IN :noticeAdminIdList:
				
			ORDER BY
				order_no
		', [...])
 2 APPPATH\Models\NoticeModel.php(46): App\Models\BaseQueryModel->get_result_array('
			SELECT
				notice_id
				,notice_name
				,theme_coller
                ,file_directory
			FROM 
            	m_notice
			WHERE 1 = 1
				AND notice_id IN :noticeAdminIdList:
				
			ORDER BY
				order_no
		', [...])
 3 APPPATH\Libraries\NoticeLibrarie.php(22): App\Models\NoticeModel->get_category_notice_list([], 1)
 4 APPPATH\Controllers\Admin.php(45): App\Libraries\NoticeLibrarie->get_category_notice_list([], 1)
 5 SYSTEMPATH\CodeIgniter.php(933): App\Controllers\Admin->notice_regist()
 6 SYSTEMPATH\CodeIgniter.php(509): CodeIgniter\CodeIgniter->runController(Object(App\Controllers\Admin))
 7 SYSTEMPATH\CodeIgniter.php(355): CodeIgniter\CodeIgniter->handleRequest(null, Object(Config\Cache), false)
 8 SYSTEMPATH\Boot.php(325): CodeIgniter\CodeIgniter->run()
 9 SYSTEMPATH\Boot.php(67): CodeIgniter\Boot::runCodeIgniter(Object(CodeIgniter\CodeIgniter))
10 FCPATH\index.php(56): CodeIgniter\Boot::bootWeb(Object(Config\Paths))
CRITICAL - 2025-04-16 23:08:26 --> [Caused by] CodeIgniter\Database\Exceptions\DatabaseException: You have an error in your SQL syntax; check the manual that corresponds to your MariaDB server version for the right syntax to use near ')
				
			ORDER BY
				order_no' at line 9
in SYSTEMPATH\Database\MySQLi\Connection.php on line 317.
 1 SYSTEMPATH\Database\BaseConnection.php(734): CodeIgniter\Database\MySQLi\Connection->execute('
			SELECT
				notice_id
				,notice_name
				,theme_coller
                ,file_directory
			FROM 
            	m_notice
			WHERE 1 = 1
				AND notice_id IN ()
				
			ORDER BY
				order_no
		')
 2 SYSTEMPATH\Database\BaseConnection.php(648): CodeIgniter\Database\BaseConnection->simpleQuery('
			SELECT
				notice_id
				,notice_name
				,theme_coller
                ,file_directory
			FROM 
            	m_notice
			WHERE 1 = 1
				AND notice_id IN ()
				
			ORDER BY
				order_no
		')
 3 APPPATH\Models\BaseQueryModel.php(27): CodeIgniter\Database\BaseConnection->query('
			SELECT
				notice_id
				,notice_name
				,theme_coller
                ,file_directory
			FROM 
            	m_notice
			WHERE 1 = 1
				AND notice_id IN :noticeAdminIdList:
				
			ORDER BY
				order_no
		', [...])
 4 APPPATH\Models\NoticeModel.php(46): App\Models\BaseQueryModel->get_result_array('
			SELECT
				notice_id
				,notice_name
				,theme_coller
                ,file_directory
			FROM 
            	m_notice
			WHERE 1 = 1
				AND notice_id IN :noticeAdminIdList:
				
			ORDER BY
				order_no
		', [...])
 5 APPPATH\Libraries\NoticeLibrarie.php(22): App\Models\NoticeModel->get_category_notice_list([], 1)
 6 APPPATH\Controllers\Admin.php(45): App\Libraries\NoticeLibrarie->get_category_notice_list([], 1)
 7 SYSTEMPATH\CodeIgniter.php(933): App\Controllers\Admin->notice_regist()
 8 SYSTEMPATH\CodeIgniter.php(509): CodeIgniter\CodeIgniter->runController(Object(App\Controllers\Admin))
 9 SYSTEMPATH\CodeIgniter.php(355): CodeIgniter\CodeIgniter->handleRequest(null, Object(Config\Cache), false)
10 SYSTEMPATH\Boot.php(325): CodeIgniter\CodeIgniter->run()
11 SYSTEMPATH\Boot.php(67): CodeIgniter\Boot::runCodeIgniter(Object(CodeIgniter\CodeIgniter))
12 FCPATH\index.php(56): CodeIgniter\Boot::bootWeb(Object(Config\Paths))
CRITICAL - 2025-04-16 23:08:26 --> [Caused by] mysqli_sql_exception: You have an error in your SQL syntax; check the manual that corresponds to your MariaDB server version for the right syntax to use near ')
				
			ORDER BY
				order_no' at line 9
in SYSTEMPATH\Database\MySQLi\Connection.php on line 312.
 1 SYSTEMPATH\Database\MySQLi\Connection.php(312): mysqli->query('
			SELECT
				notice_id
				,notice_name
				,theme_coller
                ,file_directory
			FROM 
            	m_notice
			WHERE 1 = 1
				AND notice_id IN ()
				
			ORDER BY
				order_no
		', 0)
 2 SYSTEMPATH\Database\BaseConnection.php(734): CodeIgniter\Database\MySQLi\Connection->execute('
			SELECT
				notice_id
				,notice_name
				,theme_coller
                ,file_directory
			FROM 
            	m_notice
			WHERE 1 = 1
				AND notice_id IN ()
				
			ORDER BY
				order_no
		')
 3 SYSTEMPATH\Database\BaseConnection.php(648): CodeIgniter\Database\BaseConnection->simpleQuery('
			SELECT
				notice_id
				,notice_name
				,theme_coller
                ,file_directory
			FROM 
            	m_notice
			WHERE 1 = 1
				AND notice_id IN ()
				
			ORDER BY
				order_no
		')
 4 APPPATH\Models\BaseQueryModel.php(27): CodeIgniter\Database\BaseConnection->query('
			SELECT
				notice_id
				,notice_name
				,theme_coller
                ,file_directory
			FROM 
            	m_notice
			WHERE 1 = 1
				AND notice_id IN :noticeAdminIdList:
				
			ORDER BY
				order_no
		', [...])
 5 APPPATH\Models\NoticeModel.php(46): App\Models\BaseQueryModel->get_result_array('
			SELECT
				notice_id
				,notice_name
				,theme_coller
                ,file_directory
			FROM 
            	m_notice
			WHERE 1 = 1
				AND notice_id IN :noticeAdminIdList:
				
			ORDER BY
				order_no
		', [...])
 6 APPPATH\Libraries\NoticeLibrarie.php(22): App\Models\NoticeModel->get_category_notice_list([], 1)
 7 APPPATH\Controllers\Admin.php(45): App\Libraries\NoticeLibrarie->get_category_notice_list([], 1)
 8 SYSTEMPATH\CodeIgniter.php(933): App\Controllers\Admin->notice_regist()
 9 SYSTEMPATH\CodeIgniter.php(509): CodeIgniter\CodeIgniter->runController(Object(App\Controllers\Admin))
10 SYSTEMPATH\CodeIgniter.php(355): CodeIgniter\CodeIgniter->handleRequest(null, Object(Config\Cache), false)
11 SYSTEMPATH\Boot.php(325): CodeIgniter\CodeIgniter->run()
12 SYSTEMPATH\Boot.php(67): CodeIgniter\Boot::runCodeIgniter(Object(CodeIgniter\CodeIgniter))
13 FCPATH\index.php(56): CodeIgniter\Boot::bootWeb(Object(Config\Paths))
ERROR - 2025-04-16 23:11:00 --> mysqli_sql_exception: You have an error in your SQL syntax; check the manual that corresponds to your MariaDB server version for the right syntax to use near ')
				
			ORDER BY
				order_no' at line 9 in C:\xampp_htdocs\kasugaikyudo\production\system\Database\MySQLi\Connection.php:312
Stack trace:
#0 C:\xampp_htdocs\kasugaikyudo\production\system\Database\MySQLi\Connection.php(312): mysqli->query('\n\t\t\tSELECT\n\t\t\t\t...', 0)
#1 C:\xampp_htdocs\kasugaikyudo\production\system\Database\BaseConnection.php(734): CodeIgniter\Database\MySQLi\Connection->execute('\n\t\t\tSELECT\n\t\t\t\t...')
#2 C:\xampp_htdocs\kasugaikyudo\production\system\Database\BaseConnection.php(648): CodeIgniter\Database\BaseConnection->simpleQuery('\n\t\t\tSELECT\n\t\t\t\t...')
#3 C:\xampp_htdocs\kasugaikyudo\production\app\Models\BaseQueryModel.php(27): CodeIgniter\Database\BaseConnection->query('\n\t\t\tSELECT\n\t\t\t\t...', Array)
#4 C:\xampp_htdocs\kasugaikyudo\production\app\Models\NoticeModel.php(46): App\Models\BaseQueryModel->get_result_array('\n\t\t\tSELECT\n\t\t\t\t...', Array)
#5 C:\xampp_htdocs\kasugaikyudo\production\app\Libraries\NoticeLibrarie.php(22): App\Models\NoticeModel->get_category_notice_list(Array, 1)
#6 C:\xampp_htdocs\kasugaikyudo\production\app\Controllers\Admin.php(45): App\Libraries\NoticeLibrarie->get_category_notice_list(Array, 1)
#7 C:\xampp_htdocs\kasugaikyudo\production\system\CodeIgniter.php(933): App\Controllers\Admin->notice_regist()
#8 C:\xampp_htdocs\kasugaikyudo\production\system\CodeIgniter.php(509): CodeIgniter\CodeIgniter->runController(Object(App\Controllers\Admin))
#9 C:\xampp_htdocs\kasugaikyudo\production\system\CodeIgniter.php(355): CodeIgniter\CodeIgniter->handleRequest(NULL, Object(Config\Cache), false)
#10 C:\xampp_htdocs\kasugaikyudo\production\system\Boot.php(325): CodeIgniter\CodeIgniter->run()
#11 C:\xampp_htdocs\kasugaikyudo\production\system\Boot.php(67): CodeIgniter\Boot::runCodeIgniter(Object(CodeIgniter\CodeIgniter))
#12 C:\xampp_htdocs\kasugaikyudo\production\index.php(56): CodeIgniter\Boot::bootWeb(Object(Config\Paths))
#13 {main}
CRITICAL - 2025-04-16 23:11:00 --> CodeIgniter\Database\Exceptions\DatabaseException: You have an error in your SQL syntax; check the manual that corresponds to your MariaDB server version for the right syntax to use near ')
				
			ORDER BY
				order_no' at line 9
[Method: GET, Route: admin/notice_regist]
in SYSTEMPATH\Database\BaseConnection.php on line 688.
 1 APPPATH\Models\BaseQueryModel.php(27): CodeIgniter\Database\BaseConnection->query('
			SELECT
				notice_id
				,notice_name
				,theme_coller
                ,file_directory
			FROM 
            	m_notice
			WHERE 1 = 1
				AND notice_id IN :noticeAdminIdList:
				
			ORDER BY
				order_no
		', [...])
 2 APPPATH\Models\NoticeModel.php(46): App\Models\BaseQueryModel->get_result_array('
			SELECT
				notice_id
				,notice_name
				,theme_coller
                ,file_directory
			FROM 
            	m_notice
			WHERE 1 = 1
				AND notice_id IN :noticeAdminIdList:
				
			ORDER BY
				order_no
		', [...])
 3 APPPATH\Libraries\NoticeLibrarie.php(22): App\Models\NoticeModel->get_category_notice_list([], 1)
 4 APPPATH\Controllers\Admin.php(45): App\Libraries\NoticeLibrarie->get_category_notice_list([], 1)
 5 SYSTEMPATH\CodeIgniter.php(933): App\Controllers\Admin->notice_regist()
 6 SYSTEMPATH\CodeIgniter.php(509): CodeIgniter\CodeIgniter->runController(Object(App\Controllers\Admin))
 7 SYSTEMPATH\CodeIgniter.php(355): CodeIgniter\CodeIgniter->handleRequest(null, Object(Config\Cache), false)
 8 SYSTEMPATH\Boot.php(325): CodeIgniter\CodeIgniter->run()
 9 SYSTEMPATH\Boot.php(67): CodeIgniter\Boot::runCodeIgniter(Object(CodeIgniter\CodeIgniter))
10 FCPATH\index.php(56): CodeIgniter\Boot::bootWeb(Object(Config\Paths))
CRITICAL - 2025-04-16 23:11:00 --> [Caused by] CodeIgniter\Database\Exceptions\DatabaseException: You have an error in your SQL syntax; check the manual that corresponds to your MariaDB server version for the right syntax to use near ')
				
			ORDER BY
				order_no' at line 9
in SYSTEMPATH\Database\MySQLi\Connection.php on line 317.
 1 SYSTEMPATH\Database\BaseConnection.php(734): CodeIgniter\Database\MySQLi\Connection->execute('
			SELECT
				notice_id
				,notice_name
				,theme_coller
                ,file_directory
			FROM 
            	m_notice
			WHERE 1 = 1
				AND notice_id IN ()
				
			ORDER BY
				order_no
		')
 2 SYSTEMPATH\Database\BaseConnection.php(648): CodeIgniter\Database\BaseConnection->simpleQuery('
			SELECT
				notice_id
				,notice_name
				,theme_coller
                ,file_directory
			FROM 
            	m_notice
			WHERE 1 = 1
				AND notice_id IN ()
				
			ORDER BY
				order_no
		')
 3 APPPATH\Models\BaseQueryModel.php(27): CodeIgniter\Database\BaseConnection->query('
			SELECT
				notice_id
				,notice_name
				,theme_coller
                ,file_directory
			FROM 
            	m_notice
			WHERE 1 = 1
				AND notice_id IN :noticeAdminIdList:
				
			ORDER BY
				order_no
		', [...])
 4 APPPATH\Models\NoticeModel.php(46): App\Models\BaseQueryModel->get_result_array('
			SELECT
				notice_id
				,notice_name
				,theme_coller
                ,file_directory
			FROM 
            	m_notice
			WHERE 1 = 1
				AND notice_id IN :noticeAdminIdList:
				
			ORDER BY
				order_no
		', [...])
 5 APPPATH\Libraries\NoticeLibrarie.php(22): App\Models\NoticeModel->get_category_notice_list([], 1)
 6 APPPATH\Controllers\Admin.php(45): App\Libraries\NoticeLibrarie->get_category_notice_list([], 1)
 7 SYSTEMPATH\CodeIgniter.php(933): App\Controllers\Admin->notice_regist()
 8 SYSTEMPATH\CodeIgniter.php(509): CodeIgniter\CodeIgniter->runController(Object(App\Controllers\Admin))
 9 SYSTEMPATH\CodeIgniter.php(355): CodeIgniter\CodeIgniter->handleRequest(null, Object(Config\Cache), false)
10 SYSTEMPATH\Boot.php(325): CodeIgniter\CodeIgniter->run()
11 SYSTEMPATH\Boot.php(67): CodeIgniter\Boot::runCodeIgniter(Object(CodeIgniter\CodeIgniter))
12 FCPATH\index.php(56): CodeIgniter\Boot::bootWeb(Object(Config\Paths))
CRITICAL - 2025-04-16 23:11:00 --> [Caused by] mysqli_sql_exception: You have an error in your SQL syntax; check the manual that corresponds to your MariaDB server version for the right syntax to use near ')
				
			ORDER BY
				order_no' at line 9
in SYSTEMPATH\Database\MySQLi\Connection.php on line 312.
 1 SYSTEMPATH\Database\MySQLi\Connection.php(312): mysqli->query('
			SELECT
				notice_id
				,notice_name
				,theme_coller
                ,file_directory
			FROM 
            	m_notice
			WHERE 1 = 1
				AND notice_id IN ()
				
			ORDER BY
				order_no
		', 0)
 2 SYSTEMPATH\Database\BaseConnection.php(734): CodeIgniter\Database\MySQLi\Connection->execute('
			SELECT
				notice_id
				,notice_name
				,theme_coller
                ,file_directory
			FROM 
            	m_notice
			WHERE 1 = 1
				AND notice_id IN ()
				
			ORDER BY
				order_no
		')
 3 SYSTEMPATH\Database\BaseConnection.php(648): CodeIgniter\Database\BaseConnection->simpleQuery('
			SELECT
				notice_id
				,notice_name
				,theme_coller
                ,file_directory
			FROM 
            	m_notice
			WHERE 1 = 1
				AND notice_id IN ()
				
			ORDER BY
				order_no
		')
 4 APPPATH\Models\BaseQueryModel.php(27): CodeIgniter\Database\BaseConnection->query('
			SELECT
				notice_id
				,notice_name
				,theme_coller
                ,file_directory
			FROM 
            	m_notice
			WHERE 1 = 1
				AND notice_id IN :noticeAdminIdList:
				
			ORDER BY
				order_no
		', [...])
 5 APPPATH\Models\NoticeModel.php(46): App\Models\BaseQueryModel->get_result_array('
			SELECT
				notice_id
				,notice_name
				,theme_coller
                ,file_directory
			FROM 
            	m_notice
			WHERE 1 = 1
				AND notice_id IN :noticeAdminIdList:
				
			ORDER BY
				order_no
		', [...])
 6 APPPATH\Libraries\NoticeLibrarie.php(22): App\Models\NoticeModel->get_category_notice_list([], 1)
 7 APPPATH\Controllers\Admin.php(45): App\Libraries\NoticeLibrarie->get_category_notice_list([], 1)
 8 SYSTEMPATH\CodeIgniter.php(933): App\Controllers\Admin->notice_regist()
 9 SYSTEMPATH\CodeIgniter.php(509): CodeIgniter\CodeIgniter->runController(Object(App\Controllers\Admin))
10 SYSTEMPATH\CodeIgniter.php(355): CodeIgniter\CodeIgniter->handleRequest(null, Object(Config\Cache), false)
11 SYSTEMPATH\Boot.php(325): CodeIgniter\CodeIgniter->run()
12 SYSTEMPATH\Boot.php(67): CodeIgniter\Boot::runCodeIgniter(Object(CodeIgniter\CodeIgniter))
13 FCPATH\index.php(56): CodeIgniter\Boot::bootWeb(Object(Config\Paths))
CRITICAL - 2025-04-16 23:20:31 --> ErrorException: Undefined variable $sqlAddWhere
[Method: GET, Route: admin/notice_regist]
in APPPATH\Models\NoticeModel.php on line 29.
 1 APPPATH\Models\NoticeModel.php(29): CodeIgniter\Debug\Exceptions->errorHandler(2, 'Undefined variable $sqlAddWhere', 'C:\\xampp_htdocs\\kasugaikyudo\\production\\app\\Models\\NoticeModel.php', 29)
 2 APPPATH\Libraries\NoticeLibrarie.php(22): App\Models\NoticeModel->get_category_notice_list([...])
 3 APPPATH\Controllers\Admin.php(41): App\Libraries\NoticeLibrarie->get_category_notice_list([...])
 4 SYSTEMPATH\CodeIgniter.php(933): App\Controllers\Admin->notice_regist()
 5 SYSTEMPATH\CodeIgniter.php(509): CodeIgniter\CodeIgniter->runController(Object(App\Controllers\Admin))
 6 SYSTEMPATH\CodeIgniter.php(355): CodeIgniter\CodeIgniter->handleRequest(null, Object(Config\Cache), false)
 7 SYSTEMPATH\Boot.php(325): CodeIgniter\CodeIgniter->run()
 8 SYSTEMPATH\Boot.php(67): CodeIgniter\Boot::runCodeIgniter(Object(CodeIgniter\CodeIgniter))
 9 FCPATH\index.php(56): CodeIgniter\Boot::bootWeb(Object(Config\Paths))
