CRITICAL - 2025-07-21 14:57:45 --> ErrorException: Constant SHINSA_CLASS_ID_CHUOU already defined
[Method: GET, Route: shinsa/detail/5]
in APPPATH\Helpers\shinsa_helper.php on line 396.
 1 [internal function]: CodeIgniter\Debug\Exceptions->errorHandler(2, 'Constant SHINSA_CLASS_ID_CHUOU already defined', 'C:\\xampp_htdocs\\kasugaikyudo\\production\\app\\Helpers\\shinsa_helper.php', 396)
 2 APPPATH\Helpers\shinsa_helper.php(396): define('SHINSA_CLASS_ID_CHUOU', '1')
 3 APPPATH\Helpers\shinsa_helper.php(298): get_shinsa_offer_html([...], [...], true, '2025-08-10', '2025-08-10')
 4 APPPATH\Views\shinsa\detail_chiho.php(4): get_shinsa_chiho_detail_html([...], [...], [...])
 5 SYSTEMPATH\View\View.php(234): include('C:\\xampp_htdocs\\kasugaikyudo\\production\\app\\Views\\shinsa\\detail_chiho.php')
 6 SYSTEMPATH\View\View.php(237): CodeIgniter\View\View->CodeIgniter\View\{closure}()
 7 SYSTEMPATH\Common.php(1171): CodeIgniter\View\View->render('shinsa/detail_chiho', [], true)
 8 APPPATH\Controllers\Shinsa.php(123): view('shinsa/detail_chiho')
 9 SYSTEMPATH\CodeIgniter.php(933): App\Controllers\Shinsa->detail('5')
10 SYSTEMPATH\CodeIgniter.php(509): CodeIgniter\CodeIgniter->runController(Object(App\Controllers\Shinsa))
11 SYSTEMPATH\CodeIgniter.php(355): CodeIgniter\CodeIgniter->handleRequest(null, Object(Config\Cache), false)
12 SYSTEMPATH\Boot.php(325): CodeIgniter\CodeIgniter->run()
13 SYSTEMPATH\Boot.php(67): CodeIgniter\Boot::runCodeIgniter(Object(CodeIgniter\CodeIgniter))
14 FCPATH\index.php(56): CodeIgniter\Boot::bootWeb(Object(Config\Paths))
CRITICAL - 2025-07-21 14:58:16 --> ErrorException: Constant SHINSA_CLASS_ID_CHUOU already defined
[Method: GET, Route: shinsa/detail/5]
in APPPATH\Helpers\shinsa_helper.php on line 396.
 1 [internal function]: CodeIgniter\Debug\Exceptions->errorHandler(2, 'Constant SHINSA_CLASS_ID_CHUOU already defined', 'C:\\xampp_htdocs\\kasugaikyudo\\production\\app\\Helpers\\shinsa_helper.php', 396)
 2 APPPATH\Helpers\shinsa_helper.php(396): define('SHINSA_CLASS_ID_CHUOU', '1')
 3 APPPATH\Helpers\shinsa_helper.php(298): get_shinsa_offer_html([...], [...], true, '2025-08-10')
 4 APPPATH\Views\shinsa\detail_chiho.php(4): get_shinsa_chiho_detail_html([...], [...], [...])
 5 SYSTEMPATH\View\View.php(234): include('C:\\xampp_htdocs\\kasugaikyudo\\production\\app\\Views\\shinsa\\detail_chiho.php')
 6 SYSTEMPATH\View\View.php(237): CodeIgniter\View\View->CodeIgniter\View\{closure}()
 7 SYSTEMPATH\Common.php(1171): CodeIgniter\View\View->render('shinsa/detail_chiho', [], true)
 8 APPPATH\Controllers\Shinsa.php(123): view('shinsa/detail_chiho')
 9 SYSTEMPATH\CodeIgniter.php(933): App\Controllers\Shinsa->detail('5')
10 SYSTEMPATH\CodeIgniter.php(509): CodeIgniter\CodeIgniter->runController(Object(App\Controllers\Shinsa))
11 SYSTEMPATH\CodeIgniter.php(355): CodeIgniter\CodeIgniter->handleRequest(null, Object(Config\Cache), false)
12 SYSTEMPATH\Boot.php(325): CodeIgniter\CodeIgniter->run()
13 SYSTEMPATH\Boot.php(67): CodeIgniter\Boot::runCodeIgniter(Object(CodeIgniter\CodeIgniter))
14 FCPATH\index.php(56): CodeIgniter\Boot::bootWeb(Object(Config\Paths))
