CRITICAL - 2025-06-17 21:03:55 --> ErrorException: Undefined variable $shinsaDetail
[Method: GET, Route: shinsa/detail/4]
in APPPATH\Controllers\Shinsa.php on line 72.
 1 APPPATH\Controllers\Shinsa.php(72): CodeIgniter\Debug\Exceptions->errorHandler(2, 'Undefined variable $shinsaDetail', 'C:\\xampp_htdocs\\kasugaikyudo\\production\\app\\Controllers\\Shinsa.php', 72)
 2 SYSTEMPATH\CodeIgniter.php(933): App\Controllers\Shinsa->detail('4')
 3 SYSTEMPATH\CodeIgniter.php(509): CodeIgniter\CodeIgniter->runController(Object(App\Controllers\Shinsa))
 4 SYSTEMPATH\CodeIgniter.php(355): CodeIgniter\CodeIgniter->handleRequest(null, Object(Config\Cache), false)
 5 SYSTEMPATH\Boot.php(325): CodeIgniter\CodeIgniter->run()
 6 SYSTEMPATH\Boot.php(67): CodeIgniter\Boot::runCodeIgniter(Object(CodeIgniter\CodeIgniter))
 7 FCPATH\index.php(56): CodeIgniter\Boot::bootWeb(Object(Config\Paths))
CRITICAL - 2025-06-17 21:05:35 --> ErrorException: Undefined variable $shinsaDetail
[Method: GET, Route: shinsa/detail/4]
in APPPATH\Controllers\Shinsa.php on line 72.
 1 APPPATH\Controllers\Shinsa.php(72): CodeIgniter\Debug\Exceptions->errorHandler(2, 'Undefined variable $shinsaDetail', 'C:\\xampp_htdocs\\kasugaikyudo\\production\\app\\Controllers\\Shinsa.php', 72)
 2 SYSTEMPATH\CodeIgniter.php(933): App\Controllers\Shinsa->detail('4')
 3 SYSTEMPATH\CodeIgniter.php(509): CodeIgniter\CodeIgniter->runController(Object(App\Controllers\Shinsa))
 4 SYSTEMPATH\CodeIgniter.php(355): CodeIgniter\CodeIgniter->handleRequest(null, Object(Config\Cache), false)
 5 SYSTEMPATH\Boot.php(325): CodeIgniter\CodeIgniter->run()
 6 SYSTEMPATH\Boot.php(67): CodeIgniter\Boot::runCodeIgniter(Object(CodeIgniter\CodeIgniter))
 7 FCPATH\index.php(56): CodeIgniter\Boot::bootWeb(Object(Config\Paths))
CRITICAL - 2025-06-17 21:11:16 --> TypeError: App\Libraries\LoginLibrarie::chk_admin_menu_category(): Argument #1 ($memberData) must be of type array, stdClass given, called in C:\xampp_htdocs\kasugaikyudo\production\app\Controllers\Shinsa.php on line 77
[Method: GET, Route: shinsa/detail/4]
in APPPATH\Libraries\LoginLibrarie.php on line 175.
 1 APPPATH\Controllers\Shinsa.php(77): App\Libraries\LoginLibrarie->chk_admin_menu_category(Object(stdClass), '7', [...])
 2 SYSTEMPATH\CodeIgniter.php(933): App\Controllers\Shinsa->detail('4')
 3 SYSTEMPATH\CodeIgniter.php(509): CodeIgniter\CodeIgniter->runController(Object(App\Controllers\Shinsa))
 4 SYSTEMPATH\CodeIgniter.php(355): CodeIgniter\CodeIgniter->handleRequest(null, Object(Config\Cache), false)
 5 SYSTEMPATH\Boot.php(325): CodeIgniter\CodeIgniter->run()
 6 SYSTEMPATH\Boot.php(67): CodeIgniter\Boot::runCodeIgniter(Object(CodeIgniter\CodeIgniter))
 7 FCPATH\index.php(56): CodeIgniter\Boot::bootWeb(Object(Config\Paths))
CRITICAL - 2025-06-17 21:11:51 --> TypeError: App\Libraries\LoginLibrarie::chk_admin_menu_category(): Argument #2 ($memuInfo) must be of type array, stdClass given, called in C:\xampp_htdocs\kasugaikyudo\production\app\Controllers\Shinsa.php on line 77
[Method: GET, Route: shinsa/detail/4]
in APPPATH\Libraries\LoginLibrarie.php on line 175.
 1 APPPATH\Controllers\Shinsa.php(77): App\Libraries\LoginLibrarie->chk_admin_menu_category([...], Object(stdClass), '7')
 2 SYSTEMPATH\CodeIgniter.php(933): App\Controllers\Shinsa->detail('4')
 3 SYSTEMPATH\CodeIgniter.php(509): CodeIgniter\CodeIgniter->runController(Object(App\Controllers\Shinsa))
 4 SYSTEMPATH\CodeIgniter.php(355): CodeIgniter\CodeIgniter->handleRequest(null, Object(Config\Cache), false)
 5 SYSTEMPATH\Boot.php(325): CodeIgniter\CodeIgniter->run()
 6 SYSTEMPATH\Boot.php(67): CodeIgniter\Boot::runCodeIgniter(Object(CodeIgniter\CodeIgniter))
 7 FCPATH\index.php(56): CodeIgniter\Boot::bootWeb(Object(Config\Paths))
CRITICAL - 2025-06-17 21:11:54 --> ErrorException: Undefined variable $shinsaDetail
[Method: GET, Route: shinsa/detail/4]
in APPPATH\Controllers\Shinsa.php on line 72.
 1 APPPATH\Controllers\Shinsa.php(72): CodeIgniter\Debug\Exceptions->errorHandler(2, 'Undefined variable $shinsaDetail', 'C:\\xampp_htdocs\\kasugaikyudo\\production\\app\\Controllers\\Shinsa.php', 72)
 2 SYSTEMPATH\CodeIgniter.php(933): App\Controllers\Shinsa->detail('4')
 3 SYSTEMPATH\CodeIgniter.php(509): CodeIgniter\CodeIgniter->runController(Object(App\Controllers\Shinsa))
 4 SYSTEMPATH\CodeIgniter.php(355): CodeIgniter\CodeIgniter->handleRequest(null, Object(Config\Cache), false)
 5 SYSTEMPATH\Boot.php(325): CodeIgniter\CodeIgniter->run()
 6 SYSTEMPATH\Boot.php(67): CodeIgniter\Boot::runCodeIgniter(Object(CodeIgniter\CodeIgniter))
 7 FCPATH\index.php(56): CodeIgniter\Boot::bootWeb(Object(Config\Paths))
CRITICAL - 2025-06-17 21:12:29 --> TypeError: App\Libraries\LoginLibrarie::chk_admin_menu_category(): Argument #2 ($memuInfo) must be of type array, stdClass given, called in C:\xampp_htdocs\kasugaikyudo\production\app\Controllers\Shinsa.php on line 77
[Method: GET, Route: shinsa/detail/4]
in APPPATH\Libraries\LoginLibrarie.php on line 175.
 1 APPPATH\Controllers\Shinsa.php(77): App\Libraries\LoginLibrarie->chk_admin_menu_category([...], Object(stdClass), '7')
 2 SYSTEMPATH\CodeIgniter.php(933): App\Controllers\Shinsa->detail('4')
 3 SYSTEMPATH\CodeIgniter.php(509): CodeIgniter\CodeIgniter->runController(Object(App\Controllers\Shinsa))
 4 SYSTEMPATH\CodeIgniter.php(355): CodeIgniter\CodeIgniter->handleRequest(null, Object(Config\Cache), false)
 5 SYSTEMPATH\Boot.php(325): CodeIgniter\CodeIgniter->run()
 6 SYSTEMPATH\Boot.php(67): CodeIgniter\Boot::runCodeIgniter(Object(CodeIgniter\CodeIgniter))
 7 FCPATH\index.php(56): CodeIgniter\Boot::bootWeb(Object(Config\Paths))
CRITICAL - 2025-06-17 21:13:16 --> TypeError: App\Libraries\LoginLibrarie::chk_admin_menu_category(): Argument #2 ($memuInfo) must be of type array, stdClass given, called in C:\xampp_htdocs\kasugaikyudo\production\app\Controllers\Shinsa.php on line 77
[Method: GET, Route: shinsa/detail/4]
in APPPATH\Libraries\LoginLibrarie.php on line 175.
 1 APPPATH\Controllers\Shinsa.php(77): App\Libraries\LoginLibrarie->chk_admin_menu_category([...], Object(stdClass), '7')
 2 SYSTEMPATH\CodeIgniter.php(933): App\Controllers\Shinsa->detail('4')
 3 SYSTEMPATH\CodeIgniter.php(509): CodeIgniter\CodeIgniter->runController(Object(App\Controllers\Shinsa))
 4 SYSTEMPATH\CodeIgniter.php(355): CodeIgniter\CodeIgniter->handleRequest(null, Object(Config\Cache), false)
 5 SYSTEMPATH\Boot.php(325): CodeIgniter\CodeIgniter->run()
 6 SYSTEMPATH\Boot.php(67): CodeIgniter\Boot::runCodeIgniter(Object(CodeIgniter\CodeIgniter))
 7 FCPATH\index.php(56): CodeIgniter\Boot::bootWeb(Object(Config\Paths))
CRITICAL - 2025-06-17 21:14:51 --> TypeError: App\Libraries\LoginLibrarie::chk_admin_menu_category(): Argument #2 ($memuInfo) must be of type array, stdClass given, called in C:\xampp_htdocs\kasugaikyudo\production\app\Controllers\Shinsa.php on line 77
[Method: GET, Route: shinsa/detail/4]
in APPPATH\Libraries\LoginLibrarie.php on line 175.
 1 APPPATH\Controllers\Shinsa.php(77): App\Libraries\LoginLibrarie->chk_admin_menu_category([...], Object(stdClass), '7')
 2 SYSTEMPATH\CodeIgniter.php(933): App\Controllers\Shinsa->detail('4')
 3 SYSTEMPATH\CodeIgniter.php(509): CodeIgniter\CodeIgniter->runController(Object(App\Controllers\Shinsa))
 4 SYSTEMPATH\CodeIgniter.php(355): CodeIgniter\CodeIgniter->handleRequest(null, Object(Config\Cache), false)
 5 SYSTEMPATH\Boot.php(325): CodeIgniter\CodeIgniter->run()
 6 SYSTEMPATH\Boot.php(67): CodeIgniter\Boot::runCodeIgniter(Object(CodeIgniter\CodeIgniter))
 7 FCPATH\index.php(56): CodeIgniter\Boot::bootWeb(Object(Config\Paths))
CRITICAL - 2025-06-17 22:00:52 --> TypeError: App\Models\ShinsaModel::get_shinsa_offer_member_list(): Return value must be of type array, CodeIgniter\Database\MySQLi\Result returned
[Method: GET, Route: shinsa/detail/4]
in APPPATH\Models\ShinsaModel.php on line 469.
 1 APPPATH\Libraries\ShinsaLibrarie.php(223): App\Models\ShinsaModel->get_shinsa_offer_member_list(4)
 2 APPPATH\Controllers\Shinsa.php(85): App\Libraries\ShinsaLibrarie->get_shinsa_offer_member_list(4)
 3 SYSTEMPATH\CodeIgniter.php(933): App\Controllers\Shinsa->detail('4')
 4 SYSTEMPATH\CodeIgniter.php(509): CodeIgniter\CodeIgniter->runController(Object(App\Controllers\Shinsa))
 5 SYSTEMPATH\CodeIgniter.php(355): CodeIgniter\CodeIgniter->handleRequest(null, Object(Config\Cache), false)
 6 SYSTEMPATH\Boot.php(325): CodeIgniter\CodeIgniter->run()
 7 SYSTEMPATH\Boot.php(67): CodeIgniter\Boot::runCodeIgniter(Object(CodeIgniter\CodeIgniter))
 8 FCPATH\index.php(56): CodeIgniter\Boot::bootWeb(Object(Config\Paths))
CRITICAL - 2025-06-17 22:01:33 --> TypeError: App\Models\ShinsaModel::get_shinsa_offer_member_list(): Return value must be of type array, CodeIgniter\Database\MySQLi\Result returned
[Method: GET, Route: shinsa/detail/4]
in APPPATH\Models\ShinsaModel.php on line 469.
 1 APPPATH\Libraries\ShinsaLibrarie.php(223): App\Models\ShinsaModel->get_shinsa_offer_member_list(4)
 2 APPPATH\Controllers\Shinsa.php(85): App\Libraries\ShinsaLibrarie->get_shinsa_offer_member_list(4)
 3 SYSTEMPATH\CodeIgniter.php(933): App\Controllers\Shinsa->detail('4')
 4 SYSTEMPATH\CodeIgniter.php(509): CodeIgniter\CodeIgniter->runController(Object(App\Controllers\Shinsa))
 5 SYSTEMPATH\CodeIgniter.php(355): CodeIgniter\CodeIgniter->handleRequest(null, Object(Config\Cache), false)
 6 SYSTEMPATH\Boot.php(325): CodeIgniter\CodeIgniter->run()
 7 SYSTEMPATH\Boot.php(67): CodeIgniter\Boot::runCodeIgniter(Object(CodeIgniter\CodeIgniter))
 8 FCPATH\index.php(56): CodeIgniter\Boot::bootWeb(Object(Config\Paths))
