CRITICAL - 2025-04-04 22:05:30 --> ErrorException: Undefined property: Config\CustomRules::$_session
[Method: POST, Route: login/login_change_check]
in APPPATH\Config\CustomRules.php on line 13.
 1 APPPATH\Config\CustomRules.php(13): CodeIgniter\Debug\Exceptions->errorHandler(2, 'Undefined property: Config\\CustomRules::$_session', 'C:\\xampp\\htdocs\\kasugaikyudo\\production\\app\\Config\\CustomRules.php', 13)
 2 SYSTEMPATH\Validation\Validation.php(338): Config\CustomRules->check_member('imai.0221@gmail.com', null)
 3 SYSTEMPATH\Validation\Validation.php(204): CodeIgniter\Validation\Validation->processRules('mail_address', 'メールアドレス', 'imai.0221@gmail.com', [...], [...], 'mail_address')
 4 SYSTEMPATH\Controller.php(137): CodeIgniter\Validation\Validation->run()
 5 APPPATH\Controllers\Login.php(114): CodeIgniter\Controller->validate([...])
 6 SYSTEMPATH\CodeIgniter.php(933): App\Controllers\Login->ajax_login_change_check()
 7 SYSTEMPATH\CodeIgniter.php(509): CodeIgniter\CodeIgniter->runController(Object(App\Controllers\Login))
 8 SYSTEMPATH\CodeIgniter.php(355): CodeIgniter\CodeIgniter->handleRequest(null, Object(Config\Cache), false)
 9 SYSTEMPATH\Boot.php(325): CodeIgniter\CodeIgniter->run()
10 SYSTEMPATH\Boot.php(67): CodeIgniter\Boot::runCodeIgniter(Object(CodeIgniter\CodeIgniter))
11 FCPATH\index.php(56): CodeIgniter\Boot::bootWeb(Object(Config\Paths))
CRITICAL - 2025-04-04 22:06:46 --> ErrorException: Undefined property: Config\CustomRules::$_session
[Method: POST, Route: login/login_change_check]
in APPPATH\Config\CustomRules.php on line 13.
 1 APPPATH\Config\CustomRules.php(13): CodeIgniter\Debug\Exceptions->errorHandler(2, 'Undefined property: Config\\CustomRules::$_session', 'C:\\xampp\\htdocs\\kasugaikyudo\\production\\app\\Config\\CustomRules.php', 13)
 2 SYSTEMPATH\Validation\Validation.php(338): Config\CustomRules->check_member('imai.0221@gmail.com', null)
 3 SYSTEMPATH\Validation\Validation.php(204): CodeIgniter\Validation\Validation->processRules('mail_address', 'メールアドレス', 'imai.0221@gmail.com', [...], [...], 'mail_address')
 4 SYSTEMPATH\Controller.php(137): CodeIgniter\Validation\Validation->run()
 5 APPPATH\Controllers\Login.php(114): CodeIgniter\Controller->validate([...])
 6 SYSTEMPATH\CodeIgniter.php(933): App\Controllers\Login->ajax_login_change_check()
 7 SYSTEMPATH\CodeIgniter.php(509): CodeIgniter\CodeIgniter->runController(Object(App\Controllers\Login))
 8 SYSTEMPATH\CodeIgniter.php(355): CodeIgniter\CodeIgniter->handleRequest(null, Object(Config\Cache), false)
 9 SYSTEMPATH\Boot.php(325): CodeIgniter\CodeIgniter->run()
10 SYSTEMPATH\Boot.php(67): CodeIgniter\Boot::runCodeIgniter(Object(CodeIgniter\CodeIgniter))
11 FCPATH\index.php(56): CodeIgniter\Boot::bootWeb(Object(Config\Paths))
CRITICAL - 2025-04-04 22:07:04 --> ErrorException: Undefined property: Config\CustomRules::$_session
[Method: POST, Route: login/login_change_check]
in APPPATH\Config\CustomRules.php on line 13.
 1 APPPATH\Config\CustomRules.php(13): CodeIgniter\Debug\Exceptions->errorHandler(2, 'Undefined property: Config\\CustomRules::$_session', 'C:\\xampp\\htdocs\\kasugaikyudo\\production\\app\\Config\\CustomRules.php', 13)
 2 SYSTEMPATH\Validation\Validation.php(338): Config\CustomRules->check_member('imai.0221@gmail.com', null)
 3 SYSTEMPATH\Validation\Validation.php(204): CodeIgniter\Validation\Validation->processRules('mail_address', 'メールアドレス', 'imai.0221@gmail.com', [...], [...], 'mail_address')
 4 SYSTEMPATH\Controller.php(137): CodeIgniter\Validation\Validation->run()
 5 APPPATH\Controllers\Login.php(114): CodeIgniter\Controller->validate([...])
 6 SYSTEMPATH\CodeIgniter.php(933): App\Controllers\Login->ajax_login_change_check()
 7 SYSTEMPATH\CodeIgniter.php(509): CodeIgniter\CodeIgniter->runController(Object(App\Controllers\Login))
 8 SYSTEMPATH\CodeIgniter.php(355): CodeIgniter\CodeIgniter->handleRequest(null, Object(Config\Cache), false)
 9 SYSTEMPATH\Boot.php(325): CodeIgniter\CodeIgniter->run()
10 SYSTEMPATH\Boot.php(67): CodeIgniter\Boot::runCodeIgniter(Object(CodeIgniter\CodeIgniter))
11 FCPATH\index.php(56): CodeIgniter\Boot::bootWeb(Object(Config\Paths))
CRITICAL - 2025-04-04 22:07:39 --> ErrorException: Undefined property: Config\CustomRules::$_session
[Method: POST, Route: login/login_change_check]
in APPPATH\Config\CustomRules.php on line 13.
 1 APPPATH\Config\CustomRules.php(13): CodeIgniter\Debug\Exceptions->errorHandler(2, 'Undefined property: Config\\CustomRules::$_session', 'C:\\xampp\\htdocs\\kasugaikyudo\\production\\app\\Config\\CustomRules.php', 13)
 2 SYSTEMPATH\Validation\Validation.php(338): Config\CustomRules->check_member('imai.0221@gmail.com', null)
 3 SYSTEMPATH\Validation\Validation.php(204): CodeIgniter\Validation\Validation->processRules('mail_address', 'メールアドレス', 'imai.0221@gmail.com', [...], [...], 'mail_address')
 4 SYSTEMPATH\Controller.php(137): CodeIgniter\Validation\Validation->run()
 5 APPPATH\Controllers\Login.php(114): CodeIgniter\Controller->validate([...])
 6 SYSTEMPATH\CodeIgniter.php(933): App\Controllers\Login->ajax_login_change_check()
 7 SYSTEMPATH\CodeIgniter.php(509): CodeIgniter\CodeIgniter->runController(Object(App\Controllers\Login))
 8 SYSTEMPATH\CodeIgniter.php(355): CodeIgniter\CodeIgniter->handleRequest(null, Object(Config\Cache), false)
 9 SYSTEMPATH\Boot.php(325): CodeIgniter\CodeIgniter->run()
10 SYSTEMPATH\Boot.php(67): CodeIgniter\Boot::runCodeIgniter(Object(CodeIgniter\CodeIgniter))
11 FCPATH\index.php(56): CodeIgniter\Boot::bootWeb(Object(Config\Paths))
CRITICAL - 2025-04-04 22:08:38 --> ErrorException: Undefined variable $registMemberId
[Method: POST, Route: login/login_change_check]
in APPPATH\Libraries\LoginLibrarie.php on line 139.
 1 APPPATH\Libraries\LoginLibrarie.php(139): CodeIgniter\Debug\Exceptions->errorHandler(2, 'Undefined variable $registMemberId', 'C:\\xampp\\htdocs\\kasugaikyudo\\production\\app\\Libraries\\LoginLibrarie.php', 139)
 2 APPPATH\Controllers\Login.php(117): App\Libraries\LoginLibrarie->login_change_check([...])
 3 SYSTEMPATH\CodeIgniter.php(933): App\Controllers\Login->ajax_login_change_check()
 4 SYSTEMPATH\CodeIgniter.php(509): CodeIgniter\CodeIgniter->runController(Object(App\Controllers\Login))
 5 SYSTEMPATH\CodeIgniter.php(355): CodeIgniter\CodeIgniter->handleRequest(null, Object(Config\Cache), false)
 6 SYSTEMPATH\Boot.php(325): CodeIgniter\CodeIgniter->run()
 7 SYSTEMPATH\Boot.php(67): CodeIgniter\Boot::runCodeIgniter(Object(CodeIgniter\CodeIgniter))
 8 FCPATH\index.php(56): CodeIgniter\Boot::bootWeb(Object(Config\Paths))
CRITICAL - 2025-04-04 22:09:31 --> ErrorException: Undefined variable $registMemberId
[Method: POST, Route: login/login_change_check]
in APPPATH\Libraries\LoginLibrarie.php on line 138.
 1 APPPATH\Libraries\LoginLibrarie.php(138): CodeIgniter\Debug\Exceptions->errorHandler(2, 'Undefined variable $registMemberId', 'C:\\xampp\\htdocs\\kasugaikyudo\\production\\app\\Libraries\\LoginLibrarie.php', 138)
 2 APPPATH\Controllers\Login.php(117): App\Libraries\LoginLibrarie->login_change_check([...])
 3 SYSTEMPATH\CodeIgniter.php(933): App\Controllers\Login->ajax_login_change_check()
 4 SYSTEMPATH\CodeIgniter.php(509): CodeIgniter\CodeIgniter->runController(Object(App\Controllers\Login))
 5 SYSTEMPATH\CodeIgniter.php(355): CodeIgniter\CodeIgniter->handleRequest(null, Object(Config\Cache), false)
 6 SYSTEMPATH\Boot.php(325): CodeIgniter\CodeIgniter->run()
 7 SYSTEMPATH\Boot.php(67): CodeIgniter\Boot::runCodeIgniter(Object(CodeIgniter\CodeIgniter))
 8 FCPATH\index.php(56): CodeIgniter\Boot::bootWeb(Object(Config\Paths))
CRITICAL - 2025-04-04 22:20:33 --> ErrorException: Undefined variable $session
[Method: GET, Route: /]
in APPPATH\Libraries\LoginLibrarie.php on line 28.
 1 APPPATH\Libraries\LoginLibrarie.php(28): CodeIgniter\Debug\Exceptions->errorHandler(2, 'Undefined variable $session', 'C:\\xampp\\htdocs\\kasugaikyudo\\production\\app\\Libraries\\LoginLibrarie.php', 28)
 2 APPPATH\Controllers\Home.php(18): App\Libraries\LoginLibrarie->login_check()
 3 SYSTEMPATH\CodeIgniter.php(933): App\Controllers\Home->index()
 4 SYSTEMPATH\CodeIgniter.php(509): CodeIgniter\CodeIgniter->runController(Object(App\Controllers\Home))
 5 SYSTEMPATH\CodeIgniter.php(355): CodeIgniter\CodeIgniter->handleRequest(null, Object(Config\Cache), false)
 6 SYSTEMPATH\Boot.php(325): CodeIgniter\CodeIgniter->run()
 7 SYSTEMPATH\Boot.php(67): CodeIgniter\Boot::runCodeIgniter(Object(CodeIgniter\CodeIgniter))
 8 FCPATH\index.php(56): CodeIgniter\Boot::bootWeb(Object(Config\Paths))
CRITICAL - 2025-04-04 22:21:06 --> ErrorException: Undefined array key "notice_flg"
[Method: GET, Route: /]
in APPPATH\Views\home\index.php on line 13.
 1 APPPATH\Views\home\index.php(13): CodeIgniter\Debug\Exceptions->errorHandler(2, 'Undefined array key "notice_flg"', 'C:\\xampp\\htdocs\\kasugaikyudo\\production\\app\\Views\\home\\index.php', 13)
 2 SYSTEMPATH\View\View.php(234): include('C:\\xampp\\htdocs\\kasugaikyudo\\production\\app\\Views\\home\\index.php')
 3 SYSTEMPATH\View\View.php(237): CodeIgniter\View\View->CodeIgniter\View\{closure}()
 4 SYSTEMPATH\Common.php(1171): CodeIgniter\View\View->render('home/index', [], true)
 5 APPPATH\Controllers\Home.php(37): view('home/index')
 6 SYSTEMPATH\CodeIgniter.php(933): App\Controllers\Home->index()
 7 SYSTEMPATH\CodeIgniter.php(509): CodeIgniter\CodeIgniter->runController(Object(App\Controllers\Home))
 8 SYSTEMPATH\CodeIgniter.php(355): CodeIgniter\CodeIgniter->handleRequest(null, Object(Config\Cache), false)
 9 SYSTEMPATH\Boot.php(325): CodeIgniter\CodeIgniter->run()
10 SYSTEMPATH\Boot.php(67): CodeIgniter\Boot::runCodeIgniter(Object(CodeIgniter\CodeIgniter))
11 FCPATH\index.php(56): CodeIgniter\Boot::bootWeb(Object(Config\Paths))
CRITICAL - 2025-04-04 22:21:30 --> ErrorException: Undefined array key "notice_flg"
[Method: GET, Route: /]
in APPPATH\Views\home\index.php on line 13.
 1 APPPATH\Views\home\index.php(13): CodeIgniter\Debug\Exceptions->errorHandler(2, 'Undefined array key "notice_flg"', 'C:\\xampp\\htdocs\\kasugaikyudo\\production\\app\\Views\\home\\index.php', 13)
 2 SYSTEMPATH\View\View.php(234): include('C:\\xampp\\htdocs\\kasugaikyudo\\production\\app\\Views\\home\\index.php')
 3 SYSTEMPATH\View\View.php(237): CodeIgniter\View\View->CodeIgniter\View\{closure}()
 4 SYSTEMPATH\Common.php(1171): CodeIgniter\View\View->render('home/index', [], true)
 5 APPPATH\Controllers\Home.php(37): view('home/index')
 6 SYSTEMPATH\CodeIgniter.php(933): App\Controllers\Home->index()
 7 SYSTEMPATH\CodeIgniter.php(509): CodeIgniter\CodeIgniter->runController(Object(App\Controllers\Home))
 8 SYSTEMPATH\CodeIgniter.php(355): CodeIgniter\CodeIgniter->handleRequest(null, Object(Config\Cache), false)
 9 SYSTEMPATH\Boot.php(325): CodeIgniter\CodeIgniter->run()
10 SYSTEMPATH\Boot.php(67): CodeIgniter\Boot::runCodeIgniter(Object(CodeIgniter\CodeIgniter))
11 FCPATH\index.php(56): CodeIgniter\Boot::bootWeb(Object(Config\Paths))
CRITICAL - 2025-04-04 22:21:51 --> ErrorException: Undefined array key "notice_flg"
[Method: GET, Route: /]
in APPPATH\Views\home\index.php on line 13.
 1 APPPATH\Views\home\index.php(13): CodeIgniter\Debug\Exceptions->errorHandler(2, 'Undefined array key "notice_flg"', 'C:\\xampp\\htdocs\\kasugaikyudo\\production\\app\\Views\\home\\index.php', 13)
 2 SYSTEMPATH\View\View.php(234): include('C:\\xampp\\htdocs\\kasugaikyudo\\production\\app\\Views\\home\\index.php')
 3 SYSTEMPATH\View\View.php(237): CodeIgniter\View\View->CodeIgniter\View\{closure}()
 4 SYSTEMPATH\Common.php(1171): CodeIgniter\View\View->render('home/index', [], true)
 5 APPPATH\Controllers\Home.php(37): view('home/index')
 6 SYSTEMPATH\CodeIgniter.php(933): App\Controllers\Home->index()
 7 SYSTEMPATH\CodeIgniter.php(509): CodeIgniter\CodeIgniter->runController(Object(App\Controllers\Home))
 8 SYSTEMPATH\CodeIgniter.php(355): CodeIgniter\CodeIgniter->handleRequest(null, Object(Config\Cache), false)
 9 SYSTEMPATH\Boot.php(325): CodeIgniter\CodeIgniter->run()
10 SYSTEMPATH\Boot.php(67): CodeIgniter\Boot::runCodeIgniter(Object(CodeIgniter\CodeIgniter))
11 FCPATH\index.php(56): CodeIgniter\Boot::bootWeb(Object(Config\Paths))
CRITICAL - 2025-04-04 22:22:46 --> ErrorException: Undefined array key "notice_flg"
[Method: GET, Route: /]
in APPPATH\Views\home\index.php on line 13.
 1 APPPATH\Views\home\index.php(13): CodeIgniter\Debug\Exceptions->errorHandler(2, 'Undefined array key "notice_flg"', 'C:\\xampp\\htdocs\\kasugaikyudo\\production\\app\\Views\\home\\index.php', 13)
 2 SYSTEMPATH\View\View.php(234): include('C:\\xampp\\htdocs\\kasugaikyudo\\production\\app\\Views\\home\\index.php')
 3 SYSTEMPATH\View\View.php(237): CodeIgniter\View\View->CodeIgniter\View\{closure}()
 4 SYSTEMPATH\Common.php(1171): CodeIgniter\View\View->render('home/index', [], true)
 5 APPPATH\Controllers\Home.php(37): view('home/index')
 6 SYSTEMPATH\CodeIgniter.php(933): App\Controllers\Home->index()
 7 SYSTEMPATH\CodeIgniter.php(509): CodeIgniter\CodeIgniter->runController(Object(App\Controllers\Home))
 8 SYSTEMPATH\CodeIgniter.php(355): CodeIgniter\CodeIgniter->handleRequest(null, Object(Config\Cache), false)
 9 SYSTEMPATH\Boot.php(325): CodeIgniter\CodeIgniter->run()
10 SYSTEMPATH\Boot.php(67): CodeIgniter\Boot::runCodeIgniter(Object(CodeIgniter\CodeIgniter))
11 FCPATH\index.php(56): CodeIgniter\Boot::bootWeb(Object(Config\Paths))
CRITICAL - 2025-04-04 22:24:58 --> ErrorException: Undefined array key "notice_flg"
[Method: GET, Route: /]
in APPPATH\Views\home\index.php on line 13.
 1 APPPATH\Views\home\index.php(13): CodeIgniter\Debug\Exceptions->errorHandler(2, 'Undefined array key "notice_flg"', 'C:\\xampp\\htdocs\\kasugaikyudo\\production\\app\\Views\\home\\index.php', 13)
 2 SYSTEMPATH\View\View.php(234): include('C:\\xampp\\htdocs\\kasugaikyudo\\production\\app\\Views\\home\\index.php')
 3 SYSTEMPATH\View\View.php(237): CodeIgniter\View\View->CodeIgniter\View\{closure}()
 4 SYSTEMPATH\Common.php(1171): CodeIgniter\View\View->render('home/index', [], true)
 5 APPPATH\Controllers\Home.php(36): view('home/index')
 6 SYSTEMPATH\CodeIgniter.php(933): App\Controllers\Home->index()
 7 SYSTEMPATH\CodeIgniter.php(509): CodeIgniter\CodeIgniter->runController(Object(App\Controllers\Home))
 8 SYSTEMPATH\CodeIgniter.php(355): CodeIgniter\CodeIgniter->handleRequest(null, Object(Config\Cache), false)
 9 SYSTEMPATH\Boot.php(325): CodeIgniter\CodeIgniter->run()
10 SYSTEMPATH\Boot.php(67): CodeIgniter\Boot::runCodeIgniter(Object(CodeIgniter\CodeIgniter))
11 FCPATH\index.php(56): CodeIgniter\Boot::bootWeb(Object(Config\Paths))
CRITICAL - 2025-04-04 22:28:07 --> Error: Call to undefined method App\Libraries\LoginLibrarie::get_member_data()
[Method: GET, Route: /]
in APPPATH\Libraries\LoginLibrarie.php on line 33.
 1 APPPATH\Controllers\Home.php(18): App\Libraries\LoginLibrarie->login_check()
 2 SYSTEMPATH\CodeIgniter.php(933): App\Controllers\Home->index()
 3 SYSTEMPATH\CodeIgniter.php(509): CodeIgniter\CodeIgniter->runController(Object(App\Controllers\Home))
 4 SYSTEMPATH\CodeIgniter.php(355): CodeIgniter\CodeIgniter->handleRequest(null, Object(Config\Cache), false)
 5 SYSTEMPATH\Boot.php(325): CodeIgniter\CodeIgniter->run()
 6 SYSTEMPATH\Boot.php(67): CodeIgniter\Boot::runCodeIgniter(Object(CodeIgniter\CodeIgniter))
 7 FCPATH\index.php(56): CodeIgniter\Boot::bootWeb(Object(Config\Paths))
CRITICAL - 2025-04-04 22:28:32 --> ErrorException: Undefined property: App\Libraries\LoginLibrarie::$CommonController
[Method: GET, Route: /]
in APPPATH\Libraries\LoginLibrarie.php on line 33.
 1 APPPATH\Libraries\LoginLibrarie.php(33): CodeIgniter\Debug\Exceptions->errorHandler(2, 'Undefined property: App\\Libraries\\LoginLibrarie::$CommonController', 'C:\\xampp\\htdocs\\kasugaikyudo\\production\\app\\Libraries\\LoginLibrarie.php', 33)
 2 APPPATH\Controllers\Home.php(18): App\Libraries\LoginLibrarie->login_check()
 3 SYSTEMPATH\CodeIgniter.php(933): App\Controllers\Home->index()
 4 SYSTEMPATH\CodeIgniter.php(509): CodeIgniter\CodeIgniter->runController(Object(App\Controllers\Home))
 5 SYSTEMPATH\CodeIgniter.php(355): CodeIgniter\CodeIgniter->handleRequest(null, Object(Config\Cache), false)
 6 SYSTEMPATH\Boot.php(325): CodeIgniter\CodeIgniter->run()
 7 SYSTEMPATH\Boot.php(67): CodeIgniter\Boot::runCodeIgniter(Object(CodeIgniter\CodeIgniter))
 8 FCPATH\index.php(56): CodeIgniter\Boot::bootWeb(Object(Config\Paths))
CRITICAL - 2025-04-04 22:33:18 --> ErrorException: Undefined property: App\Libraries\LoginLibrarie::$CommonController
[Method: GET, Route: /]
in APPPATH\Libraries\LoginLibrarie.php on line 33.
 1 APPPATH\Libraries\LoginLibrarie.php(33): CodeIgniter\Debug\Exceptions->errorHandler(2, 'Undefined property: App\\Libraries\\LoginLibrarie::$CommonController', 'C:\\xampp\\htdocs\\kasugaikyudo\\production\\app\\Libraries\\LoginLibrarie.php', 33)
 2 APPPATH\Controllers\Home.php(18): App\Libraries\LoginLibrarie->login_check()
 3 SYSTEMPATH\CodeIgniter.php(933): App\Controllers\Home->index()
 4 SYSTEMPATH\CodeIgniter.php(509): CodeIgniter\CodeIgniter->runController(Object(App\Controllers\Home))
 5 SYSTEMPATH\CodeIgniter.php(355): CodeIgniter\CodeIgniter->handleRequest(null, Object(Config\Cache), false)
 6 SYSTEMPATH\Boot.php(325): CodeIgniter\CodeIgniter->run()
 7 SYSTEMPATH\Boot.php(67): CodeIgniter\Boot::runCodeIgniter(Object(CodeIgniter\CodeIgniter))
 8 FCPATH\index.php(56): CodeIgniter\Boot::bootWeb(Object(Config\Paths))
CRITICAL - 2025-04-04 22:34:19 --> ErrorException: Undefined property: App\Libraries\LoginLibrarie::$CommonController
[Method: GET, Route: /]
in APPPATH\Libraries\LoginLibrarie.php on line 33.
 1 APPPATH\Libraries\LoginLibrarie.php(33): CodeIgniter\Debug\Exceptions->errorHandler(2, 'Undefined property: App\\Libraries\\LoginLibrarie::$CommonController', 'C:\\xampp\\htdocs\\kasugaikyudo\\production\\app\\Libraries\\LoginLibrarie.php', 33)
 2 APPPATH\Controllers\Home.php(18): App\Libraries\LoginLibrarie->login_check()
 3 SYSTEMPATH\CodeIgniter.php(933): App\Controllers\Home->index()
 4 SYSTEMPATH\CodeIgniter.php(509): CodeIgniter\CodeIgniter->runController(Object(App\Controllers\Home))
 5 SYSTEMPATH\CodeIgniter.php(355): CodeIgniter\CodeIgniter->handleRequest(null, Object(Config\Cache), false)
 6 SYSTEMPATH\Boot.php(325): CodeIgniter\CodeIgniter->run()
 7 SYSTEMPATH\Boot.php(67): CodeIgniter\Boot::runCodeIgniter(Object(CodeIgniter\CodeIgniter))
 8 FCPATH\index.php(56): CodeIgniter\Boot::bootWeb(Object(Config\Paths))
