ERROR - 2025-05-08 22:52:22 --> Email: sendWithMail throwed ErrorException: mail(): Failed to connect to mailserver at &quot;localhost&quot; port 25, verify your &quot;SMTP&quot; and &quot;smtp_port&quot; setting in php.ini or use ini_set() in C:\xampp_htdocs\kasugaikyudo\production\system\Email\Email.php:1762
Stack trace:
#0 [internal function]: CodeIgniter\Debug\Exceptions->errorHandler(2, 'mail(): Failed ...', 'C:\\xampp_htdocs...', 1762)
#1 C:\xampp_htdocs\kasugaikyudo\production\system\Email\Email.php(1762): mail('imai.0221@gmail...', '=?UTF-8?Q?=E3=8...', '\xE5\xAF\xA9\xE6\x9F\xBB\xE7\x94\xB3\xE8\xBE\xBC\xE3\x81\x8C...', 'Date: Thu, 8 Ma...', '-f k.kyudo.xamp...')
#2 C:\xampp_htdocs\kasugaikyudo\production\system\Email\Email.php(1694): CodeIgniter\Email\Email->sendWithMail()
#3 C:\xampp_htdocs\kasugaikyudo\production\system\Email\Email.php(1589): CodeIgniter\Email\Email->spoolEmail()
#4 C:\xampp_htdocs\kasugaikyudo\production\app\Libraries\ShinsaLibrarie.php(155): CodeIgniter\Email\Email->send()
#5 C:\xampp_htdocs\kasugaikyudo\production\app\Controllers\Shinsa.php(134): App\Libraries\ShinsaLibrarie->shinsa_request_member(3, 7, Array, 'join')
#6 C:\xampp_htdocs\kasugaikyudo\production\system\CodeIgniter.php(933): App\Controllers\Shinsa->ajax_shinsa_request()
#7 C:\xampp_htdocs\kasugaikyudo\production\system\CodeIgniter.php(509): CodeIgniter\CodeIgniter->runController(Object(App\Controllers\Shinsa))
#8 C:\xampp_htdocs\kasugaikyudo\production\system\CodeIgniter.php(355): CodeIgniter\CodeIgniter->handleRequest(NULL, Object(Config\Cache), false)
#9 C:\xampp_htdocs\kasugaikyudo\production\system\Boot.php(325): CodeIgniter\CodeIgniter->run()
#10 C:\xampp_htdocs\kasugaikyudo\production\system\Boot.php(67): CodeIgniter\Boot::runCodeIgniter(Object(CodeIgniter\CodeIgniter))
#11 C:\xampp_htdocs\kasugaikyudo\production\index.php(56): CodeIgniter\Boot::bootWeb(Object(Config\Paths))
#12 {main}
ERROR - 2025-05-08 22:52:22 --> Email: Unable to send email using PHP mail(). Your server might not be configured to send mail using this method.
ERROR - 2025-05-08 22:52:22 --> 
ERROR - 2025-05-08 22:52:43 --> Email: sendWithMail throwed ErrorException: mail(): Failed to connect to mailserver at &quot;localhost&quot; port 25, verify your &quot;SMTP&quot; and &quot;smtp_port&quot; setting in php.ini or use ini_set() in C:\xampp_htdocs\kasugaikyudo\production\system\Email\Email.php:1762
Stack trace:
#0 [internal function]: CodeIgniter\Debug\Exceptions->errorHandler(2, 'mail(): Failed ...', 'C:\\xampp_htdocs...', 1762)
#1 C:\xampp_htdocs\kasugaikyudo\production\system\Email\Email.php(1762): mail('imai.0221@gmail...', '=?UTF-8?Q?=E3=8...', '\xE5\xAF\xA9\xE6\x9F\xBB\xE7\x94\xB3\xE8\xBE\xBC\xE3\x82\xAD...', 'Date: Thu, 8 Ma...', '-f k.kyudo.xamp...')
#2 C:\xampp_htdocs\kasugaikyudo\production\system\Email\Email.php(1694): CodeIgniter\Email\Email->sendWithMail()
#3 C:\xampp_htdocs\kasugaikyudo\production\system\Email\Email.php(1589): CodeIgniter\Email\Email->spoolEmail()
#4 C:\xampp_htdocs\kasugaikyudo\production\app\Libraries\ShinsaLibrarie.php(155): CodeIgniter\Email\Email->send()
#5 C:\xampp_htdocs\kasugaikyudo\production\app\Controllers\Shinsa.php(134): App\Libraries\ShinsaLibrarie->shinsa_request_member(3, 7, Array, 'cancel')
#6 C:\xampp_htdocs\kasugaikyudo\production\system\CodeIgniter.php(933): App\Controllers\Shinsa->ajax_shinsa_request()
#7 C:\xampp_htdocs\kasugaikyudo\production\system\CodeIgniter.php(509): CodeIgniter\CodeIgniter->runController(Object(App\Controllers\Shinsa))
#8 C:\xampp_htdocs\kasugaikyudo\production\system\CodeIgniter.php(355): CodeIgniter\CodeIgniter->handleRequest(NULL, Object(Config\Cache), false)
#9 C:\xampp_htdocs\kasugaikyudo\production\system\Boot.php(325): CodeIgniter\CodeIgniter->run()
#10 C:\xampp_htdocs\kasugaikyudo\production\system\Boot.php(67): CodeIgniter\Boot::runCodeIgniter(Object(CodeIgniter\CodeIgniter))
#11 C:\xampp_htdocs\kasugaikyudo\production\index.php(56): CodeIgniter\Boot::bootWeb(Object(Config\Paths))
#12 {main}
ERROR - 2025-05-08 22:52:43 --> Email: Unable to send email using PHP mail(). Your server might not be configured to send mail using this method.
ERROR - 2025-05-08 22:52:43 --> 
ERROR - 2025-05-08 22:53:40 --> Email: sendWithMail throwed ErrorException: mail(): Failed to connect to mailserver at &quot;localhost&quot; port 25, verify your &quot;SMTP&quot; and &quot;smtp_port&quot; setting in php.ini or use ini_set() in C:\xampp_htdocs\kasugaikyudo\production\system\Email\Email.php:1762
Stack trace:
#0 [internal function]: CodeIgniter\Debug\Exceptions->errorHandler(2, 'mail(): Failed ...', 'C:\\xampp_htdocs...', 1762)
#1 C:\xampp_htdocs\kasugaikyudo\production\system\Email\Email.php(1762): mail('imai.0221@gmail...', '=?UTF-8?Q?=E3=8...', '\xE5\xAF\xA9\xE6\x9F\xBB\xE7\x94\xB3\xE8\xBE\xBC\xE3\x81\x8C...', 'Date: Thu, 8 Ma...', '-f k.kyudo.xamp...')
#2 C:\xampp_htdocs\kasugaikyudo\production\system\Email\Email.php(1694): CodeIgniter\Email\Email->sendWithMail()
#3 C:\xampp_htdocs\kasugaikyudo\production\system\Email\Email.php(1589): CodeIgniter\Email\Email->spoolEmail()
#4 C:\xampp_htdocs\kasugaikyudo\production\app\Libraries\ShinsaLibrarie.php(155): CodeIgniter\Email\Email->send()
#5 C:\xampp_htdocs\kasugaikyudo\production\app\Controllers\Shinsa.php(134): App\Libraries\ShinsaLibrarie->shinsa_request_member(3, 7, Array, 'join')
#6 C:\xampp_htdocs\kasugaikyudo\production\system\CodeIgniter.php(933): App\Controllers\Shinsa->ajax_shinsa_request()
#7 C:\xampp_htdocs\kasugaikyudo\production\system\CodeIgniter.php(509): CodeIgniter\CodeIgniter->runController(Object(App\Controllers\Shinsa))
#8 C:\xampp_htdocs\kasugaikyudo\production\system\CodeIgniter.php(355): CodeIgniter\CodeIgniter->handleRequest(NULL, Object(Config\Cache), false)
#9 C:\xampp_htdocs\kasugaikyudo\production\system\Boot.php(325): CodeIgniter\CodeIgniter->run()
#10 C:\xampp_htdocs\kasugaikyudo\production\system\Boot.php(67): CodeIgniter\Boot::runCodeIgniter(Object(CodeIgniter\CodeIgniter))
#11 C:\xampp_htdocs\kasugaikyudo\production\index.php(56): CodeIgniter\Boot::bootWeb(Object(Config\Paths))
#12 {main}
ERROR - 2025-05-08 22:53:40 --> Email: Unable to send email using PHP mail(). Your server might not be configured to send mail using this method.
ERROR - 2025-05-08 22:53:40 --> 
