CRITICAL - 2025-06-19 22:51:49 --> ErrorException: Undefined property: App\Controllers\Kyokai::$shinsaLibrarie
[Method: GET, Route: kyokai/detail/29]
in APPPATH\Controllers\Kyokai.php on line 68.
 1 APPPATH\Controllers\Kyokai.php(68): CodeIgniter\Debug\Exceptions->errorHandler(2, 'Undefined property: App\\Controllers\\Kyokai::$shinsaLibrarie', 'C:\\xampp_htdocs\\kasugaikyudo\\production\\app\\Controllers\\Kyokai.php', 68)
 2 SYSTEMPATH\CodeIgniter.php(933): App\Controllers\Kyokai->detail('29')
 3 SYSTEMPATH\CodeIgniter.php(509): CodeIgniter\CodeIgniter->runController(Object(App\Controllers\Kyokai))
 4 SYSTEMPATH\CodeIgniter.php(355): CodeIgniter\CodeIgniter->handleRequest(null, Object(Config\Cache), false)
 5 SYSTEMPATH\Boot.php(325): CodeIgniter\CodeIgniter->run()
 6 SYSTEMPATH\Boot.php(67): CodeIgniter\Boot::runCodeIgniter(Object(CodeIgniter\CodeIgniter))
 7 FCPATH\index.php(56): CodeIgniter\Boot::bootWeb(Object(Config\Paths))
CRITICAL - 2025-06-19 23:00:12 --> ErrorException: Undefined property: App\Controllers\Kyokai::$shinsaLibrarie
[Method: GET, Route: kyokai/detail/29]
in APPPATH\Controllers\Kyokai.php on line 68.
 1 APPPATH\Controllers\Kyokai.php(68): CodeIgniter\Debug\Exceptions->errorHandler(2, 'Undefined property: App\\Controllers\\Kyokai::$shinsaLibrarie', 'C:\\xampp_htdocs\\kasugaikyudo\\production\\app\\Controllers\\Kyokai.php', 68)
 2 SYSTEMPATH\CodeIgniter.php(933): App\Controllers\Kyokai->detail('29')
 3 SYSTEMPATH\CodeIgniter.php(509): CodeIgniter\CodeIgniter->runController(Object(App\Controllers\Kyokai))
 4 SYSTEMPATH\CodeIgniter.php(355): CodeIgniter\CodeIgniter->handleRequest(null, Object(Config\Cache), false)
 5 SYSTEMPATH\Boot.php(325): CodeIgniter\CodeIgniter->run()
 6 SYSTEMPATH\Boot.php(67): CodeIgniter\Boot::runCodeIgniter(Object(CodeIgniter\CodeIgniter))
 7 FCPATH\index.php(56): CodeIgniter\Boot::bootWeb(Object(Config\Paths))
CRITICAL - 2025-06-19 23:00:16 --> ErrorException: Undefined property: App\Controllers\Kyokai::$shinsaLibrarie
[Method: GET, Route: kyokai/detail/29]
in APPPATH\Controllers\Kyokai.php on line 68.
 1 APPPATH\Controllers\Kyokai.php(68): CodeIgniter\Debug\Exceptions->errorHandler(2, 'Undefined property: App\\Controllers\\Kyokai::$shinsaLibrarie', 'C:\\xampp_htdocs\\kasugaikyudo\\production\\app\\Controllers\\Kyokai.php', 68)
 2 SYSTEMPATH\CodeIgniter.php(933): App\Controllers\Kyokai->detail('29')
 3 SYSTEMPATH\CodeIgniter.php(509): CodeIgniter\CodeIgniter->runController(Object(App\Controllers\Kyokai))
 4 SYSTEMPATH\CodeIgniter.php(355): CodeIgniter\CodeIgniter->handleRequest(null, Object(Config\Cache), false)
 5 SYSTEMPATH\Boot.php(325): CodeIgniter\CodeIgniter->run()
 6 SYSTEMPATH\Boot.php(67): CodeIgniter\Boot::runCodeIgniter(Object(CodeIgniter\CodeIgniter))
 7 FCPATH\index.php(56): CodeIgniter\Boot::bootWeb(Object(Config\Paths))
CRITICAL - 2025-06-19 23:00:25 --> ErrorException: Undefined property: App\Controllers\Kyokai::$shinsaLibrarie
[Method: GET, Route: kyokai/detail/29]
in APPPATH\Controllers\Kyokai.php on line 68.
 1 APPPATH\Controllers\Kyokai.php(68): CodeIgniter\Debug\Exceptions->errorHandler(2, 'Undefined property: App\\Controllers\\Kyokai::$shinsaLibrarie', 'C:\\xampp_htdocs\\kasugaikyudo\\production\\app\\Controllers\\Kyokai.php', 68)
 2 SYSTEMPATH\CodeIgniter.php(933): App\Controllers\Kyokai->detail('29')
 3 SYSTEMPATH\CodeIgniter.php(509): CodeIgniter\CodeIgniter->runController(Object(App\Controllers\Kyokai))
 4 SYSTEMPATH\CodeIgniter.php(355): CodeIgniter\CodeIgniter->handleRequest(null, Object(Config\Cache), false)
 5 SYSTEMPATH\Boot.php(325): CodeIgniter\CodeIgniter->run()
 6 SYSTEMPATH\Boot.php(67): CodeIgniter\Boot::runCodeIgniter(Object(CodeIgniter\CodeIgniter))
 7 FCPATH\index.php(56): CodeIgniter\Boot::bootWeb(Object(Config\Paths))
CRITICAL - 2025-06-19 23:00:50 --> TypeError: App\Models\KyokaiModel::get_event_detail(): Return value must be of type array, none returned
[Method: GET, Route: kyokai/detail/29]
in APPPATH\Models\KyokaiModel.php on line 100.
 1 APPPATH\Libraries\KyokaiLibrarie.php(46): App\Models\KyokaiModel->get_event_detail(29)
 2 APPPATH\Controllers\Kyokai.php(68): App\Libraries\KyokaiLibrarie->get_event_detail(29)
 3 SYSTEMPATH\CodeIgniter.php(933): App\Controllers\Kyokai->detail('29')
 4 SYSTEMPATH\CodeIgniter.php(509): CodeIgniter\CodeIgniter->runController(Object(App\Controllers\Kyokai))
 5 SYSTEMPATH\CodeIgniter.php(355): CodeIgniter\CodeIgniter->handleRequest(null, Object(Config\Cache), false)
 6 SYSTEMPATH\Boot.php(325): CodeIgniter\CodeIgniter->run()
 7 SYSTEMPATH\Boot.php(67): CodeIgniter\Boot::runCodeIgniter(Object(CodeIgniter\CodeIgniter))
 8 FCPATH\index.php(56): CodeIgniter\Boot::bootWeb(Object(Config\Paths))
CRITICAL - 2025-06-19 23:01:22 --> TypeError: App\Models\KyokaiModel::get_event_detail(): Return value must be of type array, none returned
[Method: GET, Route: kyokai/detail/29]
in APPPATH\Models\KyokaiModel.php on line 100.
 1 APPPATH\Libraries\KyokaiLibrarie.php(46): App\Models\KyokaiModel->get_event_detail(29)
 2 APPPATH\Controllers\Kyokai.php(68): App\Libraries\KyokaiLibrarie->get_event_detail(29)
 3 SYSTEMPATH\CodeIgniter.php(933): App\Controllers\Kyokai->detail('29')
 4 SYSTEMPATH\CodeIgniter.php(509): CodeIgniter\CodeIgniter->runController(Object(App\Controllers\Kyokai))
 5 SYSTEMPATH\CodeIgniter.php(355): CodeIgniter\CodeIgniter->handleRequest(null, Object(Config\Cache), false)
 6 SYSTEMPATH\Boot.php(325): CodeIgniter\CodeIgniter->run()
 7 SYSTEMPATH\Boot.php(67): CodeIgniter\Boot::runCodeIgniter(Object(CodeIgniter\CodeIgniter))
 8 FCPATH\index.php(56): CodeIgniter\Boot::bootWeb(Object(Config\Paths))
CRITICAL - 2025-06-19 23:02:28 --> TypeError: App\Models\KyokaiModel::get_event_detail(): Return value must be of type array, none returned
[Method: GET, Route: kyokai/detail/29]
in APPPATH\Models\KyokaiModel.php on line 100.
 1 APPPATH\Libraries\KyokaiLibrarie.php(46): App\Models\KyokaiModel->get_event_detail(29)
 2 APPPATH\Controllers\Kyokai.php(68): App\Libraries\KyokaiLibrarie->get_event_detail(29)
 3 SYSTEMPATH\CodeIgniter.php(933): App\Controllers\Kyokai->detail('29')
 4 SYSTEMPATH\CodeIgniter.php(509): CodeIgniter\CodeIgniter->runController(Object(App\Controllers\Kyokai))
 5 SYSTEMPATH\CodeIgniter.php(355): CodeIgniter\CodeIgniter->handleRequest(null, Object(Config\Cache), false)
 6 SYSTEMPATH\Boot.php(325): CodeIgniter\CodeIgniter->run()
 7 SYSTEMPATH\Boot.php(67): CodeIgniter\Boot::runCodeIgniter(Object(CodeIgniter\CodeIgniter))
 8 FCPATH\index.php(56): CodeIgniter\Boot::bootWeb(Object(Config\Paths))
CRITICAL - 2025-06-19 23:03:55 --> ErrorException: Undefined variable $memberGradeDeta
[Method: GET, Route: kyokai/detail/29]
in APPPATH\Controllers\Kyokai.php on line 82.
 1 APPPATH\Controllers\Kyokai.php(82): CodeIgniter\Debug\Exceptions->errorHandler(2, 'Undefined variable $memberGradeDeta', 'C:\\xampp_htdocs\\kasugaikyudo\\production\\app\\Controllers\\Kyokai.php', 82)
 2 SYSTEMPATH\CodeIgniter.php(933): App\Controllers\Kyokai->detail('29')
 3 SYSTEMPATH\CodeIgniter.php(509): CodeIgniter\CodeIgniter->runController(Object(App\Controllers\Kyokai))
 4 SYSTEMPATH\CodeIgniter.php(355): CodeIgniter\CodeIgniter->handleRequest(null, Object(Config\Cache), false)
 5 SYSTEMPATH\Boot.php(325): CodeIgniter\CodeIgniter->run()
 6 SYSTEMPATH\Boot.php(67): CodeIgniter\Boot::runCodeIgniter(Object(CodeIgniter\CodeIgniter))
 7 FCPATH\index.php(56): CodeIgniter\Boot::bootWeb(Object(Config\Paths))
CRITICAL - 2025-06-19 23:04:42 --> ErrorException: Undefined variable $memberGradeDeta
[Method: GET, Route: kyokai/detail/29]
in APPPATH\Controllers\Kyokai.php on line 82.
 1 APPPATH\Controllers\Kyokai.php(82): CodeIgniter\Debug\Exceptions->errorHandler(2, 'Undefined variable $memberGradeDeta', 'C:\\xampp_htdocs\\kasugaikyudo\\production\\app\\Controllers\\Kyokai.php', 82)
 2 SYSTEMPATH\CodeIgniter.php(933): App\Controllers\Kyokai->detail('29')
 3 SYSTEMPATH\CodeIgniter.php(509): CodeIgniter\CodeIgniter->runController(Object(App\Controllers\Kyokai))
 4 SYSTEMPATH\CodeIgniter.php(355): CodeIgniter\CodeIgniter->handleRequest(null, Object(Config\Cache), false)
 5 SYSTEMPATH\Boot.php(325): CodeIgniter\CodeIgniter->run()
 6 SYSTEMPATH\Boot.php(67): CodeIgniter\Boot::runCodeIgniter(Object(CodeIgniter\CodeIgniter))
 7 FCPATH\index.php(56): CodeIgniter\Boot::bootWeb(Object(Config\Paths))
