CRITICAL - 2025-04-07 22:59:51 --> CodeIgniter\Database\Exceptions\DatabaseException: You must set the database table to be used with your query.
[Method: GET, Route: workshop]
in SYSTEMPATH\Database\BaseConnection.php on line 927.
 1 SYSTEMPATH\Model.php(716): CodeIgniter\Database\BaseConnection->table(null)
 2 SYSTEMPATH\Model.php(922): CodeIgniter\Model->builder()
 3 APPPATH\Models\WorkshopModel.php(55): CodeIgniter\Model->__call('get_result_array', [...])
 4 APPPATH\Libraries\WorkshopLibrarie.php(29): App\Models\WorkshopModel->get_workshop_list(25, 1)
 5 APPPATH\Controllers\Workshop.php(36): App\Libraries\WorkshopLibrarie->get_workshop_list(25, [...])
 6 SYSTEMPATH\CodeIgniter.php(933): App\Controllers\Workshop->index()
 7 SYSTEMPATH\CodeIgniter.php(509): CodeIgniter\CodeIgniter->runController(Object(App\Controllers\Workshop))
 8 SYSTEMPATH\CodeIgniter.php(355): CodeIgniter\CodeIgniter->handleRequest(null, Object(Config\Cache), false)
 9 SYSTEMPATH\Boot.php(325): CodeIgniter\CodeIgniter->run()
10 SYSTEMPATH\Boot.php(67): CodeIgniter\Boot::runCodeIgniter(Object(CodeIgniter\CodeIgniter))
11 FCPATH\index.php(56): CodeIgniter\Boot::bootWeb(Object(Config\Paths))
CRITICAL - 2025-04-07 23:07:20 --> ErrorException: Undefined variable $workshopList
[Method: GET, Route: workshop]
in APPPATH\Views\workshop\index.php on line 6.
 1 APPPATH\Views\workshop\index.php(6): CodeIgniter\Debug\Exceptions->errorHandler(2, 'Undefined variable $workshopList', 'C:\\xampp\\htdocs\\kasugaikyudo\\production\\app\\Views\\workshop\\index.php', 6)
 2 SYSTEMPATH\View\View.php(234): include('C:\\xampp\\htdocs\\kasugaikyudo\\production\\app\\Views\\workshop\\index.php')
 3 SYSTEMPATH\View\View.php(237): CodeIgniter\View\View->CodeIgniter\View\{closure}()
 4 SYSTEMPATH\Common.php(1171): CodeIgniter\View\View->render('workshop/index', [], true)
 5 APPPATH\Controllers\Workshop.php(45): view('workshop/index')
 6 SYSTEMPATH\CodeIgniter.php(933): App\Controllers\Workshop->index()
 7 SYSTEMPATH\CodeIgniter.php(509): CodeIgniter\CodeIgniter->runController(Object(App\Controllers\Workshop))
 8 SYSTEMPATH\CodeIgniter.php(355): CodeIgniter\CodeIgniter->handleRequest(null, Object(Config\Cache), false)
 9 SYSTEMPATH\Boot.php(325): CodeIgniter\CodeIgniter->run()
10 SYSTEMPATH\Boot.php(67): CodeIgniter\Boot::runCodeIgniter(Object(CodeIgniter\CodeIgniter))
11 FCPATH\index.php(56): CodeIgniter\Boot::bootWeb(Object(Config\Paths))
CRITICAL - 2025-04-07 23:08:39 --> ErrorException: Undefined array key "seminar_date_st"
[Method: GET, Route: workshop]
in APPPATH\Helpers\workshop_helper.php on line 29.
 1 APPPATH\Helpers\workshop_helper.php(29): CodeIgniter\Debug\Exceptions->errorHandler(2, 'Undefined array key "seminar_date_st"', 'C:\\xampp\\htdocs\\kasugaikyudo\\production\\app\\Helpers\\workshop_helper.php', 29)
 2 APPPATH\Views\workshop\index.php(6): get_workshop_tab_html([...])
 3 SYSTEMPATH\View\View.php(234): include('C:\\xampp\\htdocs\\kasugaikyudo\\production\\app\\Views\\workshop\\index.php')
 4 SYSTEMPATH\View\View.php(237): CodeIgniter\View\View->CodeIgniter\View\{closure}()
 5 SYSTEMPATH\Common.php(1171): CodeIgniter\View\View->render('workshop/index', [], true)
 6 APPPATH\Controllers\Workshop.php(45): view('workshop/index')
 7 SYSTEMPATH\CodeIgniter.php(933): App\Controllers\Workshop->index()
 8 SYSTEMPATH\CodeIgniter.php(509): CodeIgniter\CodeIgniter->runController(Object(App\Controllers\Workshop))
 9 SYSTEMPATH\CodeIgniter.php(355): CodeIgniter\CodeIgniter->handleRequest(null, Object(Config\Cache), false)
10 SYSTEMPATH\Boot.php(325): CodeIgniter\CodeIgniter->run()
11 SYSTEMPATH\Boot.php(67): CodeIgniter\Boot::runCodeIgniter(Object(CodeIgniter\CodeIgniter))
12 FCPATH\index.php(56): CodeIgniter\Boot::bootWeb(Object(Config\Paths))
