CRITICAL - 2025-04-26 23:19:06 --> ArgumentCountError: Too few arguments to function App\Libraries\NoticeLibrarie::get_notice_detail(), 1 passed in C:\xampp_htdocs\kasugaikyudo\production\app\Controllers\Admin.php on line 86 and exactly 2 expected
[Method: POST, Route: admin/notice_revision]
in APPPATH\Libraries\NoticeLibrarie.php on line 43.
 1 APPPATH\Controllers\Admin.php(86): App\Libraries\NoticeLibrarie->get_notice_detail(20)
 2 SYSTEMPATH\CodeIgniter.php(933): App\Controllers\Admin->notice_revision()
 3 SYSTEMPATH\CodeIgniter.php(509): CodeIgniter\CodeIgniter->runController(Object(App\Controllers\Admin))
 4 SYSTEMPATH\CodeIgniter.php(355): CodeIgniter\CodeIgniter->handleRequest(null, Object(Config\Cache), false)
 5 SYSTEMPATH\Boot.php(325): CodeIgniter\CodeIgniter->run()
 6 SYSTEMPATH\Boot.php(67): CodeIgniter\Boot::runCodeIgniter(Object(CodeIgniter\CodeIgniter))
 7 FCPATH\index.php(56): CodeIgniter\Boot::bootWeb(Object(Config\Paths))
CRITICAL - 2025-04-26 23:19:59 --> ArgumentCountError: Too few arguments to function App\Libraries\NoticeLibrarie::get_notice_detail(), 1 passed in C:\xampp_htdocs\kasugaikyudo\production\app\Controllers\Admin.php on line 86 and exactly 2 expected
[Method: POST, Route: admin/notice_revision]
in APPPATH\Libraries\NoticeLibrarie.php on line 43.
 1 APPPATH\Controllers\Admin.php(86): App\Libraries\NoticeLibrarie->get_notice_detail(19)
 2 SYSTEMPATH\CodeIgniter.php(933): App\Controllers\Admin->notice_revision()
 3 SYSTEMPATH\CodeIgniter.php(509): CodeIgniter\CodeIgniter->runController(Object(App\Controllers\Admin))
 4 SYSTEMPATH\CodeIgniter.php(355): CodeIgniter\CodeIgniter->handleRequest(null, Object(Config\Cache), false)
 5 SYSTEMPATH\Boot.php(325): CodeIgniter\CodeIgniter->run()
 6 SYSTEMPATH\Boot.php(67): CodeIgniter\Boot::runCodeIgniter(Object(CodeIgniter\CodeIgniter))
 7 FCPATH\index.php(56): CodeIgniter\Boot::bootWeb(Object(Config\Paths))
