CRITICAL - 2025-07-23 22:48:21 --> Error: Class "App\Controllers\KyokaiLibrarie" not found
[Method: POST, Route: admin/event_revision]
in APPPATH\Controllers\CommonController.php on line 34.
 1 APPPATH\Controllers\Admin.php(12): App\Controllers\CommonController->__construct()
 2 SYSTEMPATH\CodeIgniter.php(903): App\Controllers\Admin->__construct()
 3 SYSTEMPATH\CodeIgniter.php(500): CodeIgniter\CodeIgniter->createController()
 4 SYSTEMPATH\CodeIgniter.php(355): CodeIgniter\CodeIgniter->handleRequest(null, Object(Config\Cache), false)
 5 SYSTEMPATH\Boot.php(325): CodeIgniter\CodeIgniter->run()
 6 SYSTEMPATH\Boot.php(67): CodeIgniter\Boot::runCodeIgniter(Object(CodeIgniter\CodeIgniter))
 7 FCPATH\index.php(56): CodeIgniter\Boot::bootWeb(Object(Config\Paths))
CRITICAL - 2025-07-23 22:49:43 --> ErrorException: Undefined array key ""
[Method: POST, Route: admin/event_revision]
in APPPATH\Controllers\Admin.php on line 158.
 1 APPPATH\Controllers\Admin.php(158): CodeIgniter\Debug\Exceptions->errorHandler(2, 'Undefined array key ""', 'C:\\xampp_htdocs\\kasugaikyudo\\production\\app\\Controllers\\Admin.php', 158)
 2 SYSTEMPATH\CodeIgniter.php(933): App\Controllers\Admin->event_revision()
 3 SYSTEMPATH\CodeIgniter.php(509): CodeIgniter\CodeIgniter->runController(Object(App\Controllers\Admin))
 4 SYSTEMPATH\CodeIgniter.php(355): CodeIgniter\CodeIgniter->handleRequest(null, Object(Config\Cache), false)
 5 SYSTEMPATH\Boot.php(325): CodeIgniter\CodeIgniter->run()
 6 SYSTEMPATH\Boot.php(67): CodeIgniter\Boot::runCodeIgniter(Object(CodeIgniter\CodeIgniter))
 7 FCPATH\index.php(56): CodeIgniter\Boot::bootWeb(Object(Config\Paths))
CRITICAL - 2025-07-23 23:01:05 --> ErrorException: Undefined variable $categoryNoticeList
[Method: POST, Route: admin/event_revision]
in APPPATH\Views\admin\kyokai\event_regist.php on line 10.
 1 APPPATH\Views\admin\kyokai\event_regist.php(10): CodeIgniter\Debug\Exceptions->errorHandler(2, 'Undefined variable $categoryNoticeList', 'C:\\xampp_htdocs\\kasugaikyudo\\production\\app\\Views\\admin\\kyokai\\event_regist.php', 10)
 2 SYSTEMPATH\View\View.php(234): include('C:\\xampp_htdocs\\kasugaikyudo\\production\\app\\Views\\admin\\kyokai\\event_regist.php')
 3 SYSTEMPATH\View\View.php(237): CodeIgniter\View\View->CodeIgniter\View\{closure}()
 4 SYSTEMPATH\Common.php(1171): CodeIgniter\View\View->render('admin/kyokai/event_regist', [], true)
 5 APPPATH\Controllers\Admin.php(186): view('admin/kyokai/event_regist')
 6 SYSTEMPATH\CodeIgniter.php(933): App\Controllers\Admin->event_revision()
 7 SYSTEMPATH\CodeIgniter.php(509): CodeIgniter\CodeIgniter->runController(Object(App\Controllers\Admin))
 8 SYSTEMPATH\CodeIgniter.php(355): CodeIgniter\CodeIgniter->handleRequest(null, Object(Config\Cache), false)
 9 SYSTEMPATH\Boot.php(325): CodeIgniter\CodeIgniter->run()
10 SYSTEMPATH\Boot.php(67): CodeIgniter\Boot::runCodeIgniter(Object(CodeIgniter\CodeIgniter))
11 FCPATH\index.php(56): CodeIgniter\Boot::bootWeb(Object(Config\Paths))
