CRITICAL - 2025-04-24 23:35:13 --> Error: Call to undefined method stdClass::move()
[Method: POST, Route: admin/member_list_file_proc]
in APPPATH\Libraries\AdminLibrarie.php on line 116.
 1 APPPATH\Controllers\Admin.php(318): App\Libraries\AdminLibrarie->member_list_files_proc(Object(CodeIgniter\HTTP\Files\UploadedFile), 65)
 2 SYSTEMPATH\CodeIgniter.php(933): App\Controllers\Admin->ajax_member_list_file_proc()
 3 SYSTEMPATH\CodeIgniter.php(509): CodeIgniter\CodeIgniter->runController(Object(App\Controllers\Admin))
 4 SYSTEMPATH\CodeIgniter.php(355): CodeIgniter\CodeIgniter->handleRequest(null, Object(Config\Cache), false)
 5 SYSTEMPATH\Boot.php(325): CodeIgniter\CodeIgniter->run()
 6 SYSTEMPATH\Boot.php(67): CodeIgniter\Boot::runCodeIgniter(Object(CodeIgniter\CodeIgniter))
 7 FCPATH\index.php(56): CodeIgniter\Boot::bootWeb(Object(Config\Paths))
CRITICAL - 2025-04-24 23:41:31 --> ErrorException: Undefined property: App\Controllers\Member::$memberModel
[Method: GET, Route: member]
in APPPATH\Controllers\Member.php on line 31.
 1 APPPATH\Controllers\Member.php(31): CodeIgniter\Debug\Exceptions->errorHandler(2, 'Undefined property: App\\Controllers\\Member::$memberModel', 'C:\\xampp_htdocs\\kasugaikyudo\\production\\app\\Controllers\\Member.php', 31)
 2 SYSTEMPATH\CodeIgniter.php(933): App\Controllers\Member->index()
 3 SYSTEMPATH\CodeIgniter.php(509): CodeIgniter\CodeIgniter->runController(Object(App\Controllers\Member))
 4 SYSTEMPATH\CodeIgniter.php(355): CodeIgniter\CodeIgniter->handleRequest(null, Object(Config\Cache), false)
 5 SYSTEMPATH\Boot.php(325): CodeIgniter\CodeIgniter->run()
 6 SYSTEMPATH\Boot.php(67): CodeIgniter\Boot::runCodeIgniter(Object(CodeIgniter\CodeIgniter))
 7 FCPATH\index.php(56): CodeIgniter\Boot::bootWeb(Object(Config\Paths))
CRITICAL - 2025-04-24 23:43:16 --> TypeError: App\Libraries\MemberLibrarie::get_member_list_file(): Return value must be of type array, stdClass returned
[Method: GET, Route: member]
in APPPATH\Libraries\MemberLibrarie.php on line 36.
 1 APPPATH\Controllers\Member.php(31): App\Libraries\MemberLibrarie->get_member_list_file()
 2 SYSTEMPATH\CodeIgniter.php(933): App\Controllers\Member->index()
 3 SYSTEMPATH\CodeIgniter.php(509): CodeIgniter\CodeIgniter->runController(Object(App\Controllers\Member))
 4 SYSTEMPATH\CodeIgniter.php(355): CodeIgniter\CodeIgniter->handleRequest(null, Object(Config\Cache), false)
 5 SYSTEMPATH\Boot.php(325): CodeIgniter\CodeIgniter->run()
 6 SYSTEMPATH\Boot.php(67): CodeIgniter\Boot::runCodeIgniter(Object(CodeIgniter\CodeIgniter))
 7 FCPATH\index.php(56): CodeIgniter\Boot::bootWeb(Object(Config\Paths))
