ERROR - 2025-07-08 22:14:09 --> Email: Unable to send email using PHP mail(). Your server might not be configured to send mail using this method.
ERROR - 2025-07-08 22:14:09 --> 
ERROR - 2025-07-08 22:14:36 --> Email: Unable to send email using PHP mail(). Your server might not be configured to send mail using this method.
ERROR - 2025-07-08 22:14:36 --> 
ERROR - 2025-07-08 22:24:34 --> Email: Unable to send email using PHP mail(). Your server might not be configured to send mail using this method.
ERROR - 2025-07-08 22:24:34 --> 
ERROR - 2025-07-08 22:24:46 --> Email: Unable to send email using PHP mail(). Your server might not be configured to send mail using this method.
ERROR - 2025-07-08 22:24:46 --> 
ERROR - 2025-07-08 23:20:12 --> mysqli_sql_exception: Table 'z0e6f_haruyumi.t_kyokai_event_info' doesn't exist in C:\xampp_htdocs\kasugaikyudo\production\system\Database\MySQLi\Connection.php:312
Stack trace:
#0 C:\xampp_htdocs\kasugaikyudo\production\system\Database\MySQLi\Connection.php(312): mysqli->query('\n\t\t\tSELECT\n\t\t\t\t...', 0)
#1 C:\xampp_htdocs\kasugaikyudo\production\system\Database\BaseConnection.php(734): CodeIgniter\Database\MySQLi\Connection->execute('\n\t\t\tSELECT\n\t\t\t\t...')
#2 C:\xampp_htdocs\kasugaikyudo\production\system\Database\BaseConnection.php(648): CodeIgniter\Database\BaseConnection->simpleQuery('\n\t\t\tSELECT\n\t\t\t\t...')
#3 C:\xampp_htdocs\kasugaikyudo\production\app\Models\BaseQueryModel.php(27): CodeIgniter\Database\BaseConnection->query('\n\t\t\tSELECT\n\t\t\t\t...', Array)
#4 C:\xampp_htdocs\kasugaikyudo\production\app\Models\KyokaiModel.php(60): App\Models\BaseQueryModel->get_result_array('\n\t\t\tSELECT\n\t\t\t\t...', Array)
#5 C:\xampp_htdocs\kasugaikyudo\production\app\Libraries\KyokaiLibrarie.php(31): App\Models\KyokaiModel->get_kyokai_event_list(25, 1)
#6 C:\xampp_htdocs\kasugaikyudo\production\app\Controllers\Kyokai.php(39): App\Libraries\KyokaiLibrarie->get_kyokai_event_list(25, Array)
#7 C:\xampp_htdocs\kasugaikyudo\production\system\CodeIgniter.php(933): App\Controllers\Kyokai->index()
#8 C:\xampp_htdocs\kasugaikyudo\production\system\CodeIgniter.php(509): CodeIgniter\CodeIgniter->runController(Object(App\Controllers\Kyokai))
#9 C:\xampp_htdocs\kasugaikyudo\production\system\CodeIgniter.php(355): CodeIgniter\CodeIgniter->handleRequest(NULL, Object(Config\Cache), false)
#10 C:\xampp_htdocs\kasugaikyudo\production\system\Boot.php(325): CodeIgniter\CodeIgniter->run()
#11 C:\xampp_htdocs\kasugaikyudo\production\system\Boot.php(67): CodeIgniter\Boot::runCodeIgniter(Object(CodeIgniter\CodeIgniter))
#12 C:\xampp_htdocs\kasugaikyudo\production\index.php(56): CodeIgniter\Boot::bootWeb(Object(Config\Paths))
#13 {main}
CRITICAL - 2025-07-08 23:20:13 --> CodeIgniter\Database\Exceptions\DatabaseException: Table 'z0e6f_haruyumi.t_kyokai_event_info' doesn't exist
[Method: GET, Route: kyokai]
in SYSTEMPATH\Database\BaseConnection.php on line 688.
 1 APPPATH\Models\BaseQueryModel.php(27): CodeIgniter\Database\BaseConnection->query('
			SELECT
				kei.event_id,
				kei.event_sub_name,
				kei.event_no,
				kei.event_date_st,
				kei.event_date_ed,
				kei.event_open_time,
				kei.event_uketuke_time,
				kei.event_time_st,
				kei.event_time_ed,
				kei.recruit_flg,
				kei.abort_flg,
				mka.kaijo_name,
				mka.kaijo_name_short,
				kei.kaijo_other_name,
                mke.kyokai_event_name
			FROM
				t_kyokai_event_info kei
			LEFT JOIN m_kaijo mka ON
				mka.kaijo_id = kei.kaijo_id
			LEFT JOIN m_kyokai_event mke ON
				mke.kyokai_event_id = kei.kyokai_event_id
			WHERE
				kei.fiscal_year_id = :fiscalYearId: 
				AND kei.category_id = :categoryId: 
				AND kei.event_date_st >= CURDATE()
			ORDER BY
				kei.event_date_st ASC
		', [...])
 2 APPPATH\Models\KyokaiModel.php(60): App\Models\BaseQueryModel->get_result_array('
			SELECT
				kei.event_id,
				kei.event_sub_name,
				kei.event_no,
				kei.event_date_st,
				kei.event_date_ed,
				kei.event_open_time,
				kei.event_uketuke_time,
				kei.event_time_st,
				kei.event_time_ed,
				kei.recruit_flg,
				kei.abort_flg,
				mka.kaijo_name,
				mka.kaijo_name_short,
				kei.kaijo_other_name,
                mke.kyokai_event_name
			FROM
				t_kyokai_event_info kei
			LEFT JOIN m_kaijo mka ON
				mka.kaijo_id = kei.kaijo_id
			LEFT JOIN m_kyokai_event mke ON
				mke.kyokai_event_id = kei.kyokai_event_id
			WHERE
				kei.fiscal_year_id = :fiscalYearId: 
				AND kei.category_id = :categoryId: 
				AND kei.event_date_st >= CURDATE()
			ORDER BY
				kei.event_date_st ASC
		', [...])
 3 APPPATH\Libraries\KyokaiLibrarie.php(31): App\Models\KyokaiModel->get_kyokai_event_list(25, 1)
 4 APPPATH\Controllers\Kyokai.php(39): App\Libraries\KyokaiLibrarie->get_kyokai_event_list(25, [...])
 5 SYSTEMPATH\CodeIgniter.php(933): App\Controllers\Kyokai->index()
 6 SYSTEMPATH\CodeIgniter.php(509): CodeIgniter\CodeIgniter->runController(Object(App\Controllers\Kyokai))
 7 SYSTEMPATH\CodeIgniter.php(355): CodeIgniter\CodeIgniter->handleRequest(null, Object(Config\Cache), false)
 8 SYSTEMPATH\Boot.php(325): CodeIgniter\CodeIgniter->run()
 9 SYSTEMPATH\Boot.php(67): CodeIgniter\Boot::runCodeIgniter(Object(CodeIgniter\CodeIgniter))
10 FCPATH\index.php(56): CodeIgniter\Boot::bootWeb(Object(Config\Paths))
CRITICAL - 2025-07-08 23:20:13 --> [Caused by] CodeIgniter\Database\Exceptions\DatabaseException: Table 'z0e6f_haruyumi.t_kyokai_event_info' doesn't exist
in SYSTEMPATH\Database\MySQLi\Connection.php on line 317.
 1 SYSTEMPATH\Database\BaseConnection.php(734): CodeIgniter\Database\MySQLi\Connection->execute('
			SELECT
				kei.event_id,
				kei.event_sub_name,
				kei.event_no,
				kei.event_date_st,
				kei.event_date_ed,
				kei.event_open_time,
				kei.event_uketuke_time,
				kei.event_time_st,
				kei.event_time_ed,
				kei.recruit_flg,
				kei.abort_flg,
				mka.kaijo_name,
				mka.kaijo_name_short,
				kei.kaijo_other_name,
                mke.kyokai_event_name
			FROM
				t_kyokai_event_info kei
			LEFT JOIN m_kaijo mka ON
				mka.kaijo_id = kei.kaijo_id
			LEFT JOIN m_kyokai_event mke ON
				mke.kyokai_event_id = kei.kyokai_event_id
			WHERE
				kei.fiscal_year_id = 25 
				AND kei.category_id = 1 
				AND kei.event_date_st >= CURDATE()
			ORDER BY
				kei.event_date_st ASC
		')
 2 SYSTEMPATH\Database\BaseConnection.php(648): CodeIgniter\Database\BaseConnection->simpleQuery('
			SELECT
				kei.event_id,
				kei.event_sub_name,
				kei.event_no,
				kei.event_date_st,
				kei.event_date_ed,
				kei.event_open_time,
				kei.event_uketuke_time,
				kei.event_time_st,
				kei.event_time_ed,
				kei.recruit_flg,
				kei.abort_flg,
				mka.kaijo_name,
				mka.kaijo_name_short,
				kei.kaijo_other_name,
                mke.kyokai_event_name
			FROM
				t_kyokai_event_info kei
			LEFT JOIN m_kaijo mka ON
				mka.kaijo_id = kei.kaijo_id
			LEFT JOIN m_kyokai_event mke ON
				mke.kyokai_event_id = kei.kyokai_event_id
			WHERE
				kei.fiscal_year_id = 25 
				AND kei.category_id = 1 
				AND kei.event_date_st >= CURDATE()
			ORDER BY
				kei.event_date_st ASC
		')
 3 APPPATH\Models\BaseQueryModel.php(27): CodeIgniter\Database\BaseConnection->query('
			SELECT
				kei.event_id,
				kei.event_sub_name,
				kei.event_no,
				kei.event_date_st,
				kei.event_date_ed,
				kei.event_open_time,
				kei.event_uketuke_time,
				kei.event_time_st,
				kei.event_time_ed,
				kei.recruit_flg,
				kei.abort_flg,
				mka.kaijo_name,
				mka.kaijo_name_short,
				kei.kaijo_other_name,
                mke.kyokai_event_name
			FROM
				t_kyokai_event_info kei
			LEFT JOIN m_kaijo mka ON
				mka.kaijo_id = kei.kaijo_id
			LEFT JOIN m_kyokai_event mke ON
				mke.kyokai_event_id = kei.kyokai_event_id
			WHERE
				kei.fiscal_year_id = :fiscalYearId: 
				AND kei.category_id = :categoryId: 
				AND kei.event_date_st >= CURDATE()
			ORDER BY
				kei.event_date_st ASC
		', [...])
 4 APPPATH\Models\KyokaiModel.php(60): App\Models\BaseQueryModel->get_result_array('
			SELECT
				kei.event_id,
				kei.event_sub_name,
				kei.event_no,
				kei.event_date_st,
				kei.event_date_ed,
				kei.event_open_time,
				kei.event_uketuke_time,
				kei.event_time_st,
				kei.event_time_ed,
				kei.recruit_flg,
				kei.abort_flg,
				mka.kaijo_name,
				mka.kaijo_name_short,
				kei.kaijo_other_name,
                mke.kyokai_event_name
			FROM
				t_kyokai_event_info kei
			LEFT JOIN m_kaijo mka ON
				mka.kaijo_id = kei.kaijo_id
			LEFT JOIN m_kyokai_event mke ON
				mke.kyokai_event_id = kei.kyokai_event_id
			WHERE
				kei.fiscal_year_id = :fiscalYearId: 
				AND kei.category_id = :categoryId: 
				AND kei.event_date_st >= CURDATE()
			ORDER BY
				kei.event_date_st ASC
		', [...])
 5 APPPATH\Libraries\KyokaiLibrarie.php(31): App\Models\KyokaiModel->get_kyokai_event_list(25, 1)
 6 APPPATH\Controllers\Kyokai.php(39): App\Libraries\KyokaiLibrarie->get_kyokai_event_list(25, [...])
 7 SYSTEMPATH\CodeIgniter.php(933): App\Controllers\Kyokai->index()
 8 SYSTEMPATH\CodeIgniter.php(509): CodeIgniter\CodeIgniter->runController(Object(App\Controllers\Kyokai))
 9 SYSTEMPATH\CodeIgniter.php(355): CodeIgniter\CodeIgniter->handleRequest(null, Object(Config\Cache), false)
10 SYSTEMPATH\Boot.php(325): CodeIgniter\CodeIgniter->run()
11 SYSTEMPATH\Boot.php(67): CodeIgniter\Boot::runCodeIgniter(Object(CodeIgniter\CodeIgniter))
12 FCPATH\index.php(56): CodeIgniter\Boot::bootWeb(Object(Config\Paths))
CRITICAL - 2025-07-08 23:20:13 --> [Caused by] mysqli_sql_exception: Table 'z0e6f_haruyumi.t_kyokai_event_info' doesn't exist
in SYSTEMPATH\Database\MySQLi\Connection.php on line 312.
 1 SYSTEMPATH\Database\MySQLi\Connection.php(312): mysqli->query('
			SELECT
				kei.event_id,
				kei.event_sub_name,
				kei.event_no,
				kei.event_date_st,
				kei.event_date_ed,
				kei.event_open_time,
				kei.event_uketuke_time,
				kei.event_time_st,
				kei.event_time_ed,
				kei.recruit_flg,
				kei.abort_flg,
				mka.kaijo_name,
				mka.kaijo_name_short,
				kei.kaijo_other_name,
                mke.kyokai_event_name
			FROM
				t_kyokai_event_info kei
			LEFT JOIN m_kaijo mka ON
				mka.kaijo_id = kei.kaijo_id
			LEFT JOIN m_kyokai_event mke ON
				mke.kyokai_event_id = kei.kyokai_event_id
			WHERE
				kei.fiscal_year_id = 25 
				AND kei.category_id = 1 
				AND kei.event_date_st >= CURDATE()
			ORDER BY
				kei.event_date_st ASC
		', 0)
 2 SYSTEMPATH\Database\BaseConnection.php(734): CodeIgniter\Database\MySQLi\Connection->execute('
			SELECT
				kei.event_id,
				kei.event_sub_name,
				kei.event_no,
				kei.event_date_st,
				kei.event_date_ed,
				kei.event_open_time,
				kei.event_uketuke_time,
				kei.event_time_st,
				kei.event_time_ed,
				kei.recruit_flg,
				kei.abort_flg,
				mka.kaijo_name,
				mka.kaijo_name_short,
				kei.kaijo_other_name,
                mke.kyokai_event_name
			FROM
				t_kyokai_event_info kei
			LEFT JOIN m_kaijo mka ON
				mka.kaijo_id = kei.kaijo_id
			LEFT JOIN m_kyokai_event mke ON
				mke.kyokai_event_id = kei.kyokai_event_id
			WHERE
				kei.fiscal_year_id = 25 
				AND kei.category_id = 1 
				AND kei.event_date_st >= CURDATE()
			ORDER BY
				kei.event_date_st ASC
		')
 3 SYSTEMPATH\Database\BaseConnection.php(648): CodeIgniter\Database\BaseConnection->simpleQuery('
			SELECT
				kei.event_id,
				kei.event_sub_name,
				kei.event_no,
				kei.event_date_st,
				kei.event_date_ed,
				kei.event_open_time,
				kei.event_uketuke_time,
				kei.event_time_st,
				kei.event_time_ed,
				kei.recruit_flg,
				kei.abort_flg,
				mka.kaijo_name,
				mka.kaijo_name_short,
				kei.kaijo_other_name,
                mke.kyokai_event_name
			FROM
				t_kyokai_event_info kei
			LEFT JOIN m_kaijo mka ON
				mka.kaijo_id = kei.kaijo_id
			LEFT JOIN m_kyokai_event mke ON
				mke.kyokai_event_id = kei.kyokai_event_id
			WHERE
				kei.fiscal_year_id = 25 
				AND kei.category_id = 1 
				AND kei.event_date_st >= CURDATE()
			ORDER BY
				kei.event_date_st ASC
		')
 4 APPPATH\Models\BaseQueryModel.php(27): CodeIgniter\Database\BaseConnection->query('
			SELECT
				kei.event_id,
				kei.event_sub_name,
				kei.event_no,
				kei.event_date_st,
				kei.event_date_ed,
				kei.event_open_time,
				kei.event_uketuke_time,
				kei.event_time_st,
				kei.event_time_ed,
				kei.recruit_flg,
				kei.abort_flg,
				mka.kaijo_name,
				mka.kaijo_name_short,
				kei.kaijo_other_name,
                mke.kyokai_event_name
			FROM
				t_kyokai_event_info kei
			LEFT JOIN m_kaijo mka ON
				mka.kaijo_id = kei.kaijo_id
			LEFT JOIN m_kyokai_event mke ON
				mke.kyokai_event_id = kei.kyokai_event_id
			WHERE
				kei.fiscal_year_id = :fiscalYearId: 
				AND kei.category_id = :categoryId: 
				AND kei.event_date_st >= CURDATE()
			ORDER BY
				kei.event_date_st ASC
		', [...])
 5 APPPATH\Models\KyokaiModel.php(60): App\Models\BaseQueryModel->get_result_array('
			SELECT
				kei.event_id,
				kei.event_sub_name,
				kei.event_no,
				kei.event_date_st,
				kei.event_date_ed,
				kei.event_open_time,
				kei.event_uketuke_time,
				kei.event_time_st,
				kei.event_time_ed,
				kei.recruit_flg,
				kei.abort_flg,
				mka.kaijo_name,
				mka.kaijo_name_short,
				kei.kaijo_other_name,
                mke.kyokai_event_name
			FROM
				t_kyokai_event_info kei
			LEFT JOIN m_kaijo mka ON
				mka.kaijo_id = kei.kaijo_id
			LEFT JOIN m_kyokai_event mke ON
				mke.kyokai_event_id = kei.kyokai_event_id
			WHERE
				kei.fiscal_year_id = :fiscalYearId: 
				AND kei.category_id = :categoryId: 
				AND kei.event_date_st >= CURDATE()
			ORDER BY
				kei.event_date_st ASC
		', [...])
 6 APPPATH\Libraries\KyokaiLibrarie.php(31): App\Models\KyokaiModel->get_kyokai_event_list(25, 1)
 7 APPPATH\Controllers\Kyokai.php(39): App\Libraries\KyokaiLibrarie->get_kyokai_event_list(25, [...])
 8 SYSTEMPATH\CodeIgniter.php(933): App\Controllers\Kyokai->index()
 9 SYSTEMPATH\CodeIgniter.php(509): CodeIgniter\CodeIgniter->runController(Object(App\Controllers\Kyokai))
10 SYSTEMPATH\CodeIgniter.php(355): CodeIgniter\CodeIgniter->handleRequest(null, Object(Config\Cache), false)
11 SYSTEMPATH\Boot.php(325): CodeIgniter\CodeIgniter->run()
12 SYSTEMPATH\Boot.php(67): CodeIgniter\Boot::runCodeIgniter(Object(CodeIgniter\CodeIgniter))
13 FCPATH\index.php(56): CodeIgniter\Boot::bootWeb(Object(Config\Paths))
ERROR - 2025-07-08 23:20:51 --> mysqli_sql_exception: Table 'z0e6f_haruyumi.t_kyokai_event_info' doesn't exist in C:\xampp_htdocs\kasugaikyudo\production\system\Database\MySQLi\Connection.php:312
Stack trace:
#0 C:\xampp_htdocs\kasugaikyudo\production\system\Database\MySQLi\Connection.php(312): mysqli->query('\n\t\t\tSELECT\n\t\t\t\t...', 0)
#1 C:\xampp_htdocs\kasugaikyudo\production\system\Database\BaseConnection.php(734): CodeIgniter\Database\MySQLi\Connection->execute('\n\t\t\tSELECT\n\t\t\t\t...')
#2 C:\xampp_htdocs\kasugaikyudo\production\system\Database\BaseConnection.php(648): CodeIgniter\Database\BaseConnection->simpleQuery('\n\t\t\tSELECT\n\t\t\t\t...')
#3 C:\xampp_htdocs\kasugaikyudo\production\app\Models\BaseQueryModel.php(27): CodeIgniter\Database\BaseConnection->query('\n\t\t\tSELECT\n\t\t\t\t...', Array)
#4 C:\xampp_htdocs\kasugaikyudo\production\app\Models\KyokaiModel.php(60): App\Models\BaseQueryModel->get_result_array('\n\t\t\tSELECT\n\t\t\t\t...', Array)
#5 C:\xampp_htdocs\kasugaikyudo\production\app\Libraries\KyokaiLibrarie.php(31): App\Models\KyokaiModel->get_kyokai_event_list(25, 1)
#6 C:\xampp_htdocs\kasugaikyudo\production\app\Controllers\Kyokai.php(39): App\Libraries\KyokaiLibrarie->get_kyokai_event_list(25, Array)
#7 C:\xampp_htdocs\kasugaikyudo\production\system\CodeIgniter.php(933): App\Controllers\Kyokai->index()
#8 C:\xampp_htdocs\kasugaikyudo\production\system\CodeIgniter.php(509): CodeIgniter\CodeIgniter->runController(Object(App\Controllers\Kyokai))
#9 C:\xampp_htdocs\kasugaikyudo\production\system\CodeIgniter.php(355): CodeIgniter\CodeIgniter->handleRequest(NULL, Object(Config\Cache), false)
#10 C:\xampp_htdocs\kasugaikyudo\production\system\Boot.php(325): CodeIgniter\CodeIgniter->run()
#11 C:\xampp_htdocs\kasugaikyudo\production\system\Boot.php(67): CodeIgniter\Boot::runCodeIgniter(Object(CodeIgniter\CodeIgniter))
#12 C:\xampp_htdocs\kasugaikyudo\production\index.php(56): CodeIgniter\Boot::bootWeb(Object(Config\Paths))
#13 {main}
CRITICAL - 2025-07-08 23:20:51 --> CodeIgniter\Database\Exceptions\DatabaseException: Table 'z0e6f_haruyumi.t_kyokai_event_info' doesn't exist
[Method: GET, Route: kyokai]
in SYSTEMPATH\Database\BaseConnection.php on line 688.
 1 APPPATH\Models\BaseQueryModel.php(27): CodeIgniter\Database\BaseConnection->query('
			SELECT
				kei.event_id,
				kei.event_sub_name,
				kei.event_no,
				kei.event_date_st,
				kei.event_date_ed,
				kei.event_open_time,
				kei.event_uketuke_time,
				kei.event_time_st,
				kei.event_time_ed,
				kei.recruit_flg,
				kei.abort_flg,
				mka.kaijo_name,
				mka.kaijo_name_short,
				kei.kaijo_other_name,
                mke.kyokai_event_name
			FROM
				t_kyokai_event_info kei
			LEFT JOIN m_kaijo mka ON
				mka.kaijo_id = kei.kaijo_id
			LEFT JOIN m_kyokai_event mke ON
				mke.kyokai_event_id = kei.kyokai_event_id
			WHERE
				kei.fiscal_year_id = :fiscalYearId: 
				AND kei.category_id = :categoryId: 
				AND kei.event_date_st >= CURDATE()
			ORDER BY
				kei.event_date_st ASC
		', [...])
 2 APPPATH\Models\KyokaiModel.php(60): App\Models\BaseQueryModel->get_result_array('
			SELECT
				kei.event_id,
				kei.event_sub_name,
				kei.event_no,
				kei.event_date_st,
				kei.event_date_ed,
				kei.event_open_time,
				kei.event_uketuke_time,
				kei.event_time_st,
				kei.event_time_ed,
				kei.recruit_flg,
				kei.abort_flg,
				mka.kaijo_name,
				mka.kaijo_name_short,
				kei.kaijo_other_name,
                mke.kyokai_event_name
			FROM
				t_kyokai_event_info kei
			LEFT JOIN m_kaijo mka ON
				mka.kaijo_id = kei.kaijo_id
			LEFT JOIN m_kyokai_event mke ON
				mke.kyokai_event_id = kei.kyokai_event_id
			WHERE
				kei.fiscal_year_id = :fiscalYearId: 
				AND kei.category_id = :categoryId: 
				AND kei.event_date_st >= CURDATE()
			ORDER BY
				kei.event_date_st ASC
		', [...])
 3 APPPATH\Libraries\KyokaiLibrarie.php(31): App\Models\KyokaiModel->get_kyokai_event_list(25, 1)
 4 APPPATH\Controllers\Kyokai.php(39): App\Libraries\KyokaiLibrarie->get_kyokai_event_list(25, [...])
 5 SYSTEMPATH\CodeIgniter.php(933): App\Controllers\Kyokai->index()
 6 SYSTEMPATH\CodeIgniter.php(509): CodeIgniter\CodeIgniter->runController(Object(App\Controllers\Kyokai))
 7 SYSTEMPATH\CodeIgniter.php(355): CodeIgniter\CodeIgniter->handleRequest(null, Object(Config\Cache), false)
 8 SYSTEMPATH\Boot.php(325): CodeIgniter\CodeIgniter->run()
 9 SYSTEMPATH\Boot.php(67): CodeIgniter\Boot::runCodeIgniter(Object(CodeIgniter\CodeIgniter))
10 FCPATH\index.php(56): CodeIgniter\Boot::bootWeb(Object(Config\Paths))
CRITICAL - 2025-07-08 23:20:51 --> [Caused by] CodeIgniter\Database\Exceptions\DatabaseException: Table 'z0e6f_haruyumi.t_kyokai_event_info' doesn't exist
in SYSTEMPATH\Database\MySQLi\Connection.php on line 317.
 1 SYSTEMPATH\Database\BaseConnection.php(734): CodeIgniter\Database\MySQLi\Connection->execute('
			SELECT
				kei.event_id,
				kei.event_sub_name,
				kei.event_no,
				kei.event_date_st,
				kei.event_date_ed,
				kei.event_open_time,
				kei.event_uketuke_time,
				kei.event_time_st,
				kei.event_time_ed,
				kei.recruit_flg,
				kei.abort_flg,
				mka.kaijo_name,
				mka.kaijo_name_short,
				kei.kaijo_other_name,
                mke.kyokai_event_name
			FROM
				t_kyokai_event_info kei
			LEFT JOIN m_kaijo mka ON
				mka.kaijo_id = kei.kaijo_id
			LEFT JOIN m_kyokai_event mke ON
				mke.kyokai_event_id = kei.kyokai_event_id
			WHERE
				kei.fiscal_year_id = 25 
				AND kei.category_id = 1 
				AND kei.event_date_st >= CURDATE()
			ORDER BY
				kei.event_date_st ASC
		')
 2 SYSTEMPATH\Database\BaseConnection.php(648): CodeIgniter\Database\BaseConnection->simpleQuery('
			SELECT
				kei.event_id,
				kei.event_sub_name,
				kei.event_no,
				kei.event_date_st,
				kei.event_date_ed,
				kei.event_open_time,
				kei.event_uketuke_time,
				kei.event_time_st,
				kei.event_time_ed,
				kei.recruit_flg,
				kei.abort_flg,
				mka.kaijo_name,
				mka.kaijo_name_short,
				kei.kaijo_other_name,
                mke.kyokai_event_name
			FROM
				t_kyokai_event_info kei
			LEFT JOIN m_kaijo mka ON
				mka.kaijo_id = kei.kaijo_id
			LEFT JOIN m_kyokai_event mke ON
				mke.kyokai_event_id = kei.kyokai_event_id
			WHERE
				kei.fiscal_year_id = 25 
				AND kei.category_id = 1 
				AND kei.event_date_st >= CURDATE()
			ORDER BY
				kei.event_date_st ASC
		')
 3 APPPATH\Models\BaseQueryModel.php(27): CodeIgniter\Database\BaseConnection->query('
			SELECT
				kei.event_id,
				kei.event_sub_name,
				kei.event_no,
				kei.event_date_st,
				kei.event_date_ed,
				kei.event_open_time,
				kei.event_uketuke_time,
				kei.event_time_st,
				kei.event_time_ed,
				kei.recruit_flg,
				kei.abort_flg,
				mka.kaijo_name,
				mka.kaijo_name_short,
				kei.kaijo_other_name,
                mke.kyokai_event_name
			FROM
				t_kyokai_event_info kei
			LEFT JOIN m_kaijo mka ON
				mka.kaijo_id = kei.kaijo_id
			LEFT JOIN m_kyokai_event mke ON
				mke.kyokai_event_id = kei.kyokai_event_id
			WHERE
				kei.fiscal_year_id = :fiscalYearId: 
				AND kei.category_id = :categoryId: 
				AND kei.event_date_st >= CURDATE()
			ORDER BY
				kei.event_date_st ASC
		', [...])
 4 APPPATH\Models\KyokaiModel.php(60): App\Models\BaseQueryModel->get_result_array('
			SELECT
				kei.event_id,
				kei.event_sub_name,
				kei.event_no,
				kei.event_date_st,
				kei.event_date_ed,
				kei.event_open_time,
				kei.event_uketuke_time,
				kei.event_time_st,
				kei.event_time_ed,
				kei.recruit_flg,
				kei.abort_flg,
				mka.kaijo_name,
				mka.kaijo_name_short,
				kei.kaijo_other_name,
                mke.kyokai_event_name
			FROM
				t_kyokai_event_info kei
			LEFT JOIN m_kaijo mka ON
				mka.kaijo_id = kei.kaijo_id
			LEFT JOIN m_kyokai_event mke ON
				mke.kyokai_event_id = kei.kyokai_event_id
			WHERE
				kei.fiscal_year_id = :fiscalYearId: 
				AND kei.category_id = :categoryId: 
				AND kei.event_date_st >= CURDATE()
			ORDER BY
				kei.event_date_st ASC
		', [...])
 5 APPPATH\Libraries\KyokaiLibrarie.php(31): App\Models\KyokaiModel->get_kyokai_event_list(25, 1)
 6 APPPATH\Controllers\Kyokai.php(39): App\Libraries\KyokaiLibrarie->get_kyokai_event_list(25, [...])
 7 SYSTEMPATH\CodeIgniter.php(933): App\Controllers\Kyokai->index()
 8 SYSTEMPATH\CodeIgniter.php(509): CodeIgniter\CodeIgniter->runController(Object(App\Controllers\Kyokai))
 9 SYSTEMPATH\CodeIgniter.php(355): CodeIgniter\CodeIgniter->handleRequest(null, Object(Config\Cache), false)
10 SYSTEMPATH\Boot.php(325): CodeIgniter\CodeIgniter->run()
11 SYSTEMPATH\Boot.php(67): CodeIgniter\Boot::runCodeIgniter(Object(CodeIgniter\CodeIgniter))
12 FCPATH\index.php(56): CodeIgniter\Boot::bootWeb(Object(Config\Paths))
CRITICAL - 2025-07-08 23:20:51 --> [Caused by] mysqli_sql_exception: Table 'z0e6f_haruyumi.t_kyokai_event_info' doesn't exist
in SYSTEMPATH\Database\MySQLi\Connection.php on line 312.
 1 SYSTEMPATH\Database\MySQLi\Connection.php(312): mysqli->query('
			SELECT
				kei.event_id,
				kei.event_sub_name,
				kei.event_no,
				kei.event_date_st,
				kei.event_date_ed,
				kei.event_open_time,
				kei.event_uketuke_time,
				kei.event_time_st,
				kei.event_time_ed,
				kei.recruit_flg,
				kei.abort_flg,
				mka.kaijo_name,
				mka.kaijo_name_short,
				kei.kaijo_other_name,
                mke.kyokai_event_name
			FROM
				t_kyokai_event_info kei
			LEFT JOIN m_kaijo mka ON
				mka.kaijo_id = kei.kaijo_id
			LEFT JOIN m_kyokai_event mke ON
				mke.kyokai_event_id = kei.kyokai_event_id
			WHERE
				kei.fiscal_year_id = 25 
				AND kei.category_id = 1 
				AND kei.event_date_st >= CURDATE()
			ORDER BY
				kei.event_date_st ASC
		', 0)
 2 SYSTEMPATH\Database\BaseConnection.php(734): CodeIgniter\Database\MySQLi\Connection->execute('
			SELECT
				kei.event_id,
				kei.event_sub_name,
				kei.event_no,
				kei.event_date_st,
				kei.event_date_ed,
				kei.event_open_time,
				kei.event_uketuke_time,
				kei.event_time_st,
				kei.event_time_ed,
				kei.recruit_flg,
				kei.abort_flg,
				mka.kaijo_name,
				mka.kaijo_name_short,
				kei.kaijo_other_name,
                mke.kyokai_event_name
			FROM
				t_kyokai_event_info kei
			LEFT JOIN m_kaijo mka ON
				mka.kaijo_id = kei.kaijo_id
			LEFT JOIN m_kyokai_event mke ON
				mke.kyokai_event_id = kei.kyokai_event_id
			WHERE
				kei.fiscal_year_id = 25 
				AND kei.category_id = 1 
				AND kei.event_date_st >= CURDATE()
			ORDER BY
				kei.event_date_st ASC
		')
 3 SYSTEMPATH\Database\BaseConnection.php(648): CodeIgniter\Database\BaseConnection->simpleQuery('
			SELECT
				kei.event_id,
				kei.event_sub_name,
				kei.event_no,
				kei.event_date_st,
				kei.event_date_ed,
				kei.event_open_time,
				kei.event_uketuke_time,
				kei.event_time_st,
				kei.event_time_ed,
				kei.recruit_flg,
				kei.abort_flg,
				mka.kaijo_name,
				mka.kaijo_name_short,
				kei.kaijo_other_name,
                mke.kyokai_event_name
			FROM
				t_kyokai_event_info kei
			LEFT JOIN m_kaijo mka ON
				mka.kaijo_id = kei.kaijo_id
			LEFT JOIN m_kyokai_event mke ON
				mke.kyokai_event_id = kei.kyokai_event_id
			WHERE
				kei.fiscal_year_id = 25 
				AND kei.category_id = 1 
				AND kei.event_date_st >= CURDATE()
			ORDER BY
				kei.event_date_st ASC
		')
 4 APPPATH\Models\BaseQueryModel.php(27): CodeIgniter\Database\BaseConnection->query('
			SELECT
				kei.event_id,
				kei.event_sub_name,
				kei.event_no,
				kei.event_date_st,
				kei.event_date_ed,
				kei.event_open_time,
				kei.event_uketuke_time,
				kei.event_time_st,
				kei.event_time_ed,
				kei.recruit_flg,
				kei.abort_flg,
				mka.kaijo_name,
				mka.kaijo_name_short,
				kei.kaijo_other_name,
                mke.kyokai_event_name
			FROM
				t_kyokai_event_info kei
			LEFT JOIN m_kaijo mka ON
				mka.kaijo_id = kei.kaijo_id
			LEFT JOIN m_kyokai_event mke ON
				mke.kyokai_event_id = kei.kyokai_event_id
			WHERE
				kei.fiscal_year_id = :fiscalYearId: 
				AND kei.category_id = :categoryId: 
				AND kei.event_date_st >= CURDATE()
			ORDER BY
				kei.event_date_st ASC
		', [...])
 5 APPPATH\Models\KyokaiModel.php(60): App\Models\BaseQueryModel->get_result_array('
			SELECT
				kei.event_id,
				kei.event_sub_name,
				kei.event_no,
				kei.event_date_st,
				kei.event_date_ed,
				kei.event_open_time,
				kei.event_uketuke_time,
				kei.event_time_st,
				kei.event_time_ed,
				kei.recruit_flg,
				kei.abort_flg,
				mka.kaijo_name,
				mka.kaijo_name_short,
				kei.kaijo_other_name,
                mke.kyokai_event_name
			FROM
				t_kyokai_event_info kei
			LEFT JOIN m_kaijo mka ON
				mka.kaijo_id = kei.kaijo_id
			LEFT JOIN m_kyokai_event mke ON
				mke.kyokai_event_id = kei.kyokai_event_id
			WHERE
				kei.fiscal_year_id = :fiscalYearId: 
				AND kei.category_id = :categoryId: 
				AND kei.event_date_st >= CURDATE()
			ORDER BY
				kei.event_date_st ASC
		', [...])
 6 APPPATH\Libraries\KyokaiLibrarie.php(31): App\Models\KyokaiModel->get_kyokai_event_list(25, 1)
 7 APPPATH\Controllers\Kyokai.php(39): App\Libraries\KyokaiLibrarie->get_kyokai_event_list(25, [...])
 8 SYSTEMPATH\CodeIgniter.php(933): App\Controllers\Kyokai->index()
 9 SYSTEMPATH\CodeIgniter.php(509): CodeIgniter\CodeIgniter->runController(Object(App\Controllers\Kyokai))
10 SYSTEMPATH\CodeIgniter.php(355): CodeIgniter\CodeIgniter->handleRequest(null, Object(Config\Cache), false)
11 SYSTEMPATH\Boot.php(325): CodeIgniter\CodeIgniter->run()
12 SYSTEMPATH\Boot.php(67): CodeIgniter\Boot::runCodeIgniter(Object(CodeIgniter\CodeIgniter))
13 FCPATH\index.php(56): CodeIgniter\Boot::bootWeb(Object(Config\Paths))
ERROR - 2025-07-08 23:21:13 --> mysqli_sql_exception: Table 'z0e6f_haruyumi.m_kyokai_event' doesn't exist in C:\xampp_htdocs\kasugaikyudo\production\system\Database\MySQLi\Connection.php:312
Stack trace:
#0 C:\xampp_htdocs\kasugaikyudo\production\system\Database\MySQLi\Connection.php(312): mysqli->query('\n\t\t\tSELECT\n\t\t\t\t...', 0)
#1 C:\xampp_htdocs\kasugaikyudo\production\system\Database\BaseConnection.php(734): CodeIgniter\Database\MySQLi\Connection->execute('\n\t\t\tSELECT\n\t\t\t\t...')
#2 C:\xampp_htdocs\kasugaikyudo\production\system\Database\BaseConnection.php(648): CodeIgniter\Database\BaseConnection->simpleQuery('\n\t\t\tSELECT\n\t\t\t\t...')
#3 C:\xampp_htdocs\kasugaikyudo\production\app\Models\BaseQueryModel.php(27): CodeIgniter\Database\BaseConnection->query('\n\t\t\tSELECT\n\t\t\t\t...', Array)
#4 C:\xampp_htdocs\kasugaikyudo\production\app\Models\KyokaiModel.php(60): App\Models\BaseQueryModel->get_result_array('\n\t\t\tSELECT\n\t\t\t\t...', Array)
#5 C:\xampp_htdocs\kasugaikyudo\production\app\Libraries\KyokaiLibrarie.php(31): App\Models\KyokaiModel->get_kyokai_event_list(25, 1)
#6 C:\xampp_htdocs\kasugaikyudo\production\app\Controllers\Kyokai.php(39): App\Libraries\KyokaiLibrarie->get_kyokai_event_list(25, Array)
#7 C:\xampp_htdocs\kasugaikyudo\production\system\CodeIgniter.php(933): App\Controllers\Kyokai->index()
#8 C:\xampp_htdocs\kasugaikyudo\production\system\CodeIgniter.php(509): CodeIgniter\CodeIgniter->runController(Object(App\Controllers\Kyokai))
#9 C:\xampp_htdocs\kasugaikyudo\production\system\CodeIgniter.php(355): CodeIgniter\CodeIgniter->handleRequest(NULL, Object(Config\Cache), false)
#10 C:\xampp_htdocs\kasugaikyudo\production\system\Boot.php(325): CodeIgniter\CodeIgniter->run()
#11 C:\xampp_htdocs\kasugaikyudo\production\system\Boot.php(67): CodeIgniter\Boot::runCodeIgniter(Object(CodeIgniter\CodeIgniter))
#12 C:\xampp_htdocs\kasugaikyudo\production\index.php(56): CodeIgniter\Boot::bootWeb(Object(Config\Paths))
#13 {main}
CRITICAL - 2025-07-08 23:21:13 --> CodeIgniter\Database\Exceptions\DatabaseException: Table 'z0e6f_haruyumi.m_kyokai_event' doesn't exist
[Method: GET, Route: kyokai]
in SYSTEMPATH\Database\BaseConnection.php on line 688.
 1 APPPATH\Models\BaseQueryModel.php(27): CodeIgniter\Database\BaseConnection->query('
			SELECT
				kei.event_id,
				kei.event_sub_name,
				kei.event_no,
				kei.event_date_st,
				kei.event_date_ed,
				kei.event_open_time,
				kei.event_uketuke_time,
				kei.event_time_st,
				kei.event_time_ed,
				kei.recruit_flg,
				kei.abort_flg,
				mka.kaijo_name,
				mka.kaijo_name_short,
				kei.kaijo_other_name,
                mke.kyokai_event_name
			FROM
				t_event_info kei
			LEFT JOIN m_kaijo mka ON
				mka.kaijo_id = kei.kaijo_id
			LEFT JOIN m_kyokai_event mke ON
				mke.kyokai_event_id = kei.kyokai_event_id
			WHERE
				kei.fiscal_year_id = :fiscalYearId: 
				AND kei.category_id = :categoryId: 
				AND kei.event_date_st >= CURDATE()
			ORDER BY
				kei.event_date_st ASC
		', [...])
 2 APPPATH\Models\KyokaiModel.php(60): App\Models\BaseQueryModel->get_result_array('
			SELECT
				kei.event_id,
				kei.event_sub_name,
				kei.event_no,
				kei.event_date_st,
				kei.event_date_ed,
				kei.event_open_time,
				kei.event_uketuke_time,
				kei.event_time_st,
				kei.event_time_ed,
				kei.recruit_flg,
				kei.abort_flg,
				mka.kaijo_name,
				mka.kaijo_name_short,
				kei.kaijo_other_name,
                mke.kyokai_event_name
			FROM
				t_event_info kei
			LEFT JOIN m_kaijo mka ON
				mka.kaijo_id = kei.kaijo_id
			LEFT JOIN m_kyokai_event mke ON
				mke.kyokai_event_id = kei.kyokai_event_id
			WHERE
				kei.fiscal_year_id = :fiscalYearId: 
				AND kei.category_id = :categoryId: 
				AND kei.event_date_st >= CURDATE()
			ORDER BY
				kei.event_date_st ASC
		', [...])
 3 APPPATH\Libraries\KyokaiLibrarie.php(31): App\Models\KyokaiModel->get_kyokai_event_list(25, 1)
 4 APPPATH\Controllers\Kyokai.php(39): App\Libraries\KyokaiLibrarie->get_kyokai_event_list(25, [...])
 5 SYSTEMPATH\CodeIgniter.php(933): App\Controllers\Kyokai->index()
 6 SYSTEMPATH\CodeIgniter.php(509): CodeIgniter\CodeIgniter->runController(Object(App\Controllers\Kyokai))
 7 SYSTEMPATH\CodeIgniter.php(355): CodeIgniter\CodeIgniter->handleRequest(null, Object(Config\Cache), false)
 8 SYSTEMPATH\Boot.php(325): CodeIgniter\CodeIgniter->run()
 9 SYSTEMPATH\Boot.php(67): CodeIgniter\Boot::runCodeIgniter(Object(CodeIgniter\CodeIgniter))
10 FCPATH\index.php(56): CodeIgniter\Boot::bootWeb(Object(Config\Paths))
CRITICAL - 2025-07-08 23:21:13 --> [Caused by] CodeIgniter\Database\Exceptions\DatabaseException: Table 'z0e6f_haruyumi.m_kyokai_event' doesn't exist
in SYSTEMPATH\Database\MySQLi\Connection.php on line 317.
 1 SYSTEMPATH\Database\BaseConnection.php(734): CodeIgniter\Database\MySQLi\Connection->execute('
			SELECT
				kei.event_id,
				kei.event_sub_name,
				kei.event_no,
				kei.event_date_st,
				kei.event_date_ed,
				kei.event_open_time,
				kei.event_uketuke_time,
				kei.event_time_st,
				kei.event_time_ed,
				kei.recruit_flg,
				kei.abort_flg,
				mka.kaijo_name,
				mka.kaijo_name_short,
				kei.kaijo_other_name,
                mke.kyokai_event_name
			FROM
				t_event_info kei
			LEFT JOIN m_kaijo mka ON
				mka.kaijo_id = kei.kaijo_id
			LEFT JOIN m_kyokai_event mke ON
				mke.kyokai_event_id = kei.kyokai_event_id
			WHERE
				kei.fiscal_year_id = 25 
				AND kei.category_id = 1 
				AND kei.event_date_st >= CURDATE()
			ORDER BY
				kei.event_date_st ASC
		')
 2 SYSTEMPATH\Database\BaseConnection.php(648): CodeIgniter\Database\BaseConnection->simpleQuery('
			SELECT
				kei.event_id,
				kei.event_sub_name,
				kei.event_no,
				kei.event_date_st,
				kei.event_date_ed,
				kei.event_open_time,
				kei.event_uketuke_time,
				kei.event_time_st,
				kei.event_time_ed,
				kei.recruit_flg,
				kei.abort_flg,
				mka.kaijo_name,
				mka.kaijo_name_short,
				kei.kaijo_other_name,
                mke.kyokai_event_name
			FROM
				t_event_info kei
			LEFT JOIN m_kaijo mka ON
				mka.kaijo_id = kei.kaijo_id
			LEFT JOIN m_kyokai_event mke ON
				mke.kyokai_event_id = kei.kyokai_event_id
			WHERE
				kei.fiscal_year_id = 25 
				AND kei.category_id = 1 
				AND kei.event_date_st >= CURDATE()
			ORDER BY
				kei.event_date_st ASC
		')
 3 APPPATH\Models\BaseQueryModel.php(27): CodeIgniter\Database\BaseConnection->query('
			SELECT
				kei.event_id,
				kei.event_sub_name,
				kei.event_no,
				kei.event_date_st,
				kei.event_date_ed,
				kei.event_open_time,
				kei.event_uketuke_time,
				kei.event_time_st,
				kei.event_time_ed,
				kei.recruit_flg,
				kei.abort_flg,
				mka.kaijo_name,
				mka.kaijo_name_short,
				kei.kaijo_other_name,
                mke.kyokai_event_name
			FROM
				t_event_info kei
			LEFT JOIN m_kaijo mka ON
				mka.kaijo_id = kei.kaijo_id
			LEFT JOIN m_kyokai_event mke ON
				mke.kyokai_event_id = kei.kyokai_event_id
			WHERE
				kei.fiscal_year_id = :fiscalYearId: 
				AND kei.category_id = :categoryId: 
				AND kei.event_date_st >= CURDATE()
			ORDER BY
				kei.event_date_st ASC
		', [...])
 4 APPPATH\Models\KyokaiModel.php(60): App\Models\BaseQueryModel->get_result_array('
			SELECT
				kei.event_id,
				kei.event_sub_name,
				kei.event_no,
				kei.event_date_st,
				kei.event_date_ed,
				kei.event_open_time,
				kei.event_uketuke_time,
				kei.event_time_st,
				kei.event_time_ed,
				kei.recruit_flg,
				kei.abort_flg,
				mka.kaijo_name,
				mka.kaijo_name_short,
				kei.kaijo_other_name,
                mke.kyokai_event_name
			FROM
				t_event_info kei
			LEFT JOIN m_kaijo mka ON
				mka.kaijo_id = kei.kaijo_id
			LEFT JOIN m_kyokai_event mke ON
				mke.kyokai_event_id = kei.kyokai_event_id
			WHERE
				kei.fiscal_year_id = :fiscalYearId: 
				AND kei.category_id = :categoryId: 
				AND kei.event_date_st >= CURDATE()
			ORDER BY
				kei.event_date_st ASC
		', [...])
 5 APPPATH\Libraries\KyokaiLibrarie.php(31): App\Models\KyokaiModel->get_kyokai_event_list(25, 1)
 6 APPPATH\Controllers\Kyokai.php(39): App\Libraries\KyokaiLibrarie->get_kyokai_event_list(25, [...])
 7 SYSTEMPATH\CodeIgniter.php(933): App\Controllers\Kyokai->index()
 8 SYSTEMPATH\CodeIgniter.php(509): CodeIgniter\CodeIgniter->runController(Object(App\Controllers\Kyokai))
 9 SYSTEMPATH\CodeIgniter.php(355): CodeIgniter\CodeIgniter->handleRequest(null, Object(Config\Cache), false)
10 SYSTEMPATH\Boot.php(325): CodeIgniter\CodeIgniter->run()
11 SYSTEMPATH\Boot.php(67): CodeIgniter\Boot::runCodeIgniter(Object(CodeIgniter\CodeIgniter))
12 FCPATH\index.php(56): CodeIgniter\Boot::bootWeb(Object(Config\Paths))
CRITICAL - 2025-07-08 23:21:13 --> [Caused by] mysqli_sql_exception: Table 'z0e6f_haruyumi.m_kyokai_event' doesn't exist
in SYSTEMPATH\Database\MySQLi\Connection.php on line 312.
 1 SYSTEMPATH\Database\MySQLi\Connection.php(312): mysqli->query('
			SELECT
				kei.event_id,
				kei.event_sub_name,
				kei.event_no,
				kei.event_date_st,
				kei.event_date_ed,
				kei.event_open_time,
				kei.event_uketuke_time,
				kei.event_time_st,
				kei.event_time_ed,
				kei.recruit_flg,
				kei.abort_flg,
				mka.kaijo_name,
				mka.kaijo_name_short,
				kei.kaijo_other_name,
                mke.kyokai_event_name
			FROM
				t_event_info kei
			LEFT JOIN m_kaijo mka ON
				mka.kaijo_id = kei.kaijo_id
			LEFT JOIN m_kyokai_event mke ON
				mke.kyokai_event_id = kei.kyokai_event_id
			WHERE
				kei.fiscal_year_id = 25 
				AND kei.category_id = 1 
				AND kei.event_date_st >= CURDATE()
			ORDER BY
				kei.event_date_st ASC
		', 0)
 2 SYSTEMPATH\Database\BaseConnection.php(734): CodeIgniter\Database\MySQLi\Connection->execute('
			SELECT
				kei.event_id,
				kei.event_sub_name,
				kei.event_no,
				kei.event_date_st,
				kei.event_date_ed,
				kei.event_open_time,
				kei.event_uketuke_time,
				kei.event_time_st,
				kei.event_time_ed,
				kei.recruit_flg,
				kei.abort_flg,
				mka.kaijo_name,
				mka.kaijo_name_short,
				kei.kaijo_other_name,
                mke.kyokai_event_name
			FROM
				t_event_info kei
			LEFT JOIN m_kaijo mka ON
				mka.kaijo_id = kei.kaijo_id
			LEFT JOIN m_kyokai_event mke ON
				mke.kyokai_event_id = kei.kyokai_event_id
			WHERE
				kei.fiscal_year_id = 25 
				AND kei.category_id = 1 
				AND kei.event_date_st >= CURDATE()
			ORDER BY
				kei.event_date_st ASC
		')
 3 SYSTEMPATH\Database\BaseConnection.php(648): CodeIgniter\Database\BaseConnection->simpleQuery('
			SELECT
				kei.event_id,
				kei.event_sub_name,
				kei.event_no,
				kei.event_date_st,
				kei.event_date_ed,
				kei.event_open_time,
				kei.event_uketuke_time,
				kei.event_time_st,
				kei.event_time_ed,
				kei.recruit_flg,
				kei.abort_flg,
				mka.kaijo_name,
				mka.kaijo_name_short,
				kei.kaijo_other_name,
                mke.kyokai_event_name
			FROM
				t_event_info kei
			LEFT JOIN m_kaijo mka ON
				mka.kaijo_id = kei.kaijo_id
			LEFT JOIN m_kyokai_event mke ON
				mke.kyokai_event_id = kei.kyokai_event_id
			WHERE
				kei.fiscal_year_id = 25 
				AND kei.category_id = 1 
				AND kei.event_date_st >= CURDATE()
			ORDER BY
				kei.event_date_st ASC
		')
 4 APPPATH\Models\BaseQueryModel.php(27): CodeIgniter\Database\BaseConnection->query('
			SELECT
				kei.event_id,
				kei.event_sub_name,
				kei.event_no,
				kei.event_date_st,
				kei.event_date_ed,
				kei.event_open_time,
				kei.event_uketuke_time,
				kei.event_time_st,
				kei.event_time_ed,
				kei.recruit_flg,
				kei.abort_flg,
				mka.kaijo_name,
				mka.kaijo_name_short,
				kei.kaijo_other_name,
                mke.kyokai_event_name
			FROM
				t_event_info kei
			LEFT JOIN m_kaijo mka ON
				mka.kaijo_id = kei.kaijo_id
			LEFT JOIN m_kyokai_event mke ON
				mke.kyokai_event_id = kei.kyokai_event_id
			WHERE
				kei.fiscal_year_id = :fiscalYearId: 
				AND kei.category_id = :categoryId: 
				AND kei.event_date_st >= CURDATE()
			ORDER BY
				kei.event_date_st ASC
		', [...])
 5 APPPATH\Models\KyokaiModel.php(60): App\Models\BaseQueryModel->get_result_array('
			SELECT
				kei.event_id,
				kei.event_sub_name,
				kei.event_no,
				kei.event_date_st,
				kei.event_date_ed,
				kei.event_open_time,
				kei.event_uketuke_time,
				kei.event_time_st,
				kei.event_time_ed,
				kei.recruit_flg,
				kei.abort_flg,
				mka.kaijo_name,
				mka.kaijo_name_short,
				kei.kaijo_other_name,
                mke.kyokai_event_name
			FROM
				t_event_info kei
			LEFT JOIN m_kaijo mka ON
				mka.kaijo_id = kei.kaijo_id
			LEFT JOIN m_kyokai_event mke ON
				mke.kyokai_event_id = kei.kyokai_event_id
			WHERE
				kei.fiscal_year_id = :fiscalYearId: 
				AND kei.category_id = :categoryId: 
				AND kei.event_date_st >= CURDATE()
			ORDER BY
				kei.event_date_st ASC
		', [...])
 6 APPPATH\Libraries\KyokaiLibrarie.php(31): App\Models\KyokaiModel->get_kyokai_event_list(25, 1)
 7 APPPATH\Controllers\Kyokai.php(39): App\Libraries\KyokaiLibrarie->get_kyokai_event_list(25, [...])
 8 SYSTEMPATH\CodeIgniter.php(933): App\Controllers\Kyokai->index()
 9 SYSTEMPATH\CodeIgniter.php(509): CodeIgniter\CodeIgniter->runController(Object(App\Controllers\Kyokai))
10 SYSTEMPATH\CodeIgniter.php(355): CodeIgniter\CodeIgniter->handleRequest(null, Object(Config\Cache), false)
11 SYSTEMPATH\Boot.php(325): CodeIgniter\CodeIgniter->run()
12 SYSTEMPATH\Boot.php(67): CodeIgniter\Boot::runCodeIgniter(Object(CodeIgniter\CodeIgniter))
13 FCPATH\index.php(56): CodeIgniter\Boot::bootWeb(Object(Config\Paths))
