ERROR - 2025-05-06 20:40:33 --> mysqli_sql_exception: Unknown column 'tsi.uketuke_limit_aikyuren' in 'field list' in C:\xampp_htdocs\kasugaikyudo\production\system\Database\MySQLi\Connection.php:312
Stack trace:
#0 C:\xampp_htdocs\kasugaikyudo\production\system\Database\MySQLi\Connection.php(312): mysqli->query('\n            SE...', 0)
#1 C:\xampp_htdocs\kasugaikyudo\production\system\Database\BaseConnection.php(734): CodeIgniter\Database\MySQLi\Connection->execute('\n            SE...')
#2 C:\xampp_htdocs\kasugaikyudo\production\system\Database\BaseConnection.php(648): CodeIgniter\Database\BaseConnection->simpleQuery('\n            SE...')
#3 C:\xampp_htdocs\kasugaikyudo\production\app\Models\BaseQueryModel.php(48): CodeIgniter\Database\BaseConnection->query('\n            SE...', Array)
#4 C:\xampp_htdocs\kasugaikyudo\production\app\Models\ShinsaModel.php(206): App\Models\BaseQueryModel->get_first_row('\n            SE...', Array, 'array')
#5 C:\xampp_htdocs\kasugaikyudo\production\app\Libraries\ShinsaLibrarie.php(84): App\Models\ShinsaModel->get_shinsa_detail(3, 65)
#6 C:\xampp_htdocs\kasugaikyudo\production\app\Controllers\Shinsa.php(68): App\Libraries\ShinsaLibrarie->get_shinsa_detail(3, 65)
#7 C:\xampp_htdocs\kasugaikyudo\production\system\CodeIgniter.php(933): App\Controllers\Shinsa->detail('3')
#8 C:\xampp_htdocs\kasugaikyudo\production\system\CodeIgniter.php(509): CodeIgniter\CodeIgniter->runController(Object(App\Controllers\Shinsa))
#9 C:\xampp_htdocs\kasugaikyudo\production\system\CodeIgniter.php(355): CodeIgniter\CodeIgniter->handleRequest(NULL, Object(Config\Cache), false)
#10 C:\xampp_htdocs\kasugaikyudo\production\system\Boot.php(325): CodeIgniter\CodeIgniter->run()
#11 C:\xampp_htdocs\kasugaikyudo\production\system\Boot.php(67): CodeIgniter\Boot::runCodeIgniter(Object(CodeIgniter\CodeIgniter))
#12 C:\xampp_htdocs\kasugaikyudo\production\index.php(56): CodeIgniter\Boot::bootWeb(Object(Config\Paths))
#13 {main}
CRITICAL - 2025-05-06 20:40:33 --> CodeIgniter\Database\Exceptions\DatabaseException: Unknown column 'tsi.uketuke_limit_aikyuren' in 'field list'
[Method: GET, Route: shinsa/detail/3]
in SYSTEMPATH\Database\BaseConnection.php on line 688.
 1 APPPATH\Models\BaseQueryModel.php(48): CodeIgniter\Database\BaseConnection->query('
            SELECT
                tsi.shinsa_id,
                tsi.uketuke_limit_zenkyuren,
                tsi.uketuke_limit_tokairengo,
                tsi.uketuke_limit_aikyuren,
                tsi.uketuke_limit_kasugai,
				mag.area_group_name,
                msn.shinsa_name,
                msn.shinsa_name_short,
                msc.shinsa_class_name,
                msc.shinsa_class_name_short,
                mka.kaijo_name,
                mka.kaijo_name_short,
                tsi.shinsa_class_id,
                mhg.holder_grade_name as all_holder_grade_name,
                tsi.gender_cd,
                tsi.shinsa_name_id,
                tsi.area_group_id,
                tsi.kaijo_id,
                tsi.kaijo_other_name,
                tsi.kaijo_other_name_abb,
                tsi.created,
                tsi.modified,
                sht.shinsa_target_id,
                sht.shinsa_target_name,
				CASE WHEN sof.shinsa_offer_id IS NOT NULL THEN 1 ELSE 0 END sanka_flg
            FROM t_shinsa_info tsi
            	INNER JOIN m_shinsa_name msn ON
            		msn.shinsa_name_id = tsi.shinsa_name_id
            	INNER JOIN m_shinsa_class msc ON
            		msc.shinsa_class_id = tsi.shinsa_class_id
				INNER JOIN m_holder_grade mhg ON
					mhg.holder_grade_id = tsi.all_holder_grade_id
                LEFT JOIN m_kaijo mka ON
                    mka.kaijo_id = tsi.kaijo_id
                LEFT JOIN t_shinsa_offer_member sof ON
                    sof.shinsa_id = tsi.shinsa_id
                    AND sof.member_id = :memberId:
                LEFT JOIN m_shinsa_target sht ON
                    sht.shinsa_target_id = sof.shinsa_target_id
				LEFT JOIN m_area_group mag ON
					mag.area_group_id = tsi.area_group_id
            WHERE
            	tsi.shinsa_id = :shinsaId:
		', [...])
 2 APPPATH\Models\ShinsaModel.php(206): App\Models\BaseQueryModel->get_first_row('
            SELECT
                tsi.shinsa_id,
                tsi.uketuke_limit_zenkyuren,
                tsi.uketuke_limit_tokairengo,
                tsi.uketuke_limit_aikyuren,
                tsi.uketuke_limit_kasugai,
				mag.area_group_name,
                msn.shinsa_name,
                msn.shinsa_name_short,
                msc.shinsa_class_name,
                msc.shinsa_class_name_short,
                mka.kaijo_name,
                mka.kaijo_name_short,
                tsi.shinsa_class_id,
                mhg.holder_grade_name as all_holder_grade_name,
                tsi.gender_cd,
                tsi.shinsa_name_id,
                tsi.area_group_id,
                tsi.kaijo_id,
                tsi.kaijo_other_name,
                tsi.kaijo_other_name_abb,
                tsi.created,
                tsi.modified,
                sht.shinsa_target_id,
                sht.shinsa_target_name,
				CASE WHEN sof.shinsa_offer_id IS NOT NULL THEN 1 ELSE 0 END sanka_flg
            FROM t_shinsa_info tsi
            	INNER JOIN m_shinsa_name msn ON
            		msn.shinsa_name_id = tsi.shinsa_name_id
            	INNER JOIN m_shinsa_class msc ON
            		msc.shinsa_class_id = tsi.shinsa_class_id
				INNER JOIN m_holder_grade mhg ON
					mhg.holder_grade_id = tsi.all_holder_grade_id
                LEFT JOIN m_kaijo mka ON
                    mka.kaijo_id = tsi.kaijo_id
                LEFT JOIN t_shinsa_offer_member sof ON
                    sof.shinsa_id = tsi.shinsa_id
                    AND sof.member_id = :memberId:
                LEFT JOIN m_shinsa_target sht ON
                    sht.shinsa_target_id = sof.shinsa_target_id
				LEFT JOIN m_area_group mag ON
					mag.area_group_id = tsi.area_group_id
            WHERE
            	tsi.shinsa_id = :shinsaId:
		', [...], 'array')
 3 APPPATH\Libraries\ShinsaLibrarie.php(84): App\Models\ShinsaModel->get_shinsa_detail(3, 65)
 4 APPPATH\Controllers\Shinsa.php(68): App\Libraries\ShinsaLibrarie->get_shinsa_detail(3, 65)
 5 SYSTEMPATH\CodeIgniter.php(933): App\Controllers\Shinsa->detail('3')
 6 SYSTEMPATH\CodeIgniter.php(509): CodeIgniter\CodeIgniter->runController(Object(App\Controllers\Shinsa))
 7 SYSTEMPATH\CodeIgniter.php(355): CodeIgniter\CodeIgniter->handleRequest(null, Object(Config\Cache), false)
 8 SYSTEMPATH\Boot.php(325): CodeIgniter\CodeIgniter->run()
 9 SYSTEMPATH\Boot.php(67): CodeIgniter\Boot::runCodeIgniter(Object(CodeIgniter\CodeIgniter))
10 FCPATH\index.php(56): CodeIgniter\Boot::bootWeb(Object(Config\Paths))
CRITICAL - 2025-05-06 20:40:33 --> [Caused by] CodeIgniter\Database\Exceptions\DatabaseException: Unknown column 'tsi.uketuke_limit_aikyuren' in 'field list'
in SYSTEMPATH\Database\MySQLi\Connection.php on line 317.
 1 SYSTEMPATH\Database\BaseConnection.php(734): CodeIgniter\Database\MySQLi\Connection->execute('
            SELECT
                tsi.shinsa_id,
                tsi.uketuke_limit_zenkyuren,
                tsi.uketuke_limit_tokairengo,
                tsi.uketuke_limit_aikyuren,
                tsi.uketuke_limit_kasugai,
				mag.area_group_name,
                msn.shinsa_name,
                msn.shinsa_name_short,
                msc.shinsa_class_name,
                msc.shinsa_class_name_short,
                mka.kaijo_name,
                mka.kaijo_name_short,
                tsi.shinsa_class_id,
                mhg.holder_grade_name as all_holder_grade_name,
                tsi.gender_cd,
                tsi.shinsa_name_id,
                tsi.area_group_id,
                tsi.kaijo_id,
                tsi.kaijo_other_name,
                tsi.kaijo_other_name_abb,
                tsi.created,
                tsi.modified,
                sht.shinsa_target_id,
                sht.shinsa_target_name,
				CASE WHEN sof.shinsa_offer_id IS NOT NULL THEN 1 ELSE 0 END sanka_flg
            FROM t_shinsa_info tsi
            	INNER JOIN m_shinsa_name msn ON
            		msn.shinsa_name_id = tsi.shinsa_name_id
            	INNER JOIN m_shinsa_class msc ON
            		msc.shinsa_class_id = tsi.shinsa_class_id
				INNER JOIN m_holder_grade mhg ON
					mhg.holder_grade_id = tsi.all_holder_grade_id
                LEFT JOIN m_kaijo mka ON
                    mka.kaijo_id = tsi.kaijo_id
                LEFT JOIN t_shinsa_offer_member sof ON
                    sof.shinsa_id = tsi.shinsa_id
                    AND sof.member_id = 65
                LEFT JOIN m_shinsa_target sht ON
                    sht.shinsa_target_id = sof.shinsa_target_id
				LEFT JOIN m_area_group mag ON
					mag.area_group_id = tsi.area_group_id
            WHERE
            	tsi.shinsa_id = 3
		')
 2 SYSTEMPATH\Database\BaseConnection.php(648): CodeIgniter\Database\BaseConnection->simpleQuery('
            SELECT
                tsi.shinsa_id,
                tsi.uketuke_limit_zenkyuren,
                tsi.uketuke_limit_tokairengo,
                tsi.uketuke_limit_aikyuren,
                tsi.uketuke_limit_kasugai,
				mag.area_group_name,
                msn.shinsa_name,
                msn.shinsa_name_short,
                msc.shinsa_class_name,
                msc.shinsa_class_name_short,
                mka.kaijo_name,
                mka.kaijo_name_short,
                tsi.shinsa_class_id,
                mhg.holder_grade_name as all_holder_grade_name,
                tsi.gender_cd,
                tsi.shinsa_name_id,
                tsi.area_group_id,
                tsi.kaijo_id,
                tsi.kaijo_other_name,
                tsi.kaijo_other_name_abb,
                tsi.created,
                tsi.modified,
                sht.shinsa_target_id,
                sht.shinsa_target_name,
				CASE WHEN sof.shinsa_offer_id IS NOT NULL THEN 1 ELSE 0 END sanka_flg
            FROM t_shinsa_info tsi
            	INNER JOIN m_shinsa_name msn ON
            		msn.shinsa_name_id = tsi.shinsa_name_id
            	INNER JOIN m_shinsa_class msc ON
            		msc.shinsa_class_id = tsi.shinsa_class_id
				INNER JOIN m_holder_grade mhg ON
					mhg.holder_grade_id = tsi.all_holder_grade_id
                LEFT JOIN m_kaijo mka ON
                    mka.kaijo_id = tsi.kaijo_id
                LEFT JOIN t_shinsa_offer_member sof ON
                    sof.shinsa_id = tsi.shinsa_id
                    AND sof.member_id = 65
                LEFT JOIN m_shinsa_target sht ON
                    sht.shinsa_target_id = sof.shinsa_target_id
				LEFT JOIN m_area_group mag ON
					mag.area_group_id = tsi.area_group_id
            WHERE
            	tsi.shinsa_id = 3
		')
 3 APPPATH\Models\BaseQueryModel.php(48): CodeIgniter\Database\BaseConnection->query('
            SELECT
                tsi.shinsa_id,
                tsi.uketuke_limit_zenkyuren,
                tsi.uketuke_limit_tokairengo,
                tsi.uketuke_limit_aikyuren,
                tsi.uketuke_limit_kasugai,
				mag.area_group_name,
                msn.shinsa_name,
                msn.shinsa_name_short,
                msc.shinsa_class_name,
                msc.shinsa_class_name_short,
                mka.kaijo_name,
                mka.kaijo_name_short,
                tsi.shinsa_class_id,
                mhg.holder_grade_name as all_holder_grade_name,
                tsi.gender_cd,
                tsi.shinsa_name_id,
                tsi.area_group_id,
                tsi.kaijo_id,
                tsi.kaijo_other_name,
                tsi.kaijo_other_name_abb,
                tsi.created,
                tsi.modified,
                sht.shinsa_target_id,
                sht.shinsa_target_name,
				CASE WHEN sof.shinsa_offer_id IS NOT NULL THEN 1 ELSE 0 END sanka_flg
            FROM t_shinsa_info tsi
            	INNER JOIN m_shinsa_name msn ON
            		msn.shinsa_name_id = tsi.shinsa_name_id
            	INNER JOIN m_shinsa_class msc ON
            		msc.shinsa_class_id = tsi.shinsa_class_id
				INNER JOIN m_holder_grade mhg ON
					mhg.holder_grade_id = tsi.all_holder_grade_id
                LEFT JOIN m_kaijo mka ON
                    mka.kaijo_id = tsi.kaijo_id
                LEFT JOIN t_shinsa_offer_member sof ON
                    sof.shinsa_id = tsi.shinsa_id
                    AND sof.member_id = :memberId:
                LEFT JOIN m_shinsa_target sht ON
                    sht.shinsa_target_id = sof.shinsa_target_id
				LEFT JOIN m_area_group mag ON
					mag.area_group_id = tsi.area_group_id
            WHERE
            	tsi.shinsa_id = :shinsaId:
		', [...])
 4 APPPATH\Models\ShinsaModel.php(206): App\Models\BaseQueryModel->get_first_row('
            SELECT
                tsi.shinsa_id,
                tsi.uketuke_limit_zenkyuren,
                tsi.uketuke_limit_tokairengo,
                tsi.uketuke_limit_aikyuren,
                tsi.uketuke_limit_kasugai,
				mag.area_group_name,
                msn.shinsa_name,
                msn.shinsa_name_short,
                msc.shinsa_class_name,
                msc.shinsa_class_name_short,
                mka.kaijo_name,
                mka.kaijo_name_short,
                tsi.shinsa_class_id,
                mhg.holder_grade_name as all_holder_grade_name,
                tsi.gender_cd,
                tsi.shinsa_name_id,
                tsi.area_group_id,
                tsi.kaijo_id,
                tsi.kaijo_other_name,
                tsi.kaijo_other_name_abb,
                tsi.created,
                tsi.modified,
                sht.shinsa_target_id,
                sht.shinsa_target_name,
				CASE WHEN sof.shinsa_offer_id IS NOT NULL THEN 1 ELSE 0 END sanka_flg
            FROM t_shinsa_info tsi
            	INNER JOIN m_shinsa_name msn ON
            		msn.shinsa_name_id = tsi.shinsa_name_id
            	INNER JOIN m_shinsa_class msc ON
            		msc.shinsa_class_id = tsi.shinsa_class_id
				INNER JOIN m_holder_grade mhg ON
					mhg.holder_grade_id = tsi.all_holder_grade_id
                LEFT JOIN m_kaijo mka ON
                    mka.kaijo_id = tsi.kaijo_id
                LEFT JOIN t_shinsa_offer_member sof ON
                    sof.shinsa_id = tsi.shinsa_id
                    AND sof.member_id = :memberId:
                LEFT JOIN m_shinsa_target sht ON
                    sht.shinsa_target_id = sof.shinsa_target_id
				LEFT JOIN m_area_group mag ON
					mag.area_group_id = tsi.area_group_id
            WHERE
            	tsi.shinsa_id = :shinsaId:
		', [...], 'array')
 5 APPPATH\Libraries\ShinsaLibrarie.php(84): App\Models\ShinsaModel->get_shinsa_detail(3, 65)
 6 APPPATH\Controllers\Shinsa.php(68): App\Libraries\ShinsaLibrarie->get_shinsa_detail(3, 65)
 7 SYSTEMPATH\CodeIgniter.php(933): App\Controllers\Shinsa->detail('3')
 8 SYSTEMPATH\CodeIgniter.php(509): CodeIgniter\CodeIgniter->runController(Object(App\Controllers\Shinsa))
 9 SYSTEMPATH\CodeIgniter.php(355): CodeIgniter\CodeIgniter->handleRequest(null, Object(Config\Cache), false)
10 SYSTEMPATH\Boot.php(325): CodeIgniter\CodeIgniter->run()
11 SYSTEMPATH\Boot.php(67): CodeIgniter\Boot::runCodeIgniter(Object(CodeIgniter\CodeIgniter))
12 FCPATH\index.php(56): CodeIgniter\Boot::bootWeb(Object(Config\Paths))
CRITICAL - 2025-05-06 20:40:33 --> [Caused by] mysqli_sql_exception: Unknown column 'tsi.uketuke_limit_aikyuren' in 'field list'
in SYSTEMPATH\Database\MySQLi\Connection.php on line 312.
 1 SYSTEMPATH\Database\MySQLi\Connection.php(312): mysqli->query('
            SELECT
                tsi.shinsa_id,
                tsi.uketuke_limit_zenkyuren,
                tsi.uketuke_limit_tokairengo,
                tsi.uketuke_limit_aikyuren,
                tsi.uketuke_limit_kasugai,
				mag.area_group_name,
                msn.shinsa_name,
                msn.shinsa_name_short,
                msc.shinsa_class_name,
                msc.shinsa_class_name_short,
                mka.kaijo_name,
                mka.kaijo_name_short,
                tsi.shinsa_class_id,
                mhg.holder_grade_name as all_holder_grade_name,
                tsi.gender_cd,
                tsi.shinsa_name_id,
                tsi.area_group_id,
                tsi.kaijo_id,
                tsi.kaijo_other_name,
                tsi.kaijo_other_name_abb,
                tsi.created,
                tsi.modified,
                sht.shinsa_target_id,
                sht.shinsa_target_name,
				CASE WHEN sof.shinsa_offer_id IS NOT NULL THEN 1 ELSE 0 END sanka_flg
            FROM t_shinsa_info tsi
            	INNER JOIN m_shinsa_name msn ON
            		msn.shinsa_name_id = tsi.shinsa_name_id
            	INNER JOIN m_shinsa_class msc ON
            		msc.shinsa_class_id = tsi.shinsa_class_id
				INNER JOIN m_holder_grade mhg ON
					mhg.holder_grade_id = tsi.all_holder_grade_id
                LEFT JOIN m_kaijo mka ON
                    mka.kaijo_id = tsi.kaijo_id
                LEFT JOIN t_shinsa_offer_member sof ON
                    sof.shinsa_id = tsi.shinsa_id
                    AND sof.member_id = 65
                LEFT JOIN m_shinsa_target sht ON
                    sht.shinsa_target_id = sof.shinsa_target_id
				LEFT JOIN m_area_group mag ON
					mag.area_group_id = tsi.area_group_id
            WHERE
            	tsi.shinsa_id = 3
		', 0)
 2 SYSTEMPATH\Database\BaseConnection.php(734): CodeIgniter\Database\MySQLi\Connection->execute('
            SELECT
                tsi.shinsa_id,
                tsi.uketuke_limit_zenkyuren,
                tsi.uketuke_limit_tokairengo,
                tsi.uketuke_limit_aikyuren,
                tsi.uketuke_limit_kasugai,
				mag.area_group_name,
                msn.shinsa_name,
                msn.shinsa_name_short,
                msc.shinsa_class_name,
                msc.shinsa_class_name_short,
                mka.kaijo_name,
                mka.kaijo_name_short,
                tsi.shinsa_class_id,
                mhg.holder_grade_name as all_holder_grade_name,
                tsi.gender_cd,
                tsi.shinsa_name_id,
                tsi.area_group_id,
                tsi.kaijo_id,
                tsi.kaijo_other_name,
                tsi.kaijo_other_name_abb,
                tsi.created,
                tsi.modified,
                sht.shinsa_target_id,
                sht.shinsa_target_name,
				CASE WHEN sof.shinsa_offer_id IS NOT NULL THEN 1 ELSE 0 END sanka_flg
            FROM t_shinsa_info tsi
            	INNER JOIN m_shinsa_name msn ON
            		msn.shinsa_name_id = tsi.shinsa_name_id
            	INNER JOIN m_shinsa_class msc ON
            		msc.shinsa_class_id = tsi.shinsa_class_id
				INNER JOIN m_holder_grade mhg ON
					mhg.holder_grade_id = tsi.all_holder_grade_id
                LEFT JOIN m_kaijo mka ON
                    mka.kaijo_id = tsi.kaijo_id
                LEFT JOIN t_shinsa_offer_member sof ON
                    sof.shinsa_id = tsi.shinsa_id
                    AND sof.member_id = 65
                LEFT JOIN m_shinsa_target sht ON
                    sht.shinsa_target_id = sof.shinsa_target_id
				LEFT JOIN m_area_group mag ON
					mag.area_group_id = tsi.area_group_id
            WHERE
            	tsi.shinsa_id = 3
		')
 3 SYSTEMPATH\Database\BaseConnection.php(648): CodeIgniter\Database\BaseConnection->simpleQuery('
            SELECT
                tsi.shinsa_id,
                tsi.uketuke_limit_zenkyuren,
                tsi.uketuke_limit_tokairengo,
                tsi.uketuke_limit_aikyuren,
                tsi.uketuke_limit_kasugai,
				mag.area_group_name,
                msn.shinsa_name,
                msn.shinsa_name_short,
                msc.shinsa_class_name,
                msc.shinsa_class_name_short,
                mka.kaijo_name,
                mka.kaijo_name_short,
                tsi.shinsa_class_id,
                mhg.holder_grade_name as all_holder_grade_name,
                tsi.gender_cd,
                tsi.shinsa_name_id,
                tsi.area_group_id,
                tsi.kaijo_id,
                tsi.kaijo_other_name,
                tsi.kaijo_other_name_abb,
                tsi.created,
                tsi.modified,
                sht.shinsa_target_id,
                sht.shinsa_target_name,
				CASE WHEN sof.shinsa_offer_id IS NOT NULL THEN 1 ELSE 0 END sanka_flg
            FROM t_shinsa_info tsi
            	INNER JOIN m_shinsa_name msn ON
            		msn.shinsa_name_id = tsi.shinsa_name_id
            	INNER JOIN m_shinsa_class msc ON
            		msc.shinsa_class_id = tsi.shinsa_class_id
				INNER JOIN m_holder_grade mhg ON
					mhg.holder_grade_id = tsi.all_holder_grade_id
                LEFT JOIN m_kaijo mka ON
                    mka.kaijo_id = tsi.kaijo_id
                LEFT JOIN t_shinsa_offer_member sof ON
                    sof.shinsa_id = tsi.shinsa_id
                    AND sof.member_id = 65
                LEFT JOIN m_shinsa_target sht ON
                    sht.shinsa_target_id = sof.shinsa_target_id
				LEFT JOIN m_area_group mag ON
					mag.area_group_id = tsi.area_group_id
            WHERE
            	tsi.shinsa_id = 3
		')
 4 APPPATH\Models\BaseQueryModel.php(48): CodeIgniter\Database\BaseConnection->query('
            SELECT
                tsi.shinsa_id,
                tsi.uketuke_limit_zenkyuren,
                tsi.uketuke_limit_tokairengo,
                tsi.uketuke_limit_aikyuren,
                tsi.uketuke_limit_kasugai,
				mag.area_group_name,
                msn.shinsa_name,
                msn.shinsa_name_short,
                msc.shinsa_class_name,
                msc.shinsa_class_name_short,
                mka.kaijo_name,
                mka.kaijo_name_short,
                tsi.shinsa_class_id,
                mhg.holder_grade_name as all_holder_grade_name,
                tsi.gender_cd,
                tsi.shinsa_name_id,
                tsi.area_group_id,
                tsi.kaijo_id,
                tsi.kaijo_other_name,
                tsi.kaijo_other_name_abb,
                tsi.created,
                tsi.modified,
                sht.shinsa_target_id,
                sht.shinsa_target_name,
				CASE WHEN sof.shinsa_offer_id IS NOT NULL THEN 1 ELSE 0 END sanka_flg
            FROM t_shinsa_info tsi
            	INNER JOIN m_shinsa_name msn ON
            		msn.shinsa_name_id = tsi.shinsa_name_id
            	INNER JOIN m_shinsa_class msc ON
            		msc.shinsa_class_id = tsi.shinsa_class_id
				INNER JOIN m_holder_grade mhg ON
					mhg.holder_grade_id = tsi.all_holder_grade_id
                LEFT JOIN m_kaijo mka ON
                    mka.kaijo_id = tsi.kaijo_id
                LEFT JOIN t_shinsa_offer_member sof ON
                    sof.shinsa_id = tsi.shinsa_id
                    AND sof.member_id = :memberId:
                LEFT JOIN m_shinsa_target sht ON
                    sht.shinsa_target_id = sof.shinsa_target_id
				LEFT JOIN m_area_group mag ON
					mag.area_group_id = tsi.area_group_id
            WHERE
            	tsi.shinsa_id = :shinsaId:
		', [...])
 5 APPPATH\Models\ShinsaModel.php(206): App\Models\BaseQueryModel->get_first_row('
            SELECT
                tsi.shinsa_id,
                tsi.uketuke_limit_zenkyuren,
                tsi.uketuke_limit_tokairengo,
                tsi.uketuke_limit_aikyuren,
                tsi.uketuke_limit_kasugai,
				mag.area_group_name,
                msn.shinsa_name,
                msn.shinsa_name_short,
                msc.shinsa_class_name,
                msc.shinsa_class_name_short,
                mka.kaijo_name,
                mka.kaijo_name_short,
                tsi.shinsa_class_id,
                mhg.holder_grade_name as all_holder_grade_name,
                tsi.gender_cd,
                tsi.shinsa_name_id,
                tsi.area_group_id,
                tsi.kaijo_id,
                tsi.kaijo_other_name,
                tsi.kaijo_other_name_abb,
                tsi.created,
                tsi.modified,
                sht.shinsa_target_id,
                sht.shinsa_target_name,
				CASE WHEN sof.shinsa_offer_id IS NOT NULL THEN 1 ELSE 0 END sanka_flg
            FROM t_shinsa_info tsi
            	INNER JOIN m_shinsa_name msn ON
            		msn.shinsa_name_id = tsi.shinsa_name_id
            	INNER JOIN m_shinsa_class msc ON
            		msc.shinsa_class_id = tsi.shinsa_class_id
				INNER JOIN m_holder_grade mhg ON
					mhg.holder_grade_id = tsi.all_holder_grade_id
                LEFT JOIN m_kaijo mka ON
                    mka.kaijo_id = tsi.kaijo_id
                LEFT JOIN t_shinsa_offer_member sof ON
                    sof.shinsa_id = tsi.shinsa_id
                    AND sof.member_id = :memberId:
                LEFT JOIN m_shinsa_target sht ON
                    sht.shinsa_target_id = sof.shinsa_target_id
				LEFT JOIN m_area_group mag ON
					mag.area_group_id = tsi.area_group_id
            WHERE
            	tsi.shinsa_id = :shinsaId:
		', [...], 'array')
 6 APPPATH\Libraries\ShinsaLibrarie.php(84): App\Models\ShinsaModel->get_shinsa_detail(3, 65)
 7 APPPATH\Controllers\Shinsa.php(68): App\Libraries\ShinsaLibrarie->get_shinsa_detail(3, 65)
 8 SYSTEMPATH\CodeIgniter.php(933): App\Controllers\Shinsa->detail('3')
 9 SYSTEMPATH\CodeIgniter.php(509): CodeIgniter\CodeIgniter->runController(Object(App\Controllers\Shinsa))
10 SYSTEMPATH\CodeIgniter.php(355): CodeIgniter\CodeIgniter->handleRequest(null, Object(Config\Cache), false)
11 SYSTEMPATH\Boot.php(325): CodeIgniter\CodeIgniter->run()
12 SYSTEMPATH\Boot.php(67): CodeIgniter\Boot::runCodeIgniter(Object(CodeIgniter\CodeIgniter))
13 FCPATH\index.php(56): CodeIgniter\Boot::bootWeb(Object(Config\Paths))
ERROR - 2025-05-06 20:40:53 --> mysqli_sql_exception: Unknown column 'tsi.uketuke_limit_aikyuren' in 'field list' in C:\xampp_htdocs\kasugaikyudo\production\system\Database\MySQLi\Connection.php:312
Stack trace:
#0 C:\xampp_htdocs\kasugaikyudo\production\system\Database\MySQLi\Connection.php(312): mysqli->query('\n            SE...', 0)
#1 C:\xampp_htdocs\kasugaikyudo\production\system\Database\BaseConnection.php(734): CodeIgniter\Database\MySQLi\Connection->execute('\n            SE...')
#2 C:\xampp_htdocs\kasugaikyudo\production\system\Database\BaseConnection.php(648): CodeIgniter\Database\BaseConnection->simpleQuery('\n            SE...')
#3 C:\xampp_htdocs\kasugaikyudo\production\app\Models\BaseQueryModel.php(48): CodeIgniter\Database\BaseConnection->query('\n            SE...', Array)
#4 C:\xampp_htdocs\kasugaikyudo\production\app\Models\ShinsaModel.php(206): App\Models\BaseQueryModel->get_first_row('\n            SE...', Array, 'array')
#5 C:\xampp_htdocs\kasugaikyudo\production\app\Libraries\ShinsaLibrarie.php(84): App\Models\ShinsaModel->get_shinsa_detail(3, 65)
#6 C:\xampp_htdocs\kasugaikyudo\production\app\Controllers\Shinsa.php(68): App\Libraries\ShinsaLibrarie->get_shinsa_detail(3, 65)
#7 C:\xampp_htdocs\kasugaikyudo\production\system\CodeIgniter.php(933): App\Controllers\Shinsa->detail('3')
#8 C:\xampp_htdocs\kasugaikyudo\production\system\CodeIgniter.php(509): CodeIgniter\CodeIgniter->runController(Object(App\Controllers\Shinsa))
#9 C:\xampp_htdocs\kasugaikyudo\production\system\CodeIgniter.php(355): CodeIgniter\CodeIgniter->handleRequest(NULL, Object(Config\Cache), false)
#10 C:\xampp_htdocs\kasugaikyudo\production\system\Boot.php(325): CodeIgniter\CodeIgniter->run()
#11 C:\xampp_htdocs\kasugaikyudo\production\system\Boot.php(67): CodeIgniter\Boot::runCodeIgniter(Object(CodeIgniter\CodeIgniter))
#12 C:\xampp_htdocs\kasugaikyudo\production\index.php(56): CodeIgniter\Boot::bootWeb(Object(Config\Paths))
#13 {main}
CRITICAL - 2025-05-06 20:40:53 --> CodeIgniter\Database\Exceptions\DatabaseException: Unknown column 'tsi.uketuke_limit_aikyuren' in 'field list'
[Method: GET, Route: shinsa/detail/3]
in SYSTEMPATH\Database\BaseConnection.php on line 688.
 1 APPPATH\Models\BaseQueryModel.php(48): CodeIgniter\Database\BaseConnection->query('
            SELECT
                tsi.shinsa_id,
                tsi.uketuke_limit_zenkyuren,
                tsi.uketuke_limit_tokairengo,
                tsi.uketuke_limit_aikyuren,
                tsi.uketuke_limit_kasugai,
				mag.area_group_name,
                msn.shinsa_name,
                msn.shinsa_name_short,
                msc.shinsa_class_name,
                msc.shinsa_class_name_short,
                mka.kaijo_name,
                mka.kaijo_name_short,
                tsi.shinsa_class_id,
                mhg.holder_grade_name as all_holder_grade_name,
                tsi.gender_cd,
                tsi.shinsa_name_id,
                tsi.area_group_id,
                tsi.kaijo_id,
                tsi.kaijo_other_name,
                tsi.kaijo_other_name_abb,
                tsi.created,
                tsi.modified,
                sht.shinsa_target_id,
                sht.shinsa_target_name,
				CASE WHEN sof.shinsa_offer_id IS NOT NULL THEN 1 ELSE 0 END sanka_flg
            FROM t_shinsa_info tsi
            	INNER JOIN m_shinsa_name msn ON
            		msn.shinsa_name_id = tsi.shinsa_name_id
            	INNER JOIN m_shinsa_class msc ON
            		msc.shinsa_class_id = tsi.shinsa_class_id
				INNER JOIN m_holder_grade mhg ON
					mhg.holder_grade_id = tsi.all_holder_grade_id
                LEFT JOIN m_kaijo mka ON
                    mka.kaijo_id = tsi.kaijo_id
                LEFT JOIN t_shinsa_offer_member sof ON
                    sof.shinsa_id = tsi.shinsa_id
                    AND sof.member_id = :memberId:
                LEFT JOIN m_shinsa_target sht ON
                    sht.shinsa_target_id = sof.shinsa_target_id
				LEFT JOIN m_area_group mag ON
					mag.area_group_id = tsi.area_group_id
            WHERE
            	tsi.shinsa_id = :shinsaId:
		', [...])
 2 APPPATH\Models\ShinsaModel.php(206): App\Models\BaseQueryModel->get_first_row('
            SELECT
                tsi.shinsa_id,
                tsi.uketuke_limit_zenkyuren,
                tsi.uketuke_limit_tokairengo,
                tsi.uketuke_limit_aikyuren,
                tsi.uketuke_limit_kasugai,
				mag.area_group_name,
                msn.shinsa_name,
                msn.shinsa_name_short,
                msc.shinsa_class_name,
                msc.shinsa_class_name_short,
                mka.kaijo_name,
                mka.kaijo_name_short,
                tsi.shinsa_class_id,
                mhg.holder_grade_name as all_holder_grade_name,
                tsi.gender_cd,
                tsi.shinsa_name_id,
                tsi.area_group_id,
                tsi.kaijo_id,
                tsi.kaijo_other_name,
                tsi.kaijo_other_name_abb,
                tsi.created,
                tsi.modified,
                sht.shinsa_target_id,
                sht.shinsa_target_name,
				CASE WHEN sof.shinsa_offer_id IS NOT NULL THEN 1 ELSE 0 END sanka_flg
            FROM t_shinsa_info tsi
            	INNER JOIN m_shinsa_name msn ON
            		msn.shinsa_name_id = tsi.shinsa_name_id
            	INNER JOIN m_shinsa_class msc ON
            		msc.shinsa_class_id = tsi.shinsa_class_id
				INNER JOIN m_holder_grade mhg ON
					mhg.holder_grade_id = tsi.all_holder_grade_id
                LEFT JOIN m_kaijo mka ON
                    mka.kaijo_id = tsi.kaijo_id
                LEFT JOIN t_shinsa_offer_member sof ON
                    sof.shinsa_id = tsi.shinsa_id
                    AND sof.member_id = :memberId:
                LEFT JOIN m_shinsa_target sht ON
                    sht.shinsa_target_id = sof.shinsa_target_id
				LEFT JOIN m_area_group mag ON
					mag.area_group_id = tsi.area_group_id
            WHERE
            	tsi.shinsa_id = :shinsaId:
		', [...], 'array')
 3 APPPATH\Libraries\ShinsaLibrarie.php(84): App\Models\ShinsaModel->get_shinsa_detail(3, 65)
 4 APPPATH\Controllers\Shinsa.php(68): App\Libraries\ShinsaLibrarie->get_shinsa_detail(3, 65)
 5 SYSTEMPATH\CodeIgniter.php(933): App\Controllers\Shinsa->detail('3')
 6 SYSTEMPATH\CodeIgniter.php(509): CodeIgniter\CodeIgniter->runController(Object(App\Controllers\Shinsa))
 7 SYSTEMPATH\CodeIgniter.php(355): CodeIgniter\CodeIgniter->handleRequest(null, Object(Config\Cache), false)
 8 SYSTEMPATH\Boot.php(325): CodeIgniter\CodeIgniter->run()
 9 SYSTEMPATH\Boot.php(67): CodeIgniter\Boot::runCodeIgniter(Object(CodeIgniter\CodeIgniter))
10 FCPATH\index.php(56): CodeIgniter\Boot::bootWeb(Object(Config\Paths))
CRITICAL - 2025-05-06 20:40:53 --> [Caused by] CodeIgniter\Database\Exceptions\DatabaseException: Unknown column 'tsi.uketuke_limit_aikyuren' in 'field list'
in SYSTEMPATH\Database\MySQLi\Connection.php on line 317.
 1 SYSTEMPATH\Database\BaseConnection.php(734): CodeIgniter\Database\MySQLi\Connection->execute('
            SELECT
                tsi.shinsa_id,
                tsi.uketuke_limit_zenkyuren,
                tsi.uketuke_limit_tokairengo,
                tsi.uketuke_limit_aikyuren,
                tsi.uketuke_limit_kasugai,
				mag.area_group_name,
                msn.shinsa_name,
                msn.shinsa_name_short,
                msc.shinsa_class_name,
                msc.shinsa_class_name_short,
                mka.kaijo_name,
                mka.kaijo_name_short,
                tsi.shinsa_class_id,
                mhg.holder_grade_name as all_holder_grade_name,
                tsi.gender_cd,
                tsi.shinsa_name_id,
                tsi.area_group_id,
                tsi.kaijo_id,
                tsi.kaijo_other_name,
                tsi.kaijo_other_name_abb,
                tsi.created,
                tsi.modified,
                sht.shinsa_target_id,
                sht.shinsa_target_name,
				CASE WHEN sof.shinsa_offer_id IS NOT NULL THEN 1 ELSE 0 END sanka_flg
            FROM t_shinsa_info tsi
            	INNER JOIN m_shinsa_name msn ON
            		msn.shinsa_name_id = tsi.shinsa_name_id
            	INNER JOIN m_shinsa_class msc ON
            		msc.shinsa_class_id = tsi.shinsa_class_id
				INNER JOIN m_holder_grade mhg ON
					mhg.holder_grade_id = tsi.all_holder_grade_id
                LEFT JOIN m_kaijo mka ON
                    mka.kaijo_id = tsi.kaijo_id
                LEFT JOIN t_shinsa_offer_member sof ON
                    sof.shinsa_id = tsi.shinsa_id
                    AND sof.member_id = 65
                LEFT JOIN m_shinsa_target sht ON
                    sht.shinsa_target_id = sof.shinsa_target_id
				LEFT JOIN m_area_group mag ON
					mag.area_group_id = tsi.area_group_id
            WHERE
            	tsi.shinsa_id = 3
		')
 2 SYSTEMPATH\Database\BaseConnection.php(648): CodeIgniter\Database\BaseConnection->simpleQuery('
            SELECT
                tsi.shinsa_id,
                tsi.uketuke_limit_zenkyuren,
                tsi.uketuke_limit_tokairengo,
                tsi.uketuke_limit_aikyuren,
                tsi.uketuke_limit_kasugai,
				mag.area_group_name,
                msn.shinsa_name,
                msn.shinsa_name_short,
                msc.shinsa_class_name,
                msc.shinsa_class_name_short,
                mka.kaijo_name,
                mka.kaijo_name_short,
                tsi.shinsa_class_id,
                mhg.holder_grade_name as all_holder_grade_name,
                tsi.gender_cd,
                tsi.shinsa_name_id,
                tsi.area_group_id,
                tsi.kaijo_id,
                tsi.kaijo_other_name,
                tsi.kaijo_other_name_abb,
                tsi.created,
                tsi.modified,
                sht.shinsa_target_id,
                sht.shinsa_target_name,
				CASE WHEN sof.shinsa_offer_id IS NOT NULL THEN 1 ELSE 0 END sanka_flg
            FROM t_shinsa_info tsi
            	INNER JOIN m_shinsa_name msn ON
            		msn.shinsa_name_id = tsi.shinsa_name_id
            	INNER JOIN m_shinsa_class msc ON
            		msc.shinsa_class_id = tsi.shinsa_class_id
				INNER JOIN m_holder_grade mhg ON
					mhg.holder_grade_id = tsi.all_holder_grade_id
                LEFT JOIN m_kaijo mka ON
                    mka.kaijo_id = tsi.kaijo_id
                LEFT JOIN t_shinsa_offer_member sof ON
                    sof.shinsa_id = tsi.shinsa_id
                    AND sof.member_id = 65
                LEFT JOIN m_shinsa_target sht ON
                    sht.shinsa_target_id = sof.shinsa_target_id
				LEFT JOIN m_area_group mag ON
					mag.area_group_id = tsi.area_group_id
            WHERE
            	tsi.shinsa_id = 3
		')
 3 APPPATH\Models\BaseQueryModel.php(48): CodeIgniter\Database\BaseConnection->query('
            SELECT
                tsi.shinsa_id,
                tsi.uketuke_limit_zenkyuren,
                tsi.uketuke_limit_tokairengo,
                tsi.uketuke_limit_aikyuren,
                tsi.uketuke_limit_kasugai,
				mag.area_group_name,
                msn.shinsa_name,
                msn.shinsa_name_short,
                msc.shinsa_class_name,
                msc.shinsa_class_name_short,
                mka.kaijo_name,
                mka.kaijo_name_short,
                tsi.shinsa_class_id,
                mhg.holder_grade_name as all_holder_grade_name,
                tsi.gender_cd,
                tsi.shinsa_name_id,
                tsi.area_group_id,
                tsi.kaijo_id,
                tsi.kaijo_other_name,
                tsi.kaijo_other_name_abb,
                tsi.created,
                tsi.modified,
                sht.shinsa_target_id,
                sht.shinsa_target_name,
				CASE WHEN sof.shinsa_offer_id IS NOT NULL THEN 1 ELSE 0 END sanka_flg
            FROM t_shinsa_info tsi
            	INNER JOIN m_shinsa_name msn ON
            		msn.shinsa_name_id = tsi.shinsa_name_id
            	INNER JOIN m_shinsa_class msc ON
            		msc.shinsa_class_id = tsi.shinsa_class_id
				INNER JOIN m_holder_grade mhg ON
					mhg.holder_grade_id = tsi.all_holder_grade_id
                LEFT JOIN m_kaijo mka ON
                    mka.kaijo_id = tsi.kaijo_id
                LEFT JOIN t_shinsa_offer_member sof ON
                    sof.shinsa_id = tsi.shinsa_id
                    AND sof.member_id = :memberId:
                LEFT JOIN m_shinsa_target sht ON
                    sht.shinsa_target_id = sof.shinsa_target_id
				LEFT JOIN m_area_group mag ON
					mag.area_group_id = tsi.area_group_id
            WHERE
            	tsi.shinsa_id = :shinsaId:
		', [...])
 4 APPPATH\Models\ShinsaModel.php(206): App\Models\BaseQueryModel->get_first_row('
            SELECT
                tsi.shinsa_id,
                tsi.uketuke_limit_zenkyuren,
                tsi.uketuke_limit_tokairengo,
                tsi.uketuke_limit_aikyuren,
                tsi.uketuke_limit_kasugai,
				mag.area_group_name,
                msn.shinsa_name,
                msn.shinsa_name_short,
                msc.shinsa_class_name,
                msc.shinsa_class_name_short,
                mka.kaijo_name,
                mka.kaijo_name_short,
                tsi.shinsa_class_id,
                mhg.holder_grade_name as all_holder_grade_name,
                tsi.gender_cd,
                tsi.shinsa_name_id,
                tsi.area_group_id,
                tsi.kaijo_id,
                tsi.kaijo_other_name,
                tsi.kaijo_other_name_abb,
                tsi.created,
                tsi.modified,
                sht.shinsa_target_id,
                sht.shinsa_target_name,
				CASE WHEN sof.shinsa_offer_id IS NOT NULL THEN 1 ELSE 0 END sanka_flg
            FROM t_shinsa_info tsi
            	INNER JOIN m_shinsa_name msn ON
            		msn.shinsa_name_id = tsi.shinsa_name_id
            	INNER JOIN m_shinsa_class msc ON
            		msc.shinsa_class_id = tsi.shinsa_class_id
				INNER JOIN m_holder_grade mhg ON
					mhg.holder_grade_id = tsi.all_holder_grade_id
                LEFT JOIN m_kaijo mka ON
                    mka.kaijo_id = tsi.kaijo_id
                LEFT JOIN t_shinsa_offer_member sof ON
                    sof.shinsa_id = tsi.shinsa_id
                    AND sof.member_id = :memberId:
                LEFT JOIN m_shinsa_target sht ON
                    sht.shinsa_target_id = sof.shinsa_target_id
				LEFT JOIN m_area_group mag ON
					mag.area_group_id = tsi.area_group_id
            WHERE
            	tsi.shinsa_id = :shinsaId:
		', [...], 'array')
 5 APPPATH\Libraries\ShinsaLibrarie.php(84): App\Models\ShinsaModel->get_shinsa_detail(3, 65)
 6 APPPATH\Controllers\Shinsa.php(68): App\Libraries\ShinsaLibrarie->get_shinsa_detail(3, 65)
 7 SYSTEMPATH\CodeIgniter.php(933): App\Controllers\Shinsa->detail('3')
 8 SYSTEMPATH\CodeIgniter.php(509): CodeIgniter\CodeIgniter->runController(Object(App\Controllers\Shinsa))
 9 SYSTEMPATH\CodeIgniter.php(355): CodeIgniter\CodeIgniter->handleRequest(null, Object(Config\Cache), false)
10 SYSTEMPATH\Boot.php(325): CodeIgniter\CodeIgniter->run()
11 SYSTEMPATH\Boot.php(67): CodeIgniter\Boot::runCodeIgniter(Object(CodeIgniter\CodeIgniter))
12 FCPATH\index.php(56): CodeIgniter\Boot::bootWeb(Object(Config\Paths))
CRITICAL - 2025-05-06 20:40:53 --> [Caused by] mysqli_sql_exception: Unknown column 'tsi.uketuke_limit_aikyuren' in 'field list'
in SYSTEMPATH\Database\MySQLi\Connection.php on line 312.
 1 SYSTEMPATH\Database\MySQLi\Connection.php(312): mysqli->query('
            SELECT
                tsi.shinsa_id,
                tsi.uketuke_limit_zenkyuren,
                tsi.uketuke_limit_tokairengo,
                tsi.uketuke_limit_aikyuren,
                tsi.uketuke_limit_kasugai,
				mag.area_group_name,
                msn.shinsa_name,
                msn.shinsa_name_short,
                msc.shinsa_class_name,
                msc.shinsa_class_name_short,
                mka.kaijo_name,
                mka.kaijo_name_short,
                tsi.shinsa_class_id,
                mhg.holder_grade_name as all_holder_grade_name,
                tsi.gender_cd,
                tsi.shinsa_name_id,
                tsi.area_group_id,
                tsi.kaijo_id,
                tsi.kaijo_other_name,
                tsi.kaijo_other_name_abb,
                tsi.created,
                tsi.modified,
                sht.shinsa_target_id,
                sht.shinsa_target_name,
				CASE WHEN sof.shinsa_offer_id IS NOT NULL THEN 1 ELSE 0 END sanka_flg
            FROM t_shinsa_info tsi
            	INNER JOIN m_shinsa_name msn ON
            		msn.shinsa_name_id = tsi.shinsa_name_id
            	INNER JOIN m_shinsa_class msc ON
            		msc.shinsa_class_id = tsi.shinsa_class_id
				INNER JOIN m_holder_grade mhg ON
					mhg.holder_grade_id = tsi.all_holder_grade_id
                LEFT JOIN m_kaijo mka ON
                    mka.kaijo_id = tsi.kaijo_id
                LEFT JOIN t_shinsa_offer_member sof ON
                    sof.shinsa_id = tsi.shinsa_id
                    AND sof.member_id = 65
                LEFT JOIN m_shinsa_target sht ON
                    sht.shinsa_target_id = sof.shinsa_target_id
				LEFT JOIN m_area_group mag ON
					mag.area_group_id = tsi.area_group_id
            WHERE
            	tsi.shinsa_id = 3
		', 0)
 2 SYSTEMPATH\Database\BaseConnection.php(734): CodeIgniter\Database\MySQLi\Connection->execute('
            SELECT
                tsi.shinsa_id,
                tsi.uketuke_limit_zenkyuren,
                tsi.uketuke_limit_tokairengo,
                tsi.uketuke_limit_aikyuren,
                tsi.uketuke_limit_kasugai,
				mag.area_group_name,
                msn.shinsa_name,
                msn.shinsa_name_short,
                msc.shinsa_class_name,
                msc.shinsa_class_name_short,
                mka.kaijo_name,
                mka.kaijo_name_short,
                tsi.shinsa_class_id,
                mhg.holder_grade_name as all_holder_grade_name,
                tsi.gender_cd,
                tsi.shinsa_name_id,
                tsi.area_group_id,
                tsi.kaijo_id,
                tsi.kaijo_other_name,
                tsi.kaijo_other_name_abb,
                tsi.created,
                tsi.modified,
                sht.shinsa_target_id,
                sht.shinsa_target_name,
				CASE WHEN sof.shinsa_offer_id IS NOT NULL THEN 1 ELSE 0 END sanka_flg
            FROM t_shinsa_info tsi
            	INNER JOIN m_shinsa_name msn ON
            		msn.shinsa_name_id = tsi.shinsa_name_id
            	INNER JOIN m_shinsa_class msc ON
            		msc.shinsa_class_id = tsi.shinsa_class_id
				INNER JOIN m_holder_grade mhg ON
					mhg.holder_grade_id = tsi.all_holder_grade_id
                LEFT JOIN m_kaijo mka ON
                    mka.kaijo_id = tsi.kaijo_id
                LEFT JOIN t_shinsa_offer_member sof ON
                    sof.shinsa_id = tsi.shinsa_id
                    AND sof.member_id = 65
                LEFT JOIN m_shinsa_target sht ON
                    sht.shinsa_target_id = sof.shinsa_target_id
				LEFT JOIN m_area_group mag ON
					mag.area_group_id = tsi.area_group_id
            WHERE
            	tsi.shinsa_id = 3
		')
 3 SYSTEMPATH\Database\BaseConnection.php(648): CodeIgniter\Database\BaseConnection->simpleQuery('
            SELECT
                tsi.shinsa_id,
                tsi.uketuke_limit_zenkyuren,
                tsi.uketuke_limit_tokairengo,
                tsi.uketuke_limit_aikyuren,
                tsi.uketuke_limit_kasugai,
				mag.area_group_name,
                msn.shinsa_name,
                msn.shinsa_name_short,
                msc.shinsa_class_name,
                msc.shinsa_class_name_short,
                mka.kaijo_name,
                mka.kaijo_name_short,
                tsi.shinsa_class_id,
                mhg.holder_grade_name as all_holder_grade_name,
                tsi.gender_cd,
                tsi.shinsa_name_id,
                tsi.area_group_id,
                tsi.kaijo_id,
                tsi.kaijo_other_name,
                tsi.kaijo_other_name_abb,
                tsi.created,
                tsi.modified,
                sht.shinsa_target_id,
                sht.shinsa_target_name,
				CASE WHEN sof.shinsa_offer_id IS NOT NULL THEN 1 ELSE 0 END sanka_flg
            FROM t_shinsa_info tsi
            	INNER JOIN m_shinsa_name msn ON
            		msn.shinsa_name_id = tsi.shinsa_name_id
            	INNER JOIN m_shinsa_class msc ON
            		msc.shinsa_class_id = tsi.shinsa_class_id
				INNER JOIN m_holder_grade mhg ON
					mhg.holder_grade_id = tsi.all_holder_grade_id
                LEFT JOIN m_kaijo mka ON
                    mka.kaijo_id = tsi.kaijo_id
                LEFT JOIN t_shinsa_offer_member sof ON
                    sof.shinsa_id = tsi.shinsa_id
                    AND sof.member_id = 65
                LEFT JOIN m_shinsa_target sht ON
                    sht.shinsa_target_id = sof.shinsa_target_id
				LEFT JOIN m_area_group mag ON
					mag.area_group_id = tsi.area_group_id
            WHERE
            	tsi.shinsa_id = 3
		')
 4 APPPATH\Models\BaseQueryModel.php(48): CodeIgniter\Database\BaseConnection->query('
            SELECT
                tsi.shinsa_id,
                tsi.uketuke_limit_zenkyuren,
                tsi.uketuke_limit_tokairengo,
                tsi.uketuke_limit_aikyuren,
                tsi.uketuke_limit_kasugai,
				mag.area_group_name,
                msn.shinsa_name,
                msn.shinsa_name_short,
                msc.shinsa_class_name,
                msc.shinsa_class_name_short,
                mka.kaijo_name,
                mka.kaijo_name_short,
                tsi.shinsa_class_id,
                mhg.holder_grade_name as all_holder_grade_name,
                tsi.gender_cd,
                tsi.shinsa_name_id,
                tsi.area_group_id,
                tsi.kaijo_id,
                tsi.kaijo_other_name,
                tsi.kaijo_other_name_abb,
                tsi.created,
                tsi.modified,
                sht.shinsa_target_id,
                sht.shinsa_target_name,
				CASE WHEN sof.shinsa_offer_id IS NOT NULL THEN 1 ELSE 0 END sanka_flg
            FROM t_shinsa_info tsi
            	INNER JOIN m_shinsa_name msn ON
            		msn.shinsa_name_id = tsi.shinsa_name_id
            	INNER JOIN m_shinsa_class msc ON
            		msc.shinsa_class_id = tsi.shinsa_class_id
				INNER JOIN m_holder_grade mhg ON
					mhg.holder_grade_id = tsi.all_holder_grade_id
                LEFT JOIN m_kaijo mka ON
                    mka.kaijo_id = tsi.kaijo_id
                LEFT JOIN t_shinsa_offer_member sof ON
                    sof.shinsa_id = tsi.shinsa_id
                    AND sof.member_id = :memberId:
                LEFT JOIN m_shinsa_target sht ON
                    sht.shinsa_target_id = sof.shinsa_target_id
				LEFT JOIN m_area_group mag ON
					mag.area_group_id = tsi.area_group_id
            WHERE
            	tsi.shinsa_id = :shinsaId:
		', [...])
 5 APPPATH\Models\ShinsaModel.php(206): App\Models\BaseQueryModel->get_first_row('
            SELECT
                tsi.shinsa_id,
                tsi.uketuke_limit_zenkyuren,
                tsi.uketuke_limit_tokairengo,
                tsi.uketuke_limit_aikyuren,
                tsi.uketuke_limit_kasugai,
				mag.area_group_name,
                msn.shinsa_name,
                msn.shinsa_name_short,
                msc.shinsa_class_name,
                msc.shinsa_class_name_short,
                mka.kaijo_name,
                mka.kaijo_name_short,
                tsi.shinsa_class_id,
                mhg.holder_grade_name as all_holder_grade_name,
                tsi.gender_cd,
                tsi.shinsa_name_id,
                tsi.area_group_id,
                tsi.kaijo_id,
                tsi.kaijo_other_name,
                tsi.kaijo_other_name_abb,
                tsi.created,
                tsi.modified,
                sht.shinsa_target_id,
                sht.shinsa_target_name,
				CASE WHEN sof.shinsa_offer_id IS NOT NULL THEN 1 ELSE 0 END sanka_flg
            FROM t_shinsa_info tsi
            	INNER JOIN m_shinsa_name msn ON
            		msn.shinsa_name_id = tsi.shinsa_name_id
            	INNER JOIN m_shinsa_class msc ON
            		msc.shinsa_class_id = tsi.shinsa_class_id
				INNER JOIN m_holder_grade mhg ON
					mhg.holder_grade_id = tsi.all_holder_grade_id
                LEFT JOIN m_kaijo mka ON
                    mka.kaijo_id = tsi.kaijo_id
                LEFT JOIN t_shinsa_offer_member sof ON
                    sof.shinsa_id = tsi.shinsa_id
                    AND sof.member_id = :memberId:
                LEFT JOIN m_shinsa_target sht ON
                    sht.shinsa_target_id = sof.shinsa_target_id
				LEFT JOIN m_area_group mag ON
					mag.area_group_id = tsi.area_group_id
            WHERE
            	tsi.shinsa_id = :shinsaId:
		', [...], 'array')
 6 APPPATH\Libraries\ShinsaLibrarie.php(84): App\Models\ShinsaModel->get_shinsa_detail(3, 65)
 7 APPPATH\Controllers\Shinsa.php(68): App\Libraries\ShinsaLibrarie->get_shinsa_detail(3, 65)
 8 SYSTEMPATH\CodeIgniter.php(933): App\Controllers\Shinsa->detail('3')
 9 SYSTEMPATH\CodeIgniter.php(509): CodeIgniter\CodeIgniter->runController(Object(App\Controllers\Shinsa))
10 SYSTEMPATH\CodeIgniter.php(355): CodeIgniter\CodeIgniter->handleRequest(null, Object(Config\Cache), false)
11 SYSTEMPATH\Boot.php(325): CodeIgniter\CodeIgniter->run()
12 SYSTEMPATH\Boot.php(67): CodeIgniter\Boot::runCodeIgniter(Object(CodeIgniter\CodeIgniter))
13 FCPATH\index.php(56): CodeIgniter\Boot::bootWeb(Object(Config\Paths))
ERROR - 2025-05-06 20:41:10 --> mysqli_sql_exception: Unknown column 'tsi.uketuke_limit_aikyuren' in 'field list' in C:\xampp_htdocs\kasugaikyudo\production\system\Database\MySQLi\Connection.php:312
Stack trace:
#0 C:\xampp_htdocs\kasugaikyudo\production\system\Database\MySQLi\Connection.php(312): mysqli->query('\n            SE...', 0)
#1 C:\xampp_htdocs\kasugaikyudo\production\system\Database\BaseConnection.php(734): CodeIgniter\Database\MySQLi\Connection->execute('\n            SE...')
#2 C:\xampp_htdocs\kasugaikyudo\production\system\Database\BaseConnection.php(648): CodeIgniter\Database\BaseConnection->simpleQuery('\n            SE...')
#3 C:\xampp_htdocs\kasugaikyudo\production\app\Models\BaseQueryModel.php(48): CodeIgniter\Database\BaseConnection->query('\n            SE...', Array)
#4 C:\xampp_htdocs\kasugaikyudo\production\app\Models\ShinsaModel.php(207): App\Models\BaseQueryModel->get_first_row('\n            SE...', Array, 'array')
#5 C:\xampp_htdocs\kasugaikyudo\production\app\Libraries\ShinsaLibrarie.php(84): App\Models\ShinsaModel->get_shinsa_detail(3, 65)
#6 C:\xampp_htdocs\kasugaikyudo\production\app\Controllers\Shinsa.php(68): App\Libraries\ShinsaLibrarie->get_shinsa_detail(3, 65)
#7 C:\xampp_htdocs\kasugaikyudo\production\system\CodeIgniter.php(933): App\Controllers\Shinsa->detail('3')
#8 C:\xampp_htdocs\kasugaikyudo\production\system\CodeIgniter.php(509): CodeIgniter\CodeIgniter->runController(Object(App\Controllers\Shinsa))
#9 C:\xampp_htdocs\kasugaikyudo\production\system\CodeIgniter.php(355): CodeIgniter\CodeIgniter->handleRequest(NULL, Object(Config\Cache), false)
#10 C:\xampp_htdocs\kasugaikyudo\production\system\Boot.php(325): CodeIgniter\CodeIgniter->run()
#11 C:\xampp_htdocs\kasugaikyudo\production\system\Boot.php(67): CodeIgniter\Boot::runCodeIgniter(Object(CodeIgniter\CodeIgniter))
#12 C:\xampp_htdocs\kasugaikyudo\production\index.php(56): CodeIgniter\Boot::bootWeb(Object(Config\Paths))
#13 {main}
CRITICAL - 2025-05-06 20:41:10 --> CodeIgniter\Database\Exceptions\DatabaseException: Unknown column 'tsi.uketuke_limit_aikyuren' in 'field list'
[Method: GET, Route: shinsa/detail/3]
in SYSTEMPATH\Database\BaseConnection.php on line 688.
 1 APPPATH\Models\BaseQueryModel.php(48): CodeIgniter\Database\BaseConnection->query('
            SELECT
                tsi.shinsa_id,
                tsi.uketuke_limit_zenkyuren,
                tsi.uketuke_limit_tokairengo,
                tsi.uketuke_limit_aikyuren,
                tsi.uketuke_limit_kasugai,
				mag.area_group_name,
                msn.shinsa_name,
                msn.shinsa_name_short,
                msc.shinsa_class_name,
                msc.shinsa_class_name_short,
                mka.kaijo_name,
                mka.kaijo_name_short,
                tsi.shinsa_class_id,
                mhg.holder_grade_name as all_holder_grade_name,
                tsi.gender_cd,
                tsi.shinsa_name_id,
                tsi.area_group_id,
                tsi.kaijo_id,
                tsi.kaijo_other_name,
                tsi.kaijo_other_name_abb,
                tsi.created,
                tsi.modified,
                sht.shinsa_target_id,
                sht.shinsa_target_name,
				CASE WHEN sof.shinsa_offer_id IS NOT NULL THEN 1 ELSE 0 END sanka_flg
            FROM t_shinsa_info tsi
            	INNER JOIN m_shinsa_name msn ON
            		msn.shinsa_name_id = tsi.shinsa_name_id
            	INNER JOIN m_shinsa_class msc ON
            		msc.shinsa_class_id = tsi.shinsa_class_id
				INNER JOIN m_holder_grade mhg ON
					mhg.holder_grade_id = tsi.all_holder_grade_id
                LEFT JOIN m_kaijo mka ON
                    mka.kaijo_id = tsi.kaijo_id
                LEFT JOIN t_shinsa_offer_member sof ON
                    sof.shinsa_id = tsi.shinsa_id
                    AND sof.member_id = :memberId:
                LEFT JOIN m_shinsa_target sht ON
                    sht.shinsa_target_id = sof.shinsa_target_id
				LEFT JOIN m_area_group mag ON
					mag.area_group_id = tsi.area_group_id
            WHERE
            	tsi.shinsa_id = :shinsaId:
		', [...])
 2 APPPATH\Models\ShinsaModel.php(207): App\Models\BaseQueryModel->get_first_row('
            SELECT
                tsi.shinsa_id,
                tsi.uketuke_limit_zenkyuren,
                tsi.uketuke_limit_tokairengo,
                tsi.uketuke_limit_aikyuren,
                tsi.uketuke_limit_kasugai,
				mag.area_group_name,
                msn.shinsa_name,
                msn.shinsa_name_short,
                msc.shinsa_class_name,
                msc.shinsa_class_name_short,
                mka.kaijo_name,
                mka.kaijo_name_short,
                tsi.shinsa_class_id,
                mhg.holder_grade_name as all_holder_grade_name,
                tsi.gender_cd,
                tsi.shinsa_name_id,
                tsi.area_group_id,
                tsi.kaijo_id,
                tsi.kaijo_other_name,
                tsi.kaijo_other_name_abb,
                tsi.created,
                tsi.modified,
                sht.shinsa_target_id,
                sht.shinsa_target_name,
				CASE WHEN sof.shinsa_offer_id IS NOT NULL THEN 1 ELSE 0 END sanka_flg
            FROM t_shinsa_info tsi
            	INNER JOIN m_shinsa_name msn ON
            		msn.shinsa_name_id = tsi.shinsa_name_id
            	INNER JOIN m_shinsa_class msc ON
            		msc.shinsa_class_id = tsi.shinsa_class_id
				INNER JOIN m_holder_grade mhg ON
					mhg.holder_grade_id = tsi.all_holder_grade_id
                LEFT JOIN m_kaijo mka ON
                    mka.kaijo_id = tsi.kaijo_id
                LEFT JOIN t_shinsa_offer_member sof ON
                    sof.shinsa_id = tsi.shinsa_id
                    AND sof.member_id = :memberId:
                LEFT JOIN m_shinsa_target sht ON
                    sht.shinsa_target_id = sof.shinsa_target_id
				LEFT JOIN m_area_group mag ON
					mag.area_group_id = tsi.area_group_id
            WHERE
            	tsi.shinsa_id = :shinsaId:
		', [...], 'array')
 3 APPPATH\Libraries\ShinsaLibrarie.php(84): App\Models\ShinsaModel->get_shinsa_detail(3, 65)
 4 APPPATH\Controllers\Shinsa.php(68): App\Libraries\ShinsaLibrarie->get_shinsa_detail(3, 65)
 5 SYSTEMPATH\CodeIgniter.php(933): App\Controllers\Shinsa->detail('3')
 6 SYSTEMPATH\CodeIgniter.php(509): CodeIgniter\CodeIgniter->runController(Object(App\Controllers\Shinsa))
 7 SYSTEMPATH\CodeIgniter.php(355): CodeIgniter\CodeIgniter->handleRequest(null, Object(Config\Cache), false)
 8 SYSTEMPATH\Boot.php(325): CodeIgniter\CodeIgniter->run()
 9 SYSTEMPATH\Boot.php(67): CodeIgniter\Boot::runCodeIgniter(Object(CodeIgniter\CodeIgniter))
10 FCPATH\index.php(56): CodeIgniter\Boot::bootWeb(Object(Config\Paths))
CRITICAL - 2025-05-06 20:41:10 --> [Caused by] CodeIgniter\Database\Exceptions\DatabaseException: Unknown column 'tsi.uketuke_limit_aikyuren' in 'field list'
in SYSTEMPATH\Database\MySQLi\Connection.php on line 317.
 1 SYSTEMPATH\Database\BaseConnection.php(734): CodeIgniter\Database\MySQLi\Connection->execute('
            SELECT
                tsi.shinsa_id,
                tsi.uketuke_limit_zenkyuren,
                tsi.uketuke_limit_tokairengo,
                tsi.uketuke_limit_aikyuren,
                tsi.uketuke_limit_kasugai,
				mag.area_group_name,
                msn.shinsa_name,
                msn.shinsa_name_short,
                msc.shinsa_class_name,
                msc.shinsa_class_name_short,
                mka.kaijo_name,
                mka.kaijo_name_short,
                tsi.shinsa_class_id,
                mhg.holder_grade_name as all_holder_grade_name,
                tsi.gender_cd,
                tsi.shinsa_name_id,
                tsi.area_group_id,
                tsi.kaijo_id,
                tsi.kaijo_other_name,
                tsi.kaijo_other_name_abb,
                tsi.created,
                tsi.modified,
                sht.shinsa_target_id,
                sht.shinsa_target_name,
				CASE WHEN sof.shinsa_offer_id IS NOT NULL THEN 1 ELSE 0 END sanka_flg
            FROM t_shinsa_info tsi
            	INNER JOIN m_shinsa_name msn ON
            		msn.shinsa_name_id = tsi.shinsa_name_id
            	INNER JOIN m_shinsa_class msc ON
            		msc.shinsa_class_id = tsi.shinsa_class_id
				INNER JOIN m_holder_grade mhg ON
					mhg.holder_grade_id = tsi.all_holder_grade_id
                LEFT JOIN m_kaijo mka ON
                    mka.kaijo_id = tsi.kaijo_id
                LEFT JOIN t_shinsa_offer_member sof ON
                    sof.shinsa_id = tsi.shinsa_id
                    AND sof.member_id = 65
                LEFT JOIN m_shinsa_target sht ON
                    sht.shinsa_target_id = sof.shinsa_target_id
				LEFT JOIN m_area_group mag ON
					mag.area_group_id = tsi.area_group_id
            WHERE
            	tsi.shinsa_id = 3
		')
 2 SYSTEMPATH\Database\BaseConnection.php(648): CodeIgniter\Database\BaseConnection->simpleQuery('
            SELECT
                tsi.shinsa_id,
                tsi.uketuke_limit_zenkyuren,
                tsi.uketuke_limit_tokairengo,
                tsi.uketuke_limit_aikyuren,
                tsi.uketuke_limit_kasugai,
				mag.area_group_name,
                msn.shinsa_name,
                msn.shinsa_name_short,
                msc.shinsa_class_name,
                msc.shinsa_class_name_short,
                mka.kaijo_name,
                mka.kaijo_name_short,
                tsi.shinsa_class_id,
                mhg.holder_grade_name as all_holder_grade_name,
                tsi.gender_cd,
                tsi.shinsa_name_id,
                tsi.area_group_id,
                tsi.kaijo_id,
                tsi.kaijo_other_name,
                tsi.kaijo_other_name_abb,
                tsi.created,
                tsi.modified,
                sht.shinsa_target_id,
                sht.shinsa_target_name,
				CASE WHEN sof.shinsa_offer_id IS NOT NULL THEN 1 ELSE 0 END sanka_flg
            FROM t_shinsa_info tsi
            	INNER JOIN m_shinsa_name msn ON
            		msn.shinsa_name_id = tsi.shinsa_name_id
            	INNER JOIN m_shinsa_class msc ON
            		msc.shinsa_class_id = tsi.shinsa_class_id
				INNER JOIN m_holder_grade mhg ON
					mhg.holder_grade_id = tsi.all_holder_grade_id
                LEFT JOIN m_kaijo mka ON
                    mka.kaijo_id = tsi.kaijo_id
                LEFT JOIN t_shinsa_offer_member sof ON
                    sof.shinsa_id = tsi.shinsa_id
                    AND sof.member_id = 65
                LEFT JOIN m_shinsa_target sht ON
                    sht.shinsa_target_id = sof.shinsa_target_id
				LEFT JOIN m_area_group mag ON
					mag.area_group_id = tsi.area_group_id
            WHERE
            	tsi.shinsa_id = 3
		')
 3 APPPATH\Models\BaseQueryModel.php(48): CodeIgniter\Database\BaseConnection->query('
            SELECT
                tsi.shinsa_id,
                tsi.uketuke_limit_zenkyuren,
                tsi.uketuke_limit_tokairengo,
                tsi.uketuke_limit_aikyuren,
                tsi.uketuke_limit_kasugai,
				mag.area_group_name,
                msn.shinsa_name,
                msn.shinsa_name_short,
                msc.shinsa_class_name,
                msc.shinsa_class_name_short,
                mka.kaijo_name,
                mka.kaijo_name_short,
                tsi.shinsa_class_id,
                mhg.holder_grade_name as all_holder_grade_name,
                tsi.gender_cd,
                tsi.shinsa_name_id,
                tsi.area_group_id,
                tsi.kaijo_id,
                tsi.kaijo_other_name,
                tsi.kaijo_other_name_abb,
                tsi.created,
                tsi.modified,
                sht.shinsa_target_id,
                sht.shinsa_target_name,
				CASE WHEN sof.shinsa_offer_id IS NOT NULL THEN 1 ELSE 0 END sanka_flg
            FROM t_shinsa_info tsi
            	INNER JOIN m_shinsa_name msn ON
            		msn.shinsa_name_id = tsi.shinsa_name_id
            	INNER JOIN m_shinsa_class msc ON
            		msc.shinsa_class_id = tsi.shinsa_class_id
				INNER JOIN m_holder_grade mhg ON
					mhg.holder_grade_id = tsi.all_holder_grade_id
                LEFT JOIN m_kaijo mka ON
                    mka.kaijo_id = tsi.kaijo_id
                LEFT JOIN t_shinsa_offer_member sof ON
                    sof.shinsa_id = tsi.shinsa_id
                    AND sof.member_id = :memberId:
                LEFT JOIN m_shinsa_target sht ON
                    sht.shinsa_target_id = sof.shinsa_target_id
				LEFT JOIN m_area_group mag ON
					mag.area_group_id = tsi.area_group_id
            WHERE
            	tsi.shinsa_id = :shinsaId:
		', [...])
 4 APPPATH\Models\ShinsaModel.php(207): App\Models\BaseQueryModel->get_first_row('
            SELECT
                tsi.shinsa_id,
                tsi.uketuke_limit_zenkyuren,
                tsi.uketuke_limit_tokairengo,
                tsi.uketuke_limit_aikyuren,
                tsi.uketuke_limit_kasugai,
				mag.area_group_name,
                msn.shinsa_name,
                msn.shinsa_name_short,
                msc.shinsa_class_name,
                msc.shinsa_class_name_short,
                mka.kaijo_name,
                mka.kaijo_name_short,
                tsi.shinsa_class_id,
                mhg.holder_grade_name as all_holder_grade_name,
                tsi.gender_cd,
                tsi.shinsa_name_id,
                tsi.area_group_id,
                tsi.kaijo_id,
                tsi.kaijo_other_name,
                tsi.kaijo_other_name_abb,
                tsi.created,
                tsi.modified,
                sht.shinsa_target_id,
                sht.shinsa_target_name,
				CASE WHEN sof.shinsa_offer_id IS NOT NULL THEN 1 ELSE 0 END sanka_flg
            FROM t_shinsa_info tsi
            	INNER JOIN m_shinsa_name msn ON
            		msn.shinsa_name_id = tsi.shinsa_name_id
            	INNER JOIN m_shinsa_class msc ON
            		msc.shinsa_class_id = tsi.shinsa_class_id
				INNER JOIN m_holder_grade mhg ON
					mhg.holder_grade_id = tsi.all_holder_grade_id
                LEFT JOIN m_kaijo mka ON
                    mka.kaijo_id = tsi.kaijo_id
                LEFT JOIN t_shinsa_offer_member sof ON
                    sof.shinsa_id = tsi.shinsa_id
                    AND sof.member_id = :memberId:
                LEFT JOIN m_shinsa_target sht ON
                    sht.shinsa_target_id = sof.shinsa_target_id
				LEFT JOIN m_area_group mag ON
					mag.area_group_id = tsi.area_group_id
            WHERE
            	tsi.shinsa_id = :shinsaId:
		', [...], 'array')
 5 APPPATH\Libraries\ShinsaLibrarie.php(84): App\Models\ShinsaModel->get_shinsa_detail(3, 65)
 6 APPPATH\Controllers\Shinsa.php(68): App\Libraries\ShinsaLibrarie->get_shinsa_detail(3, 65)
 7 SYSTEMPATH\CodeIgniter.php(933): App\Controllers\Shinsa->detail('3')
 8 SYSTEMPATH\CodeIgniter.php(509): CodeIgniter\CodeIgniter->runController(Object(App\Controllers\Shinsa))
 9 SYSTEMPATH\CodeIgniter.php(355): CodeIgniter\CodeIgniter->handleRequest(null, Object(Config\Cache), false)
10 SYSTEMPATH\Boot.php(325): CodeIgniter\CodeIgniter->run()
11 SYSTEMPATH\Boot.php(67): CodeIgniter\Boot::runCodeIgniter(Object(CodeIgniter\CodeIgniter))
12 FCPATH\index.php(56): CodeIgniter\Boot::bootWeb(Object(Config\Paths))
CRITICAL - 2025-05-06 20:41:10 --> [Caused by] mysqli_sql_exception: Unknown column 'tsi.uketuke_limit_aikyuren' in 'field list'
in SYSTEMPATH\Database\MySQLi\Connection.php on line 312.
 1 SYSTEMPATH\Database\MySQLi\Connection.php(312): mysqli->query('
            SELECT
                tsi.shinsa_id,
                tsi.uketuke_limit_zenkyuren,
                tsi.uketuke_limit_tokairengo,
                tsi.uketuke_limit_aikyuren,
                tsi.uketuke_limit_kasugai,
				mag.area_group_name,
                msn.shinsa_name,
                msn.shinsa_name_short,
                msc.shinsa_class_name,
                msc.shinsa_class_name_short,
                mka.kaijo_name,
                mka.kaijo_name_short,
                tsi.shinsa_class_id,
                mhg.holder_grade_name as all_holder_grade_name,
                tsi.gender_cd,
                tsi.shinsa_name_id,
                tsi.area_group_id,
                tsi.kaijo_id,
                tsi.kaijo_other_name,
                tsi.kaijo_other_name_abb,
                tsi.created,
                tsi.modified,
                sht.shinsa_target_id,
                sht.shinsa_target_name,
				CASE WHEN sof.shinsa_offer_id IS NOT NULL THEN 1 ELSE 0 END sanka_flg
            FROM t_shinsa_info tsi
            	INNER JOIN m_shinsa_name msn ON
            		msn.shinsa_name_id = tsi.shinsa_name_id
            	INNER JOIN m_shinsa_class msc ON
            		msc.shinsa_class_id = tsi.shinsa_class_id
				INNER JOIN m_holder_grade mhg ON
					mhg.holder_grade_id = tsi.all_holder_grade_id
                LEFT JOIN m_kaijo mka ON
                    mka.kaijo_id = tsi.kaijo_id
                LEFT JOIN t_shinsa_offer_member sof ON
                    sof.shinsa_id = tsi.shinsa_id
                    AND sof.member_id = 65
                LEFT JOIN m_shinsa_target sht ON
                    sht.shinsa_target_id = sof.shinsa_target_id
				LEFT JOIN m_area_group mag ON
					mag.area_group_id = tsi.area_group_id
            WHERE
            	tsi.shinsa_id = 3
		', 0)
 2 SYSTEMPATH\Database\BaseConnection.php(734): CodeIgniter\Database\MySQLi\Connection->execute('
            SELECT
                tsi.shinsa_id,
                tsi.uketuke_limit_zenkyuren,
                tsi.uketuke_limit_tokairengo,
                tsi.uketuke_limit_aikyuren,
                tsi.uketuke_limit_kasugai,
				mag.area_group_name,
                msn.shinsa_name,
                msn.shinsa_name_short,
                msc.shinsa_class_name,
                msc.shinsa_class_name_short,
                mka.kaijo_name,
                mka.kaijo_name_short,
                tsi.shinsa_class_id,
                mhg.holder_grade_name as all_holder_grade_name,
                tsi.gender_cd,
                tsi.shinsa_name_id,
                tsi.area_group_id,
                tsi.kaijo_id,
                tsi.kaijo_other_name,
                tsi.kaijo_other_name_abb,
                tsi.created,
                tsi.modified,
                sht.shinsa_target_id,
                sht.shinsa_target_name,
				CASE WHEN sof.shinsa_offer_id IS NOT NULL THEN 1 ELSE 0 END sanka_flg
            FROM t_shinsa_info tsi
            	INNER JOIN m_shinsa_name msn ON
            		msn.shinsa_name_id = tsi.shinsa_name_id
            	INNER JOIN m_shinsa_class msc ON
            		msc.shinsa_class_id = tsi.shinsa_class_id
				INNER JOIN m_holder_grade mhg ON
					mhg.holder_grade_id = tsi.all_holder_grade_id
                LEFT JOIN m_kaijo mka ON
                    mka.kaijo_id = tsi.kaijo_id
                LEFT JOIN t_shinsa_offer_member sof ON
                    sof.shinsa_id = tsi.shinsa_id
                    AND sof.member_id = 65
                LEFT JOIN m_shinsa_target sht ON
                    sht.shinsa_target_id = sof.shinsa_target_id
				LEFT JOIN m_area_group mag ON
					mag.area_group_id = tsi.area_group_id
            WHERE
            	tsi.shinsa_id = 3
		')
 3 SYSTEMPATH\Database\BaseConnection.php(648): CodeIgniter\Database\BaseConnection->simpleQuery('
            SELECT
                tsi.shinsa_id,
                tsi.uketuke_limit_zenkyuren,
                tsi.uketuke_limit_tokairengo,
                tsi.uketuke_limit_aikyuren,
                tsi.uketuke_limit_kasugai,
				mag.area_group_name,
                msn.shinsa_name,
                msn.shinsa_name_short,
                msc.shinsa_class_name,
                msc.shinsa_class_name_short,
                mka.kaijo_name,
                mka.kaijo_name_short,
                tsi.shinsa_class_id,
                mhg.holder_grade_name as all_holder_grade_name,
                tsi.gender_cd,
                tsi.shinsa_name_id,
                tsi.area_group_id,
                tsi.kaijo_id,
                tsi.kaijo_other_name,
                tsi.kaijo_other_name_abb,
                tsi.created,
                tsi.modified,
                sht.shinsa_target_id,
                sht.shinsa_target_name,
				CASE WHEN sof.shinsa_offer_id IS NOT NULL THEN 1 ELSE 0 END sanka_flg
            FROM t_shinsa_info tsi
            	INNER JOIN m_shinsa_name msn ON
            		msn.shinsa_name_id = tsi.shinsa_name_id
            	INNER JOIN m_shinsa_class msc ON
            		msc.shinsa_class_id = tsi.shinsa_class_id
				INNER JOIN m_holder_grade mhg ON
					mhg.holder_grade_id = tsi.all_holder_grade_id
                LEFT JOIN m_kaijo mka ON
                    mka.kaijo_id = tsi.kaijo_id
                LEFT JOIN t_shinsa_offer_member sof ON
                    sof.shinsa_id = tsi.shinsa_id
                    AND sof.member_id = 65
                LEFT JOIN m_shinsa_target sht ON
                    sht.shinsa_target_id = sof.shinsa_target_id
				LEFT JOIN m_area_group mag ON
					mag.area_group_id = tsi.area_group_id
            WHERE
            	tsi.shinsa_id = 3
		')
 4 APPPATH\Models\BaseQueryModel.php(48): CodeIgniter\Database\BaseConnection->query('
            SELECT
                tsi.shinsa_id,
                tsi.uketuke_limit_zenkyuren,
                tsi.uketuke_limit_tokairengo,
                tsi.uketuke_limit_aikyuren,
                tsi.uketuke_limit_kasugai,
				mag.area_group_name,
                msn.shinsa_name,
                msn.shinsa_name_short,
                msc.shinsa_class_name,
                msc.shinsa_class_name_short,
                mka.kaijo_name,
                mka.kaijo_name_short,
                tsi.shinsa_class_id,
                mhg.holder_grade_name as all_holder_grade_name,
                tsi.gender_cd,
                tsi.shinsa_name_id,
                tsi.area_group_id,
                tsi.kaijo_id,
                tsi.kaijo_other_name,
                tsi.kaijo_other_name_abb,
                tsi.created,
                tsi.modified,
                sht.shinsa_target_id,
                sht.shinsa_target_name,
				CASE WHEN sof.shinsa_offer_id IS NOT NULL THEN 1 ELSE 0 END sanka_flg
            FROM t_shinsa_info tsi
            	INNER JOIN m_shinsa_name msn ON
            		msn.shinsa_name_id = tsi.shinsa_name_id
            	INNER JOIN m_shinsa_class msc ON
            		msc.shinsa_class_id = tsi.shinsa_class_id
				INNER JOIN m_holder_grade mhg ON
					mhg.holder_grade_id = tsi.all_holder_grade_id
                LEFT JOIN m_kaijo mka ON
                    mka.kaijo_id = tsi.kaijo_id
                LEFT JOIN t_shinsa_offer_member sof ON
                    sof.shinsa_id = tsi.shinsa_id
                    AND sof.member_id = :memberId:
                LEFT JOIN m_shinsa_target sht ON
                    sht.shinsa_target_id = sof.shinsa_target_id
				LEFT JOIN m_area_group mag ON
					mag.area_group_id = tsi.area_group_id
            WHERE
            	tsi.shinsa_id = :shinsaId:
		', [...])
 5 APPPATH\Models\ShinsaModel.php(207): App\Models\BaseQueryModel->get_first_row('
            SELECT
                tsi.shinsa_id,
                tsi.uketuke_limit_zenkyuren,
                tsi.uketuke_limit_tokairengo,
                tsi.uketuke_limit_aikyuren,
                tsi.uketuke_limit_kasugai,
				mag.area_group_name,
                msn.shinsa_name,
                msn.shinsa_name_short,
                msc.shinsa_class_name,
                msc.shinsa_class_name_short,
                mka.kaijo_name,
                mka.kaijo_name_short,
                tsi.shinsa_class_id,
                mhg.holder_grade_name as all_holder_grade_name,
                tsi.gender_cd,
                tsi.shinsa_name_id,
                tsi.area_group_id,
                tsi.kaijo_id,
                tsi.kaijo_other_name,
                tsi.kaijo_other_name_abb,
                tsi.created,
                tsi.modified,
                sht.shinsa_target_id,
                sht.shinsa_target_name,
				CASE WHEN sof.shinsa_offer_id IS NOT NULL THEN 1 ELSE 0 END sanka_flg
            FROM t_shinsa_info tsi
            	INNER JOIN m_shinsa_name msn ON
            		msn.shinsa_name_id = tsi.shinsa_name_id
            	INNER JOIN m_shinsa_class msc ON
            		msc.shinsa_class_id = tsi.shinsa_class_id
				INNER JOIN m_holder_grade mhg ON
					mhg.holder_grade_id = tsi.all_holder_grade_id
                LEFT JOIN m_kaijo mka ON
                    mka.kaijo_id = tsi.kaijo_id
                LEFT JOIN t_shinsa_offer_member sof ON
                    sof.shinsa_id = tsi.shinsa_id
                    AND sof.member_id = :memberId:
                LEFT JOIN m_shinsa_target sht ON
                    sht.shinsa_target_id = sof.shinsa_target_id
				LEFT JOIN m_area_group mag ON
					mag.area_group_id = tsi.area_group_id
            WHERE
            	tsi.shinsa_id = :shinsaId:
		', [...], 'array')
 6 APPPATH\Libraries\ShinsaLibrarie.php(84): App\Models\ShinsaModel->get_shinsa_detail(3, 65)
 7 APPPATH\Controllers\Shinsa.php(68): App\Libraries\ShinsaLibrarie->get_shinsa_detail(3, 65)
 8 SYSTEMPATH\CodeIgniter.php(933): App\Controllers\Shinsa->detail('3')
 9 SYSTEMPATH\CodeIgniter.php(509): CodeIgniter\CodeIgniter->runController(Object(App\Controllers\Shinsa))
10 SYSTEMPATH\CodeIgniter.php(355): CodeIgniter\CodeIgniter->handleRequest(null, Object(Config\Cache), false)
11 SYSTEMPATH\Boot.php(325): CodeIgniter\CodeIgniter->run()
12 SYSTEMPATH\Boot.php(67): CodeIgniter\Boot::runCodeIgniter(Object(CodeIgniter\CodeIgniter))
13 FCPATH\index.php(56): CodeIgniter\Boot::bootWeb(Object(Config\Paths))
CRITICAL - 2025-05-06 20:54:28 --> ArgumentCountError: Too few arguments to function shinsa_day_html(), 1 passed in C:\xampp_htdocs\kasugaikyudo\production\app\Helpers\shinsa_helper.php on line 194 and exactly 2 expected
[Method: GET, Route: shinsa/detail/13]
in APPPATH\Helpers\shinsa_helper.php on line 345.
 1 APPPATH\Helpers\shinsa_helper.php(194): shinsa_day_html([...])
 2 APPPATH\Views\shinsa\detail_rengo.php(4): get_shinsa_rengo_detail_html([...], [...], [...])
 3 SYSTEMPATH\View\View.php(234): include('C:\\xampp_htdocs\\kasugaikyudo\\production\\app\\Views\\shinsa\\detail_rengo.php')
 4 SYSTEMPATH\View\View.php(237): CodeIgniter\View\View->CodeIgniter\View\{closure}()
 5 SYSTEMPATH\Common.php(1171): CodeIgniter\View\View->render('shinsa/detail_rengo', [], true)
 6 APPPATH\Controllers\Shinsa.php(109): view('shinsa/detail_rengo')
 7 SYSTEMPATH\CodeIgniter.php(933): App\Controllers\Shinsa->detail('13')
 8 SYSTEMPATH\CodeIgniter.php(509): CodeIgniter\CodeIgniter->runController(Object(App\Controllers\Shinsa))
 9 SYSTEMPATH\CodeIgniter.php(355): CodeIgniter\CodeIgniter->handleRequest(null, Object(Config\Cache), false)
10 SYSTEMPATH\Boot.php(325): CodeIgniter\CodeIgniter->run()
11 SYSTEMPATH\Boot.php(67): CodeIgniter\Boot::runCodeIgniter(Object(CodeIgniter\CodeIgniter))
12 FCPATH\index.php(56): CodeIgniter\Boot::bootWeb(Object(Config\Paths))
CRITICAL - 2025-05-06 20:55:56 --> ArgumentCountError: Too few arguments to function get_shinsa_offer_html(), 3 passed in C:\xampp_htdocs\kasugaikyudo\production\app\Helpers\shinsa_helper.php on line 212 and exactly 4 expected
[Method: GET, Route: shinsa/detail/13]
in APPPATH\Helpers\shinsa_helper.php on line 378.
 1 APPPATH\Helpers\shinsa_helper.php(212): get_shinsa_offer_html([...], [...], true)
 2 APPPATH\Views\shinsa\detail_rengo.php(4): get_shinsa_rengo_detail_html([...], [...], [...])
 3 SYSTEMPATH\View\View.php(234): include('C:\\xampp_htdocs\\kasugaikyudo\\production\\app\\Views\\shinsa\\detail_rengo.php')
 4 SYSTEMPATH\View\View.php(237): CodeIgniter\View\View->CodeIgniter\View\{closure}()
 5 SYSTEMPATH\Common.php(1171): CodeIgniter\View\View->render('shinsa/detail_rengo', [], true)
 6 APPPATH\Controllers\Shinsa.php(109): view('shinsa/detail_rengo')
 7 SYSTEMPATH\CodeIgniter.php(933): App\Controllers\Shinsa->detail('13')
 8 SYSTEMPATH\CodeIgniter.php(509): CodeIgniter\CodeIgniter->runController(Object(App\Controllers\Shinsa))
 9 SYSTEMPATH\CodeIgniter.php(355): CodeIgniter\CodeIgniter->handleRequest(null, Object(Config\Cache), false)
10 SYSTEMPATH\Boot.php(325): CodeIgniter\CodeIgniter->run()
11 SYSTEMPATH\Boot.php(67): CodeIgniter\Boot::runCodeIgniter(Object(CodeIgniter\CodeIgniter))
12 FCPATH\index.php(56): CodeIgniter\Boot::bootWeb(Object(Config\Paths))
CRITICAL - 2025-05-06 21:03:19 --> ArgumentCountError: Too few arguments to function get_shinsa_offer_html(), 4 passed in C:\xampp_htdocs\kasugaikyudo\production\app\Helpers\shinsa_helper.php on line 212 and exactly 5 expected
[Method: GET, Route: shinsa/detail/13]
in APPPATH\Helpers\shinsa_helper.php on line 378.
 1 APPPATH\Helpers\shinsa_helper.php(212): get_shinsa_offer_html([...], [...], true, '2025-06-08')
 2 APPPATH\Views\shinsa\detail_rengo.php(4): get_shinsa_rengo_detail_html([...], [...], [...])
 3 SYSTEMPATH\View\View.php(234): include('C:\\xampp_htdocs\\kasugaikyudo\\production\\app\\Views\\shinsa\\detail_rengo.php')
 4 SYSTEMPATH\View\View.php(237): CodeIgniter\View\View->CodeIgniter\View\{closure}()
 5 SYSTEMPATH\Common.php(1171): CodeIgniter\View\View->render('shinsa/detail_rengo', [], true)
 6 APPPATH\Controllers\Shinsa.php(109): view('shinsa/detail_rengo')
 7 SYSTEMPATH\CodeIgniter.php(933): App\Controllers\Shinsa->detail('13')
 8 SYSTEMPATH\CodeIgniter.php(509): CodeIgniter\CodeIgniter->runController(Object(App\Controllers\Shinsa))
 9 SYSTEMPATH\CodeIgniter.php(355): CodeIgniter\CodeIgniter->handleRequest(null, Object(Config\Cache), false)
10 SYSTEMPATH\Boot.php(325): CodeIgniter\CodeIgniter->run()
11 SYSTEMPATH\Boot.php(67): CodeIgniter\Boot::runCodeIgniter(Object(CodeIgniter\CodeIgniter))
12 FCPATH\index.php(56): CodeIgniter\Boot::bootWeb(Object(Config\Paths))
CRITICAL - 2025-05-06 21:18:05 --> ArgumentCountError: Too few arguments to function get_shinsa_offer_html(), 4 passed in C:\xampp_htdocs\kasugaikyudo\production\app\Helpers\shinsa_helper.php on line 212 and exactly 5 expected
[Method: GET, Route: shinsa/detail/13]
in APPPATH\Helpers\shinsa_helper.php on line 379.
 1 APPPATH\Helpers\shinsa_helper.php(212): get_shinsa_offer_html([...], [...], true, '2025-06-08')
 2 APPPATH\Views\shinsa\detail_rengo.php(4): get_shinsa_rengo_detail_html([...], [...], [...])
 3 SYSTEMPATH\View\View.php(234): include('C:\\xampp_htdocs\\kasugaikyudo\\production\\app\\Views\\shinsa\\detail_rengo.php')
 4 SYSTEMPATH\View\View.php(237): CodeIgniter\View\View->CodeIgniter\View\{closure}()
 5 SYSTEMPATH\Common.php(1171): CodeIgniter\View\View->render('shinsa/detail_rengo', [], true)
 6 APPPATH\Controllers\Shinsa.php(109): view('shinsa/detail_rengo')
 7 SYSTEMPATH\CodeIgniter.php(933): App\Controllers\Shinsa->detail('13')
 8 SYSTEMPATH\CodeIgniter.php(509): CodeIgniter\CodeIgniter->runController(Object(App\Controllers\Shinsa))
 9 SYSTEMPATH\CodeIgniter.php(355): CodeIgniter\CodeIgniter->handleRequest(null, Object(Config\Cache), false)
10 SYSTEMPATH\Boot.php(325): CodeIgniter\CodeIgniter->run()
11 SYSTEMPATH\Boot.php(67): CodeIgniter\Boot::runCodeIgniter(Object(CodeIgniter\CodeIgniter))
12 FCPATH\index.php(56): CodeIgniter\Boot::bootWeb(Object(Config\Paths))
CRITICAL - 2025-05-06 23:03:25 --> ErrorException: Undefined array key "kako"
[Method: GET, Route: shinsa]
in APPPATH\Helpers\shinsa_helper.php on line 47.
 1 APPPATH\Helpers\shinsa_helper.php(47): CodeIgniter\Debug\Exceptions->errorHandler(2, 'Undefined array key "kako"', 'C:\\xampp_htdocs\\kasugaikyudo\\production\\app\\Helpers\\shinsa_helper.php', 47)
 2 APPPATH\Views\shinsa\index.php(6): get_shinsa_tab_html(Object(stdClass), [...])
 3 SYSTEMPATH\View\View.php(234): include('C:\\xampp_htdocs\\kasugaikyudo\\production\\app\\Views\\shinsa\\index.php')
 4 SYSTEMPATH\View\View.php(237): CodeIgniter\View\View->CodeIgniter\View\{closure}()
 5 SYSTEMPATH\Common.php(1171): CodeIgniter\View\View->render('shinsa/index', [], true)
 6 APPPATH\Controllers\Shinsa.php(49): view('shinsa/index')
 7 SYSTEMPATH\CodeIgniter.php(933): App\Controllers\Shinsa->index()
 8 SYSTEMPATH\CodeIgniter.php(509): CodeIgniter\CodeIgniter->runController(Object(App\Controllers\Shinsa))
 9 SYSTEMPATH\CodeIgniter.php(355): CodeIgniter\CodeIgniter->handleRequest(null, Object(Config\Cache), false)
10 SYSTEMPATH\Boot.php(325): CodeIgniter\CodeIgniter->run()
11 SYSTEMPATH\Boot.php(67): CodeIgniter\Boot::runCodeIgniter(Object(CodeIgniter\CodeIgniter))
12 FCPATH\index.php(56): CodeIgniter\Boot::bootWeb(Object(Config\Paths))
CRITICAL - 2025-05-06 23:03:56 --> ErrorException: Undefined array key "kako"
[Method: GET, Route: shinsa]
in APPPATH\Helpers\shinsa_helper.php on line 47.
 1 APPPATH\Helpers\shinsa_helper.php(47): CodeIgniter\Debug\Exceptions->errorHandler(2, 'Undefined array key "kako"', 'C:\\xampp_htdocs\\kasugaikyudo\\production\\app\\Helpers\\shinsa_helper.php', 47)
 2 APPPATH\Views\shinsa\index.php(6): get_shinsa_tab_html(Object(stdClass), [...])
 3 SYSTEMPATH\View\View.php(234): include('C:\\xampp_htdocs\\kasugaikyudo\\production\\app\\Views\\shinsa\\index.php')
 4 SYSTEMPATH\View\View.php(237): CodeIgniter\View\View->CodeIgniter\View\{closure}()
 5 SYSTEMPATH\Common.php(1171): CodeIgniter\View\View->render('shinsa/index', [], true)
 6 APPPATH\Controllers\Shinsa.php(49): view('shinsa/index')
 7 SYSTEMPATH\CodeIgniter.php(933): App\Controllers\Shinsa->index()
 8 SYSTEMPATH\CodeIgniter.php(509): CodeIgniter\CodeIgniter->runController(Object(App\Controllers\Shinsa))
 9 SYSTEMPATH\CodeIgniter.php(355): CodeIgniter\CodeIgniter->handleRequest(null, Object(Config\Cache), false)
10 SYSTEMPATH\Boot.php(325): CodeIgniter\CodeIgniter->run()
11 SYSTEMPATH\Boot.php(67): CodeIgniter\Boot::runCodeIgniter(Object(CodeIgniter\CodeIgniter))
12 FCPATH\index.php(56): CodeIgniter\Boot::bootWeb(Object(Config\Paths))
