ERROR - 2025-07-30 23:03:45 --> mysqli_sql_exception: You have an error in your SQL syntax; check the manual that corresponds to your MariaDB server version for the right syntax to use near 'FROM t_shinsa_info tsi
            	INNER JOIN m_shinsa_name msn ON
         ...' at line 41 in C:\xampp_htdocs\kasugaikyudo\production\system\Database\MySQLi\Connection.php:312
Stack trace:
#0 C:\xampp_htdocs\kasugaikyudo\production\system\Database\MySQLi\Connection.php(312): mysqli->query('\n            SE...', 0)
#1 C:\xampp_htdocs\kasugaikyudo\production\system\Database\BaseConnection.php(734): CodeIgniter\Database\MySQLi\Connection->execute('\n            SE...')
#2 C:\xampp_htdocs\kasugaikyudo\production\system\Database\BaseConnection.php(648): CodeIgniter\Database\BaseConnection->simpleQuery('\n            SE...')
#3 C:\xampp_htdocs\kasugaikyudo\production\app\Models\BaseQueryModel.php(48): CodeIgniter\Database\BaseConnection->query('\n            SE...', Array)
#4 C:\xampp_htdocs\kasugaikyudo\production\app\Models\ShinsaModel.php(244): App\Models\BaseQueryModel->get_first_row('\n            SE...', Array, 'array')
#5 C:\xampp_htdocs\kasugaikyudo\production\app\Libraries\ShinsaLibrarie.php(89): App\Models\ShinsaModel->get_shinsa_detail(3, 65)
#6 C:\xampp_htdocs\kasugaikyudo\production\app\Controllers\Shinsa.php(73): App\Libraries\ShinsaLibrarie->get_shinsa_detail(3, 65)
#7 C:\xampp_htdocs\kasugaikyudo\production\system\CodeIgniter.php(933): App\Controllers\Shinsa->detail('3')
#8 C:\xampp_htdocs\kasugaikyudo\production\system\CodeIgniter.php(509): CodeIgniter\CodeIgniter->runController(Object(App\Controllers\Shinsa))
#9 C:\xampp_htdocs\kasugaikyudo\production\system\CodeIgniter.php(355): CodeIgniter\CodeIgniter->handleRequest(NULL, Object(Config\Cache), false)
#10 C:\xampp_htdocs\kasugaikyudo\production\system\Boot.php(325): CodeIgniter\CodeIgniter->run()
#11 C:\xampp_htdocs\kasugaikyudo\production\system\Boot.php(67): CodeIgniter\Boot::runCodeIgniter(Object(CodeIgniter\CodeIgniter))
#12 C:\xampp_htdocs\kasugaikyudo\production\index.php(56): CodeIgniter\Boot::bootWeb(Object(Config\Paths))
#13 {main}
CRITICAL - 2025-07-30 23:03:45 --> CodeIgniter\Database\Exceptions\DatabaseException: You have an error in your SQL syntax; check the manual that corresponds to your MariaDB server version for the right syntax to use near 'FROM t_shinsa_info tsi
            	INNER JOIN m_shinsa_name msn ON
         ...' at line 41
[Method: GET, Route: shinsa/detail/3]
in SYSTEMPATH\Database\BaseConnection.php on line 688.
 1 APPPATH\Models\BaseQueryModel.php(48): CodeIgniter\Database\BaseConnection->query('
            SELECT
                tsi.shinsa_id,
                tsi.category_id,
                tsi.uketuke_limit_zenkyuren,
                tsi.uketuke_limit_tokairengo,
                tsi.uketuke_limit_aikyuren_st,
                tsi.uketuke_limit_aikyuren_ed,
                tsi.uketuke_limit_kasugai,
				mag.area_group_name,
                msn.shinsa_name,
                msn.shinsa_name_short,
                msc.shinsa_class_name,
                msc.shinsa_class_name_short,
                mka.kaijo_name,
                mka.kaijo_name_short,
                tsi.shinsa_class_id,
                mhg.holder_grade_name as all_holder_grade_name,
                tsi.gender_cd,
                tsi.shinsa_name_id,
                tsi.area_group_id,
                tsi.kaijo_id,
                tsi.kaijo_other_name,
                tsi.kaijo_other_name_abb,
                tsi.created,
                tsi.modified,
                sht.shinsa_target_id,
                sht.shinsa_target_name,
				CASE WHEN sof.shinsa_offer_id IS NOT NULL THEN 1 ELSE 0 END sanka_flg,
				CASE 
					WHEN ( 
						SELECT
							MIN(shinsa_date) 
						FROM
							t_shinsa_date_target 
						WHERE
							shinsa_id = tsi.shinsa_id
					) > CURDATE() 
					THEN :flgOn:
					ELSE :flgOff:
					END shinsa_date_future_flg,
            FROM t_shinsa_info tsi
            	INNER JOIN m_shinsa_name msn ON
            		msn.shinsa_name_id = tsi.shinsa_name_id
            	INNER JOIN m_shinsa_class msc ON
            		msc.shinsa_class_id = tsi.shinsa_class_id
				INNER JOIN m_holder_grade mhg ON
					mhg.holder_grade_id = tsi.all_holder_grade_id
                LEFT JOIN m_kaijo mka ON
                    mka.kaijo_id = tsi.kaijo_id
                LEFT JOIN t_shinsa_offer_member sof ON
                    sof.shinsa_id = tsi.shinsa_id
                    AND sof.member_id = :memberId:
                LEFT JOIN m_shinsa_target sht ON
                    sht.shinsa_target_id = sof.shinsa_target_id
				LEFT JOIN m_area_group mag ON
					mag.area_group_id = tsi.area_group_id
            WHERE
            	tsi.shinsa_id = :shinsaId:
		', [...])
 2 APPPATH\Models\ShinsaModel.php(244): App\Models\BaseQueryModel->get_first_row('
            SELECT
                tsi.shinsa_id,
                tsi.category_id,
                tsi.uketuke_limit_zenkyuren,
                tsi.uketuke_limit_tokairengo,
                tsi.uketuke_limit_aikyuren_st,
                tsi.uketuke_limit_aikyuren_ed,
                tsi.uketuke_limit_kasugai,
				mag.area_group_name,
                msn.shinsa_name,
                msn.shinsa_name_short,
                msc.shinsa_class_name,
                msc.shinsa_class_name_short,
                mka.kaijo_name,
                mka.kaijo_name_short,
                tsi.shinsa_class_id,
                mhg.holder_grade_name as all_holder_grade_name,
                tsi.gender_cd,
                tsi.shinsa_name_id,
                tsi.area_group_id,
                tsi.kaijo_id,
                tsi.kaijo_other_name,
                tsi.kaijo_other_name_abb,
                tsi.created,
                tsi.modified,
                sht.shinsa_target_id,
                sht.shinsa_target_name,
				CASE WHEN sof.shinsa_offer_id IS NOT NULL THEN 1 ELSE 0 END sanka_flg,
				CASE 
					WHEN ( 
						SELECT
							MIN(shinsa_date) 
						FROM
							t_shinsa_date_target 
						WHERE
							shinsa_id = tsi.shinsa_id
					) > CURDATE() 
					THEN :flgOn:
					ELSE :flgOff:
					END shinsa_date_future_flg,
            FROM t_shinsa_info tsi
            	INNER JOIN m_shinsa_name msn ON
            		msn.shinsa_name_id = tsi.shinsa_name_id
            	INNER JOIN m_shinsa_class msc ON
            		msc.shinsa_class_id = tsi.shinsa_class_id
				INNER JOIN m_holder_grade mhg ON
					mhg.holder_grade_id = tsi.all_holder_grade_id
                LEFT JOIN m_kaijo mka ON
                    mka.kaijo_id = tsi.kaijo_id
                LEFT JOIN t_shinsa_offer_member sof ON
                    sof.shinsa_id = tsi.shinsa_id
                    AND sof.member_id = :memberId:
                LEFT JOIN m_shinsa_target sht ON
                    sht.shinsa_target_id = sof.shinsa_target_id
				LEFT JOIN m_area_group mag ON
					mag.area_group_id = tsi.area_group_id
            WHERE
            	tsi.shinsa_id = :shinsaId:
		', [...], 'array')
 3 APPPATH\Libraries\ShinsaLibrarie.php(89): App\Models\ShinsaModel->get_shinsa_detail(3, 65)
 4 APPPATH\Controllers\Shinsa.php(73): App\Libraries\ShinsaLibrarie->get_shinsa_detail(3, 65)
 5 SYSTEMPATH\CodeIgniter.php(933): App\Controllers\Shinsa->detail('3')
 6 SYSTEMPATH\CodeIgniter.php(509): CodeIgniter\CodeIgniter->runController(Object(App\Controllers\Shinsa))
 7 SYSTEMPATH\CodeIgniter.php(355): CodeIgniter\CodeIgniter->handleRequest(null, Object(Config\Cache), false)
 8 SYSTEMPATH\Boot.php(325): CodeIgniter\CodeIgniter->run()
 9 SYSTEMPATH\Boot.php(67): CodeIgniter\Boot::runCodeIgniter(Object(CodeIgniter\CodeIgniter))
10 FCPATH\index.php(56): CodeIgniter\Boot::bootWeb(Object(Config\Paths))
CRITICAL - 2025-07-30 23:03:45 --> [Caused by] CodeIgniter\Database\Exceptions\DatabaseException: You have an error in your SQL syntax; check the manual that corresponds to your MariaDB server version for the right syntax to use near 'FROM t_shinsa_info tsi
            	INNER JOIN m_shinsa_name msn ON
         ...' at line 41
in SYSTEMPATH\Database\MySQLi\Connection.php on line 317.
 1 SYSTEMPATH\Database\BaseConnection.php(734): CodeIgniter\Database\MySQLi\Connection->execute('
            SELECT
                tsi.shinsa_id,
                tsi.category_id,
                tsi.uketuke_limit_zenkyuren,
                tsi.uketuke_limit_tokairengo,
                tsi.uketuke_limit_aikyuren_st,
                tsi.uketuke_limit_aikyuren_ed,
                tsi.uketuke_limit_kasugai,
				mag.area_group_name,
                msn.shinsa_name,
                msn.shinsa_name_short,
                msc.shinsa_class_name,
                msc.shinsa_class_name_short,
                mka.kaijo_name,
                mka.kaijo_name_short,
                tsi.shinsa_class_id,
                mhg.holder_grade_name as all_holder_grade_name,
                tsi.gender_cd,
                tsi.shinsa_name_id,
                tsi.area_group_id,
                tsi.kaijo_id,
                tsi.kaijo_other_name,
                tsi.kaijo_other_name_abb,
                tsi.created,
                tsi.modified,
                sht.shinsa_target_id,
                sht.shinsa_target_name,
				CASE WHEN sof.shinsa_offer_id IS NOT NULL THEN 1 ELSE 0 END sanka_flg,
				CASE 
					WHEN ( 
						SELECT
							MIN(shinsa_date) 
						FROM
							t_shinsa_date_target 
						WHERE
							shinsa_id = tsi.shinsa_id
					) > CURDATE() 
					THEN \'1\'
					ELSE \'0\'
					END shinsa_date_future_flg,
            FROM t_shinsa_info tsi
            	INNER JOIN m_shinsa_name msn ON
            		msn.shinsa_name_id = tsi.shinsa_name_id
            	INNER JOIN m_shinsa_class msc ON
            		msc.shinsa_class_id = tsi.shinsa_class_id
				INNER JOIN m_holder_grade mhg ON
					mhg.holder_grade_id = tsi.all_holder_grade_id
                LEFT JOIN m_kaijo mka ON
                    mka.kaijo_id = tsi.kaijo_id
                LEFT JOIN t_shinsa_offer_member sof ON
                    sof.shinsa_id = tsi.shinsa_id
                    AND sof.member_id = 65
                LEFT JOIN m_shinsa_target sht ON
                    sht.shinsa_target_id = sof.shinsa_target_id
				LEFT JOIN m_area_group mag ON
					mag.area_group_id = tsi.area_group_id
            WHERE
            	tsi.shinsa_id = 3
		')
 2 SYSTEMPATH\Database\BaseConnection.php(648): CodeIgniter\Database\BaseConnection->simpleQuery('
            SELECT
                tsi.shinsa_id,
                tsi.category_id,
                tsi.uketuke_limit_zenkyuren,
                tsi.uketuke_limit_tokairengo,
                tsi.uketuke_limit_aikyuren_st,
                tsi.uketuke_limit_aikyuren_ed,
                tsi.uketuke_limit_kasugai,
				mag.area_group_name,
                msn.shinsa_name,
                msn.shinsa_name_short,
                msc.shinsa_class_name,
                msc.shinsa_class_name_short,
                mka.kaijo_name,
                mka.kaijo_name_short,
                tsi.shinsa_class_id,
                mhg.holder_grade_name as all_holder_grade_name,
                tsi.gender_cd,
                tsi.shinsa_name_id,
                tsi.area_group_id,
                tsi.kaijo_id,
                tsi.kaijo_other_name,
                tsi.kaijo_other_name_abb,
                tsi.created,
                tsi.modified,
                sht.shinsa_target_id,
                sht.shinsa_target_name,
				CASE WHEN sof.shinsa_offer_id IS NOT NULL THEN 1 ELSE 0 END sanka_flg,
				CASE 
					WHEN ( 
						SELECT
							MIN(shinsa_date) 
						FROM
							t_shinsa_date_target 
						WHERE
							shinsa_id = tsi.shinsa_id
					) > CURDATE() 
					THEN \'1\'
					ELSE \'0\'
					END shinsa_date_future_flg,
            FROM t_shinsa_info tsi
            	INNER JOIN m_shinsa_name msn ON
            		msn.shinsa_name_id = tsi.shinsa_name_id
            	INNER JOIN m_shinsa_class msc ON
            		msc.shinsa_class_id = tsi.shinsa_class_id
				INNER JOIN m_holder_grade mhg ON
					mhg.holder_grade_id = tsi.all_holder_grade_id
                LEFT JOIN m_kaijo mka ON
                    mka.kaijo_id = tsi.kaijo_id
                LEFT JOIN t_shinsa_offer_member sof ON
                    sof.shinsa_id = tsi.shinsa_id
                    AND sof.member_id = 65
                LEFT JOIN m_shinsa_target sht ON
                    sht.shinsa_target_id = sof.shinsa_target_id
				LEFT JOIN m_area_group mag ON
					mag.area_group_id = tsi.area_group_id
            WHERE
            	tsi.shinsa_id = 3
		')
 3 APPPATH\Models\BaseQueryModel.php(48): CodeIgniter\Database\BaseConnection->query('
            SELECT
                tsi.shinsa_id,
                tsi.category_id,
                tsi.uketuke_limit_zenkyuren,
                tsi.uketuke_limit_tokairengo,
                tsi.uketuke_limit_aikyuren_st,
                tsi.uketuke_limit_aikyuren_ed,
                tsi.uketuke_limit_kasugai,
				mag.area_group_name,
                msn.shinsa_name,
                msn.shinsa_name_short,
                msc.shinsa_class_name,
                msc.shinsa_class_name_short,
                mka.kaijo_name,
                mka.kaijo_name_short,
                tsi.shinsa_class_id,
                mhg.holder_grade_name as all_holder_grade_name,
                tsi.gender_cd,
                tsi.shinsa_name_id,
                tsi.area_group_id,
                tsi.kaijo_id,
                tsi.kaijo_other_name,
                tsi.kaijo_other_name_abb,
                tsi.created,
                tsi.modified,
                sht.shinsa_target_id,
                sht.shinsa_target_name,
				CASE WHEN sof.shinsa_offer_id IS NOT NULL THEN 1 ELSE 0 END sanka_flg,
				CASE 
					WHEN ( 
						SELECT
							MIN(shinsa_date) 
						FROM
							t_shinsa_date_target 
						WHERE
							shinsa_id = tsi.shinsa_id
					) > CURDATE() 
					THEN :flgOn:
					ELSE :flgOff:
					END shinsa_date_future_flg,
            FROM t_shinsa_info tsi
            	INNER JOIN m_shinsa_name msn ON
            		msn.shinsa_name_id = tsi.shinsa_name_id
            	INNER JOIN m_shinsa_class msc ON
            		msc.shinsa_class_id = tsi.shinsa_class_id
				INNER JOIN m_holder_grade mhg ON
					mhg.holder_grade_id = tsi.all_holder_grade_id
                LEFT JOIN m_kaijo mka ON
                    mka.kaijo_id = tsi.kaijo_id
                LEFT JOIN t_shinsa_offer_member sof ON
                    sof.shinsa_id = tsi.shinsa_id
                    AND sof.member_id = :memberId:
                LEFT JOIN m_shinsa_target sht ON
                    sht.shinsa_target_id = sof.shinsa_target_id
				LEFT JOIN m_area_group mag ON
					mag.area_group_id = tsi.area_group_id
            WHERE
            	tsi.shinsa_id = :shinsaId:
		', [...])
 4 APPPATH\Models\ShinsaModel.php(244): App\Models\BaseQueryModel->get_first_row('
            SELECT
                tsi.shinsa_id,
                tsi.category_id,
                tsi.uketuke_limit_zenkyuren,
                tsi.uketuke_limit_tokairengo,
                tsi.uketuke_limit_aikyuren_st,
                tsi.uketuke_limit_aikyuren_ed,
                tsi.uketuke_limit_kasugai,
				mag.area_group_name,
                msn.shinsa_name,
                msn.shinsa_name_short,
                msc.shinsa_class_name,
                msc.shinsa_class_name_short,
                mka.kaijo_name,
                mka.kaijo_name_short,
                tsi.shinsa_class_id,
                mhg.holder_grade_name as all_holder_grade_name,
                tsi.gender_cd,
                tsi.shinsa_name_id,
                tsi.area_group_id,
                tsi.kaijo_id,
                tsi.kaijo_other_name,
                tsi.kaijo_other_name_abb,
                tsi.created,
                tsi.modified,
                sht.shinsa_target_id,
                sht.shinsa_target_name,
				CASE WHEN sof.shinsa_offer_id IS NOT NULL THEN 1 ELSE 0 END sanka_flg,
				CASE 
					WHEN ( 
						SELECT
							MIN(shinsa_date) 
						FROM
							t_shinsa_date_target 
						WHERE
							shinsa_id = tsi.shinsa_id
					) > CURDATE() 
					THEN :flgOn:
					ELSE :flgOff:
					END shinsa_date_future_flg,
            FROM t_shinsa_info tsi
            	INNER JOIN m_shinsa_name msn ON
            		msn.shinsa_name_id = tsi.shinsa_name_id
            	INNER JOIN m_shinsa_class msc ON
            		msc.shinsa_class_id = tsi.shinsa_class_id
				INNER JOIN m_holder_grade mhg ON
					mhg.holder_grade_id = tsi.all_holder_grade_id
                LEFT JOIN m_kaijo mka ON
                    mka.kaijo_id = tsi.kaijo_id
                LEFT JOIN t_shinsa_offer_member sof ON
                    sof.shinsa_id = tsi.shinsa_id
                    AND sof.member_id = :memberId:
                LEFT JOIN m_shinsa_target sht ON
                    sht.shinsa_target_id = sof.shinsa_target_id
				LEFT JOIN m_area_group mag ON
					mag.area_group_id = tsi.area_group_id
            WHERE
            	tsi.shinsa_id = :shinsaId:
		', [...], 'array')
 5 APPPATH\Libraries\ShinsaLibrarie.php(89): App\Models\ShinsaModel->get_shinsa_detail(3, 65)
 6 APPPATH\Controllers\Shinsa.php(73): App\Libraries\ShinsaLibrarie->get_shinsa_detail(3, 65)
 7 SYSTEMPATH\CodeIgniter.php(933): App\Controllers\Shinsa->detail('3')
 8 SYSTEMPATH\CodeIgniter.php(509): CodeIgniter\CodeIgniter->runController(Object(App\Controllers\Shinsa))
 9 SYSTEMPATH\CodeIgniter.php(355): CodeIgniter\CodeIgniter->handleRequest(null, Object(Config\Cache), false)
10 SYSTEMPATH\Boot.php(325): CodeIgniter\CodeIgniter->run()
11 SYSTEMPATH\Boot.php(67): CodeIgniter\Boot::runCodeIgniter(Object(CodeIgniter\CodeIgniter))
12 FCPATH\index.php(56): CodeIgniter\Boot::bootWeb(Object(Config\Paths))
CRITICAL - 2025-07-30 23:03:45 --> [Caused by] mysqli_sql_exception: You have an error in your SQL syntax; check the manual that corresponds to your MariaDB server version for the right syntax to use near 'FROM t_shinsa_info tsi
            	INNER JOIN m_shinsa_name msn ON
         ...' at line 41
in SYSTEMPATH\Database\MySQLi\Connection.php on line 312.
 1 SYSTEMPATH\Database\MySQLi\Connection.php(312): mysqli->query('
            SELECT
                tsi.shinsa_id,
                tsi.category_id,
                tsi.uketuke_limit_zenkyuren,
                tsi.uketuke_limit_tokairengo,
                tsi.uketuke_limit_aikyuren_st,
                tsi.uketuke_limit_aikyuren_ed,
                tsi.uketuke_limit_kasugai,
				mag.area_group_name,
                msn.shinsa_name,
                msn.shinsa_name_short,
                msc.shinsa_class_name,
                msc.shinsa_class_name_short,
                mka.kaijo_name,
                mka.kaijo_name_short,
                tsi.shinsa_class_id,
                mhg.holder_grade_name as all_holder_grade_name,
                tsi.gender_cd,
                tsi.shinsa_name_id,
                tsi.area_group_id,
                tsi.kaijo_id,
                tsi.kaijo_other_name,
                tsi.kaijo_other_name_abb,
                tsi.created,
                tsi.modified,
                sht.shinsa_target_id,
                sht.shinsa_target_name,
				CASE WHEN sof.shinsa_offer_id IS NOT NULL THEN 1 ELSE 0 END sanka_flg,
				CASE 
					WHEN ( 
						SELECT
							MIN(shinsa_date) 
						FROM
							t_shinsa_date_target 
						WHERE
							shinsa_id = tsi.shinsa_id
					) > CURDATE() 
					THEN \'1\'
					ELSE \'0\'
					END shinsa_date_future_flg,
            FROM t_shinsa_info tsi
            	INNER JOIN m_shinsa_name msn ON
            		msn.shinsa_name_id = tsi.shinsa_name_id
            	INNER JOIN m_shinsa_class msc ON
            		msc.shinsa_class_id = tsi.shinsa_class_id
				INNER JOIN m_holder_grade mhg ON
					mhg.holder_grade_id = tsi.all_holder_grade_id
                LEFT JOIN m_kaijo mka ON
                    mka.kaijo_id = tsi.kaijo_id
                LEFT JOIN t_shinsa_offer_member sof ON
                    sof.shinsa_id = tsi.shinsa_id
                    AND sof.member_id = 65
                LEFT JOIN m_shinsa_target sht ON
                    sht.shinsa_target_id = sof.shinsa_target_id
				LEFT JOIN m_area_group mag ON
					mag.area_group_id = tsi.area_group_id
            WHERE
            	tsi.shinsa_id = 3
		', 0)
 2 SYSTEMPATH\Database\BaseConnection.php(734): CodeIgniter\Database\MySQLi\Connection->execute('
            SELECT
                tsi.shinsa_id,
                tsi.category_id,
                tsi.uketuke_limit_zenkyuren,
                tsi.uketuke_limit_tokairengo,
                tsi.uketuke_limit_aikyuren_st,
                tsi.uketuke_limit_aikyuren_ed,
                tsi.uketuke_limit_kasugai,
				mag.area_group_name,
                msn.shinsa_name,
                msn.shinsa_name_short,
                msc.shinsa_class_name,
                msc.shinsa_class_name_short,
                mka.kaijo_name,
                mka.kaijo_name_short,
                tsi.shinsa_class_id,
                mhg.holder_grade_name as all_holder_grade_name,
                tsi.gender_cd,
                tsi.shinsa_name_id,
                tsi.area_group_id,
                tsi.kaijo_id,
                tsi.kaijo_other_name,
                tsi.kaijo_other_name_abb,
                tsi.created,
                tsi.modified,
                sht.shinsa_target_id,
                sht.shinsa_target_name,
				CASE WHEN sof.shinsa_offer_id IS NOT NULL THEN 1 ELSE 0 END sanka_flg,
				CASE 
					WHEN ( 
						SELECT
							MIN(shinsa_date) 
						FROM
							t_shinsa_date_target 
						WHERE
							shinsa_id = tsi.shinsa_id
					) > CURDATE() 
					THEN \'1\'
					ELSE \'0\'
					END shinsa_date_future_flg,
            FROM t_shinsa_info tsi
            	INNER JOIN m_shinsa_name msn ON
            		msn.shinsa_name_id = tsi.shinsa_name_id
            	INNER JOIN m_shinsa_class msc ON
            		msc.shinsa_class_id = tsi.shinsa_class_id
				INNER JOIN m_holder_grade mhg ON
					mhg.holder_grade_id = tsi.all_holder_grade_id
                LEFT JOIN m_kaijo mka ON
                    mka.kaijo_id = tsi.kaijo_id
                LEFT JOIN t_shinsa_offer_member sof ON
                    sof.shinsa_id = tsi.shinsa_id
                    AND sof.member_id = 65
                LEFT JOIN m_shinsa_target sht ON
                    sht.shinsa_target_id = sof.shinsa_target_id
				LEFT JOIN m_area_group mag ON
					mag.area_group_id = tsi.area_group_id
            WHERE
            	tsi.shinsa_id = 3
		')
 3 SYSTEMPATH\Database\BaseConnection.php(648): CodeIgniter\Database\BaseConnection->simpleQuery('
            SELECT
                tsi.shinsa_id,
                tsi.category_id,
                tsi.uketuke_limit_zenkyuren,
                tsi.uketuke_limit_tokairengo,
                tsi.uketuke_limit_aikyuren_st,
                tsi.uketuke_limit_aikyuren_ed,
                tsi.uketuke_limit_kasugai,
				mag.area_group_name,
                msn.shinsa_name,
                msn.shinsa_name_short,
                msc.shinsa_class_name,
                msc.shinsa_class_name_short,
                mka.kaijo_name,
                mka.kaijo_name_short,
                tsi.shinsa_class_id,
                mhg.holder_grade_name as all_holder_grade_name,
                tsi.gender_cd,
                tsi.shinsa_name_id,
                tsi.area_group_id,
                tsi.kaijo_id,
                tsi.kaijo_other_name,
                tsi.kaijo_other_name_abb,
                tsi.created,
                tsi.modified,
                sht.shinsa_target_id,
                sht.shinsa_target_name,
				CASE WHEN sof.shinsa_offer_id IS NOT NULL THEN 1 ELSE 0 END sanka_flg,
				CASE 
					WHEN ( 
						SELECT
							MIN(shinsa_date) 
						FROM
							t_shinsa_date_target 
						WHERE
							shinsa_id = tsi.shinsa_id
					) > CURDATE() 
					THEN \'1\'
					ELSE \'0\'
					END shinsa_date_future_flg,
            FROM t_shinsa_info tsi
            	INNER JOIN m_shinsa_name msn ON
            		msn.shinsa_name_id = tsi.shinsa_name_id
            	INNER JOIN m_shinsa_class msc ON
            		msc.shinsa_class_id = tsi.shinsa_class_id
				INNER JOIN m_holder_grade mhg ON
					mhg.holder_grade_id = tsi.all_holder_grade_id
                LEFT JOIN m_kaijo mka ON
                    mka.kaijo_id = tsi.kaijo_id
                LEFT JOIN t_shinsa_offer_member sof ON
                    sof.shinsa_id = tsi.shinsa_id
                    AND sof.member_id = 65
                LEFT JOIN m_shinsa_target sht ON
                    sht.shinsa_target_id = sof.shinsa_target_id
				LEFT JOIN m_area_group mag ON
					mag.area_group_id = tsi.area_group_id
            WHERE
            	tsi.shinsa_id = 3
		')
 4 APPPATH\Models\BaseQueryModel.php(48): CodeIgniter\Database\BaseConnection->query('
            SELECT
                tsi.shinsa_id,
                tsi.category_id,
                tsi.uketuke_limit_zenkyuren,
                tsi.uketuke_limit_tokairengo,
                tsi.uketuke_limit_aikyuren_st,
                tsi.uketuke_limit_aikyuren_ed,
                tsi.uketuke_limit_kasugai,
				mag.area_group_name,
                msn.shinsa_name,
                msn.shinsa_name_short,
                msc.shinsa_class_name,
                msc.shinsa_class_name_short,
                mka.kaijo_name,
                mka.kaijo_name_short,
                tsi.shinsa_class_id,
                mhg.holder_grade_name as all_holder_grade_name,
                tsi.gender_cd,
                tsi.shinsa_name_id,
                tsi.area_group_id,
                tsi.kaijo_id,
                tsi.kaijo_other_name,
                tsi.kaijo_other_name_abb,
                tsi.created,
                tsi.modified,
                sht.shinsa_target_id,
                sht.shinsa_target_name,
				CASE WHEN sof.shinsa_offer_id IS NOT NULL THEN 1 ELSE 0 END sanka_flg,
				CASE 
					WHEN ( 
						SELECT
							MIN(shinsa_date) 
						FROM
							t_shinsa_date_target 
						WHERE
							shinsa_id = tsi.shinsa_id
					) > CURDATE() 
					THEN :flgOn:
					ELSE :flgOff:
					END shinsa_date_future_flg,
            FROM t_shinsa_info tsi
            	INNER JOIN m_shinsa_name msn ON
            		msn.shinsa_name_id = tsi.shinsa_name_id
            	INNER JOIN m_shinsa_class msc ON
            		msc.shinsa_class_id = tsi.shinsa_class_id
				INNER JOIN m_holder_grade mhg ON
					mhg.holder_grade_id = tsi.all_holder_grade_id
                LEFT JOIN m_kaijo mka ON
                    mka.kaijo_id = tsi.kaijo_id
                LEFT JOIN t_shinsa_offer_member sof ON
                    sof.shinsa_id = tsi.shinsa_id
                    AND sof.member_id = :memberId:
                LEFT JOIN m_shinsa_target sht ON
                    sht.shinsa_target_id = sof.shinsa_target_id
				LEFT JOIN m_area_group mag ON
					mag.area_group_id = tsi.area_group_id
            WHERE
            	tsi.shinsa_id = :shinsaId:
		', [...])
 5 APPPATH\Models\ShinsaModel.php(244): App\Models\BaseQueryModel->get_first_row('
            SELECT
                tsi.shinsa_id,
                tsi.category_id,
                tsi.uketuke_limit_zenkyuren,
                tsi.uketuke_limit_tokairengo,
                tsi.uketuke_limit_aikyuren_st,
                tsi.uketuke_limit_aikyuren_ed,
                tsi.uketuke_limit_kasugai,
				mag.area_group_name,
                msn.shinsa_name,
                msn.shinsa_name_short,
                msc.shinsa_class_name,
                msc.shinsa_class_name_short,
                mka.kaijo_name,
                mka.kaijo_name_short,
                tsi.shinsa_class_id,
                mhg.holder_grade_name as all_holder_grade_name,
                tsi.gender_cd,
                tsi.shinsa_name_id,
                tsi.area_group_id,
                tsi.kaijo_id,
                tsi.kaijo_other_name,
                tsi.kaijo_other_name_abb,
                tsi.created,
                tsi.modified,
                sht.shinsa_target_id,
                sht.shinsa_target_name,
				CASE WHEN sof.shinsa_offer_id IS NOT NULL THEN 1 ELSE 0 END sanka_flg,
				CASE 
					WHEN ( 
						SELECT
							MIN(shinsa_date) 
						FROM
							t_shinsa_date_target 
						WHERE
							shinsa_id = tsi.shinsa_id
					) > CURDATE() 
					THEN :flgOn:
					ELSE :flgOff:
					END shinsa_date_future_flg,
            FROM t_shinsa_info tsi
            	INNER JOIN m_shinsa_name msn ON
            		msn.shinsa_name_id = tsi.shinsa_name_id
            	INNER JOIN m_shinsa_class msc ON
            		msc.shinsa_class_id = tsi.shinsa_class_id
				INNER JOIN m_holder_grade mhg ON
					mhg.holder_grade_id = tsi.all_holder_grade_id
                LEFT JOIN m_kaijo mka ON
                    mka.kaijo_id = tsi.kaijo_id
                LEFT JOIN t_shinsa_offer_member sof ON
                    sof.shinsa_id = tsi.shinsa_id
                    AND sof.member_id = :memberId:
                LEFT JOIN m_shinsa_target sht ON
                    sht.shinsa_target_id = sof.shinsa_target_id
				LEFT JOIN m_area_group mag ON
					mag.area_group_id = tsi.area_group_id
            WHERE
            	tsi.shinsa_id = :shinsaId:
		', [...], 'array')
 6 APPPATH\Libraries\ShinsaLibrarie.php(89): App\Models\ShinsaModel->get_shinsa_detail(3, 65)
 7 APPPATH\Controllers\Shinsa.php(73): App\Libraries\ShinsaLibrarie->get_shinsa_detail(3, 65)
 8 SYSTEMPATH\CodeIgniter.php(933): App\Controllers\Shinsa->detail('3')
 9 SYSTEMPATH\CodeIgniter.php(509): CodeIgniter\CodeIgniter->runController(Object(App\Controllers\Shinsa))
10 SYSTEMPATH\CodeIgniter.php(355): CodeIgniter\CodeIgniter->handleRequest(null, Object(Config\Cache), false)
11 SYSTEMPATH\Boot.php(325): CodeIgniter\CodeIgniter->run()
12 SYSTEMPATH\Boot.php(67): CodeIgniter\Boot::runCodeIgniter(Object(CodeIgniter\CodeIgniter))
13 FCPATH\index.php(56): CodeIgniter\Boot::bootWeb(Object(Config\Paths))
