CRITICAL - 2025-04-19 23:05:31 --> Error: Object of class App\Controllers\Admin could not be converted to string
[Method: GET, Route: admin/member_list_file_regist]
in APPPATH\Controllers\Admin.php on line 133.
 1 SYSTEMPATH\CodeIgniter.php(933): App\Controllers\Admin->member_list_file_regist()
 2 SYSTEMPATH\CodeIgniter.php(509): CodeIgniter\CodeIgniter->runController(Object(App\Controllers\Admin))
 3 SYSTEMPATH\CodeIgniter.php(355): CodeIgniter\CodeIgniter->handleRequest(null, Object(Config\Cache), false)
 4 SYSTEMPATH\Boot.php(325): CodeIgniter\CodeIgniter->run()
 5 SYSTEMPATH\Boot.php(67): CodeIgniter\Boot::runCodeIgniter(Object(CodeIgniter\CodeIgniter))
 6 FCPATH\index.php(56): CodeIgniter\Boot::bootWeb(Object(Config\Paths))
CRITICAL - 2025-04-19 23:06:39 --> Error: Object of class App\Controllers\Admin could not be converted to string
[Method: GET, Route: admin/member_list_file_regist]
in APPPATH\Controllers\Admin.php on line 133.
 1 SYSTEMPATH\CodeIgniter.php(933): App\Controllers\Admin->member_list_file_regist()
 2 SYSTEMPATH\CodeIgniter.php(509): CodeIgniter\CodeIgniter->runController(Object(App\Controllers\Admin))
 3 SYSTEMPATH\CodeIgniter.php(355): CodeIgniter\CodeIgniter->handleRequest(null, Object(Config\Cache), false)
 4 SYSTEMPATH\Boot.php(325): CodeIgniter\CodeIgniter->run()
 5 SYSTEMPATH\Boot.php(67): CodeIgniter\Boot::runCodeIgniter(Object(CodeIgniter\CodeIgniter))
 6 FCPATH\index.php(56): CodeIgniter\Boot::bootWeb(Object(Config\Paths))
CRITICAL - 2025-04-19 23:15:37 --> ErrorException: Undefined variable $noticeId
[Method: GET, Route: admin/member_list_file_regist]
in APPPATH\Controllers\Admin.php on line 147.
 1 APPPATH\Controllers\Admin.php(147): CodeIgniter\Debug\Exceptions->errorHandler(2, 'Undefined variable $noticeId', 'C:\\xampp_htdocs\\kasugaikyudo\\production\\app\\Controllers\\Admin.php', 147)
 2 SYSTEMPATH\CodeIgniter.php(933): App\Controllers\Admin->member_list_file_regist()
 3 SYSTEMPATH\CodeIgniter.php(509): CodeIgniter\CodeIgniter->runController(Object(App\Controllers\Admin))
 4 SYSTEMPATH\CodeIgniter.php(355): CodeIgniter\CodeIgniter->handleRequest(null, Object(Config\Cache), false)
 5 SYSTEMPATH\Boot.php(325): CodeIgniter\CodeIgniter->run()
 6 SYSTEMPATH\Boot.php(67): CodeIgniter\Boot::runCodeIgniter(Object(CodeIgniter\CodeIgniter))
 7 FCPATH\index.php(56): CodeIgniter\Boot::bootWeb(Object(Config\Paths))
CRITICAL - 2025-04-19 23:16:18 --> ErrorException: Undefined variable $noticeId
[Method: GET, Route: admin/member_list_file_regist]
in APPPATH\Controllers\Admin.php on line 147.
 1 APPPATH\Controllers\Admin.php(147): CodeIgniter\Debug\Exceptions->errorHandler(2, 'Undefined variable $noticeId', 'C:\\xampp_htdocs\\kasugaikyudo\\production\\app\\Controllers\\Admin.php', 147)
 2 SYSTEMPATH\CodeIgniter.php(933): App\Controllers\Admin->member_list_file_regist()
 3 SYSTEMPATH\CodeIgniter.php(509): CodeIgniter\CodeIgniter->runController(Object(App\Controllers\Admin))
 4 SYSTEMPATH\CodeIgniter.php(355): CodeIgniter\CodeIgniter->handleRequest(null, Object(Config\Cache), false)
 5 SYSTEMPATH\Boot.php(325): CodeIgniter\CodeIgniter->run()
 6 SYSTEMPATH\Boot.php(67): CodeIgniter\Boot::runCodeIgniter(Object(CodeIgniter\CodeIgniter))
 7 FCPATH\index.php(56): CodeIgniter\Boot::bootWeb(Object(Config\Paths))
