CRITICAL - 2025-04-22 21:14:32 --> Error: Undefined constant "App\Controllers\NOTICE_CATEGORY_ID_KYOKAI"
[Method: GET, Route: kyokai]
in SYSTEMPATH\CodeIgniter.php on line 903.
 1 SYSTEMPATH\CodeIgniter.php(500): CodeIgniter\CodeIgniter->createController()
 2 SYSTEMPATH\CodeIgniter.php(355): CodeIgniter\CodeIgniter->handleRequest(null, Object(Config\Cache), false)
 3 SYSTEMPATH\Boot.php(325): CodeIgniter\CodeIgniter->run()
 4 SYSTEMPATH\Boot.php(67): CodeIgniter\Boot::runCodeIgniter(Object(CodeIgniter\CodeIgniter))
 5 FCPATH\index.php(56): CodeIgniter\Boot::bootWeb(Object(Config\Paths))
CRITICAL - 2025-04-22 21:14:54 --> Error: Undefined constant "App\Controllers\NOTICE_CATEGORY_ID_KYOKAI"
[Method: GET, Route: kyokai]
in SYSTEMPATH\CodeIgniter.php on line 903.
 1 SYSTEMPATH\CodeIgniter.php(500): CodeIgniter\CodeIgniter->createController()
 2 SYSTEMPATH\CodeIgniter.php(355): CodeIgniter\CodeIgniter->handleRequest(null, Object(Config\Cache), false)
 3 SYSTEMPATH\Boot.php(325): CodeIgniter\CodeIgniter->run()
 4 SYSTEMPATH\Boot.php(67): CodeIgniter\Boot::runCodeIgniter(Object(CodeIgniter\CodeIgniter))
 5 FCPATH\index.php(56): CodeIgniter\Boot::bootWeb(Object(Config\Paths))
CRITICAL - 2025-04-22 21:15:48 --> Error: Call to undefined function get_workshop_tab_html()
[Method: GET, Route: kyokai]
in APPPATH\Views\kyokai\index.php on line 6.
 1 SYSTEMPATH\View\View.php(234): include()
 2 SYSTEMPATH\View\View.php(237): CodeIgniter\View\View->CodeIgniter\View\{closure}()
 3 SYSTEMPATH\Common.php(1171): CodeIgniter\View\View->render('kyokai/index', [], true)
 4 APPPATH\Controllers\Kyokai.php(48): view('kyokai/index')
 5 SYSTEMPATH\CodeIgniter.php(933): App\Controllers\Kyokai->index()
 6 SYSTEMPATH\CodeIgniter.php(509): CodeIgniter\CodeIgniter->runController(Object(App\Controllers\Kyokai))
 7 SYSTEMPATH\CodeIgniter.php(355): CodeIgniter\CodeIgniter->handleRequest(null, Object(Config\Cache), false)
 8 SYSTEMPATH\Boot.php(325): CodeIgniter\CodeIgniter->run()
 9 SYSTEMPATH\Boot.php(67): CodeIgniter\Boot::runCodeIgniter(Object(CodeIgniter\CodeIgniter))
10 FCPATH\index.php(56): CodeIgniter\Boot::bootWeb(Object(Config\Paths))
CRITICAL - 2025-04-22 21:16:40 --> Error: Call to undefined function get_workshop_tab_html()
[Method: GET, Route: kyokai]
in APPPATH\Views\kyokai\index.php on line 6.
 1 SYSTEMPATH\View\View.php(234): include()
 2 SYSTEMPATH\View\View.php(237): CodeIgniter\View\View->CodeIgniter\View\{closure}()
 3 SYSTEMPATH\Common.php(1171): CodeIgniter\View\View->render('kyokai/index', [], true)
 4 APPPATH\Controllers\Kyokai.php(48): view('kyokai/index')
 5 SYSTEMPATH\CodeIgniter.php(933): App\Controllers\Kyokai->index()
 6 SYSTEMPATH\CodeIgniter.php(509): CodeIgniter\CodeIgniter->runController(Object(App\Controllers\Kyokai))
 7 SYSTEMPATH\CodeIgniter.php(355): CodeIgniter\CodeIgniter->handleRequest(null, Object(Config\Cache), false)
 8 SYSTEMPATH\Boot.php(325): CodeIgniter\CodeIgniter->run()
 9 SYSTEMPATH\Boot.php(67): CodeIgniter\Boot::runCodeIgniter(Object(CodeIgniter\CodeIgniter))
10 FCPATH\index.php(56): CodeIgniter\Boot::bootWeb(Object(Config\Paths))
CRITICAL - 2025-04-22 21:17:13 --> ErrorException: Undefined variable $workshopList
[Method: GET, Route: kyokai]
in APPPATH\Views\kyokai\index.php on line 6.
 1 APPPATH\Views\kyokai\index.php(6): CodeIgniter\Debug\Exceptions->errorHandler(2, 'Undefined variable $workshopList', 'C:\\xampp_htdocs\\kasugaikyudo\\production\\app\\Views\\kyokai\\index.php', 6)
 2 SYSTEMPATH\View\View.php(234): include('C:\\xampp_htdocs\\kasugaikyudo\\production\\app\\Views\\kyokai\\index.php')
 3 SYSTEMPATH\View\View.php(237): CodeIgniter\View\View->CodeIgniter\View\{closure}()
 4 SYSTEMPATH\Common.php(1171): CodeIgniter\View\View->render('kyokai/index', [], true)
 5 APPPATH\Controllers\Kyokai.php(48): view('kyokai/index')
 6 SYSTEMPATH\CodeIgniter.php(933): App\Controllers\Kyokai->index()
 7 SYSTEMPATH\CodeIgniter.php(509): CodeIgniter\CodeIgniter->runController(Object(App\Controllers\Kyokai))
 8 SYSTEMPATH\CodeIgniter.php(355): CodeIgniter\CodeIgniter->handleRequest(null, Object(Config\Cache), false)
 9 SYSTEMPATH\Boot.php(325): CodeIgniter\CodeIgniter->run()
10 SYSTEMPATH\Boot.php(67): CodeIgniter\Boot::runCodeIgniter(Object(CodeIgniter\CodeIgniter))
11 FCPATH\index.php(56): CodeIgniter\Boot::bootWeb(Object(Config\Paths))
CRITICAL - 2025-04-22 21:17:22 --> ErrorException: Undefined variable $workshopList
[Method: GET, Route: kyokai]
in APPPATH\Views\kyokai\index.php on line 6.
 1 APPPATH\Views\kyokai\index.php(6): CodeIgniter\Debug\Exceptions->errorHandler(2, 'Undefined variable $workshopList', 'C:\\xampp_htdocs\\kasugaikyudo\\production\\app\\Views\\kyokai\\index.php', 6)
 2 SYSTEMPATH\View\View.php(234): include('C:\\xampp_htdocs\\kasugaikyudo\\production\\app\\Views\\kyokai\\index.php')
 3 SYSTEMPATH\View\View.php(237): CodeIgniter\View\View->CodeIgniter\View\{closure}()
 4 SYSTEMPATH\Common.php(1171): CodeIgniter\View\View->render('kyokai/index', [], true)
 5 APPPATH\Controllers\Kyokai.php(48): view('kyokai/index')
 6 SYSTEMPATH\CodeIgniter.php(933): App\Controllers\Kyokai->index()
 7 SYSTEMPATH\CodeIgniter.php(509): CodeIgniter\CodeIgniter->runController(Object(App\Controllers\Kyokai))
 8 SYSTEMPATH\CodeIgniter.php(355): CodeIgniter\CodeIgniter->handleRequest(null, Object(Config\Cache), false)
 9 SYSTEMPATH\Boot.php(325): CodeIgniter\CodeIgniter->run()
10 SYSTEMPATH\Boot.php(67): CodeIgniter\Boot::runCodeIgniter(Object(CodeIgniter\CodeIgniter))
11 FCPATH\index.php(56): CodeIgniter\Boot::bootWeb(Object(Config\Paths))
CRITICAL - 2025-04-22 21:17:38 --> ErrorException: Undefined array key "kyokai_event_date_st"
[Method: GET, Route: kyokai]
in APPPATH\Helpers\kyokai_helper.php on line 29.
 1 APPPATH\Helpers\kyokai_helper.php(29): CodeIgniter\Debug\Exceptions->errorHandler(2, 'Undefined array key "kyokai_event_date_st"', 'C:\\xampp_htdocs\\kasugaikyudo\\production\\app\\Helpers\\kyokai_helper.php', 29)
 2 APPPATH\Views\kyokai\index.php(6): get_kyokai_event_tab_html([...])
 3 SYSTEMPATH\View\View.php(234): include('C:\\xampp_htdocs\\kasugaikyudo\\production\\app\\Views\\kyokai\\index.php')
 4 SYSTEMPATH\View\View.php(237): CodeIgniter\View\View->CodeIgniter\View\{closure}()
 5 SYSTEMPATH\Common.php(1171): CodeIgniter\View\View->render('kyokai/index', [], true)
 6 APPPATH\Controllers\Kyokai.php(48): view('kyokai/index')
 7 SYSTEMPATH\CodeIgniter.php(933): App\Controllers\Kyokai->index()
 8 SYSTEMPATH\CodeIgniter.php(509): CodeIgniter\CodeIgniter->runController(Object(App\Controllers\Kyokai))
 9 SYSTEMPATH\CodeIgniter.php(355): CodeIgniter\CodeIgniter->handleRequest(null, Object(Config\Cache), false)
10 SYSTEMPATH\Boot.php(325): CodeIgniter\CodeIgniter->run()
11 SYSTEMPATH\Boot.php(67): CodeIgniter\Boot::runCodeIgniter(Object(CodeIgniter\CodeIgniter))
12 FCPATH\index.php(56): CodeIgniter\Boot::bootWeb(Object(Config\Paths))
