ERROR - 2025-03-21 23:38:37 --> mysqli_sql_exception: You have an error in your SQL syntax; check the manual that corresponds to your MariaDB server version for the right syntax to use near 'ORDER BY
				order_no' at line 10 in C:\xampp\htdocs\kasugaikyudo\production\system\Database\MySQLi\Connection.php:312
Stack trace:
#0 C:\xampp\htdocs\kasugaikyudo\production\system\Database\MySQLi\Connection.php(312): mysqli->query('\n\t\t\tSELECT\n\t\t\t\t...', 0)
#1 C:\xampp\htdocs\kasugaikyudo\production\system\Database\BaseConnection.php(734): CodeIgniter\Database\MySQLi\Connection->execute('\n\t\t\tSELECT\n\t\t\t\t...')
#2 C:\xampp\htdocs\kasugaikyudo\production\system\Database\BaseConnection.php(648): CodeIgniter\Database\BaseConnection->simpleQuery('\n\t\t\tSELECT\n\t\t\t\t...')
#3 C:\xampp\htdocs\kasugaikyudo\production\app\Models\BaseQueryModel.php(27): CodeIgniter\Database\BaseConnection->query('\n\t\t\tSELECT\n\t\t\t\t...', Array)
#4 C:\xampp\htdocs\kasugaikyudo\production\app\Models\NoticeModel.php(43): App\Models\BaseQueryModel->get_result_array('\n\t\t\tSELECT\n\t\t\t\t...', Array)
#5 C:\xampp\htdocs\kasugaikyudo\production\app\Libraries\NoticeLibrarie.php(22): App\Models\NoticeModel->get_category_notice_list(true)
#6 C:\xampp\htdocs\kasugaikyudo\production\app\Controllers\Admin.php(42): App\Libraries\NoticeLibrarie->get_category_notice_list('1')
#7 C:\xampp\htdocs\kasugaikyudo\production\system\CodeIgniter.php(933): App\Controllers\Admin->notice_regist()
#8 C:\xampp\htdocs\kasugaikyudo\production\system\CodeIgniter.php(509): CodeIgniter\CodeIgniter->runController(Object(App\Controllers\Admin))
#9 C:\xampp\htdocs\kasugaikyudo\production\system\CodeIgniter.php(355): CodeIgniter\CodeIgniter->handleRequest(NULL, Object(Config\Cache), false)
#10 C:\xampp\htdocs\kasugaikyudo\production\system\Boot.php(325): CodeIgniter\CodeIgniter->run()
#11 C:\xampp\htdocs\kasugaikyudo\production\system\Boot.php(67): CodeIgniter\Boot::runCodeIgniter(Object(CodeIgniter\CodeIgniter))
#12 C:\xampp\htdocs\kasugaikyudo\production\index.php(56): CodeIgniter\Boot::bootWeb(Object(Config\Paths))
#13 {main}
CRITICAL - 2025-03-21 23:38:37 --> CodeIgniter\Database\Exceptions\DatabaseException: You have an error in your SQL syntax; check the manual that corresponds to your MariaDB server version for the right syntax to use near 'ORDER BY
				order_no' at line 10
[Method: GET, Route: admin/notice_regist]
in SYSTEMPATH\Database\BaseConnection.php on line 688.
 1 APPPATH\Models\BaseQueryModel.php(27): CodeIgniter\Database\BaseConnection->query('
			SELECT
				notice_id
				,notice_name
				,theme_coller
                ,file_directory
			FROM 
            	m_notice
			WHERE 1 = 
				
			ORDER BY
				order_no
		', [...])
 2 APPPATH\Models\NoticeModel.php(43): App\Models\BaseQueryModel->get_result_array('
			SELECT
				notice_id
				,notice_name
				,theme_coller
                ,file_directory
			FROM 
            	m_notice
			WHERE 1 = 
				
			ORDER BY
				order_no
		', [...])
 3 APPPATH\Libraries\NoticeLibrarie.php(22): App\Models\NoticeModel->get_category_notice_list(true)
 4 APPPATH\Controllers\Admin.php(42): App\Libraries\NoticeLibrarie->get_category_notice_list('1')
 5 SYSTEMPATH\CodeIgniter.php(933): App\Controllers\Admin->notice_regist()
 6 SYSTEMPATH\CodeIgniter.php(509): CodeIgniter\CodeIgniter->runController(Object(App\Controllers\Admin))
 7 SYSTEMPATH\CodeIgniter.php(355): CodeIgniter\CodeIgniter->handleRequest(null, Object(Config\Cache), false)
 8 SYSTEMPATH\Boot.php(325): CodeIgniter\CodeIgniter->run()
 9 SYSTEMPATH\Boot.php(67): CodeIgniter\Boot::runCodeIgniter(Object(CodeIgniter\CodeIgniter))
10 FCPATH\index.php(56): CodeIgniter\Boot::bootWeb(Object(Config\Paths))
CRITICAL - 2025-03-21 23:38:37 --> [Caused by] CodeIgniter\Database\Exceptions\DatabaseException: You have an error in your SQL syntax; check the manual that corresponds to your MariaDB server version for the right syntax to use near 'ORDER BY
				order_no' at line 10
in SYSTEMPATH\Database\MySQLi\Connection.php on line 317.
 1 SYSTEMPATH\Database\BaseConnection.php(734): CodeIgniter\Database\MySQLi\Connection->execute('
			SELECT
				notice_id
				,notice_name
				,theme_coller
                ,file_directory
			FROM 
            	m_notice
			WHERE 1 = 
				
			ORDER BY
				order_no
		')
 2 SYSTEMPATH\Database\BaseConnection.php(648): CodeIgniter\Database\BaseConnection->simpleQuery('
			SELECT
				notice_id
				,notice_name
				,theme_coller
                ,file_directory
			FROM 
            	m_notice
			WHERE 1 = 
				
			ORDER BY
				order_no
		')
 3 APPPATH\Models\BaseQueryModel.php(27): CodeIgniter\Database\BaseConnection->query('
			SELECT
				notice_id
				,notice_name
				,theme_coller
                ,file_directory
			FROM 
            	m_notice
			WHERE 1 = 
				
			ORDER BY
				order_no
		', [...])
 4 APPPATH\Models\NoticeModel.php(43): App\Models\BaseQueryModel->get_result_array('
			SELECT
				notice_id
				,notice_name
				,theme_coller
                ,file_directory
			FROM 
            	m_notice
			WHERE 1 = 
				
			ORDER BY
				order_no
		', [...])
 5 APPPATH\Libraries\NoticeLibrarie.php(22): App\Models\NoticeModel->get_category_notice_list(true)
 6 APPPATH\Controllers\Admin.php(42): App\Libraries\NoticeLibrarie->get_category_notice_list('1')
 7 SYSTEMPATH\CodeIgniter.php(933): App\Controllers\Admin->notice_regist()
 8 SYSTEMPATH\CodeIgniter.php(509): CodeIgniter\CodeIgniter->runController(Object(App\Controllers\Admin))
 9 SYSTEMPATH\CodeIgniter.php(355): CodeIgniter\CodeIgniter->handleRequest(null, Object(Config\Cache), false)
10 SYSTEMPATH\Boot.php(325): CodeIgniter\CodeIgniter->run()
11 SYSTEMPATH\Boot.php(67): CodeIgniter\Boot::runCodeIgniter(Object(CodeIgniter\CodeIgniter))
12 FCPATH\index.php(56): CodeIgniter\Boot::bootWeb(Object(Config\Paths))
CRITICAL - 2025-03-21 23:38:37 --> [Caused by] mysqli_sql_exception: You have an error in your SQL syntax; check the manual that corresponds to your MariaDB server version for the right syntax to use near 'ORDER BY
				order_no' at line 10
in SYSTEMPATH\Database\MySQLi\Connection.php on line 312.
 1 SYSTEMPATH\Database\MySQLi\Connection.php(312): mysqli->query('
			SELECT
				notice_id
				,notice_name
				,theme_coller
                ,file_directory
			FROM 
            	m_notice
			WHERE 1 = 
				
			ORDER BY
				order_no
		', 0)
 2 SYSTEMPATH\Database\BaseConnection.php(734): CodeIgniter\Database\MySQLi\Connection->execute('
			SELECT
				notice_id
				,notice_name
				,theme_coller
                ,file_directory
			FROM 
            	m_notice
			WHERE 1 = 
				
			ORDER BY
				order_no
		')
 3 SYSTEMPATH\Database\BaseConnection.php(648): CodeIgniter\Database\BaseConnection->simpleQuery('
			SELECT
				notice_id
				,notice_name
				,theme_coller
                ,file_directory
			FROM 
            	m_notice
			WHERE 1 = 
				
			ORDER BY
				order_no
		')
 4 APPPATH\Models\BaseQueryModel.php(27): CodeIgniter\Database\BaseConnection->query('
			SELECT
				notice_id
				,notice_name
				,theme_coller
                ,file_directory
			FROM 
            	m_notice
			WHERE 1 = 
				
			ORDER BY
				order_no
		', [...])
 5 APPPATH\Models\NoticeModel.php(43): App\Models\BaseQueryModel->get_result_array('
			SELECT
				notice_id
				,notice_name
				,theme_coller
                ,file_directory
			FROM 
            	m_notice
			WHERE 1 = 
				
			ORDER BY
				order_no
		', [...])
 6 APPPATH\Libraries\NoticeLibrarie.php(22): App\Models\NoticeModel->get_category_notice_list(true)
 7 APPPATH\Controllers\Admin.php(42): App\Libraries\NoticeLibrarie->get_category_notice_list('1')
 8 SYSTEMPATH\CodeIgniter.php(933): App\Controllers\Admin->notice_regist()
 9 SYSTEMPATH\CodeIgniter.php(509): CodeIgniter\CodeIgniter->runController(Object(App\Controllers\Admin))
10 SYSTEMPATH\CodeIgniter.php(355): CodeIgniter\CodeIgniter->handleRequest(null, Object(Config\Cache), false)
11 SYSTEMPATH\Boot.php(325): CodeIgniter\CodeIgniter->run()
12 SYSTEMPATH\Boot.php(67): CodeIgniter\Boot::runCodeIgniter(Object(CodeIgniter\CodeIgniter))
13 FCPATH\index.php(56): CodeIgniter\Boot::bootWeb(Object(Config\Paths))
ERROR - 2025-03-21 23:39:23 --> mysqli_sql_exception: You have an error in your SQL syntax; check the manual that corresponds to your MariaDB server version for the right syntax to use near 'ORDER BY
				order_no' at line 10 in C:\xampp\htdocs\kasugaikyudo\production\system\Database\MySQLi\Connection.php:312
Stack trace:
#0 C:\xampp\htdocs\kasugaikyudo\production\system\Database\MySQLi\Connection.php(312): mysqli->query('\n\t\t\tSELECT\n\t\t\t\t...', 0)
#1 C:\xampp\htdocs\kasugaikyudo\production\system\Database\BaseConnection.php(734): CodeIgniter\Database\MySQLi\Connection->execute('\n\t\t\tSELECT\n\t\t\t\t...')
#2 C:\xampp\htdocs\kasugaikyudo\production\system\Database\BaseConnection.php(648): CodeIgniter\Database\BaseConnection->simpleQuery('\n\t\t\tSELECT\n\t\t\t\t...')
#3 C:\xampp\htdocs\kasugaikyudo\production\app\Models\BaseQueryModel.php(27): CodeIgniter\Database\BaseConnection->query('\n\t\t\tSELECT\n\t\t\t\t...', Array)
#4 C:\xampp\htdocs\kasugaikyudo\production\app\Models\NoticeModel.php(43): App\Models\BaseQueryModel->get_result_array('\n\t\t\tSELECT\n\t\t\t\t...', Array)
#5 C:\xampp\htdocs\kasugaikyudo\production\app\Libraries\NoticeLibrarie.php(22): App\Models\NoticeModel->get_category_notice_list(true)
#6 C:\xampp\htdocs\kasugaikyudo\production\app\Controllers\Admin.php(42): App\Libraries\NoticeLibrarie->get_category_notice_list('1')
#7 C:\xampp\htdocs\kasugaikyudo\production\system\CodeIgniter.php(933): App\Controllers\Admin->notice_regist()
#8 C:\xampp\htdocs\kasugaikyudo\production\system\CodeIgniter.php(509): CodeIgniter\CodeIgniter->runController(Object(App\Controllers\Admin))
#9 C:\xampp\htdocs\kasugaikyudo\production\system\CodeIgniter.php(355): CodeIgniter\CodeIgniter->handleRequest(NULL, Object(Config\Cache), false)
#10 C:\xampp\htdocs\kasugaikyudo\production\system\Boot.php(325): CodeIgniter\CodeIgniter->run()
#11 C:\xampp\htdocs\kasugaikyudo\production\system\Boot.php(67): CodeIgniter\Boot::runCodeIgniter(Object(CodeIgniter\CodeIgniter))
#12 C:\xampp\htdocs\kasugaikyudo\production\index.php(56): CodeIgniter\Boot::bootWeb(Object(Config\Paths))
#13 {main}
CRITICAL - 2025-03-21 23:39:23 --> CodeIgniter\Database\Exceptions\DatabaseException: You have an error in your SQL syntax; check the manual that corresponds to your MariaDB server version for the right syntax to use near 'ORDER BY
				order_no' at line 10
[Method: GET, Route: admin/notice_regist]
in SYSTEMPATH\Database\BaseConnection.php on line 688.
 1 APPPATH\Models\BaseQueryModel.php(27): CodeIgniter\Database\BaseConnection->query('
			SELECT
				notice_id
				,notice_name
				,theme_coller
                ,file_directory
			FROM 
            	m_notice
			WHERE 1 = 
				
			ORDER BY
				order_no
		', [...])
 2 APPPATH\Models\NoticeModel.php(43): App\Models\BaseQueryModel->get_result_array('
			SELECT
				notice_id
				,notice_name
				,theme_coller
                ,file_directory
			FROM 
            	m_notice
			WHERE 1 = 
				
			ORDER BY
				order_no
		', [...])
 3 APPPATH\Libraries\NoticeLibrarie.php(22): App\Models\NoticeModel->get_category_notice_list(true)
 4 APPPATH\Controllers\Admin.php(42): App\Libraries\NoticeLibrarie->get_category_notice_list('1')
 5 SYSTEMPATH\CodeIgniter.php(933): App\Controllers\Admin->notice_regist()
 6 SYSTEMPATH\CodeIgniter.php(509): CodeIgniter\CodeIgniter->runController(Object(App\Controllers\Admin))
 7 SYSTEMPATH\CodeIgniter.php(355): CodeIgniter\CodeIgniter->handleRequest(null, Object(Config\Cache), false)
 8 SYSTEMPATH\Boot.php(325): CodeIgniter\CodeIgniter->run()
 9 SYSTEMPATH\Boot.php(67): CodeIgniter\Boot::runCodeIgniter(Object(CodeIgniter\CodeIgniter))
10 FCPATH\index.php(56): CodeIgniter\Boot::bootWeb(Object(Config\Paths))
CRITICAL - 2025-03-21 23:39:23 --> [Caused by] CodeIgniter\Database\Exceptions\DatabaseException: You have an error in your SQL syntax; check the manual that corresponds to your MariaDB server version for the right syntax to use near 'ORDER BY
				order_no' at line 10
in SYSTEMPATH\Database\MySQLi\Connection.php on line 317.
 1 SYSTEMPATH\Database\BaseConnection.php(734): CodeIgniter\Database\MySQLi\Connection->execute('
			SELECT
				notice_id
				,notice_name
				,theme_coller
                ,file_directory
			FROM 
            	m_notice
			WHERE 1 = 
				
			ORDER BY
				order_no
		')
 2 SYSTEMPATH\Database\BaseConnection.php(648): CodeIgniter\Database\BaseConnection->simpleQuery('
			SELECT
				notice_id
				,notice_name
				,theme_coller
                ,file_directory
			FROM 
            	m_notice
			WHERE 1 = 
				
			ORDER BY
				order_no
		')
 3 APPPATH\Models\BaseQueryModel.php(27): CodeIgniter\Database\BaseConnection->query('
			SELECT
				notice_id
				,notice_name
				,theme_coller
                ,file_directory
			FROM 
            	m_notice
			WHERE 1 = 
				
			ORDER BY
				order_no
		', [...])
 4 APPPATH\Models\NoticeModel.php(43): App\Models\BaseQueryModel->get_result_array('
			SELECT
				notice_id
				,notice_name
				,theme_coller
                ,file_directory
			FROM 
            	m_notice
			WHERE 1 = 
				
			ORDER BY
				order_no
		', [...])
 5 APPPATH\Libraries\NoticeLibrarie.php(22): App\Models\NoticeModel->get_category_notice_list(true)
 6 APPPATH\Controllers\Admin.php(42): App\Libraries\NoticeLibrarie->get_category_notice_list('1')
 7 SYSTEMPATH\CodeIgniter.php(933): App\Controllers\Admin->notice_regist()
 8 SYSTEMPATH\CodeIgniter.php(509): CodeIgniter\CodeIgniter->runController(Object(App\Controllers\Admin))
 9 SYSTEMPATH\CodeIgniter.php(355): CodeIgniter\CodeIgniter->handleRequest(null, Object(Config\Cache), false)
10 SYSTEMPATH\Boot.php(325): CodeIgniter\CodeIgniter->run()
11 SYSTEMPATH\Boot.php(67): CodeIgniter\Boot::runCodeIgniter(Object(CodeIgniter\CodeIgniter))
12 FCPATH\index.php(56): CodeIgniter\Boot::bootWeb(Object(Config\Paths))
CRITICAL - 2025-03-21 23:39:23 --> [Caused by] mysqli_sql_exception: You have an error in your SQL syntax; check the manual that corresponds to your MariaDB server version for the right syntax to use near 'ORDER BY
				order_no' at line 10
in SYSTEMPATH\Database\MySQLi\Connection.php on line 312.
 1 SYSTEMPATH\Database\MySQLi\Connection.php(312): mysqli->query('
			SELECT
				notice_id
				,notice_name
				,theme_coller
                ,file_directory
			FROM 
            	m_notice
			WHERE 1 = 
				
			ORDER BY
				order_no
		', 0)
 2 SYSTEMPATH\Database\BaseConnection.php(734): CodeIgniter\Database\MySQLi\Connection->execute('
			SELECT
				notice_id
				,notice_name
				,theme_coller
                ,file_directory
			FROM 
            	m_notice
			WHERE 1 = 
				
			ORDER BY
				order_no
		')
 3 SYSTEMPATH\Database\BaseConnection.php(648): CodeIgniter\Database\BaseConnection->simpleQuery('
			SELECT
				notice_id
				,notice_name
				,theme_coller
                ,file_directory
			FROM 
            	m_notice
			WHERE 1 = 
				
			ORDER BY
				order_no
		')
 4 APPPATH\Models\BaseQueryModel.php(27): CodeIgniter\Database\BaseConnection->query('
			SELECT
				notice_id
				,notice_name
				,theme_coller
                ,file_directory
			FROM 
            	m_notice
			WHERE 1 = 
				
			ORDER BY
				order_no
		', [...])
 5 APPPATH\Models\NoticeModel.php(43): App\Models\BaseQueryModel->get_result_array('
			SELECT
				notice_id
				,notice_name
				,theme_coller
                ,file_directory
			FROM 
            	m_notice
			WHERE 1 = 
				
			ORDER BY
				order_no
		', [...])
 6 APPPATH\Libraries\NoticeLibrarie.php(22): App\Models\NoticeModel->get_category_notice_list(true)
 7 APPPATH\Controllers\Admin.php(42): App\Libraries\NoticeLibrarie->get_category_notice_list('1')
 8 SYSTEMPATH\CodeIgniter.php(933): App\Controllers\Admin->notice_regist()
 9 SYSTEMPATH\CodeIgniter.php(509): CodeIgniter\CodeIgniter->runController(Object(App\Controllers\Admin))
10 SYSTEMPATH\CodeIgniter.php(355): CodeIgniter\CodeIgniter->handleRequest(null, Object(Config\Cache), false)
11 SYSTEMPATH\Boot.php(325): CodeIgniter\CodeIgniter->run()
12 SYSTEMPATH\Boot.php(67): CodeIgniter\Boot::runCodeIgniter(Object(CodeIgniter\CodeIgniter))
13 FCPATH\index.php(56): CodeIgniter\Boot::bootWeb(Object(Config\Paths))
