CRITICAL - 2025-03-06 22:40:33 --> ErrorException: Undefined array key "numRows"
[Method: GET, Route: admin/notice_regist]
in APPPATH\Helpers\menu_helper.php on line 67.
 1 APPPATH\Helpers\menu_helper.php(67): CodeIgniter\Debug\Exceptions->errorHandler(2, 'Undefined array key "numRows"', 'C:\\xampp\\htdocs\\kasugaikyudo\\production\\app\\Helpers\\menu_helper.php', 67)
 2 APPPATH\Views\admin\notice\notice_regist.php(5): get_menu_tab_html([])
 3 SYSTEMPATH\View\View.php(234): include('C:\\xampp\\htdocs\\kasugaikyudo\\production\\app\\Views\\admin\\notice\\notice_regist.php')
 4 SYSTEMPATH\View\View.php(237): CodeIgniter\View\View->CodeIgniter\View\{closure}()
 5 SYSTEMPATH\Common.php(1171): CodeIgniter\View\View->render('admin/notice/notice_regist', [], true)
 6 APPPATH\Controllers\Admin.php(46): view('admin/notice/notice_regist')
 7 SYSTEMPATH\CodeIgniter.php(933): App\Controllers\Admin->notice_regist()
 8 SYSTEMPATH\CodeIgniter.php(509): CodeIgniter\CodeIgniter->runController(Object(App\Controllers\Admin))
 9 SYSTEMPATH\CodeIgniter.php(355): CodeIgniter\CodeIgniter->handleRequest(null, Object(Config\Cache), false)
10 SYSTEMPATH\Boot.php(325): CodeIgniter\CodeIgniter->run()
11 SYSTEMPATH\Boot.php(67): CodeIgniter\Boot::runCodeIgniter(Object(CodeIgniter\CodeIgniter))
12 FCPATH\index.php(56): CodeIgniter\Boot::bootWeb(Object(Config\Paths))
CRITICAL - 2025-03-06 22:42:46 --> ErrorException: Undefined array key "numRows"
[Method: GET, Route: admin/notice_regist]
in APPPATH\Helpers\menu_helper.php on line 67.
 1 APPPATH\Helpers\menu_helper.php(67): CodeIgniter\Debug\Exceptions->errorHandler(2, 'Undefined array key "numRows"', 'C:\\xampp\\htdocs\\kasugaikyudo\\production\\app\\Helpers\\menu_helper.php', 67)
 2 APPPATH\Views\admin\notice\notice_regist.php(5): get_menu_tab_html([])
 3 SYSTEMPATH\View\View.php(234): include('C:\\xampp\\htdocs\\kasugaikyudo\\production\\app\\Views\\admin\\notice\\notice_regist.php')
 4 SYSTEMPATH\View\View.php(237): CodeIgniter\View\View->CodeIgniter\View\{closure}()
 5 SYSTEMPATH\Common.php(1171): CodeIgniter\View\View->render('admin/notice/notice_regist', [], true)
 6 APPPATH\Controllers\Admin.php(46): view('admin/notice/notice_regist')
 7 SYSTEMPATH\CodeIgniter.php(933): App\Controllers\Admin->notice_regist()
 8 SYSTEMPATH\CodeIgniter.php(509): CodeIgniter\CodeIgniter->runController(Object(App\Controllers\Admin))
 9 SYSTEMPATH\CodeIgniter.php(355): CodeIgniter\CodeIgniter->handleRequest(null, Object(Config\Cache), false)
10 SYSTEMPATH\Boot.php(325): CodeIgniter\CodeIgniter->run()
11 SYSTEMPATH\Boot.php(67): CodeIgniter\Boot::runCodeIgniter(Object(CodeIgniter\CodeIgniter))
12 FCPATH\index.php(56): CodeIgniter\Boot::bootWeb(Object(Config\Paths))
CRITICAL - 2025-03-06 22:44:25 --> ErrorException: Undefined array key "numRows"
[Method: GET, Route: admin/notice_regist]
in APPPATH\Helpers\menu_helper.php on line 67.
 1 APPPATH\Helpers\menu_helper.php(67): CodeIgniter\Debug\Exceptions->errorHandler(2, 'Undefined array key "numRows"', 'C:\\xampp\\htdocs\\kasugaikyudo\\production\\app\\Helpers\\menu_helper.php', 67)
 2 APPPATH\Views\admin\notice\notice_regist.php(5): get_menu_tab_html([])
 3 SYSTEMPATH\View\View.php(234): include('C:\\xampp\\htdocs\\kasugaikyudo\\production\\app\\Views\\admin\\notice\\notice_regist.php')
 4 SYSTEMPATH\View\View.php(237): CodeIgniter\View\View->CodeIgniter\View\{closure}()
 5 SYSTEMPATH\Common.php(1171): CodeIgniter\View\View->render('admin/notice/notice_regist', [], true)
 6 APPPATH\Controllers\Admin.php(45): view('admin/notice/notice_regist')
 7 SYSTEMPATH\CodeIgniter.php(933): App\Controllers\Admin->notice_regist()
 8 SYSTEMPATH\CodeIgniter.php(509): CodeIgniter\CodeIgniter->runController(Object(App\Controllers\Admin))
 9 SYSTEMPATH\CodeIgniter.php(355): CodeIgniter\CodeIgniter->handleRequest(null, Object(Config\Cache), false)
10 SYSTEMPATH\Boot.php(325): CodeIgniter\CodeIgniter->run()
11 SYSTEMPATH\Boot.php(67): CodeIgniter\Boot::runCodeIgniter(Object(CodeIgniter\CodeIgniter))
12 FCPATH\index.php(56): CodeIgniter\Boot::bootWeb(Object(Config\Paths))
