CRITICAL - 2025-03-30 08:00:00 --> TypeError: date_limit_check(): Argument #1 ($dateLimit) must be of type string, null given, called in C:\xampp\htdocs\kasugaikyudo\production\app\Helpers\shinsa_helper.php on line 306
[Method: GET, Route: shinsa/detail/2]
in APPPATH\Helpers\datetime_helper.php on line 132.
 1 APPPATH\Helpers\shinsa_helper.php(306): date_limit_check(null)
 2 APPPATH\Helpers\shinsa_helper.php(204): get_shinsa_offer_html([...], [...], true)
 3 APPPATH\Views\shinsa\detail_chiho.php(4): get_shinsa_chiho_detail_html([...], [...], [...])
 4 SYSTEMPATH\View\View.php(234): include('C:\\xampp\\htdocs\\kasugaikyudo\\production\\app\\Views\\shinsa\\detail_chiho.php')
 5 SYSTEMPATH\View\View.php(237): CodeIgniter\View\View->CodeIgniter\View\{closure}()
 6 SYSTEMPATH\Common.php(1171): CodeIgniter\View\View->render('shinsa/detail_chiho', [], true)
 7 APPPATH\Controllers\Shinsa.php(105): view('shinsa/detail_chiho')
 8 SYSTEMPATH\CodeIgniter.php(933): App\Controllers\Shinsa->detail('2')
 9 SYSTEMPATH\CodeIgniter.php(509): CodeIgniter\CodeIgniter->runController(Object(App\Controllers\Shinsa))
10 SYSTEMPATH\CodeIgniter.php(355): CodeIgniter\CodeIgniter->handleRequest(null, Object(Config\Cache), false)
11 SYSTEMPATH\Boot.php(325): CodeIgniter\CodeIgniter->run()
12 SYSTEMPATH\Boot.php(67): CodeIgniter\Boot::runCodeIgniter(Object(CodeIgniter\CodeIgniter))
13 FCPATH\index.php(56): CodeIgniter\Boot::bootWeb(Object(Config\Paths))
CRITICAL - 2025-03-30 08:00:12 --> TypeError: date_limit_check(): Argument #1 ($dateLimit) must be of type string, null given, called in C:\xampp\htdocs\kasugaikyudo\production\app\Helpers\shinsa_helper.php on line 306
[Method: GET, Route: shinsa/detail/2]
in APPPATH\Helpers\datetime_helper.php on line 132.
 1 APPPATH\Helpers\shinsa_helper.php(306): date_limit_check(null)
 2 APPPATH\Helpers\shinsa_helper.php(204): get_shinsa_offer_html([...], [...], true)
 3 APPPATH\Views\shinsa\detail_chiho.php(4): get_shinsa_chiho_detail_html([...], [...], [...])
 4 SYSTEMPATH\View\View.php(234): include('C:\\xampp\\htdocs\\kasugaikyudo\\production\\app\\Views\\shinsa\\detail_chiho.php')
 5 SYSTEMPATH\View\View.php(237): CodeIgniter\View\View->CodeIgniter\View\{closure}()
 6 SYSTEMPATH\Common.php(1171): CodeIgniter\View\View->render('shinsa/detail_chiho', [], true)
 7 APPPATH\Controllers\Shinsa.php(105): view('shinsa/detail_chiho')
 8 SYSTEMPATH\CodeIgniter.php(933): App\Controllers\Shinsa->detail('2')
 9 SYSTEMPATH\CodeIgniter.php(509): CodeIgniter\CodeIgniter->runController(Object(App\Controllers\Shinsa))
10 SYSTEMPATH\CodeIgniter.php(355): CodeIgniter\CodeIgniter->handleRequest(null, Object(Config\Cache), false)
11 SYSTEMPATH\Boot.php(325): CodeIgniter\CodeIgniter->run()
12 SYSTEMPATH\Boot.php(67): CodeIgniter\Boot::runCodeIgniter(Object(CodeIgniter\CodeIgniter))
13 FCPATH\index.php(56): CodeIgniter\Boot::bootWeb(Object(Config\Paths))
CRITICAL - 2025-03-30 08:01:00 --> TypeError: date_limit_check(): Argument #1 ($dateLimit) must be of type string, null given, called in C:\xampp\htdocs\kasugaikyudo\production\app\Helpers\shinsa_helper.php on line 306
[Method: GET, Route: shinsa/detail/2]
in APPPATH\Helpers\datetime_helper.php on line 132.
 1 APPPATH\Helpers\shinsa_helper.php(306): date_limit_check(null)
 2 APPPATH\Helpers\shinsa_helper.php(204): get_shinsa_offer_html([...], [...], true)
 3 APPPATH\Views\shinsa\detail_chiho.php(4): get_shinsa_chiho_detail_html([...], [...], [...])
 4 SYSTEMPATH\View\View.php(234): include('C:\\xampp\\htdocs\\kasugaikyudo\\production\\app\\Views\\shinsa\\detail_chiho.php')
 5 SYSTEMPATH\View\View.php(237): CodeIgniter\View\View->CodeIgniter\View\{closure}()
 6 SYSTEMPATH\Common.php(1171): CodeIgniter\View\View->render('shinsa/detail_chiho', [], true)
 7 APPPATH\Controllers\Shinsa.php(105): view('shinsa/detail_chiho')
 8 SYSTEMPATH\CodeIgniter.php(933): App\Controllers\Shinsa->detail('2')
 9 SYSTEMPATH\CodeIgniter.php(509): CodeIgniter\CodeIgniter->runController(Object(App\Controllers\Shinsa))
10 SYSTEMPATH\CodeIgniter.php(355): CodeIgniter\CodeIgniter->handleRequest(null, Object(Config\Cache), false)
11 SYSTEMPATH\Boot.php(325): CodeIgniter\CodeIgniter->run()
12 SYSTEMPATH\Boot.php(67): CodeIgniter\Boot::runCodeIgniter(Object(CodeIgniter\CodeIgniter))
13 FCPATH\index.php(56): CodeIgniter\Boot::bootWeb(Object(Config\Paths))
CRITICAL - 2025-03-30 08:04:09 --> TypeError: date_limit_check(): Argument #1 ($dateLimit) must be of type string, null given, called in C:\xampp\htdocs\kasugaikyudo\production\app\Helpers\shinsa_helper.php on line 306
[Method: GET, Route: shinsa/detail/2]
in APPPATH\Helpers\datetime_helper.php on line 132.
 1 APPPATH\Helpers\shinsa_helper.php(306): date_limit_check(null)
 2 APPPATH\Helpers\shinsa_helper.php(204): get_shinsa_offer_html([...], [...], true)
 3 APPPATH\Views\shinsa\detail_chiho.php(4): get_shinsa_chiho_detail_html([...], [...], [...])
 4 SYSTEMPATH\View\View.php(234): include('C:\\xampp\\htdocs\\kasugaikyudo\\production\\app\\Views\\shinsa\\detail_chiho.php')
 5 SYSTEMPATH\View\View.php(237): CodeIgniter\View\View->CodeIgniter\View\{closure}()
 6 SYSTEMPATH\Common.php(1171): CodeIgniter\View\View->render('shinsa/detail_chiho', [], true)
 7 APPPATH\Controllers\Shinsa.php(105): view('shinsa/detail_chiho')
 8 SYSTEMPATH\CodeIgniter.php(933): App\Controllers\Shinsa->detail('2')
 9 SYSTEMPATH\CodeIgniter.php(509): CodeIgniter\CodeIgniter->runController(Object(App\Controllers\Shinsa))
10 SYSTEMPATH\CodeIgniter.php(355): CodeIgniter\CodeIgniter->handleRequest(null, Object(Config\Cache), false)
11 SYSTEMPATH\Boot.php(325): CodeIgniter\CodeIgniter->run()
12 SYSTEMPATH\Boot.php(67): CodeIgniter\Boot::runCodeIgniter(Object(CodeIgniter\CodeIgniter))
13 FCPATH\index.php(56): CodeIgniter\Boot::bootWeb(Object(Config\Paths))
