ERROR - 2025-03-12 21:14:58 --> Error connecting to the database: mysqli_sql_exception: 対象のコンピューターによって拒否されたため、接続できませんでした。 in C:\xampp\htdocs\kasugaikyudo\production\system\Database\MySQLi\Connection.php:186
Stack trace:
#0 C:\xampp\htdocs\kasugaikyudo\production\system\Database\MySQLi\Connection.php(186): mysqli->real_connect('localhost', 'root', Object(SensitiveParameterValue), 'kasugai_kyudo', 3306, '', 0)
#1 C:\xampp\htdocs\kasugaikyudo\production\system\Database\BaseConnection.php(421): CodeIgniter\Database\MySQLi\Connection->connect(false)
#2 C:\xampp\htdocs\kasugaikyudo\production\system\Database\BaseConnection.php(616): CodeIgniter\Database\BaseConnection->initialize()
#3 C:\xampp\htdocs\kasugaikyudo\production\app\Models\BaseQueryModel.php(48): CodeIgniter\Database\BaseConnection->query('\n\t\t\tSELECT\n\t\t\t\t...', Array)
#4 C:\xampp\htdocs\kasugaikyudo\production\app\Models\CommonModel.php(32): App\Models\BaseQueryModel->get_first_row('\n\t\t\tSELECT\n\t\t\t\t...', Array)
#5 C:\xampp\htdocs\kasugaikyudo\production\app\Libraries\CommonLibrarie.php(20): App\Models\CommonModel->get_setting_data()
#6 C:\xampp\htdocs\kasugaikyudo\production\app\Controllers\CommonController.php(54): App\Libraries\CommonLibrarie->get_setting_data()
#7 C:\xampp\htdocs\kasugaikyudo\production\app\Controllers\CommonController.php(31): App\Controllers\CommonController->get_setting()
#8 C:\xampp\htdocs\kasugaikyudo\production\app\Controllers\Home.php(12): App\Controllers\CommonController->__construct()
#9 C:\xampp\htdocs\kasugaikyudo\production\system\CodeIgniter.php(903): App\Controllers\Home->__construct()
#10 C:\xampp\htdocs\kasugaikyudo\production\system\CodeIgniter.php(500): CodeIgniter\CodeIgniter->createController()
#11 C:\xampp\htdocs\kasugaikyudo\production\system\CodeIgniter.php(355): CodeIgniter\CodeIgniter->handleRequest(NULL, Object(Config\Cache), false)
#12 C:\xampp\htdocs\kasugaikyudo\production\system\Boot.php(325): CodeIgniter\CodeIgniter->run()
#13 C:\xampp\htdocs\kasugaikyudo\production\system\Boot.php(67): CodeIgniter\Boot::runCodeIgniter(Object(CodeIgniter\CodeIgniter))
#14 C:\xampp\htdocs\kasugaikyudo\production\public\index.php(56): CodeIgniter\Boot::bootWeb(Object(Config\Paths))
#15 {main}

Next CodeIgniter\Database\Exceptions\DatabaseException: 対象のコンピューターによって拒否されたため、接続できませんでした。 in C:\xampp\htdocs\kasugaikyudo\production\system\Database\MySQLi\Connection.php:231
Stack trace:
#0 C:\xampp\htdocs\kasugaikyudo\production\system\Database\BaseConnection.php(421): CodeIgniter\Database\MySQLi\Connection->connect(false)
#1 C:\xampp\htdocs\kasugaikyudo\production\system\Database\BaseConnection.php(616): CodeIgniter\Database\BaseConnection->initialize()
#2 C:\xampp\htdocs\kasugaikyudo\production\app\Models\BaseQueryModel.php(48): CodeIgniter\Database\BaseConnection->query('\n\t\t\tSELECT\n\t\t\t\t...', Array)
#3 C:\xampp\htdocs\kasugaikyudo\production\app\Models\CommonModel.php(32): App\Models\BaseQueryModel->get_first_row('\n\t\t\tSELECT\n\t\t\t\t...', Array)
#4 C:\xampp\htdocs\kasugaikyudo\production\app\Libraries\CommonLibrarie.php(20): App\Models\CommonModel->get_setting_data()
#5 C:\xampp\htdocs\kasugaikyudo\production\app\Controllers\CommonController.php(54): App\Libraries\CommonLibrarie->get_setting_data()
#6 C:\xampp\htdocs\kasugaikyudo\production\app\Controllers\CommonController.php(31): App\Controllers\CommonController->get_setting()
#7 C:\xampp\htdocs\kasugaikyudo\production\app\Controllers\Home.php(12): App\Controllers\CommonController->__construct()
#8 C:\xampp\htdocs\kasugaikyudo\production\system\CodeIgniter.php(903): App\Controllers\Home->__construct()
#9 C:\xampp\htdocs\kasugaikyudo\production\system\CodeIgniter.php(500): CodeIgniter\CodeIgniter->createController()
#10 C:\xampp\htdocs\kasugaikyudo\production\system\CodeIgniter.php(355): CodeIgniter\CodeIgniter->handleRequest(NULL, Object(Config\Cache), false)
#11 C:\xampp\htdocs\kasugaikyudo\production\system\Boot.php(325): CodeIgniter\CodeIgniter->run()
#12 C:\xampp\htdocs\kasugaikyudo\production\system\Boot.php(67): CodeIgniter\Boot::runCodeIgniter(Object(CodeIgniter\CodeIgniter))
#13 C:\xampp\htdocs\kasugaikyudo\production\public\index.php(56): CodeIgniter\Boot::bootWeb(Object(Config\Paths))
#14 {main}
CRITICAL - 2025-03-12 21:14:59 --> CodeIgniter\Database\Exceptions\DatabaseException: Unable to connect to the database.
Main connection [MySQLi]: 対象のコンピューターによって拒否されたため、接続できませんでした。
[Method: POST, Route: home/get_notice_detail]
in SYSTEMPATH\Database\BaseConnection.php on line 467.
 1 SYSTEMPATH\Database\BaseConnection.php(616): CodeIgniter\Database\BaseConnection->initialize()
 2 APPPATH\Models\BaseQueryModel.php(48): CodeIgniter\Database\BaseConnection->query('
			SELECT
				mse.fiscal_year_id
				,mfy.year
				,mfy.wareki
			FROM m_setting mse
				INNER JOIN m_fiscal_year mfy
					ON mfy.fiscal_year_id = mse.fiscal_year_id
		', [])
 3 APPPATH\Models\CommonModel.php(32): App\Models\BaseQueryModel->get_first_row('
			SELECT
				mse.fiscal_year_id
				,mfy.year
				,mfy.wareki
			FROM m_setting mse
				INNER JOIN m_fiscal_year mfy
					ON mfy.fiscal_year_id = mse.fiscal_year_id
		', [])
 4 APPPATH\Libraries\CommonLibrarie.php(20): App\Models\CommonModel->get_setting_data()
 5 APPPATH\Controllers\CommonController.php(54): App\Libraries\CommonLibrarie->get_setting_data()
 6 APPPATH\Controllers\CommonController.php(31): App\Controllers\CommonController->get_setting()
 7 APPPATH\Controllers\Home.php(12): App\Controllers\CommonController->__construct()
 8 SYSTEMPATH\CodeIgniter.php(903): App\Controllers\Home->__construct()
 9 SYSTEMPATH\CodeIgniter.php(500): CodeIgniter\CodeIgniter->createController()
10 SYSTEMPATH\CodeIgniter.php(355): CodeIgniter\CodeIgniter->handleRequest(null, Object(Config\Cache), false)
11 SYSTEMPATH\Boot.php(325): CodeIgniter\CodeIgniter->run()
12 SYSTEMPATH\Boot.php(67): CodeIgniter\Boot::runCodeIgniter(Object(CodeIgniter\CodeIgniter))
13 FCPATH\index.php(56): CodeIgniter\Boot::bootWeb(Object(Config\Paths))
CRITICAL - 2025-03-12 21:46:44 --> ArgumentCountError: Too few arguments to function App\Models\NoticeModel::insert_document_notice(), 4 passed in C:\xampp\htdocs\kasugaikyudo\production\app\Libraries\AdminLibrarie.php on line 66 and exactly 5 expected
[Method: POST, Route: admin/notice_regist_proc]
in APPPATH\Models\NoticeModel.php on line 156.
 1 APPPATH\Libraries\AdminLibrarie.php(66): App\Models\NoticeModel->insert_document_notice(50, 1, '名簿（名前と段位）令和7年3月9日.pdf', 'C:\\xampp\\htdocs\\kasugaikyudo\\production\\public\\upload\\kasugai\\50\\名簿（名前と段位）令和7年3月9日.pdf')
 2 APPPATH\Controllers\Admin.php(136): App\Libraries\AdminLibrarie->notice_files_proc([...], [...], 65)
 3 SYSTEMPATH\CodeIgniter.php(933): App\Controllers\Admin->ajax_notice_regist_proc()
 4 SYSTEMPATH\CodeIgniter.php(509): CodeIgniter\CodeIgniter->runController(Object(App\Controllers\Admin))
 5 SYSTEMPATH\CodeIgniter.php(355): CodeIgniter\CodeIgniter->handleRequest(null, Object(Config\Cache), false)
 6 SYSTEMPATH\Boot.php(325): CodeIgniter\CodeIgniter->run()
 7 SYSTEMPATH\Boot.php(67): CodeIgniter\Boot::runCodeIgniter(Object(CodeIgniter\CodeIgniter))
 8 FCPATH\index.php(56): CodeIgniter\Boot::bootWeb(Object(Config\Paths))
CRITICAL - 2025-03-12 22:25:52 --> CodeIgniter\HTTP\Exceptions\BadRequestException: The URI you submitted has disallowed characters: "名簿（名前と段位）令和7年3月9日.pdf"
[Method: GET, Route: %E5%90%8D%E7%B0%BF%EF%BC%88%E5%90%8D%E5%89%8D%E3%81%A8%E6%AE%B5%E4%BD%8D%EF%BC%89%E4%BB%A4%E5%92%8C7%E5%B9%B43%E6%9C%889%E6%97%A5.pdf]
in SYSTEMPATH\Router\Router.php on line 737.
 1 SYSTEMPATH\Router\Router.php(204): CodeIgniter\Router\Router->checkDisallowedChars('名簿（名前と段位）令和7年3月9日.pdf')
 2 SYSTEMPATH\CodeIgniter.php(834): CodeIgniter\Router\Router->handle('名簿（名前と段位）令和7年3月9日.pdf')
 3 SYSTEMPATH\CodeIgniter.php(457): CodeIgniter\CodeIgniter->tryToRouteIt(Object(CodeIgniter\Router\RouteCollection))
 4 SYSTEMPATH\CodeIgniter.php(355): CodeIgniter\CodeIgniter->handleRequest(null, Object(Config\Cache), false)
 5 SYSTEMPATH\Boot.php(325): CodeIgniter\CodeIgniter->run()
 6 SYSTEMPATH\Boot.php(67): CodeIgniter\Boot::runCodeIgniter(Object(CodeIgniter\CodeIgniter))
 7 FCPATH\index.php(56): CodeIgniter\Boot::bootWeb(Object(Config\Paths))
ERROR - 2025-03-12 22:33:52 --> mysqli_sql_exception: You have an error in your SQL syntax; check the manual that corresponds to your MariaDB server version for the right syntax to use near 'document_id
				,document_name
				,document_ext
				,document_path
			) VALU...' at line 3 in C:\xampp\htdocs\kasugaikyudo\production\system\Database\MySQLi\Connection.php:312
Stack trace:
#0 C:\xampp\htdocs\kasugaikyudo\production\system\Database\MySQLi\Connection.php(312): mysqli->query('\n\t\t\tINSERT INTO...', 0)
#1 C:\xampp\htdocs\kasugaikyudo\production\system\Database\BaseConnection.php(734): CodeIgniter\Database\MySQLi\Connection->execute('\n\t\t\tINSERT INTO...')
#2 C:\xampp\htdocs\kasugaikyudo\production\system\Database\BaseConnection.php(648): CodeIgniter\Database\BaseConnection->simpleQuery('\n\t\t\tINSERT INTO...')
#3 C:\xampp\htdocs\kasugaikyudo\production\app\Models\BaseQueryModel.php(69): CodeIgniter\Database\BaseConnection->query('\n\t\t\tINSERT INTO...', Array)
#4 C:\xampp\htdocs\kasugaikyudo\production\app\Models\NoticeModel.php(185): App\Models\BaseQueryModel->get_result_query('\n\t\t\tINSERT INTO...', Array)
#5 C:\xampp\htdocs\kasugaikyudo\production\app\Libraries\AdminLibrarie.php(67): App\Models\NoticeModel->insert_document_notice(52, 1, '\xE5\x90\x8D\xE7\xB0\xBF\xEF\xBC\x88\xE5\x90\x8D\xE5\x89\x8D...', 'pdf', 'C:\\xampp\\htdocs...')
#6 C:\xampp\htdocs\kasugaikyudo\production\app\Controllers\Admin.php(136): App\Libraries\AdminLibrarie->notice_files_proc(Array, Array, 65)
#7 C:\xampp\htdocs\kasugaikyudo\production\system\CodeIgniter.php(933): App\Controllers\Admin->ajax_notice_regist_proc()
#8 C:\xampp\htdocs\kasugaikyudo\production\system\CodeIgniter.php(509): CodeIgniter\CodeIgniter->runController(Object(App\Controllers\Admin))
#9 C:\xampp\htdocs\kasugaikyudo\production\system\CodeIgniter.php(355): CodeIgniter\CodeIgniter->handleRequest(NULL, Object(Config\Cache), false)
#10 C:\xampp\htdocs\kasugaikyudo\production\system\Boot.php(325): CodeIgniter\CodeIgniter->run()
#11 C:\xampp\htdocs\kasugaikyudo\production\system\Boot.php(67): CodeIgniter\Boot::runCodeIgniter(Object(CodeIgniter\CodeIgniter))
#12 C:\xampp\htdocs\kasugaikyudo\production\public\index.php(56): CodeIgniter\Boot::bootWeb(Object(Config\Paths))
#13 {main}
CRITICAL - 2025-03-12 22:33:52 --> CodeIgniter\Database\Exceptions\DatabaseException: You have an error in your SQL syntax; check the manual that corresponds to your MariaDB server version for the right syntax to use near 'document_id
				,document_name
				,document_ext
				,document_path
			) VALU...' at line 3
[Method: POST, Route: admin/notice_regist_proc]
in SYSTEMPATH\Database\BaseConnection.php on line 688.
 1 APPPATH\Models\BaseQueryModel.php(69): CodeIgniter\Database\BaseConnection->query('
			INSERT INTO t_document_notice (
				notice_id,
				,document_id
				,document_name
				,document_ext
				,document_path
			) VALUES (
				:noticeId:,
				:documentId:,
				:documentName:,
				:documentExt:,
				:documentPath:
			)
		', [...])
 2 APPPATH\Models\NoticeModel.php(185): App\Models\BaseQueryModel->get_result_query('
			INSERT INTO t_document_notice (
				notice_id,
				,document_id
				,document_name
				,document_ext
				,document_path
			) VALUES (
				:noticeId:,
				:documentId:,
				:documentName:,
				:documentExt:,
				:documentPath:
			)
		', [...])
 3 APPPATH\Libraries\AdminLibrarie.php(67): App\Models\NoticeModel->insert_document_notice(52, 1, '名簿（名前と段位）令和7年3月9日.pdf', 'pdf', 'C:\\xampp\\htdocs\\kasugaikyudo\\production\\public\\upload\\kasugai\\52\\名簿（名前と段位）令和7年3月9日.pdf')
 4 APPPATH\Controllers\Admin.php(136): App\Libraries\AdminLibrarie->notice_files_proc([...], [...], 65)
 5 SYSTEMPATH\CodeIgniter.php(933): App\Controllers\Admin->ajax_notice_regist_proc()
 6 SYSTEMPATH\CodeIgniter.php(509): CodeIgniter\CodeIgniter->runController(Object(App\Controllers\Admin))
 7 SYSTEMPATH\CodeIgniter.php(355): CodeIgniter\CodeIgniter->handleRequest(null, Object(Config\Cache), false)
 8 SYSTEMPATH\Boot.php(325): CodeIgniter\CodeIgniter->run()
 9 SYSTEMPATH\Boot.php(67): CodeIgniter\Boot::runCodeIgniter(Object(CodeIgniter\CodeIgniter))
10 FCPATH\index.php(56): CodeIgniter\Boot::bootWeb(Object(Config\Paths))
CRITICAL - 2025-03-12 22:33:52 --> [Caused by] CodeIgniter\Database\Exceptions\DatabaseException: You have an error in your SQL syntax; check the manual that corresponds to your MariaDB server version for the right syntax to use near 'document_id
				,document_name
				,document_ext
				,document_path
			) VALU...' at line 3
in SYSTEMPATH\Database\MySQLi\Connection.php on line 317.
 1 SYSTEMPATH\Database\BaseConnection.php(734): CodeIgniter\Database\MySQLi\Connection->execute('
			INSERT INTO t_document_notice (
				notice_id,
				,document_id
				,document_name
				,document_ext
				,document_path
			) VALUES (
				52,
				1,
				\'名簿（名前と段位）令和7年3月9日.pdf\',
				\'pdf\',
				\'C:\\\\xampp\\\\htdocs\\\\kasugaikyudo\\\\production\\\\public\\\\upload\\\\kasugai\\\\52\\\\名簿（名前と段位）令和7年3月9日.pdf\'
			)
		')
 2 SYSTEMPATH\Database\BaseConnection.php(648): CodeIgniter\Database\BaseConnection->simpleQuery('
			INSERT INTO t_document_notice (
				notice_id,
				,document_id
				,document_name
				,document_ext
				,document_path
			) VALUES (
				52,
				1,
				\'名簿（名前と段位）令和7年3月9日.pdf\',
				\'pdf\',
				\'C:\\\\xampp\\\\htdocs\\\\kasugaikyudo\\\\production\\\\public\\\\upload\\\\kasugai\\\\52\\\\名簿（名前と段位）令和7年3月9日.pdf\'
			)
		')
 3 APPPATH\Models\BaseQueryModel.php(69): CodeIgniter\Database\BaseConnection->query('
			INSERT INTO t_document_notice (
				notice_id,
				,document_id
				,document_name
				,document_ext
				,document_path
			) VALUES (
				:noticeId:,
				:documentId:,
				:documentName:,
				:documentExt:,
				:documentPath:
			)
		', [...])
 4 APPPATH\Models\NoticeModel.php(185): App\Models\BaseQueryModel->get_result_query('
			INSERT INTO t_document_notice (
				notice_id,
				,document_id
				,document_name
				,document_ext
				,document_path
			) VALUES (
				:noticeId:,
				:documentId:,
				:documentName:,
				:documentExt:,
				:documentPath:
			)
		', [...])
 5 APPPATH\Libraries\AdminLibrarie.php(67): App\Models\NoticeModel->insert_document_notice(52, 1, '名簿（名前と段位）令和7年3月9日.pdf', 'pdf', 'C:\\xampp\\htdocs\\kasugaikyudo\\production\\public\\upload\\kasugai\\52\\名簿（名前と段位）令和7年3月9日.pdf')
 6 APPPATH\Controllers\Admin.php(136): App\Libraries\AdminLibrarie->notice_files_proc([...], [...], 65)
 7 SYSTEMPATH\CodeIgniter.php(933): App\Controllers\Admin->ajax_notice_regist_proc()
 8 SYSTEMPATH\CodeIgniter.php(509): CodeIgniter\CodeIgniter->runController(Object(App\Controllers\Admin))
 9 SYSTEMPATH\CodeIgniter.php(355): CodeIgniter\CodeIgniter->handleRequest(null, Object(Config\Cache), false)
10 SYSTEMPATH\Boot.php(325): CodeIgniter\CodeIgniter->run()
11 SYSTEMPATH\Boot.php(67): CodeIgniter\Boot::runCodeIgniter(Object(CodeIgniter\CodeIgniter))
12 FCPATH\index.php(56): CodeIgniter\Boot::bootWeb(Object(Config\Paths))
CRITICAL - 2025-03-12 22:33:52 --> [Caused by] mysqli_sql_exception: You have an error in your SQL syntax; check the manual that corresponds to your MariaDB server version for the right syntax to use near 'document_id
				,document_name
				,document_ext
				,document_path
			) VALU...' at line 3
in SYSTEMPATH\Database\MySQLi\Connection.php on line 312.
 1 SYSTEMPATH\Database\MySQLi\Connection.php(312): mysqli->query('
			INSERT INTO t_document_notice (
				notice_id,
				,document_id
				,document_name
				,document_ext
				,document_path
			) VALUES (
				52,
				1,
				\'名簿（名前と段位）令和7年3月9日.pdf\',
				\'pdf\',
				\'C:\\\\xampp\\\\htdocs\\\\kasugaikyudo\\\\production\\\\public\\\\upload\\\\kasugai\\\\52\\\\名簿（名前と段位）令和7年3月9日.pdf\'
			)
		', 0)
 2 SYSTEMPATH\Database\BaseConnection.php(734): CodeIgniter\Database\MySQLi\Connection->execute('
			INSERT INTO t_document_notice (
				notice_id,
				,document_id
				,document_name
				,document_ext
				,document_path
			) VALUES (
				52,
				1,
				\'名簿（名前と段位）令和7年3月9日.pdf\',
				\'pdf\',
				\'C:\\\\xampp\\\\htdocs\\\\kasugaikyudo\\\\production\\\\public\\\\upload\\\\kasugai\\\\52\\\\名簿（名前と段位）令和7年3月9日.pdf\'
			)
		')
 3 SYSTEMPATH\Database\BaseConnection.php(648): CodeIgniter\Database\BaseConnection->simpleQuery('
			INSERT INTO t_document_notice (
				notice_id,
				,document_id
				,document_name
				,document_ext
				,document_path
			) VALUES (
				52,
				1,
				\'名簿（名前と段位）令和7年3月9日.pdf\',
				\'pdf\',
				\'C:\\\\xampp\\\\htdocs\\\\kasugaikyudo\\\\production\\\\public\\\\upload\\\\kasugai\\\\52\\\\名簿（名前と段位）令和7年3月9日.pdf\'
			)
		')
 4 APPPATH\Models\BaseQueryModel.php(69): CodeIgniter\Database\BaseConnection->query('
			INSERT INTO t_document_notice (
				notice_id,
				,document_id
				,document_name
				,document_ext
				,document_path
			) VALUES (
				:noticeId:,
				:documentId:,
				:documentName:,
				:documentExt:,
				:documentPath:
			)
		', [...])
 5 APPPATH\Models\NoticeModel.php(185): App\Models\BaseQueryModel->get_result_query('
			INSERT INTO t_document_notice (
				notice_id,
				,document_id
				,document_name
				,document_ext
				,document_path
			) VALUES (
				:noticeId:,
				:documentId:,
				:documentName:,
				:documentExt:,
				:documentPath:
			)
		', [...])
 6 APPPATH\Libraries\AdminLibrarie.php(67): App\Models\NoticeModel->insert_document_notice(52, 1, '名簿（名前と段位）令和7年3月9日.pdf', 'pdf', 'C:\\xampp\\htdocs\\kasugaikyudo\\production\\public\\upload\\kasugai\\52\\名簿（名前と段位）令和7年3月9日.pdf')
 7 APPPATH\Controllers\Admin.php(136): App\Libraries\AdminLibrarie->notice_files_proc([...], [...], 65)
 8 SYSTEMPATH\CodeIgniter.php(933): App\Controllers\Admin->ajax_notice_regist_proc()
 9 SYSTEMPATH\CodeIgniter.php(509): CodeIgniter\CodeIgniter->runController(Object(App\Controllers\Admin))
10 SYSTEMPATH\CodeIgniter.php(355): CodeIgniter\CodeIgniter->handleRequest(null, Object(Config\Cache), false)
11 SYSTEMPATH\Boot.php(325): CodeIgniter\CodeIgniter->run()
12 SYSTEMPATH\Boot.php(67): CodeIgniter\Boot::runCodeIgniter(Object(CodeIgniter\CodeIgniter))
13 FCPATH\index.php(56): CodeIgniter\Boot::bootWeb(Object(Config\Paths))
ERROR - 2025-03-12 22:34:08 --> mysqli_sql_exception: You have an error in your SQL syntax; check the manual that corresponds to your MariaDB server version for the right syntax to use near 'document_id
				,document_name
				,document_ext
				,document_path
			) VALU...' at line 3 in C:\xampp\htdocs\kasugaikyudo\production\system\Database\MySQLi\Connection.php:312
Stack trace:
#0 C:\xampp\htdocs\kasugaikyudo\production\system\Database\MySQLi\Connection.php(312): mysqli->query('\n\t\t\tINSERT INTO...', 0)
#1 C:\xampp\htdocs\kasugaikyudo\production\system\Database\BaseConnection.php(734): CodeIgniter\Database\MySQLi\Connection->execute('\n\t\t\tINSERT INTO...')
#2 C:\xampp\htdocs\kasugaikyudo\production\system\Database\BaseConnection.php(648): CodeIgniter\Database\BaseConnection->simpleQuery('\n\t\t\tINSERT INTO...')
#3 C:\xampp\htdocs\kasugaikyudo\production\app\Models\BaseQueryModel.php(69): CodeIgniter\Database\BaseConnection->query('\n\t\t\tINSERT INTO...', Array)
#4 C:\xampp\htdocs\kasugaikyudo\production\app\Models\NoticeModel.php(185): App\Models\BaseQueryModel->get_result_query('\n\t\t\tINSERT INTO...', Array)
#5 C:\xampp\htdocs\kasugaikyudo\production\app\Libraries\AdminLibrarie.php(67): App\Models\NoticeModel->insert_document_notice(53, 1, '\xE5\x90\x8D\xE7\xB0\xBF\xEF\xBC\x88\xE5\x90\x8D\xE5\x89\x8D...', 'pdf', '/upload/kasugai...')
#6 C:\xampp\htdocs\kasugaikyudo\production\app\Controllers\Admin.php(136): App\Libraries\AdminLibrarie->notice_files_proc(Array, Array, 65)
#7 C:\xampp\htdocs\kasugaikyudo\production\system\CodeIgniter.php(933): App\Controllers\Admin->ajax_notice_regist_proc()
#8 C:\xampp\htdocs\kasugaikyudo\production\system\CodeIgniter.php(509): CodeIgniter\CodeIgniter->runController(Object(App\Controllers\Admin))
#9 C:\xampp\htdocs\kasugaikyudo\production\system\CodeIgniter.php(355): CodeIgniter\CodeIgniter->handleRequest(NULL, Object(Config\Cache), false)
#10 C:\xampp\htdocs\kasugaikyudo\production\system\Boot.php(325): CodeIgniter\CodeIgniter->run()
#11 C:\xampp\htdocs\kasugaikyudo\production\system\Boot.php(67): CodeIgniter\Boot::runCodeIgniter(Object(CodeIgniter\CodeIgniter))
#12 C:\xampp\htdocs\kasugaikyudo\production\public\index.php(56): CodeIgniter\Boot::bootWeb(Object(Config\Paths))
#13 {main}
CRITICAL - 2025-03-12 22:34:08 --> CodeIgniter\Database\Exceptions\DatabaseException: You have an error in your SQL syntax; check the manual that corresponds to your MariaDB server version for the right syntax to use near 'document_id
				,document_name
				,document_ext
				,document_path
			) VALU...' at line 3
[Method: POST, Route: admin/notice_regist_proc]
in SYSTEMPATH\Database\BaseConnection.php on line 688.
 1 APPPATH\Models\BaseQueryModel.php(69): CodeIgniter\Database\BaseConnection->query('
			INSERT INTO t_document_notice (
				notice_id,
				,document_id
				,document_name
				,document_ext
				,document_path
			) VALUES (
				:noticeId:,
				:documentId:,
				:documentName:,
				:documentExt:,
				:documentPath:
			)
		', [...])
 2 APPPATH\Models\NoticeModel.php(185): App\Models\BaseQueryModel->get_result_query('
			INSERT INTO t_document_notice (
				notice_id,
				,document_id
				,document_name
				,document_ext
				,document_path
			) VALUES (
				:noticeId:,
				:documentId:,
				:documentName:,
				:documentExt:,
				:documentPath:
			)
		', [...])
 3 APPPATH\Libraries\AdminLibrarie.php(67): App\Models\NoticeModel->insert_document_notice(53, 1, '名簿（名前と段位）令和7年3月9日.pdf', 'pdf', '/upload/kasugai/53/名簿（名前と段位）令和7年3月9日.pdf')
 4 APPPATH\Controllers\Admin.php(136): App\Libraries\AdminLibrarie->notice_files_proc([...], [...], 65)
 5 SYSTEMPATH\CodeIgniter.php(933): App\Controllers\Admin->ajax_notice_regist_proc()
 6 SYSTEMPATH\CodeIgniter.php(509): CodeIgniter\CodeIgniter->runController(Object(App\Controllers\Admin))
 7 SYSTEMPATH\CodeIgniter.php(355): CodeIgniter\CodeIgniter->handleRequest(null, Object(Config\Cache), false)
 8 SYSTEMPATH\Boot.php(325): CodeIgniter\CodeIgniter->run()
 9 SYSTEMPATH\Boot.php(67): CodeIgniter\Boot::runCodeIgniter(Object(CodeIgniter\CodeIgniter))
10 FCPATH\index.php(56): CodeIgniter\Boot::bootWeb(Object(Config\Paths))
CRITICAL - 2025-03-12 22:34:08 --> [Caused by] CodeIgniter\Database\Exceptions\DatabaseException: You have an error in your SQL syntax; check the manual that corresponds to your MariaDB server version for the right syntax to use near 'document_id
				,document_name
				,document_ext
				,document_path
			) VALU...' at line 3
in SYSTEMPATH\Database\MySQLi\Connection.php on line 317.
 1 SYSTEMPATH\Database\BaseConnection.php(734): CodeIgniter\Database\MySQLi\Connection->execute('
			INSERT INTO t_document_notice (
				notice_id,
				,document_id
				,document_name
				,document_ext
				,document_path
			) VALUES (
				53,
				1,
				\'名簿（名前と段位）令和7年3月9日.pdf\',
				\'pdf\',
				\'/upload/kasugai/53/名簿（名前と段位）令和7年3月9日.pdf\'
			)
		')
 2 SYSTEMPATH\Database\BaseConnection.php(648): CodeIgniter\Database\BaseConnection->simpleQuery('
			INSERT INTO t_document_notice (
				notice_id,
				,document_id
				,document_name
				,document_ext
				,document_path
			) VALUES (
				53,
				1,
				\'名簿（名前と段位）令和7年3月9日.pdf\',
				\'pdf\',
				\'/upload/kasugai/53/名簿（名前と段位）令和7年3月9日.pdf\'
			)
		')
 3 APPPATH\Models\BaseQueryModel.php(69): CodeIgniter\Database\BaseConnection->query('
			INSERT INTO t_document_notice (
				notice_id,
				,document_id
				,document_name
				,document_ext
				,document_path
			) VALUES (
				:noticeId:,
				:documentId:,
				:documentName:,
				:documentExt:,
				:documentPath:
			)
		', [...])
 4 APPPATH\Models\NoticeModel.php(185): App\Models\BaseQueryModel->get_result_query('
			INSERT INTO t_document_notice (
				notice_id,
				,document_id
				,document_name
				,document_ext
				,document_path
			) VALUES (
				:noticeId:,
				:documentId:,
				:documentName:,
				:documentExt:,
				:documentPath:
			)
		', [...])
 5 APPPATH\Libraries\AdminLibrarie.php(67): App\Models\NoticeModel->insert_document_notice(53, 1, '名簿（名前と段位）令和7年3月9日.pdf', 'pdf', '/upload/kasugai/53/名簿（名前と段位）令和7年3月9日.pdf')
 6 APPPATH\Controllers\Admin.php(136): App\Libraries\AdminLibrarie->notice_files_proc([...], [...], 65)
 7 SYSTEMPATH\CodeIgniter.php(933): App\Controllers\Admin->ajax_notice_regist_proc()
 8 SYSTEMPATH\CodeIgniter.php(509): CodeIgniter\CodeIgniter->runController(Object(App\Controllers\Admin))
 9 SYSTEMPATH\CodeIgniter.php(355): CodeIgniter\CodeIgniter->handleRequest(null, Object(Config\Cache), false)
10 SYSTEMPATH\Boot.php(325): CodeIgniter\CodeIgniter->run()
11 SYSTEMPATH\Boot.php(67): CodeIgniter\Boot::runCodeIgniter(Object(CodeIgniter\CodeIgniter))
12 FCPATH\index.php(56): CodeIgniter\Boot::bootWeb(Object(Config\Paths))
CRITICAL - 2025-03-12 22:34:08 --> [Caused by] mysqli_sql_exception: You have an error in your SQL syntax; check the manual that corresponds to your MariaDB server version for the right syntax to use near 'document_id
				,document_name
				,document_ext
				,document_path
			) VALU...' at line 3
in SYSTEMPATH\Database\MySQLi\Connection.php on line 312.
 1 SYSTEMPATH\Database\MySQLi\Connection.php(312): mysqli->query('
			INSERT INTO t_document_notice (
				notice_id,
				,document_id
				,document_name
				,document_ext
				,document_path
			) VALUES (
				53,
				1,
				\'名簿（名前と段位）令和7年3月9日.pdf\',
				\'pdf\',
				\'/upload/kasugai/53/名簿（名前と段位）令和7年3月9日.pdf\'
			)
		', 0)
 2 SYSTEMPATH\Database\BaseConnection.php(734): CodeIgniter\Database\MySQLi\Connection->execute('
			INSERT INTO t_document_notice (
				notice_id,
				,document_id
				,document_name
				,document_ext
				,document_path
			) VALUES (
				53,
				1,
				\'名簿（名前と段位）令和7年3月9日.pdf\',
				\'pdf\',
				\'/upload/kasugai/53/名簿（名前と段位）令和7年3月9日.pdf\'
			)
		')
 3 SYSTEMPATH\Database\BaseConnection.php(648): CodeIgniter\Database\BaseConnection->simpleQuery('
			INSERT INTO t_document_notice (
				notice_id,
				,document_id
				,document_name
				,document_ext
				,document_path
			) VALUES (
				53,
				1,
				\'名簿（名前と段位）令和7年3月9日.pdf\',
				\'pdf\',
				\'/upload/kasugai/53/名簿（名前と段位）令和7年3月9日.pdf\'
			)
		')
 4 APPPATH\Models\BaseQueryModel.php(69): CodeIgniter\Database\BaseConnection->query('
			INSERT INTO t_document_notice (
				notice_id,
				,document_id
				,document_name
				,document_ext
				,document_path
			) VALUES (
				:noticeId:,
				:documentId:,
				:documentName:,
				:documentExt:,
				:documentPath:
			)
		', [...])
 5 APPPATH\Models\NoticeModel.php(185): App\Models\BaseQueryModel->get_result_query('
			INSERT INTO t_document_notice (
				notice_id,
				,document_id
				,document_name
				,document_ext
				,document_path
			) VALUES (
				:noticeId:,
				:documentId:,
				:documentName:,
				:documentExt:,
				:documentPath:
			)
		', [...])
 6 APPPATH\Libraries\AdminLibrarie.php(67): App\Models\NoticeModel->insert_document_notice(53, 1, '名簿（名前と段位）令和7年3月9日.pdf', 'pdf', '/upload/kasugai/53/名簿（名前と段位）令和7年3月9日.pdf')
 7 APPPATH\Controllers\Admin.php(136): App\Libraries\AdminLibrarie->notice_files_proc([...], [...], 65)
 8 SYSTEMPATH\CodeIgniter.php(933): App\Controllers\Admin->ajax_notice_regist_proc()
 9 SYSTEMPATH\CodeIgniter.php(509): CodeIgniter\CodeIgniter->runController(Object(App\Controllers\Admin))
10 SYSTEMPATH\CodeIgniter.php(355): CodeIgniter\CodeIgniter->handleRequest(null, Object(Config\Cache), false)
11 SYSTEMPATH\Boot.php(325): CodeIgniter\CodeIgniter->run()
12 SYSTEMPATH\Boot.php(67): CodeIgniter\Boot::runCodeIgniter(Object(CodeIgniter\CodeIgniter))
13 FCPATH\index.php(56): CodeIgniter\Boot::bootWeb(Object(Config\Paths))
ERROR - 2025-03-12 22:35:43 --> mysqli_sql_exception: You have an error in your SQL syntax; check the manual that corresponds to your MariaDB server version for the right syntax to use near 'document_id
				,document_name
				,document_ext
				,document_path
			) VALU...' at line 3 in C:\xampp\htdocs\kasugaikyudo\production\system\Database\MySQLi\Connection.php:312
Stack trace:
#0 C:\xampp\htdocs\kasugaikyudo\production\system\Database\MySQLi\Connection.php(312): mysqli->query('\n\t\t\tINSERT INTO...', 0)
#1 C:\xampp\htdocs\kasugaikyudo\production\system\Database\BaseConnection.php(734): CodeIgniter\Database\MySQLi\Connection->execute('\n\t\t\tINSERT INTO...')
#2 C:\xampp\htdocs\kasugaikyudo\production\system\Database\BaseConnection.php(648): CodeIgniter\Database\BaseConnection->simpleQuery('\n\t\t\tINSERT INTO...')
#3 C:\xampp\htdocs\kasugaikyudo\production\app\Models\BaseQueryModel.php(69): CodeIgniter\Database\BaseConnection->query('\n\t\t\tINSERT INTO...', Array)
#4 C:\xampp\htdocs\kasugaikyudo\production\app\Models\NoticeModel.php(185): App\Models\BaseQueryModel->get_result_query('\n\t\t\tINSERT INTO...', Array)
#5 C:\xampp\htdocs\kasugaikyudo\production\app\Libraries\AdminLibrarie.php(67): App\Models\NoticeModel->insert_document_notice(54, 1, '\xE5\x90\x8D\xE7\xB0\xBF\xEF\xBC\x88\xE5\x90\x8D\xE5\x89\x8D...', 'pdf', '/upload/kasugai...')
#6 C:\xampp\htdocs\kasugaikyudo\production\app\Controllers\Admin.php(136): App\Libraries\AdminLibrarie->notice_files_proc(Array, Array, 65)
#7 C:\xampp\htdocs\kasugaikyudo\production\system\CodeIgniter.php(933): App\Controllers\Admin->ajax_notice_regist_proc()
#8 C:\xampp\htdocs\kasugaikyudo\production\system\CodeIgniter.php(509): CodeIgniter\CodeIgniter->runController(Object(App\Controllers\Admin))
#9 C:\xampp\htdocs\kasugaikyudo\production\system\CodeIgniter.php(355): CodeIgniter\CodeIgniter->handleRequest(NULL, Object(Config\Cache), false)
#10 C:\xampp\htdocs\kasugaikyudo\production\system\Boot.php(325): CodeIgniter\CodeIgniter->run()
#11 C:\xampp\htdocs\kasugaikyudo\production\system\Boot.php(67): CodeIgniter\Boot::runCodeIgniter(Object(CodeIgniter\CodeIgniter))
#12 C:\xampp\htdocs\kasugaikyudo\production\public\index.php(56): CodeIgniter\Boot::bootWeb(Object(Config\Paths))
#13 {main}
CRITICAL - 2025-03-12 22:35:43 --> CodeIgniter\Database\Exceptions\DatabaseException: You have an error in your SQL syntax; check the manual that corresponds to your MariaDB server version for the right syntax to use near 'document_id
				,document_name
				,document_ext
				,document_path
			) VALU...' at line 3
[Method: POST, Route: admin/notice_regist_proc]
in SYSTEMPATH\Database\BaseConnection.php on line 688.
 1 APPPATH\Models\BaseQueryModel.php(69): CodeIgniter\Database\BaseConnection->query('
			INSERT INTO t_document_notice (
				notice_id,
				,document_id
				,document_name
				,document_ext
				,document_path
			) VALUES (
				:noticeId:,
				:documentId:,
				:documentName:,
				:documentExt:,
				:documentPath:
			)
		', [...])
 2 APPPATH\Models\NoticeModel.php(185): App\Models\BaseQueryModel->get_result_query('
			INSERT INTO t_document_notice (
				notice_id,
				,document_id
				,document_name
				,document_ext
				,document_path
			) VALUES (
				:noticeId:,
				:documentId:,
				:documentName:,
				:documentExt:,
				:documentPath:
			)
		', [...])
 3 APPPATH\Libraries\AdminLibrarie.php(67): App\Models\NoticeModel->insert_document_notice(54, 1, '名簿（名前と段位）令和7年3月9日.pdf', 'pdf', '/upload/kasugai/54/名簿（名前と段位）令和7年3月9日.pdf')
 4 APPPATH\Controllers\Admin.php(136): App\Libraries\AdminLibrarie->notice_files_proc([...], [...], 65)
 5 SYSTEMPATH\CodeIgniter.php(933): App\Controllers\Admin->ajax_notice_regist_proc()
 6 SYSTEMPATH\CodeIgniter.php(509): CodeIgniter\CodeIgniter->runController(Object(App\Controllers\Admin))
 7 SYSTEMPATH\CodeIgniter.php(355): CodeIgniter\CodeIgniter->handleRequest(null, Object(Config\Cache), false)
 8 SYSTEMPATH\Boot.php(325): CodeIgniter\CodeIgniter->run()
 9 SYSTEMPATH\Boot.php(67): CodeIgniter\Boot::runCodeIgniter(Object(CodeIgniter\CodeIgniter))
10 FCPATH\index.php(56): CodeIgniter\Boot::bootWeb(Object(Config\Paths))
CRITICAL - 2025-03-12 22:35:43 --> [Caused by] CodeIgniter\Database\Exceptions\DatabaseException: You have an error in your SQL syntax; check the manual that corresponds to your MariaDB server version for the right syntax to use near 'document_id
				,document_name
				,document_ext
				,document_path
			) VALU...' at line 3
in SYSTEMPATH\Database\MySQLi\Connection.php on line 317.
 1 SYSTEMPATH\Database\BaseConnection.php(734): CodeIgniter\Database\MySQLi\Connection->execute('
			INSERT INTO t_document_notice (
				notice_id,
				,document_id
				,document_name
				,document_ext
				,document_path
			) VALUES (
				54,
				1,
				\'名簿（名前と段位）令和7年3月9日.pdf\',
				\'pdf\',
				\'/upload/kasugai/54/名簿（名前と段位）令和7年3月9日.pdf\'
			)
		')
 2 SYSTEMPATH\Database\BaseConnection.php(648): CodeIgniter\Database\BaseConnection->simpleQuery('
			INSERT INTO t_document_notice (
				notice_id,
				,document_id
				,document_name
				,document_ext
				,document_path
			) VALUES (
				54,
				1,
				\'名簿（名前と段位）令和7年3月9日.pdf\',
				\'pdf\',
				\'/upload/kasugai/54/名簿（名前と段位）令和7年3月9日.pdf\'
			)
		')
 3 APPPATH\Models\BaseQueryModel.php(69): CodeIgniter\Database\BaseConnection->query('
			INSERT INTO t_document_notice (
				notice_id,
				,document_id
				,document_name
				,document_ext
				,document_path
			) VALUES (
				:noticeId:,
				:documentId:,
				:documentName:,
				:documentExt:,
				:documentPath:
			)
		', [...])
 4 APPPATH\Models\NoticeModel.php(185): App\Models\BaseQueryModel->get_result_query('
			INSERT INTO t_document_notice (
				notice_id,
				,document_id
				,document_name
				,document_ext
				,document_path
			) VALUES (
				:noticeId:,
				:documentId:,
				:documentName:,
				:documentExt:,
				:documentPath:
			)
		', [...])
 5 APPPATH\Libraries\AdminLibrarie.php(67): App\Models\NoticeModel->insert_document_notice(54, 1, '名簿（名前と段位）令和7年3月9日.pdf', 'pdf', '/upload/kasugai/54/名簿（名前と段位）令和7年3月9日.pdf')
 6 APPPATH\Controllers\Admin.php(136): App\Libraries\AdminLibrarie->notice_files_proc([...], [...], 65)
 7 SYSTEMPATH\CodeIgniter.php(933): App\Controllers\Admin->ajax_notice_regist_proc()
 8 SYSTEMPATH\CodeIgniter.php(509): CodeIgniter\CodeIgniter->runController(Object(App\Controllers\Admin))
 9 SYSTEMPATH\CodeIgniter.php(355): CodeIgniter\CodeIgniter->handleRequest(null, Object(Config\Cache), false)
10 SYSTEMPATH\Boot.php(325): CodeIgniter\CodeIgniter->run()
11 SYSTEMPATH\Boot.php(67): CodeIgniter\Boot::runCodeIgniter(Object(CodeIgniter\CodeIgniter))
12 FCPATH\index.php(56): CodeIgniter\Boot::bootWeb(Object(Config\Paths))
CRITICAL - 2025-03-12 22:35:43 --> [Caused by] mysqli_sql_exception: You have an error in your SQL syntax; check the manual that corresponds to your MariaDB server version for the right syntax to use near 'document_id
				,document_name
				,document_ext
				,document_path
			) VALU...' at line 3
in SYSTEMPATH\Database\MySQLi\Connection.php on line 312.
 1 SYSTEMPATH\Database\MySQLi\Connection.php(312): mysqli->query('
			INSERT INTO t_document_notice (
				notice_id,
				,document_id
				,document_name
				,document_ext
				,document_path
			) VALUES (
				54,
				1,
				\'名簿（名前と段位）令和7年3月9日.pdf\',
				\'pdf\',
				\'/upload/kasugai/54/名簿（名前と段位）令和7年3月9日.pdf\'
			)
		', 0)
 2 SYSTEMPATH\Database\BaseConnection.php(734): CodeIgniter\Database\MySQLi\Connection->execute('
			INSERT INTO t_document_notice (
				notice_id,
				,document_id
				,document_name
				,document_ext
				,document_path
			) VALUES (
				54,
				1,
				\'名簿（名前と段位）令和7年3月9日.pdf\',
				\'pdf\',
				\'/upload/kasugai/54/名簿（名前と段位）令和7年3月9日.pdf\'
			)
		')
 3 SYSTEMPATH\Database\BaseConnection.php(648): CodeIgniter\Database\BaseConnection->simpleQuery('
			INSERT INTO t_document_notice (
				notice_id,
				,document_id
				,document_name
				,document_ext
				,document_path
			) VALUES (
				54,
				1,
				\'名簿（名前と段位）令和7年3月9日.pdf\',
				\'pdf\',
				\'/upload/kasugai/54/名簿（名前と段位）令和7年3月9日.pdf\'
			)
		')
 4 APPPATH\Models\BaseQueryModel.php(69): CodeIgniter\Database\BaseConnection->query('
			INSERT INTO t_document_notice (
				notice_id,
				,document_id
				,document_name
				,document_ext
				,document_path
			) VALUES (
				:noticeId:,
				:documentId:,
				:documentName:,
				:documentExt:,
				:documentPath:
			)
		', [...])
 5 APPPATH\Models\NoticeModel.php(185): App\Models\BaseQueryModel->get_result_query('
			INSERT INTO t_document_notice (
				notice_id,
				,document_id
				,document_name
				,document_ext
				,document_path
			) VALUES (
				:noticeId:,
				:documentId:,
				:documentName:,
				:documentExt:,
				:documentPath:
			)
		', [...])
 6 APPPATH\Libraries\AdminLibrarie.php(67): App\Models\NoticeModel->insert_document_notice(54, 1, '名簿（名前と段位）令和7年3月9日.pdf', 'pdf', '/upload/kasugai/54/名簿（名前と段位）令和7年3月9日.pdf')
 7 APPPATH\Controllers\Admin.php(136): App\Libraries\AdminLibrarie->notice_files_proc([...], [...], 65)
 8 SYSTEMPATH\CodeIgniter.php(933): App\Controllers\Admin->ajax_notice_regist_proc()
 9 SYSTEMPATH\CodeIgniter.php(509): CodeIgniter\CodeIgniter->runController(Object(App\Controllers\Admin))
10 SYSTEMPATH\CodeIgniter.php(355): CodeIgniter\CodeIgniter->handleRequest(null, Object(Config\Cache), false)
11 SYSTEMPATH\Boot.php(325): CodeIgniter\CodeIgniter->run()
12 SYSTEMPATH\Boot.php(67): CodeIgniter\Boot::runCodeIgniter(Object(CodeIgniter\CodeIgniter))
13 FCPATH\index.php(56): CodeIgniter\Boot::bootWeb(Object(Config\Paths))
CRITICAL - 2025-03-12 22:55:12 --> TypeError: Unsupported operand types: string + string
[Method: POST, Route: admin/notice_regist_proc]
in APPPATH\Libraries\AdminLibrarie.php on line 96.
 1 APPPATH\Controllers\Admin.php(139): App\Libraries\AdminLibrarie->notice_mail_proc([...], [...], 24)
 2 SYSTEMPATH\CodeIgniter.php(933): App\Controllers\Admin->ajax_notice_regist_proc()
 3 SYSTEMPATH\CodeIgniter.php(509): CodeIgniter\CodeIgniter->runController(Object(App\Controllers\Admin))
 4 SYSTEMPATH\CodeIgniter.php(355): CodeIgniter\CodeIgniter->handleRequest(null, Object(Config\Cache), false)
 5 SYSTEMPATH\Boot.php(325): CodeIgniter\CodeIgniter->run()
 6 SYSTEMPATH\Boot.php(67): CodeIgniter\Boot::runCodeIgniter(Object(CodeIgniter\CodeIgniter))
 7 FCPATH\index.php(56): CodeIgniter\Boot::bootWeb(Object(Config\Paths))
