CRITICAL - 2025-03-25 21:27:45 --> ErrorException: Undefined variable $noticeId
[Method: GET, Route: admin/notice_regist/2]
in APPPATH\Views\admin\notice\notice_regist.php on line 10.
 1 APPPATH\Views\admin\notice\notice_regist.php(10): CodeIgniter\Debug\Exceptions->errorHandler(2, 'Undefined variable $noticeId', 'C:\\xampp\\htdocs\\kasugaikyudo\\production\\app\\Views\\admin\\notice\\notice_regist.php', 10)
 2 SYSTEMPATH\View\View.php(234): include('C:\\xampp\\htdocs\\kasugaikyudo\\production\\app\\Views\\admin\\notice\\notice_regist.php')
 3 SYSTEMPATH\View\View.php(237): CodeIgniter\View\View->CodeIgniter\View\{closure}()
 4 SYSTEMPATH\Common.php(1171): CodeIgniter\View\View->render('admin/notice/notice_regist', [], true)
 5 APPPATH\Controllers\Admin.php(51): view('admin/notice/notice_regist')
 6 SYSTEMPATH\CodeIgniter.php(933): App\Controllers\Admin->notice_regist('2')
 7 SYSTEMPATH\CodeIgniter.php(509): CodeIgniter\CodeIgniter->runController(Object(App\Controllers\Admin))
 8 SYSTEMPATH\CodeIgniter.php(355): CodeIgniter\CodeIgniter->handleRequest(null, Object(Config\Cache), false)
 9 SYSTEMPATH\Boot.php(325): CodeIgniter\CodeIgniter->run()
10 SYSTEMPATH\Boot.php(67): CodeIgniter\Boot::runCodeIgniter(Object(CodeIgniter\CodeIgniter))
11 FCPATH\index.php(56): CodeIgniter\Boot::bootWeb(Object(Config\Paths))
CRITICAL - 2025-03-25 21:28:00 --> ErrorException: Undefined variable $noticeId
[Method: GET, Route: admin/notice_regist/2]
in APPPATH\Controllers\Admin.php on line 43.
 1 APPPATH\Controllers\Admin.php(43): CodeIgniter\Debug\Exceptions->errorHandler(2, 'Undefined variable $noticeId', 'C:\\xampp\\htdocs\\kasugaikyudo\\production\\app\\Controllers\\Admin.php', 43)
 2 SYSTEMPATH\CodeIgniter.php(933): App\Controllers\Admin->notice_regist('2')
 3 SYSTEMPATH\CodeIgniter.php(509): CodeIgniter\CodeIgniter->runController(Object(App\Controllers\Admin))
 4 SYSTEMPATH\CodeIgniter.php(355): CodeIgniter\CodeIgniter->handleRequest(null, Object(Config\Cache), false)
 5 SYSTEMPATH\Boot.php(325): CodeIgniter\CodeIgniter->run()
 6 SYSTEMPATH\Boot.php(67): CodeIgniter\Boot::runCodeIgniter(Object(CodeIgniter\CodeIgniter))
 7 FCPATH\index.php(56): CodeIgniter\Boot::bootWeb(Object(Config\Paths))
CRITICAL - 2025-03-25 21:44:11 --> ErrorException: Undefined variable $noticeDetail
[Method: GET, Route: admin/notice_regist]
in APPPATH\Views\admin\notice\notice_regist.php on line 13.
 1 APPPATH\Views\admin\notice\notice_regist.php(13): CodeIgniter\Debug\Exceptions->errorHandler(2, 'Undefined variable $noticeDetail', 'C:\\xampp\\htdocs\\kasugaikyudo\\production\\app\\Views\\admin\\notice\\notice_regist.php', 13)
 2 SYSTEMPATH\View\View.php(234): include('C:\\xampp\\htdocs\\kasugaikyudo\\production\\app\\Views\\admin\\notice\\notice_regist.php')
 3 SYSTEMPATH\View\View.php(237): CodeIgniter\View\View->CodeIgniter\View\{closure}()
 4 SYSTEMPATH\Common.php(1171): CodeIgniter\View\View->render('admin/notice/notice_regist', [], true)
 5 APPPATH\Controllers\Admin.php(54): view('admin/notice/notice_regist')
 6 SYSTEMPATH\CodeIgniter.php(933): App\Controllers\Admin->notice_regist()
 7 SYSTEMPATH\CodeIgniter.php(509): CodeIgniter\CodeIgniter->runController(Object(App\Controllers\Admin))
 8 SYSTEMPATH\CodeIgniter.php(355): CodeIgniter\CodeIgniter->handleRequest(null, Object(Config\Cache), false)
 9 SYSTEMPATH\Boot.php(325): CodeIgniter\CodeIgniter->run()
10 SYSTEMPATH\Boot.php(67): CodeIgniter\Boot::runCodeIgniter(Object(CodeIgniter\CodeIgniter))
11 FCPATH\index.php(56): CodeIgniter\Boot::bootWeb(Object(Config\Paths))
ERROR - 2025-03-25 22:10:46 --> Email: sendWithMail throwed ErrorException: mail(): Failed to connect to mailserver at &quot;localhost&quot; port 25, verify your &quot;SMTP&quot; and &quot;smtp_port&quot; setting in php.ini or use ini_set() in C:\xampp\htdocs\kasugaikyudo\production\system\Email\Email.php:1762
Stack trace:
#0 [internal function]: CodeIgniter\Debug\Exceptions->errorHandler(2, 'mail(): Failed ...', 'C:\\xampp\\htdocs...', 1762)
#1 C:\xampp\htdocs\kasugaikyudo\production\system\Email\Email.php(1762): mail('imai.0221@gmail...', '=?UTF-8?Q?=E3=8...', 'asdfghj\r\nrtyui\r...', 'Date: Tue, 25 M...', '-f k.kyudo.xamp...')
#2 C:\xampp\htdocs\kasugaikyudo\production\system\Email\Email.php(1694): CodeIgniter\Email\Email->sendWithMail()
#3 C:\xampp\htdocs\kasugaikyudo\production\system\Email\Email.php(1589): CodeIgniter\Email\Email->spoolEmail()
#4 C:\xampp\htdocs\kasugaikyudo\production\app\Libraries\AdminLibrarie.php(115): CodeIgniter\Email\Email->send()
#5 C:\xampp\htdocs\kasugaikyudo\production\app\Controllers\Admin.php(201): App\Libraries\AdminLibrarie->notice_mail_proc(Array, Array, 24)
#6 C:\xampp\htdocs\kasugaikyudo\production\system\CodeIgniter.php(933): App\Controllers\Admin->ajax_notice_regist_proc()
#7 C:\xampp\htdocs\kasugaikyudo\production\system\CodeIgniter.php(509): CodeIgniter\CodeIgniter->runController(Object(App\Controllers\Admin))
#8 C:\xampp\htdocs\kasugaikyudo\production\system\CodeIgniter.php(355): CodeIgniter\CodeIgniter->handleRequest(NULL, Object(Config\Cache), false)
#9 C:\xampp\htdocs\kasugaikyudo\production\system\Boot.php(325): CodeIgniter\CodeIgniter->run()
#10 C:\xampp\htdocs\kasugaikyudo\production\system\Boot.php(67): CodeIgniter\Boot::runCodeIgniter(Object(CodeIgniter\CodeIgniter))
#11 C:\xampp\htdocs\kasugaikyudo\production\index.php(56): CodeIgniter\Boot::bootWeb(Object(Config\Paths))
#12 {main}
ERROR - 2025-03-25 22:10:46 --> Email: Unable to send email using PHP mail(). Your server might not be configured to send mail using this method.
ERROR - 2025-03-25 22:10:46 --> 
ERROR - 2025-03-25 22:35:46 --> mysqli_sql_exception: You have an error in your SQL syntax; check the manual that corresponds to your MariaDB server version for the right syntax to use near ')' at line 11 in C:\xampp\htdocs\kasugaikyudo\production\system\Database\MySQLi\Connection.php:312
Stack trace:
#0 C:\xampp\htdocs\kasugaikyudo\production\system\Database\MySQLi\Connection.php(312): mysqli->query('\n\t\t\tUPDATE \n\t\t\t...', 0)
#1 C:\xampp\htdocs\kasugaikyudo\production\system\Database\BaseConnection.php(734): CodeIgniter\Database\MySQLi\Connection->execute('\n\t\t\tUPDATE \n\t\t\t...')
#2 C:\xampp\htdocs\kasugaikyudo\production\system\Database\BaseConnection.php(648): CodeIgniter\Database\BaseConnection->simpleQuery('\n\t\t\tUPDATE \n\t\t\t...')
#3 C:\xampp\htdocs\kasugaikyudo\production\app\Models\BaseQueryModel.php(69): CodeIgniter\Database\BaseConnection->query('\n\t\t\tUPDATE \n\t\t\t...', Array)
#4 C:\xampp\htdocs\kasugaikyudo\production\app\Models\NoticeModel.php(248): App\Models\BaseQueryModel->get_result_query('\n\t\t\tUPDATE \n\t\t\t...', Array)
#5 C:\xampp\htdocs\kasugaikyudo\production\app\Libraries\AdminLibrarie.php(64): App\Models\NoticeModel->update_notice_info(29, 5, '\xE6\x9B\xB4\xE6\x96\xB0\xE3\x83\x86\xE3\x82\xB9\xE3\x83\x88', 'asdfghj\xE6\x9B\xB4\xE6\x96\xB0\xE3\x83...', 65, 5)
#6 C:\xampp\htdocs\kasugaikyudo\production\app\Controllers\Admin.php(201): App\Libraries\AdminLibrarie->notice_files_proc(Array, Array, 65)
#7 C:\xampp\htdocs\kasugaikyudo\production\system\CodeIgniter.php(933): App\Controllers\Admin->ajax_notice_regist_proc()
#8 C:\xampp\htdocs\kasugaikyudo\production\system\CodeIgniter.php(509): CodeIgniter\CodeIgniter->runController(Object(App\Controllers\Admin))
#9 C:\xampp\htdocs\kasugaikyudo\production\system\CodeIgniter.php(355): CodeIgniter\CodeIgniter->handleRequest(NULL, Object(Config\Cache), false)
#10 C:\xampp\htdocs\kasugaikyudo\production\system\Boot.php(325): CodeIgniter\CodeIgniter->run()
#11 C:\xampp\htdocs\kasugaikyudo\production\system\Boot.php(67): CodeIgniter\Boot::runCodeIgniter(Object(CodeIgniter\CodeIgniter))
#12 C:\xampp\htdocs\kasugaikyudo\production\index.php(56): CodeIgniter\Boot::bootWeb(Object(Config\Paths))
#13 {main}
CRITICAL - 2025-03-25 22:35:46 --> CodeIgniter\Database\Exceptions\DatabaseException: You have an error in your SQL syntax; check the manual that corresponds to your MariaDB server version for the right syntax to use near ')' at line 11
[Method: POST, Route: admin/notice_regist_proc]
in SYSTEMPATH\Database\BaseConnection.php on line 688.
 1 APPPATH\Models\BaseQueryModel.php(69): CodeIgniter\Database\BaseConnection->query('
			UPDATE 
				t_notice_info 
			SET 
				notice_id = :noticeId:,
				notice_title = :noticeTitle:,
				notice_body = :noticeBody:,
				modefied_member_id = :memberId:,
				modefied = NOW()
			WHERE
				notice_info_id = :noticeInfoId:
			)
		', [...])
 2 APPPATH\Models\NoticeModel.php(248): App\Models\BaseQueryModel->get_result_query('
			UPDATE 
				t_notice_info 
			SET 
				notice_id = :noticeId:,
				notice_title = :noticeTitle:,
				notice_body = :noticeBody:,
				modefied_member_id = :memberId:,
				modefied = NOW()
			WHERE
				notice_info_id = :noticeInfoId:
			)
		', [...])
 3 APPPATH\Libraries\AdminLibrarie.php(64): App\Models\NoticeModel->update_notice_info(29, 5, '更新テスト', 'asdfghj更新テスト

rtyui更新テスト', 65, 5)
 4 APPPATH\Controllers\Admin.php(201): App\Libraries\AdminLibrarie->notice_files_proc([...], [], 65)
 5 SYSTEMPATH\CodeIgniter.php(933): App\Controllers\Admin->ajax_notice_regist_proc()
 6 SYSTEMPATH\CodeIgniter.php(509): CodeIgniter\CodeIgniter->runController(Object(App\Controllers\Admin))
 7 SYSTEMPATH\CodeIgniter.php(355): CodeIgniter\CodeIgniter->handleRequest(null, Object(Config\Cache), false)
 8 SYSTEMPATH\Boot.php(325): CodeIgniter\CodeIgniter->run()
 9 SYSTEMPATH\Boot.php(67): CodeIgniter\Boot::runCodeIgniter(Object(CodeIgniter\CodeIgniter))
10 FCPATH\index.php(56): CodeIgniter\Boot::bootWeb(Object(Config\Paths))
CRITICAL - 2025-03-25 22:35:46 --> [Caused by] CodeIgniter\Database\Exceptions\DatabaseException: You have an error in your SQL syntax; check the manual that corresponds to your MariaDB server version for the right syntax to use near ')' at line 11
in SYSTEMPATH\Database\MySQLi\Connection.php on line 317.
 1 SYSTEMPATH\Database\BaseConnection.php(734): CodeIgniter\Database\MySQLi\Connection->execute('
			UPDATE 
				t_notice_info 
			SET 
				notice_id = 5,
				notice_title = \'更新テスト\',
				notice_body = \'asdfghj更新テスト\\r\\n\\r\\nrtyui更新テスト\',
				modefied_member_id = 65,
				modefied = NOW()
			WHERE
				notice_info_id = 29
			)
		')
 2 SYSTEMPATH\Database\BaseConnection.php(648): CodeIgniter\Database\BaseConnection->simpleQuery('
			UPDATE 
				t_notice_info 
			SET 
				notice_id = 5,
				notice_title = \'更新テスト\',
				notice_body = \'asdfghj更新テスト\\r\\n\\r\\nrtyui更新テスト\',
				modefied_member_id = 65,
				modefied = NOW()
			WHERE
				notice_info_id = 29
			)
		')
 3 APPPATH\Models\BaseQueryModel.php(69): CodeIgniter\Database\BaseConnection->query('
			UPDATE 
				t_notice_info 
			SET 
				notice_id = :noticeId:,
				notice_title = :noticeTitle:,
				notice_body = :noticeBody:,
				modefied_member_id = :memberId:,
				modefied = NOW()
			WHERE
				notice_info_id = :noticeInfoId:
			)
		', [...])
 4 APPPATH\Models\NoticeModel.php(248): App\Models\BaseQueryModel->get_result_query('
			UPDATE 
				t_notice_info 
			SET 
				notice_id = :noticeId:,
				notice_title = :noticeTitle:,
				notice_body = :noticeBody:,
				modefied_member_id = :memberId:,
				modefied = NOW()
			WHERE
				notice_info_id = :noticeInfoId:
			)
		', [...])
 5 APPPATH\Libraries\AdminLibrarie.php(64): App\Models\NoticeModel->update_notice_info(29, 5, '更新テスト', 'asdfghj更新テスト

rtyui更新テスト', 65, 5)
 6 APPPATH\Controllers\Admin.php(201): App\Libraries\AdminLibrarie->notice_files_proc([...], [], 65)
 7 SYSTEMPATH\CodeIgniter.php(933): App\Controllers\Admin->ajax_notice_regist_proc()
 8 SYSTEMPATH\CodeIgniter.php(509): CodeIgniter\CodeIgniter->runController(Object(App\Controllers\Admin))
 9 SYSTEMPATH\CodeIgniter.php(355): CodeIgniter\CodeIgniter->handleRequest(null, Object(Config\Cache), false)
10 SYSTEMPATH\Boot.php(325): CodeIgniter\CodeIgniter->run()
11 SYSTEMPATH\Boot.php(67): CodeIgniter\Boot::runCodeIgniter(Object(CodeIgniter\CodeIgniter))
12 FCPATH\index.php(56): CodeIgniter\Boot::bootWeb(Object(Config\Paths))
CRITICAL - 2025-03-25 22:35:46 --> [Caused by] mysqli_sql_exception: You have an error in your SQL syntax; check the manual that corresponds to your MariaDB server version for the right syntax to use near ')' at line 11
in SYSTEMPATH\Database\MySQLi\Connection.php on line 312.
 1 SYSTEMPATH\Database\MySQLi\Connection.php(312): mysqli->query('
			UPDATE 
				t_notice_info 
			SET 
				notice_id = 5,
				notice_title = \'更新テスト\',
				notice_body = \'asdfghj更新テスト\\r\\n\\r\\nrtyui更新テスト\',
				modefied_member_id = 65,
				modefied = NOW()
			WHERE
				notice_info_id = 29
			)
		', 0)
 2 SYSTEMPATH\Database\BaseConnection.php(734): CodeIgniter\Database\MySQLi\Connection->execute('
			UPDATE 
				t_notice_info 
			SET 
				notice_id = 5,
				notice_title = \'更新テスト\',
				notice_body = \'asdfghj更新テスト\\r\\n\\r\\nrtyui更新テスト\',
				modefied_member_id = 65,
				modefied = NOW()
			WHERE
				notice_info_id = 29
			)
		')
 3 SYSTEMPATH\Database\BaseConnection.php(648): CodeIgniter\Database\BaseConnection->simpleQuery('
			UPDATE 
				t_notice_info 
			SET 
				notice_id = 5,
				notice_title = \'更新テスト\',
				notice_body = \'asdfghj更新テスト\\r\\n\\r\\nrtyui更新テスト\',
				modefied_member_id = 65,
				modefied = NOW()
			WHERE
				notice_info_id = 29
			)
		')
 4 APPPATH\Models\BaseQueryModel.php(69): CodeIgniter\Database\BaseConnection->query('
			UPDATE 
				t_notice_info 
			SET 
				notice_id = :noticeId:,
				notice_title = :noticeTitle:,
				notice_body = :noticeBody:,
				modefied_member_id = :memberId:,
				modefied = NOW()
			WHERE
				notice_info_id = :noticeInfoId:
			)
		', [...])
 5 APPPATH\Models\NoticeModel.php(248): App\Models\BaseQueryModel->get_result_query('
			UPDATE 
				t_notice_info 
			SET 
				notice_id = :noticeId:,
				notice_title = :noticeTitle:,
				notice_body = :noticeBody:,
				modefied_member_id = :memberId:,
				modefied = NOW()
			WHERE
				notice_info_id = :noticeInfoId:
			)
		', [...])
 6 APPPATH\Libraries\AdminLibrarie.php(64): App\Models\NoticeModel->update_notice_info(29, 5, '更新テスト', 'asdfghj更新テスト

rtyui更新テスト', 65, 5)
 7 APPPATH\Controllers\Admin.php(201): App\Libraries\AdminLibrarie->notice_files_proc([...], [], 65)
 8 SYSTEMPATH\CodeIgniter.php(933): App\Controllers\Admin->ajax_notice_regist_proc()
 9 SYSTEMPATH\CodeIgniter.php(509): CodeIgniter\CodeIgniter->runController(Object(App\Controllers\Admin))
10 SYSTEMPATH\CodeIgniter.php(355): CodeIgniter\CodeIgniter->handleRequest(null, Object(Config\Cache), false)
11 SYSTEMPATH\Boot.php(325): CodeIgniter\CodeIgniter->run()
12 SYSTEMPATH\Boot.php(67): CodeIgniter\Boot::runCodeIgniter(Object(CodeIgniter\CodeIgniter))
13 FCPATH\index.php(56): CodeIgniter\Boot::bootWeb(Object(Config\Paths))
ERROR - 2025-03-25 22:37:02 --> Email: sendWithMail throwed ErrorException: mail(): Failed to connect to mailserver at &quot;localhost&quot; port 25, verify your &quot;SMTP&quot; and &quot;smtp_port&quot; setting in php.ini or use ini_set() in C:\xampp\htdocs\kasugaikyudo\production\system\Email\Email.php:1762
Stack trace:
#0 [internal function]: CodeIgniter\Debug\Exceptions->errorHandler(2, 'mail(): Failed ...', 'C:\\xampp\\htdocs...', 1762)
#1 C:\xampp\htdocs\kasugaikyudo\production\system\Email\Email.php(1762): mail('imai.0221@gmail...', '=?UTF-8?Q?=E3=8...', 'asdfghj\xE6\x9B\xB4\xE6\x96\xB0\xE3\x83...', 'Date: Tue, 25 M...', '-f k.kyudo.xamp...')
#2 C:\xampp\htdocs\kasugaikyudo\production\system\Email\Email.php(1694): CodeIgniter\Email\Email->sendWithMail()
#3 C:\xampp\htdocs\kasugaikyudo\production\system\Email\Email.php(1589): CodeIgniter\Email\Email->spoolEmail()
#4 C:\xampp\htdocs\kasugaikyudo\production\app\Libraries\AdminLibrarie.php(125): CodeIgniter\Email\Email->send()
#5 C:\xampp\htdocs\kasugaikyudo\production\app\Controllers\Admin.php(204): App\Libraries\AdminLibrarie->notice_mail_proc(Array, Array, 24)
#6 C:\xampp\htdocs\kasugaikyudo\production\system\CodeIgniter.php(933): App\Controllers\Admin->ajax_notice_regist_proc()
#7 C:\xampp\htdocs\kasugaikyudo\production\system\CodeIgniter.php(509): CodeIgniter\CodeIgniter->runController(Object(App\Controllers\Admin))
#8 C:\xampp\htdocs\kasugaikyudo\production\system\CodeIgniter.php(355): CodeIgniter\CodeIgniter->handleRequest(NULL, Object(Config\Cache), false)
#9 C:\xampp\htdocs\kasugaikyudo\production\system\Boot.php(325): CodeIgniter\CodeIgniter->run()
#10 C:\xampp\htdocs\kasugaikyudo\production\system\Boot.php(67): CodeIgniter\Boot::runCodeIgniter(Object(CodeIgniter\CodeIgniter))
#11 C:\xampp\htdocs\kasugaikyudo\production\index.php(56): CodeIgniter\Boot::bootWeb(Object(Config\Paths))
#12 {main}
ERROR - 2025-03-25 22:37:02 --> Email: Unable to send email using PHP mail(). Your server might not be configured to send mail using this method.
ERROR - 2025-03-25 22:37:02 --> 
