ERROR - 2025-02-06 23:19:59 --> mysqli_sql_exception: Table 'kasugai_kyudo.t_shinsa_date_target' doesn't exist in C:\xampp\htdocs\kasugaikyudo\production\system\Database\MySQLi\Connection.php:312
Stack trace:
#0 C:\xampp\htdocs\kasugaikyudo\production\system\Database\MySQLi\Connection.php(312): mysqli->query('\n\t\t\tSELECT\n\t\t\t\t...', 0)
#1 C:\xampp\htdocs\kasugaikyudo\production\system\Database\BaseConnection.php(734): CodeIgniter\Database\MySQLi\Connection->execute('\n\t\t\tSELECT\n\t\t\t\t...')
#2 C:\xampp\htdocs\kasugaikyudo\production\system\Database\BaseConnection.php(648): CodeIgniter\Database\BaseConnection->simpleQuery('\n\t\t\tSELECT\n\t\t\t\t...')
#3 C:\xampp\htdocs\kasugaikyudo\production\app\Models\BaseQueryModel.php(27): CodeIgniter\Database\BaseConnection->query('\n\t\t\tSELECT\n\t\t\t\t...', Array)
#4 C:\xampp\htdocs\kasugaikyudo\production\app\Models\ShinsaModel.php(134): App\Models\BaseQueryModel->get_result_array('\n\t\t\tSELECT\n\t\t\t\t...', Array)
#5 C:\xampp\htdocs\kasugaikyudo\production\app\Libraries\ShinsaLibrarie.php(66): App\Models\ShinsaModel->get_shinsa_list(24, 5)
#6 C:\xampp\htdocs\kasugaikyudo\production\app\Controllers\Shinsa.php(38): App\Libraries\ShinsaLibrarie->get_shinsa_list(24, Array)
#7 C:\xampp\htdocs\kasugaikyudo\production\system\CodeIgniter.php(933): App\Controllers\Shinsa->index()
#8 C:\xampp\htdocs\kasugaikyudo\production\system\CodeIgniter.php(509): CodeIgniter\CodeIgniter->runController(Object(App\Controllers\Shinsa))
#9 C:\xampp\htdocs\kasugaikyudo\production\system\CodeIgniter.php(355): CodeIgniter\CodeIgniter->handleRequest(NULL, Object(Config\Cache), false)
#10 C:\xampp\htdocs\kasugaikyudo\production\system\Boot.php(325): CodeIgniter\CodeIgniter->run()
#11 C:\xampp\htdocs\kasugaikyudo\production\system\Boot.php(67): CodeIgniter\Boot::runCodeIgniter(Object(CodeIgniter\CodeIgniter))
#12 C:\xampp\htdocs\kasugaikyudo\production\public\index.php(56): CodeIgniter\Boot::bootWeb(Object(Config\Paths))
#13 {main}
CRITICAL - 2025-02-06 23:20:00 --> CodeIgniter\Database\Exceptions\DatabaseException: Table 'kasugai_kyudo.t_shinsa_date_target' doesn't exist
[Method: GET, Route: shinsa]
in SYSTEMPATH\Database\BaseConnection.php on line 688.
 1 APPPATH\Models\BaseQueryModel.php(27): CodeIgniter\Database\BaseConnection->query('
			SELECT
				*
			FROM
				(
				SELECT
					tsi.shinsa_id,
					tsi.uketuke_limit_zenkyuren,
					tsi.uketuke_limit_tokairengo,
					tsi.uketuke_limit_aikyuren,
					tsi.uketuke_limit_kasugai,
					(
						SELECT 
							MIN(sdt.shinsa_date)
						FROM t_shinsa_date_target sdt
						WHERE
							sdt.shinsa_id = tsi.shinsa_id
					) AS shinsa_date_min,
					(
						SELECT 
							MAX(sdt.shinsa_date)
						FROM t_shinsa_date_target sdt
						WHERE
							sdt.shinsa_id = tsi.shinsa_id
					) AS shinsa_date_max,
					mag.area_group_name,
					msn.shinsa_name,
					tsi.shinsa_name_other,
					mka.kaijo_name,
					mka.kaijo_name_short,
					tsi.shinsa_class_id,
                	mhg.holder_grade_name as all_holder_grade_name,
                	mhg.holder_grade_name_short as all_holder_grade_name_short,
					tsi.gender_cd,
					tsi.shinsa_name_id,
					tsi.area_group_id,
					tsi.kaijo_id,
					tsi.kaijo_other_name,
					tsi.kaijo_other_name_abb,
					tsi.created,
					tsi.modified
				FROM
					t_shinsa_info tsi
					INNER JOIN m_shinsa_name msn ON
						msn.shinsa_name_id = tsi.shinsa_name_id
					INNER JOIN m_holder_grade mhg ON
						mhg.holder_grade_id = tsi.all_holder_grade_id
					LEFT JOIN m_kaijo mka ON
						mka.kaijo_id = tsi.kaijo_id
					LEFT JOIN m_area_group mag ON
						mag.area_group_id = tsi.area_group_id
				WHERE
					tsi.fiscal_year_id = :fiscalYearId: 
					AND tsi.category_id = :categoryId: 
			) A
			WHERE
				A.shinsa_date_min >= CURDATE()
			ORDER BY
				A.shinsa_date_min ASC
		', [...])
 2 APPPATH\Models\ShinsaModel.php(134): App\Models\BaseQueryModel->get_result_array('
			SELECT
				*
			FROM
				(
				SELECT
					tsi.shinsa_id,
					tsi.uketuke_limit_zenkyuren,
					tsi.uketuke_limit_tokairengo,
					tsi.uketuke_limit_aikyuren,
					tsi.uketuke_limit_kasugai,
					(
						SELECT 
							MIN(sdt.shinsa_date)
						FROM t_shinsa_date_target sdt
						WHERE
							sdt.shinsa_id = tsi.shinsa_id
					) AS shinsa_date_min,
					(
						SELECT 
							MAX(sdt.shinsa_date)
						FROM t_shinsa_date_target sdt
						WHERE
							sdt.shinsa_id = tsi.shinsa_id
					) AS shinsa_date_max,
					mag.area_group_name,
					msn.shinsa_name,
					tsi.shinsa_name_other,
					mka.kaijo_name,
					mka.kaijo_name_short,
					tsi.shinsa_class_id,
                	mhg.holder_grade_name as all_holder_grade_name,
                	mhg.holder_grade_name_short as all_holder_grade_name_short,
					tsi.gender_cd,
					tsi.shinsa_name_id,
					tsi.area_group_id,
					tsi.kaijo_id,
					tsi.kaijo_other_name,
					tsi.kaijo_other_name_abb,
					tsi.created,
					tsi.modified
				FROM
					t_shinsa_info tsi
					INNER JOIN m_shinsa_name msn ON
						msn.shinsa_name_id = tsi.shinsa_name_id
					INNER JOIN m_holder_grade mhg ON
						mhg.holder_grade_id = tsi.all_holder_grade_id
					LEFT JOIN m_kaijo mka ON
						mka.kaijo_id = tsi.kaijo_id
					LEFT JOIN m_area_group mag ON
						mag.area_group_id = tsi.area_group_id
				WHERE
					tsi.fiscal_year_id = :fiscalYearId: 
					AND tsi.category_id = :categoryId: 
			) A
			WHERE
				A.shinsa_date_min >= CURDATE()
			ORDER BY
				A.shinsa_date_min ASC
		', [...])
 3 APPPATH\Libraries\ShinsaLibrarie.php(66): App\Models\ShinsaModel->get_shinsa_list(24, 5)
 4 APPPATH\Controllers\Shinsa.php(38): App\Libraries\ShinsaLibrarie->get_shinsa_list(24, [...])
 5 SYSTEMPATH\CodeIgniter.php(933): App\Controllers\Shinsa->index()
 6 SYSTEMPATH\CodeIgniter.php(509): CodeIgniter\CodeIgniter->runController(Object(App\Controllers\Shinsa))
 7 SYSTEMPATH\CodeIgniter.php(355): CodeIgniter\CodeIgniter->handleRequest(null, Object(Config\Cache), false)
 8 SYSTEMPATH\Boot.php(325): CodeIgniter\CodeIgniter->run()
 9 SYSTEMPATH\Boot.php(67): CodeIgniter\Boot::runCodeIgniter(Object(CodeIgniter\CodeIgniter))
10 FCPATH\index.php(56): CodeIgniter\Boot::bootWeb(Object(Config\Paths))
CRITICAL - 2025-02-06 23:20:00 --> [Caused by] CodeIgniter\Database\Exceptions\DatabaseException: Table 'kasugai_kyudo.t_shinsa_date_target' doesn't exist
in SYSTEMPATH\Database\MySQLi\Connection.php on line 317.
 1 SYSTEMPATH\Database\BaseConnection.php(734): CodeIgniter\Database\MySQLi\Connection->execute('
			SELECT
				*
			FROM
				(
				SELECT
					tsi.shinsa_id,
					tsi.uketuke_limit_zenkyuren,
					tsi.uketuke_limit_tokairengo,
					tsi.uketuke_limit_aikyuren,
					tsi.uketuke_limit_kasugai,
					(
						SELECT 
							MIN(sdt.shinsa_date)
						FROM t_shinsa_date_target sdt
						WHERE
							sdt.shinsa_id = tsi.shinsa_id
					) AS shinsa_date_min,
					(
						SELECT 
							MAX(sdt.shinsa_date)
						FROM t_shinsa_date_target sdt
						WHERE
							sdt.shinsa_id = tsi.shinsa_id
					) AS shinsa_date_max,
					mag.area_group_name,
					msn.shinsa_name,
					tsi.shinsa_name_other,
					mka.kaijo_name,
					mka.kaijo_name_short,
					tsi.shinsa_class_id,
                	mhg.holder_grade_name as all_holder_grade_name,
                	mhg.holder_grade_name_short as all_holder_grade_name_short,
					tsi.gender_cd,
					tsi.shinsa_name_id,
					tsi.area_group_id,
					tsi.kaijo_id,
					tsi.kaijo_other_name,
					tsi.kaijo_other_name_abb,
					tsi.created,
					tsi.modified
				FROM
					t_shinsa_info tsi
					INNER JOIN m_shinsa_name msn ON
						msn.shinsa_name_id = tsi.shinsa_name_id
					INNER JOIN m_holder_grade mhg ON
						mhg.holder_grade_id = tsi.all_holder_grade_id
					LEFT JOIN m_kaijo mka ON
						mka.kaijo_id = tsi.kaijo_id
					LEFT JOIN m_area_group mag ON
						mag.area_group_id = tsi.area_group_id
				WHERE
					tsi.fiscal_year_id = 24 
					AND tsi.category_id = 5 
			) A
			WHERE
				A.shinsa_date_min >= CURDATE()
			ORDER BY
				A.shinsa_date_min ASC
		')
 2 SYSTEMPATH\Database\BaseConnection.php(648): CodeIgniter\Database\BaseConnection->simpleQuery('
			SELECT
				*
			FROM
				(
				SELECT
					tsi.shinsa_id,
					tsi.uketuke_limit_zenkyuren,
					tsi.uketuke_limit_tokairengo,
					tsi.uketuke_limit_aikyuren,
					tsi.uketuke_limit_kasugai,
					(
						SELECT 
							MIN(sdt.shinsa_date)
						FROM t_shinsa_date_target sdt
						WHERE
							sdt.shinsa_id = tsi.shinsa_id
					) AS shinsa_date_min,
					(
						SELECT 
							MAX(sdt.shinsa_date)
						FROM t_shinsa_date_target sdt
						WHERE
							sdt.shinsa_id = tsi.shinsa_id
					) AS shinsa_date_max,
					mag.area_group_name,
					msn.shinsa_name,
					tsi.shinsa_name_other,
					mka.kaijo_name,
					mka.kaijo_name_short,
					tsi.shinsa_class_id,
                	mhg.holder_grade_name as all_holder_grade_name,
                	mhg.holder_grade_name_short as all_holder_grade_name_short,
					tsi.gender_cd,
					tsi.shinsa_name_id,
					tsi.area_group_id,
					tsi.kaijo_id,
					tsi.kaijo_other_name,
					tsi.kaijo_other_name_abb,
					tsi.created,
					tsi.modified
				FROM
					t_shinsa_info tsi
					INNER JOIN m_shinsa_name msn ON
						msn.shinsa_name_id = tsi.shinsa_name_id
					INNER JOIN m_holder_grade mhg ON
						mhg.holder_grade_id = tsi.all_holder_grade_id
					LEFT JOIN m_kaijo mka ON
						mka.kaijo_id = tsi.kaijo_id
					LEFT JOIN m_area_group mag ON
						mag.area_group_id = tsi.area_group_id
				WHERE
					tsi.fiscal_year_id = 24 
					AND tsi.category_id = 5 
			) A
			WHERE
				A.shinsa_date_min >= CURDATE()
			ORDER BY
				A.shinsa_date_min ASC
		')
 3 APPPATH\Models\BaseQueryModel.php(27): CodeIgniter\Database\BaseConnection->query('
			SELECT
				*
			FROM
				(
				SELECT
					tsi.shinsa_id,
					tsi.uketuke_limit_zenkyuren,
					tsi.uketuke_limit_tokairengo,
					tsi.uketuke_limit_aikyuren,
					tsi.uketuke_limit_kasugai,
					(
						SELECT 
							MIN(sdt.shinsa_date)
						FROM t_shinsa_date_target sdt
						WHERE
							sdt.shinsa_id = tsi.shinsa_id
					) AS shinsa_date_min,
					(
						SELECT 
							MAX(sdt.shinsa_date)
						FROM t_shinsa_date_target sdt
						WHERE
							sdt.shinsa_id = tsi.shinsa_id
					) AS shinsa_date_max,
					mag.area_group_name,
					msn.shinsa_name,
					tsi.shinsa_name_other,
					mka.kaijo_name,
					mka.kaijo_name_short,
					tsi.shinsa_class_id,
                	mhg.holder_grade_name as all_holder_grade_name,
                	mhg.holder_grade_name_short as all_holder_grade_name_short,
					tsi.gender_cd,
					tsi.shinsa_name_id,
					tsi.area_group_id,
					tsi.kaijo_id,
					tsi.kaijo_other_name,
					tsi.kaijo_other_name_abb,
					tsi.created,
					tsi.modified
				FROM
					t_shinsa_info tsi
					INNER JOIN m_shinsa_name msn ON
						msn.shinsa_name_id = tsi.shinsa_name_id
					INNER JOIN m_holder_grade mhg ON
						mhg.holder_grade_id = tsi.all_holder_grade_id
					LEFT JOIN m_kaijo mka ON
						mka.kaijo_id = tsi.kaijo_id
					LEFT JOIN m_area_group mag ON
						mag.area_group_id = tsi.area_group_id
				WHERE
					tsi.fiscal_year_id = :fiscalYearId: 
					AND tsi.category_id = :categoryId: 
			) A
			WHERE
				A.shinsa_date_min >= CURDATE()
			ORDER BY
				A.shinsa_date_min ASC
		', [...])
 4 APPPATH\Models\ShinsaModel.php(134): App\Models\BaseQueryModel->get_result_array('
			SELECT
				*
			FROM
				(
				SELECT
					tsi.shinsa_id,
					tsi.uketuke_limit_zenkyuren,
					tsi.uketuke_limit_tokairengo,
					tsi.uketuke_limit_aikyuren,
					tsi.uketuke_limit_kasugai,
					(
						SELECT 
							MIN(sdt.shinsa_date)
						FROM t_shinsa_date_target sdt
						WHERE
							sdt.shinsa_id = tsi.shinsa_id
					) AS shinsa_date_min,
					(
						SELECT 
							MAX(sdt.shinsa_date)
						FROM t_shinsa_date_target sdt
						WHERE
							sdt.shinsa_id = tsi.shinsa_id
					) AS shinsa_date_max,
					mag.area_group_name,
					msn.shinsa_name,
					tsi.shinsa_name_other,
					mka.kaijo_name,
					mka.kaijo_name_short,
					tsi.shinsa_class_id,
                	mhg.holder_grade_name as all_holder_grade_name,
                	mhg.holder_grade_name_short as all_holder_grade_name_short,
					tsi.gender_cd,
					tsi.shinsa_name_id,
					tsi.area_group_id,
					tsi.kaijo_id,
					tsi.kaijo_other_name,
					tsi.kaijo_other_name_abb,
					tsi.created,
					tsi.modified
				FROM
					t_shinsa_info tsi
					INNER JOIN m_shinsa_name msn ON
						msn.shinsa_name_id = tsi.shinsa_name_id
					INNER JOIN m_holder_grade mhg ON
						mhg.holder_grade_id = tsi.all_holder_grade_id
					LEFT JOIN m_kaijo mka ON
						mka.kaijo_id = tsi.kaijo_id
					LEFT JOIN m_area_group mag ON
						mag.area_group_id = tsi.area_group_id
				WHERE
					tsi.fiscal_year_id = :fiscalYearId: 
					AND tsi.category_id = :categoryId: 
			) A
			WHERE
				A.shinsa_date_min >= CURDATE()
			ORDER BY
				A.shinsa_date_min ASC
		', [...])
 5 APPPATH\Libraries\ShinsaLibrarie.php(66): App\Models\ShinsaModel->get_shinsa_list(24, 5)
 6 APPPATH\Controllers\Shinsa.php(38): App\Libraries\ShinsaLibrarie->get_shinsa_list(24, [...])
 7 SYSTEMPATH\CodeIgniter.php(933): App\Controllers\Shinsa->index()
 8 SYSTEMPATH\CodeIgniter.php(509): CodeIgniter\CodeIgniter->runController(Object(App\Controllers\Shinsa))
 9 SYSTEMPATH\CodeIgniter.php(355): CodeIgniter\CodeIgniter->handleRequest(null, Object(Config\Cache), false)
10 SYSTEMPATH\Boot.php(325): CodeIgniter\CodeIgniter->run()
11 SYSTEMPATH\Boot.php(67): CodeIgniter\Boot::runCodeIgniter(Object(CodeIgniter\CodeIgniter))
12 FCPATH\index.php(56): CodeIgniter\Boot::bootWeb(Object(Config\Paths))
CRITICAL - 2025-02-06 23:20:00 --> [Caused by] mysqli_sql_exception: Table 'kasugai_kyudo.t_shinsa_date_target' doesn't exist
in SYSTEMPATH\Database\MySQLi\Connection.php on line 312.
 1 SYSTEMPATH\Database\MySQLi\Connection.php(312): mysqli->query('
			SELECT
				*
			FROM
				(
				SELECT
					tsi.shinsa_id,
					tsi.uketuke_limit_zenkyuren,
					tsi.uketuke_limit_tokairengo,
					tsi.uketuke_limit_aikyuren,
					tsi.uketuke_limit_kasugai,
					(
						SELECT 
							MIN(sdt.shinsa_date)
						FROM t_shinsa_date_target sdt
						WHERE
							sdt.shinsa_id = tsi.shinsa_id
					) AS shinsa_date_min,
					(
						SELECT 
							MAX(sdt.shinsa_date)
						FROM t_shinsa_date_target sdt
						WHERE
							sdt.shinsa_id = tsi.shinsa_id
					) AS shinsa_date_max,
					mag.area_group_name,
					msn.shinsa_name,
					tsi.shinsa_name_other,
					mka.kaijo_name,
					mka.kaijo_name_short,
					tsi.shinsa_class_id,
                	mhg.holder_grade_name as all_holder_grade_name,
                	mhg.holder_grade_name_short as all_holder_grade_name_short,
					tsi.gender_cd,
					tsi.shinsa_name_id,
					tsi.area_group_id,
					tsi.kaijo_id,
					tsi.kaijo_other_name,
					tsi.kaijo_other_name_abb,
					tsi.created,
					tsi.modified
				FROM
					t_shinsa_info tsi
					INNER JOIN m_shinsa_name msn ON
						msn.shinsa_name_id = tsi.shinsa_name_id
					INNER JOIN m_holder_grade mhg ON
						mhg.holder_grade_id = tsi.all_holder_grade_id
					LEFT JOIN m_kaijo mka ON
						mka.kaijo_id = tsi.kaijo_id
					LEFT JOIN m_area_group mag ON
						mag.area_group_id = tsi.area_group_id
				WHERE
					tsi.fiscal_year_id = 24 
					AND tsi.category_id = 5 
			) A
			WHERE
				A.shinsa_date_min >= CURDATE()
			ORDER BY
				A.shinsa_date_min ASC
		', 0)
 2 SYSTEMPATH\Database\BaseConnection.php(734): CodeIgniter\Database\MySQLi\Connection->execute('
			SELECT
				*
			FROM
				(
				SELECT
					tsi.shinsa_id,
					tsi.uketuke_limit_zenkyuren,
					tsi.uketuke_limit_tokairengo,
					tsi.uketuke_limit_aikyuren,
					tsi.uketuke_limit_kasugai,
					(
						SELECT 
							MIN(sdt.shinsa_date)
						FROM t_shinsa_date_target sdt
						WHERE
							sdt.shinsa_id = tsi.shinsa_id
					) AS shinsa_date_min,
					(
						SELECT 
							MAX(sdt.shinsa_date)
						FROM t_shinsa_date_target sdt
						WHERE
							sdt.shinsa_id = tsi.shinsa_id
					) AS shinsa_date_max,
					mag.area_group_name,
					msn.shinsa_name,
					tsi.shinsa_name_other,
					mka.kaijo_name,
					mka.kaijo_name_short,
					tsi.shinsa_class_id,
                	mhg.holder_grade_name as all_holder_grade_name,
                	mhg.holder_grade_name_short as all_holder_grade_name_short,
					tsi.gender_cd,
					tsi.shinsa_name_id,
					tsi.area_group_id,
					tsi.kaijo_id,
					tsi.kaijo_other_name,
					tsi.kaijo_other_name_abb,
					tsi.created,
					tsi.modified
				FROM
					t_shinsa_info tsi
					INNER JOIN m_shinsa_name msn ON
						msn.shinsa_name_id = tsi.shinsa_name_id
					INNER JOIN m_holder_grade mhg ON
						mhg.holder_grade_id = tsi.all_holder_grade_id
					LEFT JOIN m_kaijo mka ON
						mka.kaijo_id = tsi.kaijo_id
					LEFT JOIN m_area_group mag ON
						mag.area_group_id = tsi.area_group_id
				WHERE
					tsi.fiscal_year_id = 24 
					AND tsi.category_id = 5 
			) A
			WHERE
				A.shinsa_date_min >= CURDATE()
			ORDER BY
				A.shinsa_date_min ASC
		')
 3 SYSTEMPATH\Database\BaseConnection.php(648): CodeIgniter\Database\BaseConnection->simpleQuery('
			SELECT
				*
			FROM
				(
				SELECT
					tsi.shinsa_id,
					tsi.uketuke_limit_zenkyuren,
					tsi.uketuke_limit_tokairengo,
					tsi.uketuke_limit_aikyuren,
					tsi.uketuke_limit_kasugai,
					(
						SELECT 
							MIN(sdt.shinsa_date)
						FROM t_shinsa_date_target sdt
						WHERE
							sdt.shinsa_id = tsi.shinsa_id
					) AS shinsa_date_min,
					(
						SELECT 
							MAX(sdt.shinsa_date)
						FROM t_shinsa_date_target sdt
						WHERE
							sdt.shinsa_id = tsi.shinsa_id
					) AS shinsa_date_max,
					mag.area_group_name,
					msn.shinsa_name,
					tsi.shinsa_name_other,
					mka.kaijo_name,
					mka.kaijo_name_short,
					tsi.shinsa_class_id,
                	mhg.holder_grade_name as all_holder_grade_name,
                	mhg.holder_grade_name_short as all_holder_grade_name_short,
					tsi.gender_cd,
					tsi.shinsa_name_id,
					tsi.area_group_id,
					tsi.kaijo_id,
					tsi.kaijo_other_name,
					tsi.kaijo_other_name_abb,
					tsi.created,
					tsi.modified
				FROM
					t_shinsa_info tsi
					INNER JOIN m_shinsa_name msn ON
						msn.shinsa_name_id = tsi.shinsa_name_id
					INNER JOIN m_holder_grade mhg ON
						mhg.holder_grade_id = tsi.all_holder_grade_id
					LEFT JOIN m_kaijo mka ON
						mka.kaijo_id = tsi.kaijo_id
					LEFT JOIN m_area_group mag ON
						mag.area_group_id = tsi.area_group_id
				WHERE
					tsi.fiscal_year_id = 24 
					AND tsi.category_id = 5 
			) A
			WHERE
				A.shinsa_date_min >= CURDATE()
			ORDER BY
				A.shinsa_date_min ASC
		')
 4 APPPATH\Models\BaseQueryModel.php(27): CodeIgniter\Database\BaseConnection->query('
			SELECT
				*
			FROM
				(
				SELECT
					tsi.shinsa_id,
					tsi.uketuke_limit_zenkyuren,
					tsi.uketuke_limit_tokairengo,
					tsi.uketuke_limit_aikyuren,
					tsi.uketuke_limit_kasugai,
					(
						SELECT 
							MIN(sdt.shinsa_date)
						FROM t_shinsa_date_target sdt
						WHERE
							sdt.shinsa_id = tsi.shinsa_id
					) AS shinsa_date_min,
					(
						SELECT 
							MAX(sdt.shinsa_date)
						FROM t_shinsa_date_target sdt
						WHERE
							sdt.shinsa_id = tsi.shinsa_id
					) AS shinsa_date_max,
					mag.area_group_name,
					msn.shinsa_name,
					tsi.shinsa_name_other,
					mka.kaijo_name,
					mka.kaijo_name_short,
					tsi.shinsa_class_id,
                	mhg.holder_grade_name as all_holder_grade_name,
                	mhg.holder_grade_name_short as all_holder_grade_name_short,
					tsi.gender_cd,
					tsi.shinsa_name_id,
					tsi.area_group_id,
					tsi.kaijo_id,
					tsi.kaijo_other_name,
					tsi.kaijo_other_name_abb,
					tsi.created,
					tsi.modified
				FROM
					t_shinsa_info tsi
					INNER JOIN m_shinsa_name msn ON
						msn.shinsa_name_id = tsi.shinsa_name_id
					INNER JOIN m_holder_grade mhg ON
						mhg.holder_grade_id = tsi.all_holder_grade_id
					LEFT JOIN m_kaijo mka ON
						mka.kaijo_id = tsi.kaijo_id
					LEFT JOIN m_area_group mag ON
						mag.area_group_id = tsi.area_group_id
				WHERE
					tsi.fiscal_year_id = :fiscalYearId: 
					AND tsi.category_id = :categoryId: 
			) A
			WHERE
				A.shinsa_date_min >= CURDATE()
			ORDER BY
				A.shinsa_date_min ASC
		', [...])
 5 APPPATH\Models\ShinsaModel.php(134): App\Models\BaseQueryModel->get_result_array('
			SELECT
				*
			FROM
				(
				SELECT
					tsi.shinsa_id,
					tsi.uketuke_limit_zenkyuren,
					tsi.uketuke_limit_tokairengo,
					tsi.uketuke_limit_aikyuren,
					tsi.uketuke_limit_kasugai,
					(
						SELECT 
							MIN(sdt.shinsa_date)
						FROM t_shinsa_date_target sdt
						WHERE
							sdt.shinsa_id = tsi.shinsa_id
					) AS shinsa_date_min,
					(
						SELECT 
							MAX(sdt.shinsa_date)
						FROM t_shinsa_date_target sdt
						WHERE
							sdt.shinsa_id = tsi.shinsa_id
					) AS shinsa_date_max,
					mag.area_group_name,
					msn.shinsa_name,
					tsi.shinsa_name_other,
					mka.kaijo_name,
					mka.kaijo_name_short,
					tsi.shinsa_class_id,
                	mhg.holder_grade_name as all_holder_grade_name,
                	mhg.holder_grade_name_short as all_holder_grade_name_short,
					tsi.gender_cd,
					tsi.shinsa_name_id,
					tsi.area_group_id,
					tsi.kaijo_id,
					tsi.kaijo_other_name,
					tsi.kaijo_other_name_abb,
					tsi.created,
					tsi.modified
				FROM
					t_shinsa_info tsi
					INNER JOIN m_shinsa_name msn ON
						msn.shinsa_name_id = tsi.shinsa_name_id
					INNER JOIN m_holder_grade mhg ON
						mhg.holder_grade_id = tsi.all_holder_grade_id
					LEFT JOIN m_kaijo mka ON
						mka.kaijo_id = tsi.kaijo_id
					LEFT JOIN m_area_group mag ON
						mag.area_group_id = tsi.area_group_id
				WHERE
					tsi.fiscal_year_id = :fiscalYearId: 
					AND tsi.category_id = :categoryId: 
			) A
			WHERE
				A.shinsa_date_min >= CURDATE()
			ORDER BY
				A.shinsa_date_min ASC
		', [...])
 6 APPPATH\Libraries\ShinsaLibrarie.php(66): App\Models\ShinsaModel->get_shinsa_list(24, 5)
 7 APPPATH\Controllers\Shinsa.php(38): App\Libraries\ShinsaLibrarie->get_shinsa_list(24, [...])
 8 SYSTEMPATH\CodeIgniter.php(933): App\Controllers\Shinsa->index()
 9 SYSTEMPATH\CodeIgniter.php(509): CodeIgniter\CodeIgniter->runController(Object(App\Controllers\Shinsa))
10 SYSTEMPATH\CodeIgniter.php(355): CodeIgniter\CodeIgniter->handleRequest(null, Object(Config\Cache), false)
11 SYSTEMPATH\Boot.php(325): CodeIgniter\CodeIgniter->run()
12 SYSTEMPATH\Boot.php(67): CodeIgniter\Boot::runCodeIgniter(Object(CodeIgniter\CodeIgniter))
13 FCPATH\index.php(56): CodeIgniter\Boot::bootWeb(Object(Config\Paths))
