CRITICAL - 2025-03-15 14:47:20 --> ErrorException: Undefined array key "mail_address"
[Method: GET, Route: login/change]
in APPPATH\Views\login\change.php on line 15.
 1 APPPATH\Views\login\change.php(15): CodeIgniter\Debug\Exceptions->errorHandler(2, 'Undefined array key "mail_address"', 'C:\\xampp\\htdocs\\kasugaikyudo\\production\\app\\Views\\login\\change.php', 15)
 2 SYSTEMPATH\View\View.php(234): include('C:\\xampp\\htdocs\\kasugaikyudo\\production\\app\\Views\\login\\change.php')
 3 SYSTEMPATH\View\View.php(237): CodeIgniter\View\View->CodeIgniter\View\{closure}()
 4 SYSTEMPATH\Common.php(1171): CodeIgniter\View\View->render('login/change', [], true)
 5 APPPATH\Controllers\Login.php(56): view('login/change')
 6 SYSTEMPATH\CodeIgniter.php(933): App\Controllers\Login->change()
 7 SYSTEMPATH\CodeIgniter.php(509): CodeIgniter\CodeIgniter->runController(Object(App\Controllers\Login))
 8 SYSTEMPATH\CodeIgniter.php(355): CodeIgniter\CodeIgniter->handleRequest(null, Object(Config\Cache), false)
 9 SYSTEMPATH\Boot.php(325): CodeIgniter\CodeIgniter->run()
10 SYSTEMPATH\Boot.php(67): CodeIgniter\Boot::runCodeIgniter(Object(CodeIgniter\CodeIgniter))
11 FCPATH\index.php(56): CodeIgniter\Boot::bootWeb(Object(Config\Paths))
CRITICAL - 2025-03-15 14:47:40 --> ErrorException: Undefined array key "mail_address"
[Method: GET, Route: login/change]
in APPPATH\Views\login\change.php on line 15.
 1 APPPATH\Views\login\change.php(15): CodeIgniter\Debug\Exceptions->errorHandler(2, 'Undefined array key "mail_address"', 'C:\\xampp\\htdocs\\kasugaikyudo\\production\\app\\Views\\login\\change.php', 15)
 2 SYSTEMPATH\View\View.php(234): include('C:\\xampp\\htdocs\\kasugaikyudo\\production\\app\\Views\\login\\change.php')
 3 SYSTEMPATH\View\View.php(237): CodeIgniter\View\View->CodeIgniter\View\{closure}()
 4 SYSTEMPATH\Common.php(1171): CodeIgniter\View\View->render('login/change', [], true)
 5 APPPATH\Controllers\Login.php(56): view('login/change')
 6 SYSTEMPATH\CodeIgniter.php(933): App\Controllers\Login->change()
 7 SYSTEMPATH\CodeIgniter.php(509): CodeIgniter\CodeIgniter->runController(Object(App\Controllers\Login))
 8 SYSTEMPATH\CodeIgniter.php(355): CodeIgniter\CodeIgniter->handleRequest(null, Object(Config\Cache), false)
 9 SYSTEMPATH\Boot.php(325): CodeIgniter\CodeIgniter->run()
10 SYSTEMPATH\Boot.php(67): CodeIgniter\Boot::runCodeIgniter(Object(CodeIgniter\CodeIgniter))
11 FCPATH\index.php(56): CodeIgniter\Boot::bootWeb(Object(Config\Paths))
CRITICAL - 2025-03-15 14:47:43 --> ErrorException: Undefined array key "mail_address"
[Method: GET, Route: login/change]
in APPPATH\Views\login\change.php on line 15.
 1 APPPATH\Views\login\change.php(15): CodeIgniter\Debug\Exceptions->errorHandler(2, 'Undefined array key "mail_address"', 'C:\\xampp\\htdocs\\kasugaikyudo\\production\\app\\Views\\login\\change.php', 15)
 2 SYSTEMPATH\View\View.php(234): include('C:\\xampp\\htdocs\\kasugaikyudo\\production\\app\\Views\\login\\change.php')
 3 SYSTEMPATH\View\View.php(237): CodeIgniter\View\View->CodeIgniter\View\{closure}()
 4 SYSTEMPATH\Common.php(1171): CodeIgniter\View\View->render('login/change', [], true)
 5 APPPATH\Controllers\Login.php(56): view('login/change')
 6 SYSTEMPATH\CodeIgniter.php(933): App\Controllers\Login->change()
 7 SYSTEMPATH\CodeIgniter.php(509): CodeIgniter\CodeIgniter->runController(Object(App\Controllers\Login))
 8 SYSTEMPATH\CodeIgniter.php(355): CodeIgniter\CodeIgniter->handleRequest(null, Object(Config\Cache), false)
 9 SYSTEMPATH\Boot.php(325): CodeIgniter\CodeIgniter->run()
10 SYSTEMPATH\Boot.php(67): CodeIgniter\Boot::runCodeIgniter(Object(CodeIgniter\CodeIgniter))
11 FCPATH\index.php(56): CodeIgniter\Boot::bootWeb(Object(Config\Paths))
CRITICAL - 2025-03-15 14:47:46 --> ErrorException: Undefined array key "mail_address"
[Method: GET, Route: login/change]
in APPPATH\Views\login\change.php on line 15.
 1 APPPATH\Views\login\change.php(15): CodeIgniter\Debug\Exceptions->errorHandler(2, 'Undefined array key "mail_address"', 'C:\\xampp\\htdocs\\kasugaikyudo\\production\\app\\Views\\login\\change.php', 15)
 2 SYSTEMPATH\View\View.php(234): include('C:\\xampp\\htdocs\\kasugaikyudo\\production\\app\\Views\\login\\change.php')
 3 SYSTEMPATH\View\View.php(237): CodeIgniter\View\View->CodeIgniter\View\{closure}()
 4 SYSTEMPATH\Common.php(1171): CodeIgniter\View\View->render('login/change', [], true)
 5 APPPATH\Controllers\Login.php(56): view('login/change')
 6 SYSTEMPATH\CodeIgniter.php(933): App\Controllers\Login->change()
 7 SYSTEMPATH\CodeIgniter.php(509): CodeIgniter\CodeIgniter->runController(Object(App\Controllers\Login))
 8 SYSTEMPATH\CodeIgniter.php(355): CodeIgniter\CodeIgniter->handleRequest(null, Object(Config\Cache), false)
 9 SYSTEMPATH\Boot.php(325): CodeIgniter\CodeIgniter->run()
10 SYSTEMPATH\Boot.php(67): CodeIgniter\Boot::runCodeIgniter(Object(CodeIgniter\CodeIgniter))
11 FCPATH\index.php(56): CodeIgniter\Boot::bootWeb(Object(Config\Paths))
CRITICAL - 2025-03-15 14:51:02 --> ErrorException: Undefined array key "mail_address"
[Method: GET, Route: login/change]
in APPPATH\Views\login\change.php on line 15.
 1 APPPATH\Views\login\change.php(15): CodeIgniter\Debug\Exceptions->errorHandler(2, 'Undefined array key "mail_address"', 'C:\\xampp\\htdocs\\kasugaikyudo\\production\\app\\Views\\login\\change.php', 15)
 2 SYSTEMPATH\View\View.php(234): include('C:\\xampp\\htdocs\\kasugaikyudo\\production\\app\\Views\\login\\change.php')
 3 SYSTEMPATH\View\View.php(237): CodeIgniter\View\View->CodeIgniter\View\{closure}()
 4 SYSTEMPATH\Common.php(1171): CodeIgniter\View\View->render('login/change', [], true)
 5 APPPATH\Controllers\Login.php(56): view('login/change')
 6 SYSTEMPATH\CodeIgniter.php(933): App\Controllers\Login->change()
 7 SYSTEMPATH\CodeIgniter.php(509): CodeIgniter\CodeIgniter->runController(Object(App\Controllers\Login))
 8 SYSTEMPATH\CodeIgniter.php(355): CodeIgniter\CodeIgniter->handleRequest(null, Object(Config\Cache), false)
 9 SYSTEMPATH\Boot.php(325): CodeIgniter\CodeIgniter->run()
10 SYSTEMPATH\Boot.php(67): CodeIgniter\Boot::runCodeIgniter(Object(CodeIgniter\CodeIgniter))
11 FCPATH\index.php(56): CodeIgniter\Boot::bootWeb(Object(Config\Paths))
CRITICAL - 2025-03-15 15:46:03 --> ErrorException: Undefined array key "mail_address"
[Method: GET, Route: login/change]
in APPPATH\Views\login\change.php on line 15.
 1 APPPATH\Views\login\change.php(15): CodeIgniter\Debug\Exceptions->errorHandler(2, 'Undefined array key "mail_address"', 'C:\\xampp\\htdocs\\kasugaikyudo\\production\\app\\Views\\login\\change.php', 15)
 2 SYSTEMPATH\View\View.php(234): include('C:\\xampp\\htdocs\\kasugaikyudo\\production\\app\\Views\\login\\change.php')
 3 SYSTEMPATH\View\View.php(237): CodeIgniter\View\View->CodeIgniter\View\{closure}()
 4 SYSTEMPATH\Common.php(1171): CodeIgniter\View\View->render('login/change', [], true)
 5 APPPATH\Controllers\Login.php(56): view('login/change')
 6 SYSTEMPATH\CodeIgniter.php(933): App\Controllers\Login->change()
 7 SYSTEMPATH\CodeIgniter.php(509): CodeIgniter\CodeIgniter->runController(Object(App\Controllers\Login))
 8 SYSTEMPATH\CodeIgniter.php(355): CodeIgniter\CodeIgniter->handleRequest(null, Object(Config\Cache), false)
 9 SYSTEMPATH\Boot.php(325): CodeIgniter\CodeIgniter->run()
10 SYSTEMPATH\Boot.php(67): CodeIgniter\Boot::runCodeIgniter(Object(CodeIgniter\CodeIgniter))
11 FCPATH\index.php(56): CodeIgniter\Boot::bootWeb(Object(Config\Paths))
CRITICAL - 2025-03-15 15:51:11 --> ErrorException: Undefined array key "mail_address"
[Method: GET, Route: login/change]
in APPPATH\Views\login\change.php on line 15.
 1 APPPATH\Views\login\change.php(15): CodeIgniter\Debug\Exceptions->errorHandler(2, 'Undefined array key "mail_address"', 'C:\\xampp\\htdocs\\kasugaikyudo\\production\\app\\Views\\login\\change.php', 15)
 2 SYSTEMPATH\View\View.php(234): include('C:\\xampp\\htdocs\\kasugaikyudo\\production\\app\\Views\\login\\change.php')
 3 SYSTEMPATH\View\View.php(237): CodeIgniter\View\View->CodeIgniter\View\{closure}()
 4 SYSTEMPATH\Common.php(1171): CodeIgniter\View\View->render('login/change', [], true)
 5 APPPATH\Controllers\Login.php(56): view('login/change')
 6 SYSTEMPATH\CodeIgniter.php(933): App\Controllers\Login->change()
 7 SYSTEMPATH\CodeIgniter.php(509): CodeIgniter\CodeIgniter->runController(Object(App\Controllers\Login))
 8 SYSTEMPATH\CodeIgniter.php(355): CodeIgniter\CodeIgniter->handleRequest(null, Object(Config\Cache), false)
 9 SYSTEMPATH\Boot.php(325): CodeIgniter\CodeIgniter->run()
10 SYSTEMPATH\Boot.php(67): CodeIgniter\Boot::runCodeIgniter(Object(CodeIgniter\CodeIgniter))
11 FCPATH\index.php(56): CodeIgniter\Boot::bootWeb(Object(Config\Paths))
CRITICAL - 2025-03-15 15:51:15 --> ErrorException: Undefined array key "mail_address"
[Method: GET, Route: login/change]
in APPPATH\Views\login\change.php on line 15.
 1 APPPATH\Views\login\change.php(15): CodeIgniter\Debug\Exceptions->errorHandler(2, 'Undefined array key "mail_address"', 'C:\\xampp\\htdocs\\kasugaikyudo\\production\\app\\Views\\login\\change.php', 15)
 2 SYSTEMPATH\View\View.php(234): include('C:\\xampp\\htdocs\\kasugaikyudo\\production\\app\\Views\\login\\change.php')
 3 SYSTEMPATH\View\View.php(237): CodeIgniter\View\View->CodeIgniter\View\{closure}()
 4 SYSTEMPATH\Common.php(1171): CodeIgniter\View\View->render('login/change', [], true)
 5 APPPATH\Controllers\Login.php(56): view('login/change')
 6 SYSTEMPATH\CodeIgniter.php(933): App\Controllers\Login->change()
 7 SYSTEMPATH\CodeIgniter.php(509): CodeIgniter\CodeIgniter->runController(Object(App\Controllers\Login))
 8 SYSTEMPATH\CodeIgniter.php(355): CodeIgniter\CodeIgniter->handleRequest(null, Object(Config\Cache), false)
 9 SYSTEMPATH\Boot.php(325): CodeIgniter\CodeIgniter->run()
10 SYSTEMPATH\Boot.php(67): CodeIgniter\Boot::runCodeIgniter(Object(CodeIgniter\CodeIgniter))
11 FCPATH\index.php(56): CodeIgniter\Boot::bootWeb(Object(Config\Paths))
CRITICAL - 2025-03-15 15:55:29 --> CodeIgniter\HTTP\Exceptions\BadRequestException: The URI you submitted has disallowed characters: "WEBページ提案.xlsx"
[Method: GET, Route: upload/kasugai/59/WEB%E3%83%9A%E3%83%BC%E3%82%B8%E6%8F%90%E6%A1%88.xlsx]
in SYSTEMPATH\Router\Router.php on line 737.
 1 SYSTEMPATH\Router\Router.php(204): CodeIgniter\Router\Router->checkDisallowedChars('upload/kasugai/59/WEBページ提案.xlsx')
 2 SYSTEMPATH\CodeIgniter.php(834): CodeIgniter\Router\Router->handle('upload/kasugai/59/WEBページ提案.xlsx')
 3 SYSTEMPATH\CodeIgniter.php(457): CodeIgniter\CodeIgniter->tryToRouteIt(Object(CodeIgniter\Router\RouteCollection))
 4 SYSTEMPATH\CodeIgniter.php(355): CodeIgniter\CodeIgniter->handleRequest(null, Object(Config\Cache), false)
 5 SYSTEMPATH\Boot.php(325): CodeIgniter\CodeIgniter->run()
 6 SYSTEMPATH\Boot.php(67): CodeIgniter\Boot::runCodeIgniter(Object(CodeIgniter\CodeIgniter))
 7 FCPATH\index.php(56): CodeIgniter\Boot::bootWeb(Object(Config\Paths))
