CRITICAL - 2025-03-24 21:43:18 --> ErrorException: Undefined variable $noticeId
[Method: GET, Route: admin/notice_regist]
in APPPATH\Views\admin\notice\notice_regist.php on line 10.
 1 APPPATH\Views\admin\notice\notice_regist.php(10): CodeIgniter\Debug\Exceptions->errorHandler(2, 'Undefined variable $noticeId', 'C:\\xampp\\htdocs\\kasugaikyudo\\production\\app\\Views\\admin\\notice\\notice_regist.php', 10)
 2 SYSTEMPATH\View\View.php(234): include('C:\\xampp\\htdocs\\kasugaikyudo\\production\\app\\Views\\admin\\notice\\notice_regist.php')
 3 SYSTEMPATH\View\View.php(237): CodeIgniter\View\View->CodeIgniter\View\{closure}()
 4 SYSTEMPATH\Common.php(1171): CodeIgniter\View\View->render('admin/notice/notice_regist', [], true)
 5 APPPATH\Controllers\Admin.php(54): view('admin/notice/notice_regist')
 6 SYSTEMPATH\CodeIgniter.php(933): App\Controllers\Admin->notice_regist()
 7 SYSTEMPATH\CodeIgniter.php(509): CodeIgniter\CodeIgniter->runController(Object(App\Controllers\Admin))
 8 SYSTEMPATH\CodeIgniter.php(355): CodeIgniter\CodeIgniter->handleRequest(null, Object(Config\Cache), false)
 9 SYSTEMPATH\Boot.php(325): CodeIgniter\CodeIgniter->run()
10 SYSTEMPATH\Boot.php(67): CodeIgniter\Boot::runCodeIgniter(Object(CodeIgniter\CodeIgniter))
11 FCPATH\index.php(56): CodeIgniter\Boot::bootWeb(Object(Config\Paths))
CRITICAL - 2025-03-24 21:43:23 --> ErrorException: Undefined variable $noticeId
[Method: POST, Route: admin/notice_revision]
in APPPATH\Controllers\Admin.php on line 84.
 1 APPPATH\Controllers\Admin.php(84): CodeIgniter\Debug\Exceptions->errorHandler(2, 'Undefined variable $noticeId', 'C:\\xampp\\htdocs\\kasugaikyudo\\production\\app\\Controllers\\Admin.php', 84)
 2 SYSTEMPATH\CodeIgniter.php(933): App\Controllers\Admin->notice_revision()
 3 SYSTEMPATH\CodeIgniter.php(509): CodeIgniter\CodeIgniter->runController(Object(App\Controllers\Admin))
 4 SYSTEMPATH\CodeIgniter.php(355): CodeIgniter\CodeIgniter->handleRequest(null, Object(Config\Cache), false)
 5 SYSTEMPATH\Boot.php(325): CodeIgniter\CodeIgniter->run()
 6 SYSTEMPATH\Boot.php(67): CodeIgniter\Boot::runCodeIgniter(Object(CodeIgniter\CodeIgniter))
 7 FCPATH\index.php(56): CodeIgniter\Boot::bootWeb(Object(Config\Paths))
CRITICAL - 2025-03-24 21:44:23 --> ErrorException: Undefined variable $noticeId
[Method: POST, Route: admin/notice_revision]
in APPPATH\Controllers\Admin.php on line 84.
 1 APPPATH\Controllers\Admin.php(84): CodeIgniter\Debug\Exceptions->errorHandler(2, 'Undefined variable $noticeId', 'C:\\xampp\\htdocs\\kasugaikyudo\\production\\app\\Controllers\\Admin.php', 84)
 2 SYSTEMPATH\CodeIgniter.php(933): App\Controllers\Admin->notice_revision()
 3 SYSTEMPATH\CodeIgniter.php(509): CodeIgniter\CodeIgniter->runController(Object(App\Controllers\Admin))
 4 SYSTEMPATH\CodeIgniter.php(355): CodeIgniter\CodeIgniter->handleRequest(null, Object(Config\Cache), false)
 5 SYSTEMPATH\Boot.php(325): CodeIgniter\CodeIgniter->run()
 6 SYSTEMPATH\Boot.php(67): CodeIgniter\Boot::runCodeIgniter(Object(CodeIgniter\CodeIgniter))
 7 FCPATH\index.php(56): CodeIgniter\Boot::bootWeb(Object(Config\Paths))
