CRITICAL - 2025-03-02 15:54:30 --> ErrorException: Undefined array key "numRows"
[Method: GET, Route: home]
in APPPATH\Helpers\notice_helper.php on line 7.
 1 APPPATH\Helpers\notice_helper.php(7): CodeIgniter\Debug\Exceptions->errorHandler(2, 'Undefined array key "numRows"', 'C:\\xampp\\htdocs\\kasugaikyudo\\production\\app\\Helpers\\notice_helper.php', 7)
 2 APPPATH\Views\home\index.php(13): get_notice_list_html([...])
 3 SYSTEMPATH\View\View.php(234): include('C:\\xampp\\htdocs\\kasugaikyudo\\production\\app\\Views\\home\\index.php')
 4 SYSTEMPATH\View\View.php(237): CodeIgniter\View\View->CodeIgniter\View\{closure}()
 5 SYSTEMPATH\Common.php(1171): CodeIgniter\View\View->render('home/index', [], true)
 6 APPPATH\Controllers\Home.php(40): view('home/index')
 7 SYSTEMPATH\CodeIgniter.php(933): App\Controllers\Home->index()
 8 SYSTEMPATH\CodeIgniter.php(509): CodeIgniter\CodeIgniter->runController(Object(App\Controllers\Home))
 9 SYSTEMPATH\CodeIgniter.php(355): CodeIgniter\CodeIgniter->handleRequest(null, Object(Config\Cache), false)
10 SYSTEMPATH\Boot.php(325): CodeIgniter\CodeIgniter->run()
11 SYSTEMPATH\Boot.php(67): CodeIgniter\Boot::runCodeIgniter(Object(CodeIgniter\CodeIgniter))
12 FCPATH\index.php(56): CodeIgniter\Boot::bootWeb(Object(Config\Paths))
CRITICAL - 2025-03-02 15:54:48 --> ErrorException: Undefined array key "numRows"
[Method: GET, Route: home]
in APPPATH\Helpers\notice_helper.php on line 7.
 1 APPPATH\Helpers\notice_helper.php(7): CodeIgniter\Debug\Exceptions->errorHandler(2, 'Undefined array key "numRows"', 'C:\\xampp\\htdocs\\kasugaikyudo\\production\\app\\Helpers\\notice_helper.php', 7)
 2 APPPATH\Views\home\index.php(13): get_notice_list_html([...])
 3 SYSTEMPATH\View\View.php(234): include('C:\\xampp\\htdocs\\kasugaikyudo\\production\\app\\Views\\home\\index.php')
 4 SYSTEMPATH\View\View.php(237): CodeIgniter\View\View->CodeIgniter\View\{closure}()
 5 SYSTEMPATH\Common.php(1171): CodeIgniter\View\View->render('home/index', [], true)
 6 APPPATH\Controllers\Home.php(40): view('home/index')
 7 SYSTEMPATH\CodeIgniter.php(933): App\Controllers\Home->index()
 8 SYSTEMPATH\CodeIgniter.php(509): CodeIgniter\CodeIgniter->runController(Object(App\Controllers\Home))
 9 SYSTEMPATH\CodeIgniter.php(355): CodeIgniter\CodeIgniter->handleRequest(null, Object(Config\Cache), false)
10 SYSTEMPATH\Boot.php(325): CodeIgniter\CodeIgniter->run()
11 SYSTEMPATH\Boot.php(67): CodeIgniter\Boot::runCodeIgniter(Object(CodeIgniter\CodeIgniter))
12 FCPATH\index.php(56): CodeIgniter\Boot::bootWeb(Object(Config\Paths))
CRITICAL - 2025-03-02 15:55:13 --> ErrorException: Undefined array key "numRows"
[Method: GET, Route: home]
in APPPATH\Helpers\notice_helper.php on line 7.
 1 APPPATH\Helpers\notice_helper.php(7): CodeIgniter\Debug\Exceptions->errorHandler(2, 'Undefined array key "numRows"', 'C:\\xampp\\htdocs\\kasugaikyudo\\production\\app\\Helpers\\notice_helper.php', 7)
 2 APPPATH\Views\home\index.php(13): get_notice_list_html([...])
 3 SYSTEMPATH\View\View.php(234): include('C:\\xampp\\htdocs\\kasugaikyudo\\production\\app\\Views\\home\\index.php')
 4 SYSTEMPATH\View\View.php(237): CodeIgniter\View\View->CodeIgniter\View\{closure}()
 5 SYSTEMPATH\Common.php(1171): CodeIgniter\View\View->render('home/index', [], true)
 6 APPPATH\Controllers\Home.php(40): view('home/index')
 7 SYSTEMPATH\CodeIgniter.php(933): App\Controllers\Home->index()
 8 SYSTEMPATH\CodeIgniter.php(509): CodeIgniter\CodeIgniter->runController(Object(App\Controllers\Home))
 9 SYSTEMPATH\CodeIgniter.php(355): CodeIgniter\CodeIgniter->handleRequest(null, Object(Config\Cache), false)
10 SYSTEMPATH\Boot.php(325): CodeIgniter\CodeIgniter->run()
11 SYSTEMPATH\Boot.php(67): CodeIgniter\Boot::runCodeIgniter(Object(CodeIgniter\CodeIgniter))
12 FCPATH\index.php(56): CodeIgniter\Boot::bootWeb(Object(Config\Paths))
CRITICAL - 2025-03-02 16:31:01 --> ErrorException: Undefined variable $bind
[Method: GET, Route: home]
in APPPATH\Models\NoticeModel.php on line 52.
 1 APPPATH\Models\NoticeModel.php(52): CodeIgniter\Debug\Exceptions->errorHandler(2, 'Undefined variable $bind', 'C:\\xampp\\htdocs\\kasugaikyudo\\production\\app\\Models\\NoticeModel.php', 52)
 2 APPPATH\Libraries\NoticeLibrarie.php(22): App\Models\NoticeModel->get_notice_list()
 3 APPPATH\Controllers\Home.php(32): App\Libraries\NoticeLibrarie->get_notice_list()
 4 SYSTEMPATH\CodeIgniter.php(933): App\Controllers\Home->index()
 5 SYSTEMPATH\CodeIgniter.php(509): CodeIgniter\CodeIgniter->runController(Object(App\Controllers\Home))
 6 SYSTEMPATH\CodeIgniter.php(355): CodeIgniter\CodeIgniter->handleRequest(null, Object(Config\Cache), false)
 7 SYSTEMPATH\Boot.php(325): CodeIgniter\CodeIgniter->run()
 8 SYSTEMPATH\Boot.php(67): CodeIgniter\Boot::runCodeIgniter(Object(CodeIgniter\CodeIgniter))
 9 FCPATH\index.php(56): CodeIgniter\Boot::bootWeb(Object(Config\Paths))
CRITICAL - 2025-03-02 16:31:24 --> ErrorException: Undefined variable $bind
[Method: GET, Route: home]
in APPPATH\Models\NoticeModel.php on line 50.
 1 APPPATH\Models\NoticeModel.php(50): CodeIgniter\Debug\Exceptions->errorHandler(2, 'Undefined variable $bind', 'C:\\xampp\\htdocs\\kasugaikyudo\\production\\app\\Models\\NoticeModel.php', 50)
 2 APPPATH\Libraries\NoticeLibrarie.php(22): App\Models\NoticeModel->get_notice_list()
 3 APPPATH\Controllers\Home.php(32): App\Libraries\NoticeLibrarie->get_notice_list()
 4 SYSTEMPATH\CodeIgniter.php(933): App\Controllers\Home->index()
 5 SYSTEMPATH\CodeIgniter.php(509): CodeIgniter\CodeIgniter->runController(Object(App\Controllers\Home))
 6 SYSTEMPATH\CodeIgniter.php(355): CodeIgniter\CodeIgniter->handleRequest(null, Object(Config\Cache), false)
 7 SYSTEMPATH\Boot.php(325): CodeIgniter\CodeIgniter->run()
 8 SYSTEMPATH\Boot.php(67): CodeIgniter\Boot::runCodeIgniter(Object(CodeIgniter\CodeIgniter))
 9 FCPATH\index.php(56): CodeIgniter\Boot::bootWeb(Object(Config\Paths))
CRITICAL - 2025-03-02 16:32:11 --> ErrorException: Undefined array key "dataNum"
[Method: GET, Route: home]
in APPPATH\Helpers\notice_helper.php on line 7.
 1 APPPATH\Helpers\notice_helper.php(7): CodeIgniter\Debug\Exceptions->errorHandler(2, 'Undefined array key "dataNum"', 'C:\\xampp\\htdocs\\kasugaikyudo\\production\\app\\Helpers\\notice_helper.php', 7)
 2 APPPATH\Views\home\index.php(13): get_notice_list_html([...])
 3 SYSTEMPATH\View\View.php(234): include('C:\\xampp\\htdocs\\kasugaikyudo\\production\\app\\Views\\home\\index.php')
 4 SYSTEMPATH\View\View.php(237): CodeIgniter\View\View->CodeIgniter\View\{closure}()
 5 SYSTEMPATH\Common.php(1171): CodeIgniter\View\View->render('home/index', [], true)
 6 APPPATH\Controllers\Home.php(40): view('home/index')
 7 SYSTEMPATH\CodeIgniter.php(933): App\Controllers\Home->index()
 8 SYSTEMPATH\CodeIgniter.php(509): CodeIgniter\CodeIgniter->runController(Object(App\Controllers\Home))
 9 SYSTEMPATH\CodeIgniter.php(355): CodeIgniter\CodeIgniter->handleRequest(null, Object(Config\Cache), false)
10 SYSTEMPATH\Boot.php(325): CodeIgniter\CodeIgniter->run()
11 SYSTEMPATH\Boot.php(67): CodeIgniter\Boot::runCodeIgniter(Object(CodeIgniter\CodeIgniter))
12 FCPATH\index.php(56): CodeIgniter\Boot::bootWeb(Object(Config\Paths))
CRITICAL - 2025-03-02 16:33:01 --> ErrorException: Undefined array key "dataNum"
[Method: GET, Route: home]
in APPPATH\Helpers\notice_helper.php on line 7.
 1 APPPATH\Helpers\notice_helper.php(7): CodeIgniter\Debug\Exceptions->errorHandler(2, 'Undefined array key "dataNum"', 'C:\\xampp\\htdocs\\kasugaikyudo\\production\\app\\Helpers\\notice_helper.php', 7)
 2 APPPATH\Views\home\index.php(13): get_notice_list_html([...])
 3 SYSTEMPATH\View\View.php(234): include('C:\\xampp\\htdocs\\kasugaikyudo\\production\\app\\Views\\home\\index.php')
 4 SYSTEMPATH\View\View.php(237): CodeIgniter\View\View->CodeIgniter\View\{closure}()
 5 SYSTEMPATH\Common.php(1171): CodeIgniter\View\View->render('home/index', [], true)
 6 APPPATH\Controllers\Home.php(40): view('home/index')
 7 SYSTEMPATH\CodeIgniter.php(933): App\Controllers\Home->index()
 8 SYSTEMPATH\CodeIgniter.php(509): CodeIgniter\CodeIgniter->runController(Object(App\Controllers\Home))
 9 SYSTEMPATH\CodeIgniter.php(355): CodeIgniter\CodeIgniter->handleRequest(null, Object(Config\Cache), false)
10 SYSTEMPATH\Boot.php(325): CodeIgniter\CodeIgniter->run()
11 SYSTEMPATH\Boot.php(67): CodeIgniter\Boot::runCodeIgniter(Object(CodeIgniter\CodeIgniter))
12 FCPATH\index.php(56): CodeIgniter\Boot::bootWeb(Object(Config\Paths))
CRITICAL - 2025-03-02 16:34:59 --> Error: Call to undefined method App\Libraries\NoticeLibrarie::get_notice_detail()
[Method: POST, Route: home/get_notice_detail]
in APPPATH\Controllers\Home.php on line 59.
 1 SYSTEMPATH\CodeIgniter.php(933): App\Controllers\Home->ajax_get_notice_detail()
 2 SYSTEMPATH\CodeIgniter.php(509): CodeIgniter\CodeIgniter->runController(Object(App\Controllers\Home))
 3 SYSTEMPATH\CodeIgniter.php(355): CodeIgniter\CodeIgniter->handleRequest(null, Object(Config\Cache), false)
 4 SYSTEMPATH\Boot.php(325): CodeIgniter\CodeIgniter->run()
 5 SYSTEMPATH\Boot.php(67): CodeIgniter\Boot::runCodeIgniter(Object(CodeIgniter\CodeIgniter))
 6 FCPATH\index.php(56): CodeIgniter\Boot::bootWeb(Object(Config\Paths))
CRITICAL - 2025-03-02 16:37:15 --> Error: Call to undefined method App\Libraries\NoticeLibrarie::get_notice_detail()
[Method: POST, Route: home/get_notice_detail]
in APPPATH\Controllers\Home.php on line 59.
 1 SYSTEMPATH\CodeIgniter.php(933): App\Controllers\Home->ajax_get_notice_detail()
 2 SYSTEMPATH\CodeIgniter.php(509): CodeIgniter\CodeIgniter->runController(Object(App\Controllers\Home))
 3 SYSTEMPATH\CodeIgniter.php(355): CodeIgniter\CodeIgniter->handleRequest(null, Object(Config\Cache), false)
 4 SYSTEMPATH\Boot.php(325): CodeIgniter\CodeIgniter->run()
 5 SYSTEMPATH\Boot.php(67): CodeIgniter\Boot::runCodeIgniter(Object(CodeIgniter\CodeIgniter))
 6 FCPATH\index.php(56): CodeIgniter\Boot::bootWeb(Object(Config\Paths))
