ERROR - 2025-02-18 23:06:28 --> mysqli_sql_exception: MySQL server has gone away in C:\xampp\htdocs\kasugaikyudo\production\system\Database\MySQLi\Connection.php:312
Stack trace:
#0 C:\xampp\htdocs\kasugaikyudo\production\system\Database\MySQLi\Connection.php(312): mysqli->query('\n\t\t\tSELECT\n\t\t\t\t...', 0)
#1 C:\xampp\htdocs\kasugaikyudo\production\system\Database\BaseConnection.php(734): CodeIgniter\Database\MySQLi\Connection->execute('\n\t\t\tSELECT\n\t\t\t\t...')
#2 C:\xampp\htdocs\kasugaikyudo\production\system\Database\BaseConnection.php(648): CodeIgniter\Database\BaseConnection->simpleQuery('\n\t\t\tSELECT\n\t\t\t\t...')
#3 C:\xampp\htdocs\kasugaikyudo\production\app\Models\BaseQueryModel.php(48): CodeIgniter\Database\BaseConnection->query('\n\t\t\tSELECT\n\t\t\t\t...', Array)
#4 C:\xampp\htdocs\kasugaikyudo\production\app\Models\CommonModel.php(32): App\Models\BaseQueryModel->get_first_row('\n\t\t\tSELECT\n\t\t\t\t...', Array)
#5 C:\xampp\htdocs\kasugaikyudo\production\app\Libraries\CommonLibrarie.php(20): App\Models\CommonModel->get_setting_data()
#6 C:\xampp\htdocs\kasugaikyudo\production\app\Controllers\CommonController.php(54): App\Libraries\CommonLibrarie->get_setting_data()
#7 C:\xampp\htdocs\kasugaikyudo\production\app\Controllers\CommonController.php(31): App\Controllers\CommonController->get_setting()
#8 C:\xampp\htdocs\kasugaikyudo\production\app\Controllers\Login.php(10): App\Controllers\CommonController->__construct()
#9 C:\xampp\htdocs\kasugaikyudo\production\system\CodeIgniter.php(903): App\Controllers\Login->__construct()
#10 C:\xampp\htdocs\kasugaikyudo\production\system\CodeIgniter.php(500): CodeIgniter\CodeIgniter->createController()
#11 C:\xampp\htdocs\kasugaikyudo\production\system\CodeIgniter.php(355): CodeIgniter\CodeIgniter->handleRequest(NULL, Object(Config\Cache), false)
#12 C:\xampp\htdocs\kasugaikyudo\production\system\Boot.php(325): CodeIgniter\CodeIgniter->run()
#13 C:\xampp\htdocs\kasugaikyudo\production\system\Boot.php(67): CodeIgniter\Boot::runCodeIgniter(Object(CodeIgniter\CodeIgniter))
#14 C:\xampp\htdocs\kasugaikyudo\production\public\index.php(56): CodeIgniter\Boot::bootWeb(Object(Config\Paths))
#15 {main}
CRITICAL - 2025-02-18 23:06:29 --> CodeIgniter\Database\Exceptions\DatabaseException: MySQL server has gone away
[Method: GET, Route: login]
in SYSTEMPATH\Database\BaseConnection.php on line 688.
 1 APPPATH\Models\BaseQueryModel.php(48): CodeIgniter\Database\BaseConnection->query('
			SELECT
				mse.fiscal_year_id
				,mfy.year
				,mfy.wareki
			FROM m_setting mse
				INNER JOIN m_fiscal_year mfy
					ON mfy.fiscal_year_id = mse.fiscal_year_id
		', [])
 2 APPPATH\Models\CommonModel.php(32): App\Models\BaseQueryModel->get_first_row('
			SELECT
				mse.fiscal_year_id
				,mfy.year
				,mfy.wareki
			FROM m_setting mse
				INNER JOIN m_fiscal_year mfy
					ON mfy.fiscal_year_id = mse.fiscal_year_id
		', [])
 3 APPPATH\Libraries\CommonLibrarie.php(20): App\Models\CommonModel->get_setting_data()
 4 APPPATH\Controllers\CommonController.php(54): App\Libraries\CommonLibrarie->get_setting_data()
 5 APPPATH\Controllers\CommonController.php(31): App\Controllers\CommonController->get_setting()
 6 APPPATH\Controllers\Login.php(10): App\Controllers\CommonController->__construct()
 7 SYSTEMPATH\CodeIgniter.php(903): App\Controllers\Login->__construct()
 8 SYSTEMPATH\CodeIgniter.php(500): CodeIgniter\CodeIgniter->createController()
 9 SYSTEMPATH\CodeIgniter.php(355): CodeIgniter\CodeIgniter->handleRequest(null, Object(Config\Cache), false)
10 SYSTEMPATH\Boot.php(325): CodeIgniter\CodeIgniter->run()
11 SYSTEMPATH\Boot.php(67): CodeIgniter\Boot::runCodeIgniter(Object(CodeIgniter\CodeIgniter))
12 FCPATH\index.php(56): CodeIgniter\Boot::bootWeb(Object(Config\Paths))
CRITICAL - 2025-02-18 23:06:29 --> [Caused by] CodeIgniter\Database\Exceptions\DatabaseException: MySQL server has gone away
in SYSTEMPATH\Database\MySQLi\Connection.php on line 317.
 1 SYSTEMPATH\Database\BaseConnection.php(734): CodeIgniter\Database\MySQLi\Connection->execute('
			SELECT
				mse.fiscal_year_id
				,mfy.year
				,mfy.wareki
			FROM m_setting mse
				INNER JOIN m_fiscal_year mfy
					ON mfy.fiscal_year_id = mse.fiscal_year_id
		')
 2 SYSTEMPATH\Database\BaseConnection.php(648): CodeIgniter\Database\BaseConnection->simpleQuery('
			SELECT
				mse.fiscal_year_id
				,mfy.year
				,mfy.wareki
			FROM m_setting mse
				INNER JOIN m_fiscal_year mfy
					ON mfy.fiscal_year_id = mse.fiscal_year_id
		')
 3 APPPATH\Models\BaseQueryModel.php(48): CodeIgniter\Database\BaseConnection->query('
			SELECT
				mse.fiscal_year_id
				,mfy.year
				,mfy.wareki
			FROM m_setting mse
				INNER JOIN m_fiscal_year mfy
					ON mfy.fiscal_year_id = mse.fiscal_year_id
		', [])
 4 APPPATH\Models\CommonModel.php(32): App\Models\BaseQueryModel->get_first_row('
			SELECT
				mse.fiscal_year_id
				,mfy.year
				,mfy.wareki
			FROM m_setting mse
				INNER JOIN m_fiscal_year mfy
					ON mfy.fiscal_year_id = mse.fiscal_year_id
		', [])
 5 APPPATH\Libraries\CommonLibrarie.php(20): App\Models\CommonModel->get_setting_data()
 6 APPPATH\Controllers\CommonController.php(54): App\Libraries\CommonLibrarie->get_setting_data()
 7 APPPATH\Controllers\CommonController.php(31): App\Controllers\CommonController->get_setting()
 8 APPPATH\Controllers\Login.php(10): App\Controllers\CommonController->__construct()
 9 SYSTEMPATH\CodeIgniter.php(903): App\Controllers\Login->__construct()
10 SYSTEMPATH\CodeIgniter.php(500): CodeIgniter\CodeIgniter->createController()
11 SYSTEMPATH\CodeIgniter.php(355): CodeIgniter\CodeIgniter->handleRequest(null, Object(Config\Cache), false)
12 SYSTEMPATH\Boot.php(325): CodeIgniter\CodeIgniter->run()
13 SYSTEMPATH\Boot.php(67): CodeIgniter\Boot::runCodeIgniter(Object(CodeIgniter\CodeIgniter))
14 FCPATH\index.php(56): CodeIgniter\Boot::bootWeb(Object(Config\Paths))
CRITICAL - 2025-02-18 23:06:29 --> [Caused by] mysqli_sql_exception: MySQL server has gone away
in SYSTEMPATH\Database\MySQLi\Connection.php on line 312.
 1 SYSTEMPATH\Database\MySQLi\Connection.php(312): mysqli->query('
			SELECT
				mse.fiscal_year_id
				,mfy.year
				,mfy.wareki
			FROM m_setting mse
				INNER JOIN m_fiscal_year mfy
					ON mfy.fiscal_year_id = mse.fiscal_year_id
		', 0)
 2 SYSTEMPATH\Database\BaseConnection.php(734): CodeIgniter\Database\MySQLi\Connection->execute('
			SELECT
				mse.fiscal_year_id
				,mfy.year
				,mfy.wareki
			FROM m_setting mse
				INNER JOIN m_fiscal_year mfy
					ON mfy.fiscal_year_id = mse.fiscal_year_id
		')
 3 SYSTEMPATH\Database\BaseConnection.php(648): CodeIgniter\Database\BaseConnection->simpleQuery('
			SELECT
				mse.fiscal_year_id
				,mfy.year
				,mfy.wareki
			FROM m_setting mse
				INNER JOIN m_fiscal_year mfy
					ON mfy.fiscal_year_id = mse.fiscal_year_id
		')
 4 APPPATH\Models\BaseQueryModel.php(48): CodeIgniter\Database\BaseConnection->query('
			SELECT
				mse.fiscal_year_id
				,mfy.year
				,mfy.wareki
			FROM m_setting mse
				INNER JOIN m_fiscal_year mfy
					ON mfy.fiscal_year_id = mse.fiscal_year_id
		', [])
 5 APPPATH\Models\CommonModel.php(32): App\Models\BaseQueryModel->get_first_row('
			SELECT
				mse.fiscal_year_id
				,mfy.year
				,mfy.wareki
			FROM m_setting mse
				INNER JOIN m_fiscal_year mfy
					ON mfy.fiscal_year_id = mse.fiscal_year_id
		', [])
 6 APPPATH\Libraries\CommonLibrarie.php(20): App\Models\CommonModel->get_setting_data()
 7 APPPATH\Controllers\CommonController.php(54): App\Libraries\CommonLibrarie->get_setting_data()
 8 APPPATH\Controllers\CommonController.php(31): App\Controllers\CommonController->get_setting()
 9 APPPATH\Controllers\Login.php(10): App\Controllers\CommonController->__construct()
10 SYSTEMPATH\CodeIgniter.php(903): App\Controllers\Login->__construct()
11 SYSTEMPATH\CodeIgniter.php(500): CodeIgniter\CodeIgniter->createController()
12 SYSTEMPATH\CodeIgniter.php(355): CodeIgniter\CodeIgniter->handleRequest(null, Object(Config\Cache), false)
13 SYSTEMPATH\Boot.php(325): CodeIgniter\CodeIgniter->run()
14 SYSTEMPATH\Boot.php(67): CodeIgniter\Boot::runCodeIgniter(Object(CodeIgniter\CodeIgniter))
15 FCPATH\index.php(56): CodeIgniter\Boot::bootWeb(Object(Config\Paths))
