CRITICAL - 2025-03-31 21:25:32 --> Error: Call to undefined function get_kasugai_taikai_detail_html()
[Method: GET, Route: shinsa/detail/13]
in APPPATH\Views\shinsa\detail_rengo.php on line 4.
 1 SYSTEMPATH\View\View.php(234): include()
 2 SYSTEMPATH\View\View.php(237): CodeIgniter\View\View->CodeIgniter\View\{closure}()
 3 SYSTEMPATH\Common.php(1171): CodeIgniter\View\View->render('shinsa/detail_rengo', [], true)
 4 APPPATH\Controllers\Shinsa.php(105): view('shinsa/detail_rengo')
 5 SYSTEMPATH\CodeIgniter.php(933): App\Controllers\Shinsa->detail('13')
 6 SYSTEMPATH\CodeIgniter.php(509): CodeIgniter\CodeIgniter->runController(Object(App\Controllers\Shinsa))
 7 SYSTEMPATH\CodeIgniter.php(355): CodeIgniter\CodeIgniter->handleRequest(null, Object(Config\Cache), false)
 8 SYSTEMPATH\Boot.php(325): CodeIgniter\CodeIgniter->run()
 9 SYSTEMPATH\Boot.php(67): CodeIgniter\Boot::runCodeIgniter(Object(CodeIgniter\CodeIgniter))
10 FCPATH\index.php(56): CodeIgniter\Boot::bootWeb(Object(Config\Paths))
CRITICAL - 2025-03-31 21:26:51 --> Error: Call to undefined function get_shinsa_rengo_detail_html()
[Method: GET, Route: shinsa/detail/13]
in APPPATH\Views\shinsa\detail_rengo.php on line 4.
 1 SYSTEMPATH\View\View.php(234): include()
 2 SYSTEMPATH\View\View.php(237): CodeIgniter\View\View->CodeIgniter\View\{closure}()
 3 SYSTEMPATH\Common.php(1171): CodeIgniter\View\View->render('shinsa/detail_rengo', [], true)
 4 APPPATH\Controllers\Shinsa.php(105): view('shinsa/detail_rengo')
 5 SYSTEMPATH\CodeIgniter.php(933): App\Controllers\Shinsa->detail('13')
 6 SYSTEMPATH\CodeIgniter.php(509): CodeIgniter\CodeIgniter->runController(Object(App\Controllers\Shinsa))
 7 SYSTEMPATH\CodeIgniter.php(355): CodeIgniter\CodeIgniter->handleRequest(null, Object(Config\Cache), false)
 8 SYSTEMPATH\Boot.php(325): CodeIgniter\CodeIgniter->run()
 9 SYSTEMPATH\Boot.php(67): CodeIgniter\Boot::runCodeIgniter(Object(CodeIgniter\CodeIgniter))
10 FCPATH\index.php(56): CodeIgniter\Boot::bootWeb(Object(Config\Paths))
