CRITICAL - 2025-03-17 23:39:30 --> Error: Undefined constant "KASUGAI_MEMBER_LIST_file"
[Method: GET, Route: member]
in APPPATH\Views\member\index.php on line 13.
 1 SYSTEMPATH\View\View.php(234): include()
 2 SYSTEMPATH\View\View.php(237): CodeIgniter\View\View->CodeIgniter\View\{closure}()
 3 SYSTEMPATH\Common.php(1171): CodeIgniter\View\View->render('member/index', [], true)
 4 APPPATH\Controllers\Member.php(38): view('member/index')
 5 SYSTEMPATH\CodeIgniter.php(933): App\Controllers\Member->index()
 6 SYSTEMPATH\CodeIgniter.php(509): CodeIgniter\CodeIgniter->runController(Object(App\Controllers\Member))
 7 SYSTEMPATH\CodeIgniter.php(355): CodeIgniter\CodeIgniter->handleRequest(null, Object(Config\Cache), false)
 8 SYSTEMPATH\Boot.php(325): CodeIgniter\CodeIgniter->run()
 9 SYSTEMPATH\Boot.php(67): CodeIgniter\Boot::runCodeIgniter(Object(CodeIgniter\CodeIgniter))
10 FCPATH\index.php(56): CodeIgniter\Boot::bootWeb(Object(Config\Paths))
CRITICAL - 2025-03-17 23:43:49 --> Error: Call to undefined function get_kaiin_list_file_html()
[Method: GET, Route: member]
in APPPATH\Views\member\index.php on line 12.
 1 SYSTEMPATH\View\View.php(234): include()
 2 SYSTEMPATH\View\View.php(237): CodeIgniter\View\View->CodeIgniter\View\{closure}()
 3 SYSTEMPATH\Common.php(1171): CodeIgniter\View\View->render('member/index', [], true)
 4 APPPATH\Controllers\Member.php(38): view('member/index')
 5 SYSTEMPATH\CodeIgniter.php(933): App\Controllers\Member->index()
 6 SYSTEMPATH\CodeIgniter.php(509): CodeIgniter\CodeIgniter->runController(Object(App\Controllers\Member))
 7 SYSTEMPATH\CodeIgniter.php(355): CodeIgniter\CodeIgniter->handleRequest(null, Object(Config\Cache), false)
 8 SYSTEMPATH\Boot.php(325): CodeIgniter\CodeIgniter->run()
 9 SYSTEMPATH\Boot.php(67): CodeIgniter\Boot::runCodeIgniter(Object(CodeIgniter\CodeIgniter))
10 FCPATH\index.php(56): CodeIgniter\Boot::bootWeb(Object(Config\Paths))
CRITICAL - 2025-03-17 23:44:39 --> Error: Call to undefined function get_kaiin_list_file_html()
[Method: GET, Route: member]
in APPPATH\Views\member\index.php on line 12.
 1 SYSTEMPATH\View\View.php(234): include()
 2 SYSTEMPATH\View\View.php(237): CodeIgniter\View\View->CodeIgniter\View\{closure}()
 3 SYSTEMPATH\Common.php(1171): CodeIgniter\View\View->render('member/index', [], true)
 4 APPPATH\Controllers\Member.php(38): view('member/index')
 5 SYSTEMPATH\CodeIgniter.php(933): App\Controllers\Member->index()
 6 SYSTEMPATH\CodeIgniter.php(509): CodeIgniter\CodeIgniter->runController(Object(App\Controllers\Member))
 7 SYSTEMPATH\CodeIgniter.php(355): CodeIgniter\CodeIgniter->handleRequest(null, Object(Config\Cache), false)
 8 SYSTEMPATH\Boot.php(325): CodeIgniter\CodeIgniter->run()
 9 SYSTEMPATH\Boot.php(67): CodeIgniter\Boot::runCodeIgniter(Object(CodeIgniter\CodeIgniter))
10 FCPATH\index.php(56): CodeIgniter\Boot::bootWeb(Object(Config\Paths))
CRITICAL - 2025-03-17 23:47:30 --> ErrorException: filemtime(): stat failed for /kasugaikyudo/production/assets/document/kasugai/member/member.pdf
[Method: GET, Route: member]
in APPPATH\Helpers\member_helper.php on line 7.
 1 [internal function]: CodeIgniter\Debug\Exceptions->errorHandler(2, 'filemtime(): stat failed for /kasugaikyudo/production/assets/document/kasugai/member/member.pdf', 'C:\\xampp\\htdocs\\kasugaikyudo\\production\\app\\Helpers\\member_helper.php', 7)
 2 APPPATH\Helpers\member_helper.php(7): filemtime('/kasugaikyudo/production/assets/document/kasugai/member/member.pdf')
 3 APPPATH\Views\member\index.php(12): get_kaiin_list_file_html()
 4 SYSTEMPATH\View\View.php(234): include('C:\\xampp\\htdocs\\kasugaikyudo\\production\\app\\Views\\member\\index.php')
 5 SYSTEMPATH\View\View.php(237): CodeIgniter\View\View->CodeIgniter\View\{closure}()
 6 SYSTEMPATH\Common.php(1171): CodeIgniter\View\View->render('member/index', [], true)
 7 APPPATH\Controllers\Member.php(38): view('member/index')
 8 SYSTEMPATH\CodeIgniter.php(933): App\Controllers\Member->index()
 9 SYSTEMPATH\CodeIgniter.php(509): CodeIgniter\CodeIgniter->runController(Object(App\Controllers\Member))
10 SYSTEMPATH\CodeIgniter.php(355): CodeIgniter\CodeIgniter->handleRequest(null, Object(Config\Cache), false)
11 SYSTEMPATH\Boot.php(325): CodeIgniter\CodeIgniter->run()
12 SYSTEMPATH\Boot.php(67): CodeIgniter\Boot::runCodeIgniter(Object(CodeIgniter\CodeIgniter))
13 FCPATH\index.php(56): CodeIgniter\Boot::bootWeb(Object(Config\Paths))
CRITICAL - 2025-03-17 23:47:52 --> ErrorException: filemtime(): stat failed for /assets/document/kasugai/member/member.pdf
[Method: GET, Route: member]
in APPPATH\Helpers\member_helper.php on line 7.
 1 [internal function]: CodeIgniter\Debug\Exceptions->errorHandler(2, 'filemtime(): stat failed for /assets/document/kasugai/member/member.pdf', 'C:\\xampp\\htdocs\\kasugaikyudo\\production\\app\\Helpers\\member_helper.php', 7)
 2 APPPATH\Helpers\member_helper.php(7): filemtime('/assets/document/kasugai/member/member.pdf')
 3 APPPATH\Views\member\index.php(12): get_kaiin_list_file_html()
 4 SYSTEMPATH\View\View.php(234): include('C:\\xampp\\htdocs\\kasugaikyudo\\production\\app\\Views\\member\\index.php')
 5 SYSTEMPATH\View\View.php(237): CodeIgniter\View\View->CodeIgniter\View\{closure}()
 6 SYSTEMPATH\Common.php(1171): CodeIgniter\View\View->render('member/index', [], true)
 7 APPPATH\Controllers\Member.php(38): view('member/index')
 8 SYSTEMPATH\CodeIgniter.php(933): App\Controllers\Member->index()
 9 SYSTEMPATH\CodeIgniter.php(509): CodeIgniter\CodeIgniter->runController(Object(App\Controllers\Member))
10 SYSTEMPATH\CodeIgniter.php(355): CodeIgniter\CodeIgniter->handleRequest(null, Object(Config\Cache), false)
11 SYSTEMPATH\Boot.php(325): CodeIgniter\CodeIgniter->run()
12 SYSTEMPATH\Boot.php(67): CodeIgniter\Boot::runCodeIgniter(Object(CodeIgniter\CodeIgniter))
13 FCPATH\index.php(56): CodeIgniter\Boot::bootWeb(Object(Config\Paths))
CRITICAL - 2025-03-17 23:48:52 --> ErrorException: filemtime(): stat failed for /assets/document/kasugai/member/member.pdf
[Method: GET, Route: member]
in APPPATH\Helpers\member_helper.php on line 7.
 1 [internal function]: CodeIgniter\Debug\Exceptions->errorHandler(2, 'filemtime(): stat failed for /assets/document/kasugai/member/member.pdf', 'C:\\xampp\\htdocs\\kasugaikyudo\\production\\app\\Helpers\\member_helper.php', 7)
 2 APPPATH\Helpers\member_helper.php(7): filemtime('/assets/document/kasugai/member/member.pdf')
 3 APPPATH\Views\member\index.php(12): get_kaiin_list_file_html()
 4 SYSTEMPATH\View\View.php(234): include('C:\\xampp\\htdocs\\kasugaikyudo\\production\\app\\Views\\member\\index.php')
 5 SYSTEMPATH\View\View.php(237): CodeIgniter\View\View->CodeIgniter\View\{closure}()
 6 SYSTEMPATH\Common.php(1171): CodeIgniter\View\View->render('member/index', [], true)
 7 APPPATH\Controllers\Member.php(38): view('member/index')
 8 SYSTEMPATH\CodeIgniter.php(933): App\Controllers\Member->index()
 9 SYSTEMPATH\CodeIgniter.php(509): CodeIgniter\CodeIgniter->runController(Object(App\Controllers\Member))
10 SYSTEMPATH\CodeIgniter.php(355): CodeIgniter\CodeIgniter->handleRequest(null, Object(Config\Cache), false)
11 SYSTEMPATH\Boot.php(325): CodeIgniter\CodeIgniter->run()
12 SYSTEMPATH\Boot.php(67): CodeIgniter\Boot::runCodeIgniter(Object(CodeIgniter\CodeIgniter))
13 FCPATH\index.php(56): CodeIgniter\Boot::bootWeb(Object(Config\Paths))
CRITICAL - 2025-03-17 23:48:54 --> ErrorException: filemtime(): stat failed for /assets/document/kasugai/member/member.pdf
[Method: GET, Route: member]
in APPPATH\Helpers\member_helper.php on line 7.
 1 [internal function]: CodeIgniter\Debug\Exceptions->errorHandler(2, 'filemtime(): stat failed for /assets/document/kasugai/member/member.pdf', 'C:\\xampp\\htdocs\\kasugaikyudo\\production\\app\\Helpers\\member_helper.php', 7)
 2 APPPATH\Helpers\member_helper.php(7): filemtime('/assets/document/kasugai/member/member.pdf')
 3 APPPATH\Views\member\index.php(12): get_kaiin_list_file_html()
 4 SYSTEMPATH\View\View.php(234): include('C:\\xampp\\htdocs\\kasugaikyudo\\production\\app\\Views\\member\\index.php')
 5 SYSTEMPATH\View\View.php(237): CodeIgniter\View\View->CodeIgniter\View\{closure}()
 6 SYSTEMPATH\Common.php(1171): CodeIgniter\View\View->render('member/index', [], true)
 7 APPPATH\Controllers\Member.php(38): view('member/index')
 8 SYSTEMPATH\CodeIgniter.php(933): App\Controllers\Member->index()
 9 SYSTEMPATH\CodeIgniter.php(509): CodeIgniter\CodeIgniter->runController(Object(App\Controllers\Member))
10 SYSTEMPATH\CodeIgniter.php(355): CodeIgniter\CodeIgniter->handleRequest(null, Object(Config\Cache), false)
11 SYSTEMPATH\Boot.php(325): CodeIgniter\CodeIgniter->run()
12 SYSTEMPATH\Boot.php(67): CodeIgniter\Boot::runCodeIgniter(Object(CodeIgniter\CodeIgniter))
13 FCPATH\index.php(56): CodeIgniter\Boot::bootWeb(Object(Config\Paths))
CRITICAL - 2025-03-17 23:50:18 --> ErrorException: filemtime(): stat failed for /assets/document/kasugai/member/member.pdf
[Method: GET, Route: member]
in APPPATH\Helpers\member_helper.php on line 7.
 1 [internal function]: CodeIgniter\Debug\Exceptions->errorHandler(2, 'filemtime(): stat failed for /assets/document/kasugai/member/member.pdf', 'C:\\xampp\\htdocs\\kasugaikyudo\\production\\app\\Helpers\\member_helper.php', 7)
 2 APPPATH\Helpers\member_helper.php(7): filemtime('/assets/document/kasugai/member/member.pdf')
 3 APPPATH\Views\member\index.php(12): get_kaiin_list_file_html()
 4 SYSTEMPATH\View\View.php(234): include('C:\\xampp\\htdocs\\kasugaikyudo\\production\\app\\Views\\member\\index.php')
 5 SYSTEMPATH\View\View.php(237): CodeIgniter\View\View->CodeIgniter\View\{closure}()
 6 SYSTEMPATH\Common.php(1171): CodeIgniter\View\View->render('member/index', [], true)
 7 APPPATH\Controllers\Member.php(38): view('member/index')
 8 SYSTEMPATH\CodeIgniter.php(933): App\Controllers\Member->index()
 9 SYSTEMPATH\CodeIgniter.php(509): CodeIgniter\CodeIgniter->runController(Object(App\Controllers\Member))
10 SYSTEMPATH\CodeIgniter.php(355): CodeIgniter\CodeIgniter->handleRequest(null, Object(Config\Cache), false)
11 SYSTEMPATH\Boot.php(325): CodeIgniter\CodeIgniter->run()
12 SYSTEMPATH\Boot.php(67): CodeIgniter\Boot::runCodeIgniter(Object(CodeIgniter\CodeIgniter))
13 FCPATH\index.php(56): CodeIgniter\Boot::bootWeb(Object(Config\Paths))
